# CMD: root -l -b -q mc_MassFit_HighpT.C'(27.5, 30, 0, 1.6, 0, 180, 1)'
# LABEL: mc_MassFit_HighpT.C | pT[27.5,30], y[0,1.6], cent[0,180], cat=1
# START: 2025-10-29T14:17:47.368477
# END: 2025-10-29T14:17:56.414368


Processing mc_MassFit_HighpT.C(27.5, 30, 0, 1.6, 0, 180, 1)...

[1mRooFit v3.60 -- Developed by Wouter Verkerke and David Kirkby[0m 
                Copyright (C) 2000-2013 NIKHEF, University of California & Stanford University
                All rights reserved, please read http://roofit.sourceforge.net/license.txt

RooDataSet::dataset[mass,pt,y,pt1,pt2,eta1,eta2,weight,cBin,recoQQsign,NumDimu,ctau3D,ctau3DErr,ctau3DRes] = 3923424 entries
pt: 27.5-30, y: 0-1.6, Cent: 0-90%
####################################
******** New Combined Dataset ***********
RooRealVar::mass = 3.07557  L(2.6 - 3.5) // [GeV/c^{2}]

********* Starting Mass Dist. Fit **************

Real time 0:00:00, CP time 0.100
Real time 0:00:00, CP time 0.100
Real time 0:00:00, CP time 0.000
Real time 0:00:00, CP time 0.100, 2 slices
Real time 0:00:00, CP time 0.010
Real time 0:00:00, CP time 0.110, 3 slices

********* Finished Mass Dist. Fit **************


  RooFitResult: minimized FCN value: -2.4531e+07, estimated distance to minimum: 7.70915e+09
                covariance matrix quality: Unknown, matrix was externally provided
                Status : MINIMIZE=-1 HESSE=4 HESSE=4 

    Floating Parameter  InitialValue    FinalValue +/-  Error     GblCorr.
  --------------------  ------------  --------------------------  --------
                N_Jpsi    5.0000e+07    1.6266e+05 +/-  3.06e+02  <none>
             alpha_1_A    1.9801e+00    2.1917e+00 +/-  1.82e-01  <none>
                     f    7.7260e-01    2.0944e-01 +/-  1.08e+02  <none>
            m_{J/#Psi}    3.0960e+00    3.0995e+00 +/-  1.69e-03  <none>
                 n_1_A    1.7473e+00    2.8986e+00 +/-  2.27e-01  <none>
             sigma_1_A    4.2700e-02    3.4846e-02 +/-  1.07e-02  <none>
                   x_A    1.6640e+00    1.3007e+00 +/-  9.38e-01  <none>

Info in <TCanvas::Print>: pdf file figs/2DFit_No_Weight/mc_Mass/mc_Mass_pt27.5-30.0_y0.0-1.6_muPt0.0_centrality0-180_PRw_Effw0_Accw0_PtW0_TnP0.pdf has been created

  RooFitResult: minimized FCN value: -2.4531e+07, estimated distance to minimum: 7.70915e+09
                covariance matrix quality: Unknown, matrix was externally provided
                Status : MINIMIZE=-1 HESSE=4 HESSE=4 

    Floating Parameter  InitialValue    FinalValue +/-  Error     GblCorr.
  --------------------  ------------  --------------------------  --------
                N_Jpsi    5.0000e+07    1.6266e+05 +/-  3.06e+02  <none>
             alpha_1_A    1.9801e+00    2.1917e+00 +/-  1.82e-01  <none>
                     f    7.7260e-01    2.0944e-01 +/-  1.08e+02  <none>
            m_{J/#Psi}    3.0960e+00    3.0995e+00 +/-  1.69e-03  <none>
                 n_1_A    1.7473e+00    2.8986e+00 +/-  2.27e-01  <none>
             sigma_1_A    4.2700e-02    3.4846e-02 +/-  1.07e-02  <none>
                   x_A    1.6640e+00    1.3007e+00 +/-  9.38e-01  <none>

 *** NLL : -2.4531e+07

###### Fit Convergence Check ######
Caveat: mean was fixed so it's not a matter
Hesse: 4	 edm: 7.70915e+09	 mll: -2.4531e+07
[31m[Stuck] f [0m // Final Value : 0.20944 (1e-06 ~ 1)

[31m[Stuck] n_1_A [0m // Final Value : 2.89861 (0.2 ~ 3)

[31m[Stuck] x_A [0m // Final Value : 1.30071 (1 ~ 3.5)

