# CMD: root -l -b -q mc_MassFit_HighpT.C'(7.5, 8.5, 0, 1.6, 0, 180, 1)'
# LABEL: mc_MassFit_HighpT.C | pT[7.5,8.5], y[0,1.6], cent[0,180], cat=1
# START: 2025-10-29T14:17:19.786984
# END: 2025-10-29T14:17:30.615703


Processing mc_MassFit_HighpT.C(7.5, 8.5, 0, 1.6, 0, 180, 1)...

[1mRooFit v3.60 -- Developed by Wouter Verkerke and David Kirkby[0m 
                Copyright (C) 2000-2013 NIKHEF, University of California & Stanford University
                All rights reserved, please read http://roofit.sourceforge.net/license.txt

RooDataSet::dataset[mass,pt,y,pt1,pt2,eta1,eta2,weight,cBin,recoQQsign,NumDimu,ctau3D,ctau3DErr,ctau3DRes] = 3923424 entries
pt: 7.5-8.5, y: 0-1.6, Cent: 0-90%
####################################
******** New Combined Dataset ***********
RooRealVar::mass = 3.07557  L(2.6 - 3.5) // [GeV/c^{2}]

********* Starting Mass Dist. Fit **************

Real time 0:00:01, CP time 0.070
Real time 0:00:01, CP time 0.070
Real time 0:00:00, CP time 0.010
Real time 0:00:01, CP time 0.080, 2 slices
Real time 0:00:00, CP time 0.010
Real time 0:00:02, CP time 0.090, 3 slices

********* Finished Mass Dist. Fit **************


  RooFitResult: minimized FCN value: -5.3102e+09, estimated distance to minimum: 7879.26
                covariance matrix quality: Unknown, matrix was externally provided
                Status : MINIMIZE=0 HESSE=0 HESSE=0 

    Floating Parameter  InitialValue    FinalValue +/-  Error     GblCorr.
  --------------------  ------------  --------------------------  --------
                N_Jpsi    5.0000e+07    3.7603e+06 +/-  3.23e+05  <none>
             alpha_1_A    1.9801e+00    1.9596e+00 +/-  6.05e+00  <none>
                     f    7.7260e-01    9.8745e-01 +/-  5.37e+02  <none>
            m_{J/#Psi}    3.0960e+00    3.0963e+00 +/-  4.25e-02  <none>
                 n_1_A    1.7473e+00    1.4445e+00 +/-  7.09e+00  <none>
             sigma_1_A    4.2700e-02    3.3538e-02 +/-  2.22e+00  <none>
                   x_A    1.6640e+00    1.0000e+00 +/-  5.57e+02  <none>

Info in <TCanvas::Print>: pdf file figs/2DFit_No_Weight/mc_Mass/mc_Mass_pt7.5-8.5_y0.0-1.6_muPt0.0_centrality0-180_PRw_Effw0_Accw0_PtW0_TnP0.pdf has been created

  RooFitResult: minimized FCN value: -5.3102e+09, estimated distance to minimum: 7879.26
                covariance matrix quality: Unknown, matrix was externally provided
                Status : MINIMIZE=0 HESSE=0 HESSE=0 

    Floating Parameter  InitialValue    FinalValue +/-  Error     GblCorr.
  --------------------  ------------  --------------------------  --------
                N_Jpsi    5.0000e+07    3.7603e+06 +/-  3.23e+05  <none>
             alpha_1_A    1.9801e+00    1.9596e+00 +/-  6.05e+00  <none>
                     f    7.7260e-01    9.8745e-01 +/-  5.37e+02  <none>
            m_{J/#Psi}    3.0960e+00    3.0963e+00 +/-  4.25e-02  <none>
                 n_1_A    1.7473e+00    1.4445e+00 +/-  7.09e+00  <none>
             sigma_1_A    4.2700e-02    3.3538e-02 +/-  2.22e+00  <none>
                   x_A    1.6640e+00    1.0000e+00 +/-  5.57e+02  <none>

 *** NLL : -5.3102e+09

###### Fit Convergence Check ######
Caveat: mean was fixed so it's not a matter
Hesse: 0	 edm: 7879.26	 mll: -5.3102e+09
[31m[Stuck] alpha_1_A [0m // Final Value : 1.95963 (1.1 ~ 4)

[31m[Stuck] f [0m // Final Value : 0.987448 (1e-06 ~ 1)

[31m[Stuck] n_1_A [0m // Final Value : 1.4445 (0.2 ~ 3)

[31m[Stuck] sigma_1_A [0m // Final Value : 0.0335377 (0.01 ~ 0.16)

[31m[Stuck] x_A [0m // Final Value : 1 (1 ~ 3.5)

