# CMD: root -l -b -q mc_MassFit_HighpT.C'(20,   40, 1.6, 2.4, 0, 180, 2)'
# LABEL: mc_MassFit_HighpT.C | pT[20,40], y[1.6,2.4], cent[0,180], cat=2
# START: 2025-10-29T14:19:11.772718
# END: 2025-10-29T14:19:21.679703


Processing mc_MassFit_HighpT.C(20,   40, 1.6, 2.4, 0, 180, 2)...

[1mRooFit v3.60 -- Developed by Wouter Verkerke and David Kirkby[0m 
                Copyright (C) 2000-2013 NIKHEF, University of California & Stanford University
                All rights reserved, please read http://roofit.sourceforge.net/license.txt

RooDataSet::dataset[mass,pt,y,pt1,pt2,eta1,eta2,weight,cBin,recoQQsign,NumDimu,ctau3D,ctau3DErr,ctau3DRes] = 3923424 entries
pt: 20-40, y: 1.6-2.4, Cent: 0-90%
####################################
******** New Combined Dataset ***********
RooRealVar::mass = 3.07557  L(2.6 - 3.5) // [GeV/c^{2}]

********* Starting Mass Dist. Fit **************

Real time 0:00:01, CP time 0.050
Real time 0:00:01, CP time 0.050
Real time 0:00:00, CP time 0.010
Real time 0:00:01, CP time 0.060, 2 slices
Real time 0:00:00, CP time 0.000
Real time 0:00:01, CP time 0.060, 3 slices

********* Finished Mass Dist. Fit **************


  RooFitResult: minimized FCN value: -1.36916e+08, estimated distance to minimum: 7.34167e+08
                covariance matrix quality: Unknown, matrix was externally provided
                Status : MINIMIZE=-1 HESSE=4 HESSE=4 

    Floating Parameter  InitialValue    FinalValue +/-  Error     GblCorr.
  --------------------  ------------  --------------------------  --------
                N_Jpsi    5.0000e+07    2.8957e+05 +/-  2.78e+05  <none>
             alpha_1_A    1.9801e+00    1.4542e+00 +/-  1.94e+01  <none>
                     f    7.7260e-01    9.8407e-01 +/-  9.02e-02  <none>
            m_{J/#Psi}    3.0960e+00    3.0802e+00 +/-  1.17e+00  <none>
                 n_1_A    1.7473e+00    1.4862e+00 +/-  1.93e+01  <none>
             sigma_1_A    4.2700e-02    9.3425e-02 +/-  8.21e+02  <none>
                   x_A    1.6640e+00    3.2153e+00 +/-  1.95e-01  <none>

Info in <TCanvas::Print>: pdf file figs/2DFit_No_Weight/mc_Mass/mc_Mass_pt20.0-40.0_y1.6-2.4_muPt0.0_centrality0-180_PRw_Effw0_Accw0_PtW0_TnP0.pdf has been created

  RooFitResult: minimized FCN value: -1.36916e+08, estimated distance to minimum: 7.34167e+08
                covariance matrix quality: Unknown, matrix was externally provided
                Status : MINIMIZE=-1 HESSE=4 HESSE=4 

    Floating Parameter  InitialValue    FinalValue +/-  Error     GblCorr.
  --------------------  ------------  --------------------------  --------
                N_Jpsi    5.0000e+07    2.8957e+05 +/-  2.78e+05  <none>
             alpha_1_A    1.9801e+00    1.4542e+00 +/-  1.94e+01  <none>
                     f    7.7260e-01    9.8407e-01 +/-  9.02e-02  <none>
            m_{J/#Psi}    3.0960e+00    3.0802e+00 +/-  1.17e+00  <none>
                 n_1_A    1.7473e+00    1.4862e+00 +/-  1.93e+01  <none>
             sigma_1_A    4.2700e-02    9.3425e-02 +/-  8.21e+02  <none>
                   x_A    1.6640e+00    3.2153e+00 +/-  1.95e-01  <none>

 *** NLL : -1.36916e+08

###### Fit Convergence Check ######
Caveat: mean was fixed so it's not a matter
Hesse: 4	 edm: 7.34167e+08	 mll: -1.36916e+08
[31m[Stuck] alpha_1_A [0m // Final Value : 1.4542 (1.1 ~ 4)

[31m[Stuck] f [0m // Final Value : 0.984074 (1e-06 ~ 1)

[31m[Stuck] m_{J/#Psi} [0m // Final Value : 3.0802 (2.996 ~ 3.196)

[31m[Stuck] n_1_A [0m // Final Value : 1.48621 (0.2 ~ 3)

[31m[Stuck] sigma_1_A [0m // Final Value : 0.0934255 (0.01 ~ 0.16)

