# CMD: root -l -b -q mc_MassFit_HighpT.C'(22.5, 25, 0, 1.6, 0, 180, 1)'
# LABEL: mc_MassFit_HighpT.C | pT[22.5,25], y[0,1.6], cent[0,180], cat=1
# START: 2025-10-29T14:17:44.608651
# END: 2025-10-29T14:17:53.956952


Processing mc_MassFit_HighpT.C(22.5, 25, 0, 1.6, 0, 180, 1)...

[1mRooFit v3.60 -- Developed by Wouter Verkerke and David Kirkby[0m 
                Copyright (C) 2000-2013 NIKHEF, University of California & Stanford University
                All rights reserved, please read http://roofit.sourceforge.net/license.txt

RooDataSet::dataset[mass,pt,y,pt1,pt2,eta1,eta2,weight,cBin,recoQQsign,NumDimu,ctau3D,ctau3DErr,ctau3DRes] = 3923424 entries
pt: 22.5-25, y: 0-1.6, Cent: 0-90%
####################################
******** New Combined Dataset ***********
RooRealVar::mass = 3.07557  L(2.6 - 3.5) // [GeV/c^{2}]

********* Starting Mass Dist. Fit **************

Real time 0:00:00, CP time 0.060
Real time 0:00:00, CP time 0.060
Real time 0:00:00, CP time 0.000
Real time 0:00:00, CP time 0.060, 2 slices
Real time 0:00:00, CP time 0.010
Real time 0:00:01, CP time 0.070, 3 slices

********* Finished Mass Dist. Fit **************


  RooFitResult: minimized FCN value: -9.23688e+07, estimated distance to minimum: 2422.88
                covariance matrix quality: Unknown, matrix was externally provided
                Status : MINIMIZE=0 HESSE=0 HESSE=0 

    Floating Parameter  InitialValue    FinalValue +/-  Error     GblCorr.
  --------------------  ------------  --------------------------  --------
                N_Jpsi    5.0000e+07    3.6568e+05 +/-  2.59e+03  <none>
             alpha_1_A    1.9801e+00    2.1079e+00 +/-  7.42e-02  <none>
                     f    7.7260e-01    7.6618e-01 +/-  2.59e-02  <none>
            m_{J/#Psi}    3.0960e+00    3.0967e+00 +/-  2.20e-04  <none>
                 n_1_A    1.7473e+00    1.2496e+00 +/-  1.21e-01  <none>
             sigma_1_A    4.2700e-02    2.2499e-02 +/-  4.70e-04  <none>
                   x_A    1.6640e+00    2.2113e+00 +/-  5.01e-02  <none>

Info in <TCanvas::Print>: pdf file figs/2DFit_No_Weight/mc_Mass/mc_Mass_pt22.5-25.0_y0.0-1.6_muPt0.0_centrality0-180_PRw_Effw0_Accw0_PtW0_TnP0.pdf has been created

  RooFitResult: minimized FCN value: -9.23688e+07, estimated distance to minimum: 2422.88
                covariance matrix quality: Unknown, matrix was externally provided
                Status : MINIMIZE=0 HESSE=0 HESSE=0 

    Floating Parameter  InitialValue    FinalValue +/-  Error     GblCorr.
  --------------------  ------------  --------------------------  --------
                N_Jpsi    5.0000e+07    3.6568e+05 +/-  2.59e+03  <none>
             alpha_1_A    1.9801e+00    2.1079e+00 +/-  7.42e-02  <none>
                     f    7.7260e-01    7.6618e-01 +/-  2.59e-02  <none>
            m_{J/#Psi}    3.0960e+00    3.0967e+00 +/-  2.20e-04  <none>
                 n_1_A    1.7473e+00    1.2496e+00 +/-  1.21e-01  <none>
             sigma_1_A    4.2700e-02    2.2499e-02 +/-  4.70e-04  <none>
                   x_A    1.6640e+00    2.2113e+00 +/-  5.01e-02  <none>

 *** NLL : -9.23688e+07

###### Fit Convergence Check ######
Caveat: mean was fixed so it's not a matter
Hesse: 0	 edm: 2422.88	 mll: -9.23688e+07
[Fit Converged]
