# CMD: root -l -b -q mc_MassFit_HighpT.C'(11,   13, 0, 1.6, 0, 180, 1)'
# LABEL: mc_MassFit_HighpT.C | pT[11,13], y[0,1.6], cent[0,180], cat=1
# START: 2025-10-29T14:17:29.626492
# END: 2025-10-29T14:17:42.745780


Processing mc_MassFit_HighpT.C(11,   13, 0, 1.6, 0, 180, 1)...

[1mRooFit v3.60 -- Developed by Wouter Verkerke and David Kirkby[0m 
                Copyright (C) 2000-2013 NIKHEF, University of California & Stanford University
                All rights reserved, please read http://roofit.sourceforge.net/license.txt

RooDataSet::dataset[mass,pt,y,pt1,pt2,eta1,eta2,weight,cBin,recoQQsign,NumDimu,ctau3D,ctau3DErr,ctau3DRes] = 3923424 entries
pt: 11-13, y: 0-1.6, Cent: 0-90%
####################################
******** New Combined Dataset ***********
RooRealVar::mass = 3.07557  L(2.6 - 3.5) // [GeV/c^{2}]

********* Starting Mass Dist. Fit **************

Real time 0:00:02, CP time 0.040
Real time 0:00:02, CP time 0.040
Real time 0:00:00, CP time 0.000
Real time 0:00:03, CP time 0.040, 2 slices
Real time 0:00:01, CP time 0.020
Real time 0:00:04, CP time 0.060, 3 slices

********* Finished Mass Dist. Fit **************


  RooFitResult: minimized FCN value: -4.18222e+09, estimated distance to minimum: 2.04049e+07
                covariance matrix quality: Unknown, matrix was externally provided
                Status : MINIMIZE=0 HESSE=0 HESSE=0 

    Floating Parameter  InitialValue    FinalValue +/-  Error     GblCorr.
  --------------------  ------------  --------------------------  --------
                N_Jpsi    5.0000e+07    5.1001e+06 +/-  2.81e+04  <none>
             alpha_1_A    1.9801e+00    1.9395e+00 +/-  3.08e+00  <none>
                     f    7.7260e-01    9.2312e-01 +/-  3.05e+01  <none>
            m_{J/#Psi}    3.0960e+00    3.0974e+00 +/-  2.84e-02  <none>
                 n_1_A    1.7473e+00    1.4843e+00 +/-  3.53e+00  <none>
             sigma_1_A    4.2700e-02    2.8885e-02 +/-  1.45e-01  <none>
                   x_A    1.6640e+00    1.0001e+00 +/-  1.85e+02  <none>

Info in <TCanvas::Print>: pdf file figs/2DFit_No_Weight/mc_Mass/mc_Mass_pt11.0-13.0_y0.0-1.6_muPt0.0_centrality0-180_PRw_Effw0_Accw0_PtW0_TnP0.pdf has been created

  RooFitResult: minimized FCN value: -4.18222e+09, estimated distance to minimum: 2.04049e+07
                covariance matrix quality: Unknown, matrix was externally provided
                Status : MINIMIZE=0 HESSE=0 HESSE=0 

    Floating Parameter  InitialValue    FinalValue +/-  Error     GblCorr.
  --------------------  ------------  --------------------------  --------
                N_Jpsi    5.0000e+07    5.1001e+06 +/-  2.81e+04  <none>
             alpha_1_A    1.9801e+00    1.9395e+00 +/-  3.08e+00  <none>
                     f    7.7260e-01    9.2312e-01 +/-  3.05e+01  <none>
            m_{J/#Psi}    3.0960e+00    3.0974e+00 +/-  2.84e-02  <none>
                 n_1_A    1.7473e+00    1.4843e+00 +/-  3.53e+00  <none>
             sigma_1_A    4.2700e-02    2.8885e-02 +/-  1.45e-01  <none>
                   x_A    1.6640e+00    1.0001e+00 +/-  1.85e+02  <none>

 *** NLL : -4.18222e+09

###### Fit Convergence Check ######
Caveat: mean was fixed so it's not a matter
Hesse: 0	 edm: 2.04049e+07	 mll: -4.18222e+09
[31m[Stuck] alpha_1_A [0m // Final Value : 1.93952 (1.1 ~ 4)

[31m[Stuck] f [0m // Final Value : 0.923117 (1e-06 ~ 1)

[31m[Stuck] n_1_A [0m // Final Value : 1.48426 (0.2 ~ 3)

[31m[Stuck] sigma_1_A [0m // Final Value : 0.0288845 (0.01 ~ 0.16)

[31m[Stuck] x_A [0m // Final Value : 1.00005 (1 ~ 3.5)

