# CMD: root -l -b -q mc_MassFit_HighpT.C'(9.5,  11, 0, 1.6, 0, 180, 2)'
# LABEL: mc_MassFit_HighpT.C | pT[9.5,11], y[0,1.6], cent[0,180], cat=2
# START: 2025-10-29T14:18:21.656697
# END: 2025-10-29T14:18:34.274859


Processing mc_MassFit_HighpT.C(9.5,  11, 0, 1.6, 0, 180, 2)...

[1mRooFit v3.60 -- Developed by Wouter Verkerke and David Kirkby[0m 
                Copyright (C) 2000-2013 NIKHEF, University of California & Stanford University
                All rights reserved, please read http://roofit.sourceforge.net/license.txt

RooDataSet::dataset[mass,pt,y,pt1,pt2,eta1,eta2,weight,cBin,recoQQsign,NumDimu,ctau3D,ctau3DErr,ctau3DRes] = 3923424 entries
pt: 9.5-11, y: 0-1.6, Cent: 0-90%
####################################
******** New Combined Dataset ***********
RooRealVar::mass = 3.07557  L(2.6 - 3.5) // [GeV/c^{2}]

********* Starting Mass Dist. Fit **************

Real time 0:00:02, CP time 0.040
Real time 0:00:02, CP time 0.040
Real time 0:00:00, CP time 0.010
Real time 0:00:02, CP time 0.050, 2 slices
Real time 0:00:01, CP time 0.020
Real time 0:00:03, CP time 0.070, 3 slices

********* Finished Mass Dist. Fit **************


  RooFitResult: minimized FCN value: -5.50903e+09, estimated distance to minimum: 1.70202e+15
                covariance matrix quality: Unknown, matrix was externally provided
                Status : MINIMIZE=-1 HESSE=4 HESSE=4 

    Floating Parameter  InitialValue    FinalValue +/-  Error     GblCorr.
  --------------------  ------------  --------------------------  --------
                N_Jpsi    5.0000e+07    7.5479e+06 +/-  3.41e+06  <none>
             alpha_1_A    1.9801e+00    1.7070e+00 +/-  6.31e-02  <none>
                     f    7.7260e-01    3.7745e-01 +/-  1.06e-01  <none>
            m_{J/#Psi}    3.0960e+00    3.1096e+00 +/-  2.16e-03  <none>
                 n_1_A    1.7473e+00    2.8063e+00 +/-  3.79e-03  <none>
             sigma_1_A    4.2700e-02    1.2400e-01 +/-  3.22e+01  <none>
                   x_A    1.6640e+00    3.4688e+00 +/-  3.37e-03  <none>

Info in <TCanvas::Print>: pdf file figs/2DFit_No_Weight/mc_Mass/mc_Mass_pt9.5-11.0_y0.0-1.6_muPt0.0_centrality0-180_PRw_Effw0_Accw0_PtW0_TnP0.pdf has been created

  RooFitResult: minimized FCN value: -5.50903e+09, estimated distance to minimum: 1.70202e+15
                covariance matrix quality: Unknown, matrix was externally provided
                Status : MINIMIZE=-1 HESSE=4 HESSE=4 

    Floating Parameter  InitialValue    FinalValue +/-  Error     GblCorr.
  --------------------  ------------  --------------------------  --------
                N_Jpsi    5.0000e+07    7.5479e+06 +/-  3.41e+06  <none>
             alpha_1_A    1.9801e+00    1.7070e+00 +/-  6.31e-02  <none>
                     f    7.7260e-01    3.7745e-01 +/-  1.06e-01  <none>
            m_{J/#Psi}    3.0960e+00    3.1096e+00 +/-  2.16e-03  <none>
                 n_1_A    1.7473e+00    2.8063e+00 +/-  3.79e-03  <none>
             sigma_1_A    4.2700e-02    1.2400e-01 +/-  3.22e+01  <none>
                   x_A    1.6640e+00    3.4688e+00 +/-  3.37e-03  <none>

 *** NLL : -5.50903e+09

###### Fit Convergence Check ######
Caveat: mean was fixed so it's not a matter
Hesse: 4	 edm: 1.70202e+15	 mll: -5.50903e+09
[31m[Stuck] sigma_1_A [0m // Final Value : 0.124 (0.01 ~ 0.16)

