# CMD: root -l -b -q mc_MassFit_HighpT.C'(6.5, 7.5, 0, 1.6, 0, 180, 2)'
# LABEL: mc_MassFit_HighpT.C | pT[6.5,7.5], y[0,1.6], cent[0,180], cat=2
# START: 2025-10-29T14:18:16.203931
# END: 2025-10-29T14:18:26.002436


Processing mc_MassFit_HighpT.C(6.5, 7.5, 0, 1.6, 0, 180, 2)...

[1mRooFit v3.60 -- Developed by Wouter Verkerke and David Kirkby[0m 
                Copyright (C) 2000-2013 NIKHEF, University of California & Stanford University
                All rights reserved, please read http://roofit.sourceforge.net/license.txt

RooDataSet::dataset[mass,pt,y,pt1,pt2,eta1,eta2,weight,cBin,recoQQsign,NumDimu,ctau3D,ctau3DErr,ctau3DRes] = 3923424 entries
pt: 6.5-7.5, y: 0-1.6, Cent: 0-90%
####################################
******** New Combined Dataset ***********
RooRealVar::mass = 3.07557  L(2.6 - 3.5) // [GeV/c^{2}]

********* Starting Mass Dist. Fit **************

Real time 0:00:00, CP time 0.060
Real time 0:00:00, CP time 0.060
Real time 0:00:00, CP time 0.010
Real time 0:00:00, CP time 0.070, 2 slices
Real time 0:00:00, CP time 0.000
Real time 0:00:01, CP time 0.070, 3 slices

********* Finished Mass Dist. Fit **************


  RooFitResult: minimized FCN value: -4.20735e+09, estimated distance to minimum: 3.4646e+07
                covariance matrix quality: Unknown, matrix was externally provided
                Status : MINIMIZE=0 HESSE=0 HESSE=0 

    Floating Parameter  InitialValue    FinalValue +/-  Error     GblCorr.
  --------------------  ------------  --------------------------  --------
                N_Jpsi    5.0000e+07    2.5838e+06 +/-  9.46e+04  <none>
             alpha_1_A    1.9801e+00    1.9644e+00 +/-  5.91e+00  <none>
                     f    7.7260e-01    9.8246e-01 +/-  3.14e+01  <none>
            m_{J/#Psi}    3.0960e+00    3.0952e+00 +/-  7.05e-02  <none>
                 n_1_A    1.7473e+00    1.4988e+00 +/-  4.70e+00  <none>
             sigma_1_A    4.2700e-02    3.6837e-02 +/-  5.04e-01  <none>
                   x_A    1.6640e+00    1.0001e+00 +/-  3.53e+02  <none>

Info in <TCanvas::Print>: pdf file figs/2DFit_No_Weight/mc_Mass/mc_Mass_pt6.5-7.5_y0.0-1.6_muPt0.0_centrality0-180_PRw_Effw0_Accw0_PtW0_TnP0.pdf has been created

  RooFitResult: minimized FCN value: -4.20735e+09, estimated distance to minimum: 3.4646e+07
                covariance matrix quality: Unknown, matrix was externally provided
                Status : MINIMIZE=0 HESSE=0 HESSE=0 

    Floating Parameter  InitialValue    FinalValue +/-  Error     GblCorr.
  --------------------  ------------  --------------------------  --------
                N_Jpsi    5.0000e+07    2.5838e+06 +/-  9.46e+04  <none>
             alpha_1_A    1.9801e+00    1.9644e+00 +/-  5.91e+00  <none>
                     f    7.7260e-01    9.8246e-01 +/-  3.14e+01  <none>
            m_{J/#Psi}    3.0960e+00    3.0952e+00 +/-  7.05e-02  <none>
                 n_1_A    1.7473e+00    1.4988e+00 +/-  4.70e+00  <none>
             sigma_1_A    4.2700e-02    3.6837e-02 +/-  5.04e-01  <none>
                   x_A    1.6640e+00    1.0001e+00 +/-  3.53e+02  <none>

 *** NLL : -4.20735e+09

###### Fit Convergence Check ######
Caveat: mean was fixed so it's not a matter
Hesse: 0	 edm: 3.4646e+07	 mll: -4.20735e+09
[31m[Stuck] alpha_1_A [0m // Final Value : 1.96435 (1.1 ~ 4)

[31m[Stuck] f [0m // Final Value : 0.982464 (1e-06 ~ 1)

[31m[Stuck] n_1_A [0m // Final Value : 1.49883 (0.2 ~ 3)

[31m[Stuck] sigma_1_A [0m // Final Value : 0.0368371 (0.01 ~ 0.16)

[31m[Stuck] x_A [0m // Final Value : 1.00006 (1 ~ 3.5)

