# CMD: root -l -b -q mc_MassFit_HighpT.C'(15,   20, 1.6, 2.4, 0, 180, 2)'
# LABEL: mc_MassFit_HighpT.C | pT[15,20], y[1.6,2.4], cent[0,180], cat=2
# START: 2025-10-29T14:19:08.915461
# END: 2025-10-29T14:19:22.844082


Processing mc_MassFit_HighpT.C(15,   20, 1.6, 2.4, 0, 180, 2)...

[1mRooFit v3.60 -- Developed by Wouter Verkerke and David Kirkby[0m 
                Copyright (C) 2000-2013 NIKHEF, University of California & Stanford University
                All rights reserved, please read http://roofit.sourceforge.net/license.txt

RooDataSet::dataset[mass,pt,y,pt1,pt2,eta1,eta2,weight,cBin,recoQQsign,NumDimu,ctau3D,ctau3DErr,ctau3DRes] = 3923424 entries
pt: 15-20, y: 1.6-2.4, Cent: 0-90%
####################################
******** New Combined Dataset ***********
RooRealVar::mass = 3.07557  L(2.6 - 3.5) // [GeV/c^{2}]

********* Starting Mass Dist. Fit **************

Real time 0:00:04, CP time 0.140
Real time 0:00:04, CP time 0.140
Real time 0:00:00, CP time 0.000
Real time 0:00:04, CP time 0.140, 2 slices
Real time 0:00:00, CP time 0.010
Real time 0:00:05, CP time 0.150, 3 slices

********* Finished Mass Dist. Fit **************


  RooFitResult: minimized FCN value: -5.51215e+08, estimated distance to minimum: 37215.7
                covariance matrix quality: Unknown, matrix was externally provided
                Status : MINIMIZE=-1 HESSE=4 HESSE=4 

    Floating Parameter  InitialValue    FinalValue +/-  Error     GblCorr.
  --------------------  ------------  --------------------------  --------
                N_Jpsi    5.0000e+07    1.2302e+06 +/-  6.17e+03  <none>
             alpha_1_A    1.9801e+00    1.9994e+00 +/-  4.62e-02  <none>
                     f    7.7260e-01    8.6316e-02 +/-  7.48e-03  <none>
            m_{J/#Psi}    3.0960e+00    3.0973e+00 +/-  2.62e-04  <none>
                 n_1_A    1.7473e+00    1.6849e+00 +/-  1.35e-01  <none>
             sigma_1_A    4.2700e-02    1.4841e-02 +/-  3.42e-04  <none>
                   x_A    1.6640e+00    3.4989e+00 +/-  1.25e-02  <none>

Info in <TCanvas::Print>: pdf file figs/2DFit_No_Weight/mc_Mass/mc_Mass_pt15.0-20.0_y1.6-2.4_muPt0.0_centrality0-180_PRw_Effw0_Accw0_PtW0_TnP0.pdf has been created

  RooFitResult: minimized FCN value: -5.51215e+08, estimated distance to minimum: 37215.7
                covariance matrix quality: Unknown, matrix was externally provided
                Status : MINIMIZE=-1 HESSE=4 HESSE=4 

    Floating Parameter  InitialValue    FinalValue +/-  Error     GblCorr.
  --------------------  ------------  --------------------------  --------
                N_Jpsi    5.0000e+07    1.2302e+06 +/-  6.17e+03  <none>
             alpha_1_A    1.9801e+00    1.9994e+00 +/-  4.62e-02  <none>
                     f    7.7260e-01    8.6316e-02 +/-  7.48e-03  <none>
            m_{J/#Psi}    3.0960e+00    3.0973e+00 +/-  2.62e-04  <none>
                 n_1_A    1.7473e+00    1.6849e+00 +/-  1.35e-01  <none>
             sigma_1_A    4.2700e-02    1.4841e-02 +/-  3.42e-04  <none>
                   x_A    1.6640e+00    3.4989e+00 +/-  1.25e-02  <none>

 *** NLL : -5.51215e+08

###### Fit Convergence Check ######
Caveat: mean was fixed so it's not a matter
Hesse: 4	 edm: 37215.7	 mll: -5.51215e+08
[31m[Stuck] x_A [0m // Final Value : 3.49892 (1 ~ 3.5)

