
Processing CtauRes.C(22.5,25,0,1.6,0,180)...

[1mRooFit v3.60 -- Developed by Wouter Verkerke and David Kirkby[0m 
                Copyright (C) 2000-2013 NIKHEF, University of California & Stanford University
                All rights reserved, please read http://roofit.sourceforge.net/license.txt

******** New Combined Dataset ***********
RooRealVar::ctau3DRes = 4.81837  L(-100000 - 100000) 

*************** Start Res Fit *****************

N_Jpsi: 1e+08+/-0
NBins: 72
Fit Range: -2.5 - 0
[#0] WARNING:Minization -- RooMinimizerFcn: Minimized function has error status.
Returning maximum FCN so far (1.89269e+08) to force MIGRAD to back out of this region. Error log follows
Parameter values: N_Jpsi=6.93819e+06, f2_CtauRes=0.762904, f_CtauRes=0.32177, rS21_CtauRes=0.0619266, rS32_CtauRes=3.25518, s1_CtauRes=0.0134194
RooNLLVar::nll_GaussModel_Tot_ctauResCutDS[ paramSet=(N_Jpsi,One,ctau1_CtauRes,ctau2_CtauRes,ctau3_CtauRes,f2_CtauRes,f_CtauRes,rS21_CtauRes,rS32_CtauRes,s1_CtauRes) ]
     function value is NAN @ paramSet=(N_Jpsi = 6.93819e+06,One = 1,ctau1_CtauRes = 0,ctau2_CtauRes = 0,ctau3_CtauRes = 0,f2_CtauRes = 0.762904,f_CtauRes = 0.32177,rS21_CtauRes = 0.0619266,rS32_CtauRes = 3.25518,s1_CtauRes = 0.0134194)
PID1431180/RooRealMPFE::nll_GaussModel_Tot_ctauResCutDS_5afac1d34060_MPFE7[ arg=nll_GaussModel_Tot_ctauResCutDS_GOF7 vars=(N_Jpsi,One,ctau1_CtauRes,ctau2_CtauRes,ctau3_CtauRes,f2_CtauRes,f_CtauRes,rS21_CtauRes,rS32_CtauRes,s1_CtauRes) ]
     function value is NAN @ paramSet=(N_Jpsi = 6.93819e+06,One = 1,ctau1_CtauRes = 0,ctau2_CtauRes = 0,ctau3_CtauRes = 0,f2_CtauRes = 0.762904,f_CtauRes = 0.32177,rS21_CtauRes = 0.0619266,rS32_CtauRes = 3.25518,s1_CtauRes = 0.0134194)
     function value is NAN @ paramSet=(N_Jpsi = 6.93819e+06,One = 1,ctau1_CtauRes = 0,ctau2_CtauRes = 0,ctau3_CtauRes = 0,f2_CtauRes = 0.762904,f_CtauRes = 0.32177,rS21_CtauRes = 0.0619266,rS32_CtauRes = 3.25518,s1_CtauRes = 0.0134194)
     function value is NAN @ paramSet=(N_Jpsi = 6.93819e+06,One = 1,ctau1_CtauRes = 0,ctau2_CtauRes = 0,ctau3_CtauRes = 0,f2_CtauRes = 0.762904,f_CtauRes = 0.32177,rS21_CtauRes = 0.0619266,rS32_CtauRes = 3.25518,s1_CtauRes = 0.0134194)
     function value is NAN @ paramSet=(N_Jpsi = 6.93819e+06,One = 1,ctau1_CtauRes = 0,ctau2_CtauRes = 0,ctau3_CtauRes = 0,f2_CtauRes = 0.762904,f_CtauRes = 0.32177,rS21_CtauRes = 0.0619266,rS32_CtauRes = 3.25518,s1_CtauRes = 0.0134194)
     function value is NAN @ paramSet=(N_Jpsi = 6.93819e+06,One = 1,ctau1_CtauRes = 0,ctau2_CtauRes = 0,ctau3_CtauRes = 0,f2_CtauRes = 0.762904,f_CtauRes = 0.32177,rS21_CtauRes = 0.0619266,rS32_CtauRes = 3.25518,s1_CtauRes = 0.0134194)
     function value is NAN @ paramSet=(N_Jpsi = 6.93819e+06,One = 1,ctau1_CtauRes = 0,ctau2_CtauRes = 0,ctau3_CtauRes = 0,f2_CtauRes = 0.762904,f_CtauRes = 0.32177,rS21_CtauRes = 0.0619266,rS32_CtauRes = 3.25518,s1_CtauRes = 0.0134194)
     function value is NAN @ paramSet=(N_Jpsi = 6.93819e+06,One = 1,ctau1_CtauRes = 0,ctau2_CtauRes = 0,ctau3_CtauRes = 0,f2_CtauRes = 0.762904,f_CtauRes = 0.32177,rS21_CtauRes = 0.0619266,rS32_CtauRes = 3.25518,s1_CtauRes = 0.0134194)
     function value is NAN @ paramSet=(N_Jpsi = 6.93819e+06,One = 1,ctau1_CtauRes = 0,ctau2_CtauRes = 0,ctau3_CtauRes = 0,f2_CtauRes = 0.762904,f_CtauRes = 0.32177,rS21_CtauRes = 0.0619266,rS32_CtauRes = 3.25518,s1_CtauRes = 0.0134194)
     function value is NAN @ paramSet=(N_Jpsi = 6.93819e+06,One = 1,ctau1_CtauRes = 0,ctau2_CtauRes = 0,ctau3_CtauRes = 0,f2_CtauRes = 0.762904,f_CtauRes = 0.32177,rS21_CtauRes = 0.0619266,rS32_CtauRes = 3.25518,s1_CtauRes = 0.0134194)
     function value is NAN @ paramSet=(N_Jpsi = 6.93819e+06,One = 1,ctau1_CtauRes = 0,ctau2_CtauRes = 0,ctau3_CtauRes = 0,f2_CtauRes = 0.762904,f_CtauRes = 0.32177,rS21_CtauRes = 0.0619266,rS32_CtauRes = 3.25518,s1_CtauRes = 0.0134194)
     function value is NAN @ paramSet=(N_Jpsi = 6.93819e+06,One = 1,ctau1_CtauRes = 0,ctau2_CtauRes = 0,ctau3_CtauRes = 0,f2_CtauRes = 0.762904,f_CtauRes = 0.32177,rS21_CtauRes = 0.0619266,rS32_CtauRes = 3.25518,s1_CtauRes = 0.0134194)
     function value is NAN @ paramSet=(N_Jpsi = 6.93819e+06,One = 1,ctau1_CtauRes = 0,ctau2_CtauRes = 0,ctau3_CtauRes = 0,f2_CtauRes = 0.762904,f_CtauRes = 0.32177,rS21_CtauRes = 0.0619266,rS32_CtauRes = 3.25518,s1_CtauRes = 0.0134194)
    ... (remaining 6 messages suppressed)

[#0] WARNING:Minization -- RooMinimizerFcn: Minimized function has error status.
Returning maximum FCN so far (1.99641e+08) to force MIGRAD to back out of this region. Error log follows
Parameter values: N_Jpsi=6.93819e+06, f2_CtauRes=0.762904, f_CtauRes=0.32177, rS21_CtauRes=0.0619266, rS32_CtauRes=3.25518, s1_CtauRes=0.0134194
RooNLLVar::nll_GaussModel_Tot_ctauResCutDS[ paramSet=(N_Jpsi,One,ctau1_CtauRes,ctau2_CtauRes,ctau3_CtauRes,f2_CtauRes,f_CtauRes,rS21_CtauRes,rS32_CtauRes,s1_CtauRes) ]
     function value is NAN @ paramSet=(N_Jpsi = 6.93819e+06 +/- 117756,One = 1,ctau1_CtauRes = 0,ctau2_CtauRes = 0,ctau3_CtauRes = 0,f2_CtauRes = 0.762904 +/- 0.0101176,f_CtauRes = 0.32177 +/- 0.0243728,rS21_CtauRes = 0.0619266 +/- 1.65561,rS32_CtauRes = 3.25518 +/- 0.954459,s1_CtauRes = 0.0134194 +/- 0.0203355)
PID1431180/RooRealMPFE::nll_GaussModel_Tot_ctauResCutDS_5afac1d34060_MPFE7[ arg=nll_GaussModel_Tot_ctauResCutDS_GOF7 vars=(N_Jpsi,One,ctau1_CtauRes,ctau2_CtauRes,ctau3_CtauRes,f2_CtauRes,f_CtauRes,rS21_CtauRes,rS32_CtauRes,s1_CtauRes) ]
     function value is NAN @ paramSet=(N_Jpsi = 6.93819e+06,One = 1,ctau1_CtauRes = 0,ctau2_CtauRes = 0,ctau3_CtauRes = 0,f2_CtauRes = 0.762904,f_CtauRes = 0.32177,rS21_CtauRes = 0.0619266,rS32_CtauRes = 3.25518,s1_CtauRes = 0.0134194)
     function value is NAN @ paramSet=(N_Jpsi = 6.93819e+06,One = 1,ctau1_CtauRes = 0,ctau2_CtauRes = 0,ctau3_CtauRes = 0,f2_CtauRes = 0.762904,f_CtauRes = 0.32177,rS21_CtauRes = 0.0619266,rS32_CtauRes = 3.25518,s1_CtauRes = 0.0134194)
     function value is NAN @ paramSet=(N_Jpsi = 6.93819e+06,One = 1,ctau1_CtauRes = 0,ctau2_CtauRes = 0,ctau3_CtauRes = 0,f2_CtauRes = 0.762904,f_CtauRes = 0.32177,rS21_CtauRes = 0.0619266,rS32_CtauRes = 3.25518,s1_CtauRes = 0.0134194)
     function value is NAN @ paramSet=(N_Jpsi = 6.93819e+06,One = 1,ctau1_CtauRes = 0,ctau2_CtauRes = 0,ctau3_CtauRes = 0,f2_CtauRes = 0.762904,f_CtauRes = 0.32177,rS21_CtauRes = 0.0619266,rS32_CtauRes = 3.25518,s1_CtauRes = 0.0134194)
     function value is NAN @ paramSet=(N_Jpsi = 6.93819e+06,One = 1,ctau1_CtauRes = 0,ctau2_CtauRes = 0,ctau3_CtauRes = 0,f2_CtauRes = 0.762904,f_CtauRes = 0.32177,rS21_CtauRes = 0.0619266,rS32_CtauRes = 3.25518,s1_CtauRes = 0.0134194)
     function value is NAN @ paramSet=(N_Jpsi = 6.93819e+06,One = 1,ctau1_CtauRes = 0,ctau2_CtauRes = 0,ctau3_CtauRes = 0,f2_CtauRes = 0.762904,f_CtauRes = 0.32177,rS21_CtauRes = 0.0619266,rS32_CtauRes = 3.25518,s1_CtauRes = 0.0134194)
     function value is NAN @ paramSet=(N_Jpsi = 6.93819e+06,One = 1,ctau1_CtauRes = 0,ctau2_CtauRes = 0,ctau3_CtauRes = 0,f2_CtauRes = 0.762904,f_CtauRes = 0.32177,rS21_CtauRes = 0.0619266,rS32_CtauRes = 3.25518,s1_CtauRes = 0.0134194)
     function value is NAN @ paramSet=(N_Jpsi = 6.93819e+06,One = 1,ctau1_CtauRes = 0,ctau2_CtauRes = 0,ctau3_CtauRes = 0,f2_CtauRes = 0.762904,f_CtauRes = 0.32177,rS21_CtauRes = 0.0619266,rS32_CtauRes = 3.25518,s1_CtauRes = 0.0134194)
     function value is NAN @ paramSet=(N_Jpsi = 6.93819e+06,One = 1,ctau1_CtauRes = 0,ctau2_CtauRes = 0,ctau3_CtauRes = 0,f2_CtauRes = 0.762904,f_CtauRes = 0.32177,rS21_CtauRes = 0.0619266,rS32_CtauRes = 3.25518,s1_CtauRes = 0.0134194)
     function value is NAN @ paramSet=(N_Jpsi = 6.93819e+06,One = 1,ctau1_CtauRes = 0,ctau2_CtauRes = 0,ctau3_CtauRes = 0,f2_CtauRes = 0.762904,f_CtauRes = 0.32177,rS21_CtauRes = 0.0619266,rS32_CtauRes = 3.25518,s1_CtauRes = 0.0134194)
     function value is NAN @ paramSet=(N_Jpsi = 6.93819e+06,One = 1,ctau1_CtauRes = 0,ctau2_CtauRes = 0,ctau3_CtauRes = 0,f2_CtauRes = 0.762904,f_CtauRes = 0.32177,rS21_CtauRes = 0.0619266,rS32_CtauRes = 3.25518,s1_CtauRes = 0.0134194)
     function value is NAN @ paramSet=(N_Jpsi = 6.93819e+06,One = 1,ctau1_CtauRes = 0,ctau2_CtauRes = 0,ctau3_CtauRes = 0,f2_CtauRes = 0.762904,f_CtauRes = 0.32177,rS21_CtauRes = 0.0619266,rS32_CtauRes = 3.25518,s1_CtauRes = 0.0134194)
    ... (remaining 6 messages suppressed)

[#0] WARNING:Minization -- RooMinimizerFcn: Minimized function has error status.
Returning maximum FCN so far (1.99641e+08) to force MIGRAD to back out of this region. Error log follows
Parameter values: N_Jpsi=6.93819e+06, f2_CtauRes=0.762904, f_CtauRes=0.32177, rS21_CtauRes=0.0619266, rS32_CtauRes=3.25518, s1_CtauRes=0.0134194
RooNLLVar::nll_GaussModel_Tot_ctauResCutDS[ paramSet=(N_Jpsi,One,ctau1_CtauRes,ctau2_CtauRes,ctau3_CtauRes,f2_CtauRes,f_CtauRes,rS21_CtauRes,rS32_CtauRes,s1_CtauRes) ]
     function value is NAN @ paramSet=(N_Jpsi = 6.93819e+06 +/- 117756,One = 1,ctau1_CtauRes = 0,ctau2_CtauRes = 0,ctau3_CtauRes = 0,f2_CtauRes = 0.762904 +/- 0.0101176,f_CtauRes = 0.32177 +/- 0.0243728,rS21_CtauRes = 0.0619266 +/- 1.65561,rS32_CtauRes = 3.25518 +/- 0.954459,s1_CtauRes = 0.0134194 +/- 0.0203355)
PID1431180/RooRealMPFE::nll_GaussModel_Tot_ctauResCutDS_5afac1d34060_MPFE7[ arg=nll_GaussModel_Tot_ctauResCutDS_GOF7 vars=(N_Jpsi,One,ctau1_CtauRes,ctau2_CtauRes,ctau3_CtauRes,f2_CtauRes,f_CtauRes,rS21_CtauRes,rS32_CtauRes,s1_CtauRes) ]
     function value is NAN @ paramSet=(N_Jpsi = 6.93819e+06,One = 1,ctau1_CtauRes = 0,ctau2_CtauRes = 0,ctau3_CtauRes = 0,f2_CtauRes = 0.762904,f_CtauRes = 0.32177,rS21_CtauRes = 0.0619266,rS32_CtauRes = 3.25518,s1_CtauRes = 0.0134194)
     function value is NAN @ paramSet=(N_Jpsi = 6.93819e+06,One = 1,ctau1_CtauRes = 0,ctau2_CtauRes = 0,ctau3_CtauRes = 0,f2_CtauRes = 0.762904,f_CtauRes = 0.32177,rS21_CtauRes = 0.0619266,rS32_CtauRes = 3.25518,s1_CtauRes = 0.0134194)
     function value is NAN @ paramSet=(N_Jpsi = 6.93819e+06,One = 1,ctau1_CtauRes = 0,ctau2_CtauRes = 0,ctau3_CtauRes = 0,f2_CtauRes = 0.762904,f_CtauRes = 0.32177,rS21_CtauRes = 0.0619266,rS32_CtauRes = 3.25518,s1_CtauRes = 0.0134194)
     function value is NAN @ paramSet=(N_Jpsi = 6.93819e+06,One = 1,ctau1_CtauRes = 0,ctau2_CtauRes = 0,ctau3_CtauRes = 0,f2_CtauRes = 0.762904,f_CtauRes = 0.32177,rS21_CtauRes = 0.0619266,rS32_CtauRes = 3.25518,s1_CtauRes = 0.0134194)
     function value is NAN @ paramSet=(N_Jpsi = 6.93819e+06,One = 1,ctau1_CtauRes = 0,ctau2_CtauRes = 0,ctau3_CtauRes = 0,f2_CtauRes = 0.762904,f_CtauRes = 0.32177,rS21_CtauRes = 0.0619266,rS32_CtauRes = 3.25518,s1_CtauRes = 0.0134194)
     function value is NAN @ paramSet=(N_Jpsi = 6.93819e+06,One = 1,ctau1_CtauRes = 0,ctau2_CtauRes = 0,ctau3_CtauRes = 0,f2_CtauRes = 0.762904,f_CtauRes = 0.32177,rS21_CtauRes = 0.0619266,rS32_CtauRes = 3.25518,s1_CtauRes = 0.0134194)
     function value is NAN @ paramSet=(N_Jpsi = 6.93819e+06,One = 1,ctau1_CtauRes = 0,ctau2_CtauRes = 0,ctau3_CtauRes = 0,f2_CtauRes = 0.762904,f_CtauRes = 0.32177,rS21_CtauRes = 0.0619266,rS32_CtauRes = 3.25518,s1_CtauRes = 0.0134194)
     function value is NAN @ paramSet=(N_Jpsi = 6.93819e+06,One = 1,ctau1_CtauRes = 0,ctau2_CtauRes = 0,ctau3_CtauRes = 0,f2_CtauRes = 0.762904,f_CtauRes = 0.32177,rS21_CtauRes = 0.0619266,rS32_CtauRes = 3.25518,s1_CtauRes = 0.0134194)
     function value is NAN @ paramSet=(N_Jpsi = 6.93819e+06,One = 1,ctau1_CtauRes = 0,ctau2_CtauRes = 0,ctau3_CtauRes = 0,f2_CtauRes = 0.762904,f_CtauRes = 0.32177,rS21_CtauRes = 0.0619266,rS32_CtauRes = 3.25518,s1_CtauRes = 0.0134194)
     function value is NAN @ paramSet=(N_Jpsi = 6.93819e+06,One = 1,ctau1_CtauRes = 0,ctau2_CtauRes = 0,ctau3_CtauRes = 0,f2_CtauRes = 0.762904,f_CtauRes = 0.32177,rS21_CtauRes = 0.0619266,rS32_CtauRes = 3.25518,s1_CtauRes = 0.0134194)
     function value is NAN @ paramSet=(N_Jpsi = 6.93819e+06,One = 1,ctau1_CtauRes = 0,ctau2_CtauRes = 0,ctau3_CtauRes = 0,f2_CtauRes = 0.762904,f_CtauRes = 0.32177,rS21_CtauRes = 0.0619266,rS32_CtauRes = 3.25518,s1_CtauRes = 0.0134194)
     function value is NAN @ paramSet=(N_Jpsi = 6.93819e+06,One = 1,ctau1_CtauRes = 0,ctau2_CtauRes = 0,ctau3_CtauRes = 0,f2_CtauRes = 0.762904,f_CtauRes = 0.32177,rS21_CtauRes = 0.0619266,rS32_CtauRes = 3.25518,s1_CtauRes = 0.0134194)
    ... (remaining 6 messages suppressed)

0.000956912 to 1092.51
###
Tot evt: (479)
Res evt: (438)
lost evt: (91.4405)%, 438evts
Min: -2.5, Max: 0
s1: 0.127949

************* Finished Sig Res Fit ****************

Info in <TCanvas::Print>: pdf file figs/2DFit_No_Weight/CtauRes/CtauRes_pt22.5-25.0_y0.0-1.6_muPt0.0_centrality0-180_PRw_Effw0_Accw0_PtW0_TnP0.pdf has been created

  RooFitResult: minimized FCN value: 1.10255e+06, estimated distance to minimum: 436437
                covariance matrix quality: Unknown, matrix was externally provided
                Status : MINIMIZE=-1 HESSE=4 HESSE=4 

    Constant Parameter    Value     
  --------------------  ------------
                   One    1.0000e+00
         ctau1_CtauRes    0.0000e+00
         ctau2_CtauRes    0.0000e+00
         ctau3_CtauRes    0.0000e+00

    Floating Parameter  InitialValue    FinalValue +/-  Error     GblCorr.
  --------------------  ------------  --------------------------  --------
                N_Jpsi    1.0000e+08    6.9382e+06 +/-  2.88e+04  <none>
            f2_CtauRes    3.1000e-01    7.6290e-01 +/-  1.27e+01  <none>
             f_CtauRes    3.1000e-01    3.2177e-01 +/-  8.54e+01  <none>
          rS21_CtauRes    8.0000e-01    6.1927e-02 +/-  9.64e+03  <none>
          rS32_CtauRes    2.2000e+00    3.2552e+00 +/-  3.79e+03  <none>
            s1_CtauRes    5.0000e-01    1.2795e-01 +/-  7.90e+01  <none>

# STAGE: ctauRes
# CMD: /opt/conda/envs/root618/bin/root -l -b -q 'CtauRes.C(22.5,25,0,1.6,0,180)'

