
Processing CtauRes.C(11,13,0,1.6,0,180)...

[1mRooFit v3.60 -- Developed by Wouter Verkerke and David Kirkby[0m 
                Copyright (C) 2000-2013 NIKHEF, University of California & Stanford University
                All rights reserved, please read http://roofit.sourceforge.net/license.txt

******** New Combined Dataset ***********
RooRealVar::ctau3DRes = -0.921455  L(-100000 - 100000) 

*************** Start Res Fit *****************

N_Jpsi: 1e+08+/-0
NBins: 72
Fit Range: -10 - 0
[#0] WARNING:Minization -- RooMinimizerFcn: Minimized function has error status.
Returning maximum FCN so far (1.99895e+08) to force MIGRAD to back out of this region. Error log follows
Parameter values: N_Jpsi=1.92372e+08, f2_CtauRes=0.797271, f_CtauRes=0.762134, rS21_CtauRes=0.110927, rS32_CtauRes=0.481706, s1_CtauRes=0.0791688
RooNLLVar::nll_GaussModel_Tot_ctauResCutDS[ paramSet=(N_Jpsi,One,ctau1_CtauRes,ctau2_CtauRes,ctau3_CtauRes,f2_CtauRes,f_CtauRes,rS21_CtauRes,rS32_CtauRes,s1_CtauRes) ]
     function value is NAN @ paramSet=(N_Jpsi = 1.92372e+08,One = 1,ctau1_CtauRes = 0,ctau2_CtauRes = 0,ctau3_CtauRes = 0,f2_CtauRes = 0.797271,f_CtauRes = 0.762134,rS21_CtauRes = 0.110927,rS32_CtauRes = 0.481706,s1_CtauRes = 0.0791688)
PID1430454/RooRealMPFE::nll_GaussModel_Tot_ctauResCutDS_5626f8c9b760_MPFE7[ arg=nll_GaussModel_Tot_ctauResCutDS_GOF7 vars=(N_Jpsi,One,ctau1_CtauRes,ctau2_CtauRes,ctau3_CtauRes,f2_CtauRes,f_CtauRes,rS21_CtauRes,rS32_CtauRes,s1_CtauRes) ]
     function value is NAN @ paramSet=(N_Jpsi = 1.92372e+08,One = 1,ctau1_CtauRes = 0,ctau2_CtauRes = 0,ctau3_CtauRes = 0,f2_CtauRes = 0.797271,f_CtauRes = 0.762134,rS21_CtauRes = 0.110927,rS32_CtauRes = 0.481706,s1_CtauRes = 0.0791688)
     function value is NAN @ paramSet=(N_Jpsi = 1.92372e+08,One = 1,ctau1_CtauRes = 0,ctau2_CtauRes = 0,ctau3_CtauRes = 0,f2_CtauRes = 0.797271,f_CtauRes = 0.762134,rS21_CtauRes = 0.110927,rS32_CtauRes = 0.481706,s1_CtauRes = 0.0791688)
     function value is NAN @ paramSet=(N_Jpsi = 1.92372e+08,One = 1,ctau1_CtauRes = 0,ctau2_CtauRes = 0,ctau3_CtauRes = 0,f2_CtauRes = 0.797271,f_CtauRes = 0.762134,rS21_CtauRes = 0.110927,rS32_CtauRes = 0.481706,s1_CtauRes = 0.0791688)
     function value is NAN @ paramSet=(N_Jpsi = 1.92372e+08,One = 1,ctau1_CtauRes = 0,ctau2_CtauRes = 0,ctau3_CtauRes = 0,f2_CtauRes = 0.797271,f_CtauRes = 0.762134,rS21_CtauRes = 0.110927,rS32_CtauRes = 0.481706,s1_CtauRes = 0.0791688)
     function value is NAN @ paramSet=(N_Jpsi = 1.92372e+08,One = 1,ctau1_CtauRes = 0,ctau2_CtauRes = 0,ctau3_CtauRes = 0,f2_CtauRes = 0.797271,f_CtauRes = 0.762134,rS21_CtauRes = 0.110927,rS32_CtauRes = 0.481706,s1_CtauRes = 0.0791688)
     function value is NAN @ paramSet=(N_Jpsi = 1.92372e+08,One = 1,ctau1_CtauRes = 0,ctau2_CtauRes = 0,ctau3_CtauRes = 0,f2_CtauRes = 0.797271,f_CtauRes = 0.762134,rS21_CtauRes = 0.110927,rS32_CtauRes = 0.481706,s1_CtauRes = 0.0791688)
     function value is NAN @ paramSet=(N_Jpsi = 1.92372e+08,One = 1,ctau1_CtauRes = 0,ctau2_CtauRes = 0,ctau3_CtauRes = 0,f2_CtauRes = 0.797271,f_CtauRes = 0.762134,rS21_CtauRes = 0.110927,rS32_CtauRes = 0.481706,s1_CtauRes = 0.0791688)
     function value is NAN @ paramSet=(N_Jpsi = 1.92372e+08,One = 1,ctau1_CtauRes = 0,ctau2_CtauRes = 0,ctau3_CtauRes = 0,f2_CtauRes = 0.797271,f_CtauRes = 0.762134,rS21_CtauRes = 0.110927,rS32_CtauRes = 0.481706,s1_CtauRes = 0.0791688)
     function value is NAN @ paramSet=(N_Jpsi = 1.92372e+08,One = 1,ctau1_CtauRes = 0,ctau2_CtauRes = 0,ctau3_CtauRes = 0,f2_CtauRes = 0.797271,f_CtauRes = 0.762134,rS21_CtauRes = 0.110927,rS32_CtauRes = 0.481706,s1_CtauRes = 0.0791688)
     function value is NAN @ paramSet=(N_Jpsi = 1.92372e+08,One = 1,ctau1_CtauRes = 0,ctau2_CtauRes = 0,ctau3_CtauRes = 0,f2_CtauRes = 0.797271,f_CtauRes = 0.762134,rS21_CtauRes = 0.110927,rS32_CtauRes = 0.481706,s1_CtauRes = 0.0791688)
     function value is NAN @ paramSet=(N_Jpsi = 1.92372e+08,One = 1,ctau1_CtauRes = 0,ctau2_CtauRes = 0,ctau3_CtauRes = 0,f2_CtauRes = 0.797271,f_CtauRes = 0.762134,rS21_CtauRes = 0.110927,rS32_CtauRes = 0.481706,s1_CtauRes = 0.0791688)
     function value is NAN @ paramSet=(N_Jpsi = 1.92372e+08,One = 1,ctau1_CtauRes = 0,ctau2_CtauRes = 0,ctau3_CtauRes = 0,f2_CtauRes = 0.797271,f_CtauRes = 0.762134,rS21_CtauRes = 0.110927,rS32_CtauRes = 0.481706,s1_CtauRes = 0.0791688)
    ... (remaining 6 messages suppressed)

0.000144285 to 1.24076e+10
###
Tot evt: (7960)
Res evt: (7907)
lost evt: (99.3342)%, 7907evts
Min: -10, Max: 0
s1: 0.750904

************* Finished Sig Res Fit ****************

Info in <TCanvas::Print>: pdf file figs/2DFit_No_Weight/CtauRes/CtauRes_pt11.0-13.0_y0.0-1.6_muPt0.0_centrality0-180_PRw_Effw0_Accw0_PtW0_TnP0.pdf has been created

  RooFitResult: minimized FCN value: 807.38, estimated distance to minimum: 3.47832e+12
                covariance matrix quality: Unknown, matrix was externally provided
                Status : MINIMIZE=-1 HESSE=4 HESSE=4 

    Constant Parameter    Value     
  --------------------  ------------
                   One    1.0000e+00
         ctau1_CtauRes    0.0000e+00
         ctau2_CtauRes    0.0000e+00
         ctau3_CtauRes    0.0000e+00

    Floating Parameter  InitialValue    FinalValue +/-  Error     GblCorr.
  --------------------  ------------  --------------------------  --------
                N_Jpsi    1.0000e+08    4.9180e+00 +/-  3.14e+04  <none>
            f2_CtauRes    3.1000e-01    9.9556e-01 +/-  3.52e-06  <none>
             f_CtauRes    3.1000e-01    4.5687e-01 +/-  2.64e-05  <none>
          rS21_CtauRes    8.0000e-01    1.3128e+00 +/-  7.88e-05  <none>
          rS32_CtauRes    2.2000e+00    3.2350e+00 +/-  1.27e-04  <none>
            s1_CtauRes    5.0000e-01    7.5090e-01 +/-  2.29e-05  <none>

# STAGE: ctauRes
# CMD: /opt/conda/envs/root618/bin/root -l -b -q 'CtauRes.C(11,13,0,1.6,0,180)'

