
Processing CtauTrue.C(8.5,12,1.6,2.4,0,180)...

[1mRooFit v3.60 -- Developed by Wouter Verkerke and David Kirkby[0m 
                Copyright (C) 2000-2013 NIKHEF, University of California & Stanford University
                All rights reserved, please read http://roofit.sourceforge.net/license.txt

pt8.5-12.0_y1.6-2.4_muPt0.0_centrality0-180
RooDataSet::reducedDS_MC[ctau3Dtrue,mass,pt,y,weight:weight] = 523494 entries (7.47001e+06 weighted)
RooRealVar::ctau3Dtrue = 0.40398  L(1e-06 - 3) // [mm]

************ Start MC Ctau True Fit ***************


************ 2 ***************


************ 3 ***************


************ 4 ***************


************ 5 ***************

RooArgSet::dependents = (ctau3Dtrue)
RooSetProxy::!refCoefNorm = (ctau3Dtrue)
RooArgSet::dependents = (ctau3Dtrue)
RooSetProxy::!refCoefNorm = (ctau3Dtrue)
RooArgSet::dependents = (ctau3Dtrue)
RooArgSet::dependents = (ctau3Dtrue)
RooArgSet::dependents = (ctau3Dtrue)
RooArgSet::dependents = (ctau3Dtrue)
RooArgSet::dependents = (ctau3Dtrue)
RooArgSet::dependents = (ctau3Dtrue)
RooSetProxy::!refCoefNorm = (ctau3Dtrue)
RooSetProxy::!refCoefNorm = (ctau3Dtrue)
RooSetProxy::!refCoefNorm = (ctau3Dtrue)
RooSetProxy::!refCoefNorm = (ctau3Dtrue)
RooSetProxy::!refCoefNorm = (ctau3Dtrue)
RooSetProxy::!refCoefNorm = (ctau3Dtrue)
RooArgSet::dependents = (ctau3Dtrue)
RooArgSet::dependents = (ctau3Dtrue)
RooSetProxy::!refCoefNorm = (ctau3Dtrue)
RooSetProxy::!refCoefNorm = (ctau3Dtrue)
RooArgSet::dependents = (ctau3Dtrue)
RooSetProxy::!refCoefNorm = (ctau3Dtrue)
RooArgSet::dependents = (ctau3Dtrue)
RooArgSet::dependents = (ctau3Dtrue)
RooSetProxy::!refCoefNorm = (ctau3Dtrue)
RooSetProxy::!refCoefNorm = (ctau3Dtrue)
RooArgSet::dependents = (ctau3Dtrue)
RooArgSet::dependents = (ctau3Dtrue)
RooSetProxy::!refCoefNorm = (ctau3Dtrue)
RooSetProxy::!refCoefNorm = (ctau3Dtrue)
RooArgSet::dependents = (ctau3Dtrue)
RooSetProxy::!refCoefNorm = (ctau3Dtrue)
RooArgSet::dependents = (ctau3Dtrue)
RooArgSet::dependents = (ctau3Dtrue)
RooSetProxy::!refCoefNorm = (ctau3Dtrue)
RooSetProxy::!refCoefNorm = (ctau3Dtrue)
RooArgSet::dependents = (ctau3Dtrue)
RooArgSet::dependents = (ctau3Dtrue)
RooArgSet::dependents = (ctau3Dtrue)
RooArgSet::dependents = (ctau3Dtrue)
RooSetProxy::!refCoefNorm = (ctau3Dtrue)
RooSetProxy::!refCoefNorm = (ctau3Dtrue)
RooSetProxy::!refCoefNorm = (ctau3Dtrue)
RooSetProxy::!refCoefNorm = (ctau3Dtrue)
RooArgSet::dependents = (ctau3Dtrue)
RooArgSet::dependents = (ctau3Dtrue)
RooSetProxy::!refCoefNorm = (ctau3Dtrue)
RooSetProxy::!refCoefNorm = (ctau3Dtrue)
RooArgSet::dependents = (ctau3Dtrue)
RooArgSet::dependents = (ctau3Dtrue)
RooArgSet::dependents = (ctau3Dtrue)
RooSetProxy::!refCoefNorm = (ctau3Dtrue)
RooArgSet::dependents = (ctau3Dtrue)
RooSetProxy::!refCoefNorm = (ctau3Dtrue)
RooSetProxy::!refCoefNorm = (ctau3Dtrue)
RooSetProxy::!refCoefNorm = (ctau3Dtrue)
RooArgSet::dependents = (ctau3Dtrue)
RooArgSet::dependents = (ctau3Dtrue)
RooSetProxy::!refCoefNorm = (ctau3Dtrue)
RooSetProxy::!refCoefNorm = (ctau3Dtrue)
RooArgSet::dependents = (ctau3Dtrue)
RooArgSet::dependents = (ctau3Dtrue)
RooSetProxy::!refCoefNorm = (ctau3Dtrue)
RooSetProxy::!refCoefNorm = (ctau3Dtrue)
RooArgSet::dependents = (ctau3Dtrue)
RooArgSet::dependents = (ctau3Dtrue)
RooSetProxy::!refCoefNorm = (ctau3Dtrue)
RooSetProxy::!refCoefNorm = (ctau3Dtrue)

  RooFitResult: minimized FCN value: -4.94296e+09, estimated distance to minimum: 1.01037e+06
                covariance matrix quality: Unknown, matrix was externally provided
                Status : MINIMIZE=-1 HESSE=4 HESSE=4 

    Floating Parameter  InitialValue    FinalValue +/-  Error     GblCorr.
  --------------------  ------------  --------------------------  --------
             N_Jpsi_MC    5.2349e+05    1.0470e+06 +/-  2.76e-02  <none>
                  fDSS    5.0000e-01    9.9879e-01 +/-  4.97e-01  <none>
                 fDSS1    5.0000e-01    6.8732e-01 +/-  1.92e-02  <none>
             lambdaDSS    5.4000e-01    3.3556e-01 +/-  2.03e-02  <none>
            lambdaDSS2    4.6200e-01    1.7347e-02 +/-  1.43e+00  <none>
            lambdaDSS3    3.4100e-01    5.0705e-01 +/-  1.61e-02  <none>

Info in <TCanvas::Print>: pdf file figs/2DFit_No_Weight/CtauTrue/ctauTrue_Inclusive_pt8.5-12.0_y1.6-2.4_muPt0.0_centrality0-180.pdf has been created
RealTime=66.235775 seconds, CpuTime=8.560000 seconds

************ Finished MC Ctau True Fit ***************

# STAGE: ctauTrue
# CMD: /opt/conda/envs/root618/bin/root -l -b -q 'CtauTrue.C(8.5,12,1.6,2.4,0,180)'

