
Processing CtauErr.C(9.5,11,0,1.6,0,180)...

[1mRooFit v3.60 -- Developed by Wouter Verkerke and David Kirkby[0m 
                Copyright (C) 2000-2013 NIKHEF, University of California & Stanford University
                All rights reserved, please read http://roofit.sourceforge.net/license.txt

RooDataSet::datasetW[ctau3D,mass,pt,y,weight,ctau3DRes,ctau3DErr,pt1,pt2,eta1,eta2,recoQQsign,cBin] = 32679 entries
Weight : 1
pt: 9.5-11, y: 0-1.6, Cent: 0-180%
####################################
 nBin : 100

*************** Start SPLOT *****************

Sig Yield: 16135.8 +/- 180.973
Bkg Yield: 3884.66 +/- 245.394
[INFO] Jpsi yield -> Mass Fit:16135.8, sWeights :16135.8
[INFO] Bkg  yield -> Mass Fit:3884.66, sWeights :3884.66
Info in <TCanvas::MakeDefCanvas>:  created default TCanvas with name c1
ctauErrMax : 0.108 ctauErrMin : 0.0144009
 BinWidth : 0.00179999
 newBins : 52
32679
32679
0.0144009, 0.108
Tot evt: (32679)
Res evt: (32659)
lost evt: (0.0612014)%, 32659evts

************** Finished SPLOT *****************

Info in <TCanvas::Print>: pdf file figs/2DFit_No_Weight/CtauErr/ctauErr_pt9.5-11.0_y0.0-1.6_muPt0.0_centrality0-180_PRw_Effw0_Accw0_PtW0_TnP0.pdf has been created
# STAGE: ctauErr
# CMD: /opt/conda/envs/root618/bin/root -l -b -q 'CtauErr.C(9.5,11,0,1.6,0,180)'

