
Processing CtauRes.C(12,15,1.6,2.4,0,180)...

[1mRooFit v3.60 -- Developed by Wouter Verkerke and David Kirkby[0m 
                Copyright (C) 2000-2013 NIKHEF, University of California & Stanford University
                All rights reserved, please read http://roofit.sourceforge.net/license.txt

******** New Combined Dataset ***********
RooRealVar::ctau3DRes = 0.219865  L(-100000 - 100000) 

*************** Start Res Fit *****************

N_Jpsi: 50000+/-0
NBins: 72
Fit Range: -10 - 0
0.00327073 to 7.26523e+07
###
Tot evt: (3149)
Res evt: (3128)
lost evt: (99.3331)%, 3128evts
Min: -10, Max: 0
s1: 0.729359

************* Finished Sig Res Fit ****************

Info in <TCanvas::Print>: pdf file figs/2DFit_No_Weight/CtauRes/CtauRes_pt12.0-15.0_y1.6-2.4_muPt0.0_centrality0-180_PRw_Effw0_Accw0_PtW0_TnP0.pdf has been created

  RooFitResult: minimized FCN value: -11000.9, estimated distance to minimum: 4.33959
                covariance matrix quality: Unknown, matrix was externally provided
                Status : MINIMIZE=0 HESSE=0 HESSE=0 

    Constant Parameter    Value     
  --------------------  ------------
                   One    1.0000e+00
         ctau1_CtauRes    0.0000e+00
         ctau2_CtauRes    0.0000e+00
         ctau3_CtauRes    0.0000e+00

    Floating Parameter  InitialValue    FinalValue +/-  Error     GblCorr.
  --------------------  ------------  --------------------------  --------
                N_Jpsi    5.0000e+04    2.2210e+03 +/-  4.67e+01  <none>
            f2_CtauRes    3.1000e-01    1.3291e-01 +/-  1.52e-01  <none>
             f_CtauRes    3.1000e-01    3.3939e-01 +/-  1.30e+00  <none>
          rS21_CtauRes    8.0000e-01    1.6567e+00 +/-  7.22e-01  <none>
          rS32_CtauRes    2.2000e+00    2.4138e+00 +/-  1.12e+00  <none>
            s1_CtauRes    5.0000e-01    7.2936e-01 +/-  7.72e-01  <none>

# STAGE: ctauRes
# CMD: /opt/conda/envs/root618/bin/root -l -b -q 'CtauRes.C(12,15,1.6,2.4,0,180)'

