
Processing CtauRes.C(17.5,20,0,1.6,0,180)...

[1mRooFit v3.60 -- Developed by Wouter Verkerke and David Kirkby[0m 
                Copyright (C) 2000-2013 NIKHEF, University of California & Stanford University
                All rights reserved, please read http://roofit.sourceforge.net/license.txt

******** New Combined Dataset ***********
RooRealVar::ctau3DRes = -2.93204  L(-100000 - 100000) 

*************** Start Res Fit *****************

N_Jpsi: 1e+08+/-0
NBins: 72
Fit Range: -4.44444 - 0
[#0] WARNING:Minization -- RooMinimizerFcn: Minimized function has error status.
Returning maximum FCN so far (1.99982e+08) to force MIGRAD to back out of this region. Error log follows
Parameter values: N_Jpsi=2.6643e+07, f2_CtauRes=0.815352, f_CtauRes=0.0202078, rS21_CtauRes=0.671843, rS32_CtauRes=4.65224, s1_CtauRes=0.0294997
RooNLLVar::nll_GaussModel_Tot_ctauResCutDS[ paramSet=(N_Jpsi,One,ctau1_CtauRes,ctau2_CtauRes,ctau3_CtauRes,f2_CtauRes,f_CtauRes,rS21_CtauRes,rS32_CtauRes,s1_CtauRes) ]
     function value is NAN @ paramSet=(N_Jpsi = 2.6643e+07,One = 1,ctau1_CtauRes = 0,ctau2_CtauRes = 0,ctau3_CtauRes = 0,f2_CtauRes = 0.815352,f_CtauRes = 0.0202078,rS21_CtauRes = 0.671843,rS32_CtauRes = 4.65224,s1_CtauRes = 0.0294997)
PID1431107/RooRealMPFE::nll_GaussModel_Tot_ctauResCutDS_5e098d0ba1b0_MPFE7[ arg=nll_GaussModel_Tot_ctauResCutDS_GOF7 vars=(N_Jpsi,One,ctau1_CtauRes,ctau2_CtauRes,ctau3_CtauRes,f2_CtauRes,f_CtauRes,rS21_CtauRes,rS32_CtauRes,s1_CtauRes) ]
     function value is NAN @ paramSet=(N_Jpsi = 2.6643e+07,One = 1,ctau1_CtauRes = 0,ctau2_CtauRes = 0,ctau3_CtauRes = 0,f2_CtauRes = 0.815352,f_CtauRes = 0.0202078,rS21_CtauRes = 0.671843,rS32_CtauRes = 4.65224,s1_CtauRes = 0.0294997)
     function value is NAN @ paramSet=(N_Jpsi = 2.6643e+07,One = 1,ctau1_CtauRes = 0,ctau2_CtauRes = 0,ctau3_CtauRes = 0,f2_CtauRes = 0.815352,f_CtauRes = 0.0202078,rS21_CtauRes = 0.671843,rS32_CtauRes = 4.65224,s1_CtauRes = 0.0294997)
     function value is NAN @ paramSet=(N_Jpsi = 2.6643e+07,One = 1,ctau1_CtauRes = 0,ctau2_CtauRes = 0,ctau3_CtauRes = 0,f2_CtauRes = 0.815352,f_CtauRes = 0.0202078,rS21_CtauRes = 0.671843,rS32_CtauRes = 4.65224,s1_CtauRes = 0.0294997)
     function value is NAN @ paramSet=(N_Jpsi = 2.6643e+07,One = 1,ctau1_CtauRes = 0,ctau2_CtauRes = 0,ctau3_CtauRes = 0,f2_CtauRes = 0.815352,f_CtauRes = 0.0202078,rS21_CtauRes = 0.671843,rS32_CtauRes = 4.65224,s1_CtauRes = 0.0294997)
     function value is NAN @ paramSet=(N_Jpsi = 2.6643e+07,One = 1,ctau1_CtauRes = 0,ctau2_CtauRes = 0,ctau3_CtauRes = 0,f2_CtauRes = 0.815352,f_CtauRes = 0.0202078,rS21_CtauRes = 0.671843,rS32_CtauRes = 4.65224,s1_CtauRes = 0.0294997)
     function value is NAN @ paramSet=(N_Jpsi = 2.6643e+07,One = 1,ctau1_CtauRes = 0,ctau2_CtauRes = 0,ctau3_CtauRes = 0,f2_CtauRes = 0.815352,f_CtauRes = 0.0202078,rS21_CtauRes = 0.671843,rS32_CtauRes = 4.65224,s1_CtauRes = 0.0294997)

3.09035e-06 to 1.50334e+10
###
Tot evt: (1328)
Res evt: (1305)
lost evt: (98.2681)%, 1305evts
Min: -4.44444, Max: 0
s1: 0.715869

************* Finished Sig Res Fit ****************

Info in <TCanvas::Print>: pdf file figs/2DFit_No_Weight/CtauRes/CtauRes_pt17.5-20.0_y0.0-1.6_muPt0.0_centrality0-180_PRw_Effw0_Accw0_PtW0_TnP0.pdf has been created

  RooFitResult: minimized FCN value: -4089.43, estimated distance to minimum: 136.87
                covariance matrix quality: Unknown, matrix was externally provided
                Status : MINIMIZE=-1 HESSE=4 HESSE=4 

    Constant Parameter    Value     
  --------------------  ------------
                   One    1.0000e+00
         ctau1_CtauRes    0.0000e+00
         ctau2_CtauRes    0.0000e+00
         ctau3_CtauRes    0.0000e+00

    Floating Parameter  InitialValue    FinalValue +/-  Error     GblCorr.
  --------------------  ------------  --------------------------  --------
                N_Jpsi    1.0000e+08    9.8928e+02 +/-  5.02e+01  <none>
            f2_CtauRes    3.1000e-01    2.8548e-01 +/-  3.98e-01  <none>
             f_CtauRes    3.1000e-01    9.2730e-02 +/-  1.07e-01  <none>
          rS21_CtauRes    8.0000e-01    1.2925e+00 +/-  3.30e-01  <none>
          rS32_CtauRes    2.2000e+00    1.3968e+00 +/-  1.75e-01  <none>
            s1_CtauRes    5.0000e-01    7.1587e-01 +/-  1.42e-01  <none>

# STAGE: ctauRes
# CMD: /opt/conda/envs/root618/bin/root -l -b -q 'CtauRes.C(17.5,20,0,1.6,0,180)'

