
Processing CtauRes.C(3,40,1.6,2.4,100,180)...

[1mRooFit v3.60 -- Developed by Wouter Verkerke and David Kirkby[0m 
                Copyright (C) 2000-2013 NIKHEF, University of California & Stanford University
                All rights reserved, please read http://roofit.sourceforge.net/license.txt

******** New Combined Dataset ***********
RooRealVar::ctau3DRes = 5.91877  L(-100000 - 100000) 

*************** Start Res Fit *****************

N_Jpsi: 50000+/-0
NBins: 72
Fit Range: -10 - 0
7.39645e-05 to 3.10395e+10
###
Tot evt: (10232)
Res evt: (10196)
lost evt: (99.6482)%, 10196evts
Min: -10, Max: 0
s1: 0.994607

************* Finished Sig Res Fit ****************

Info in <TCanvas::Print>: pdf file figs/2DFit_No_Weight/CtauRes/CtauRes_pt3.0-40.0_y1.6-2.4_muPt0.0_centrality100-180_PRw_Effw0_Accw0_PtW0_TnP0.pdf has been created

  RooFitResult: minimized FCN value: -40781.6, estimated distance to minimum: 1.34926
                covariance matrix quality: Unknown, matrix was externally provided
                Status : MINIMIZE=0 HESSE=0 HESSE=0 

    Constant Parameter    Value     
  --------------------  ------------
                   One    1.0000e+00
         ctau1_CtauRes    0.0000e+00
         ctau2_CtauRes    0.0000e+00
         ctau3_CtauRes    0.0000e+00

    Floating Parameter  InitialValue    FinalValue +/-  Error     GblCorr.
  --------------------  ------------  --------------------------  --------
                N_Jpsi    5.0000e+04    6.7213e+03 +/-  8.10e+01  <none>
            f2_CtauRes    3.1000e-01    1.0221e-06 +/-  1.40e-05  <none>
             f_CtauRes    3.1000e-01    9.1258e-01 +/-  1.76e-02  <none>
          rS21_CtauRes    8.0000e-01    2.9247e+00 +/-  1.97e-01  <none>
          rS32_CtauRes    2.2000e+00    4.9716e+00 +/-  3.76e-01  <none>
            s1_CtauRes    5.0000e-01    9.9461e-01 +/-  2.59e-02  <none>

# STAGE: ctauRes
# CMD: /opt/conda/envs/root618/bin/root -l -b -q 'CtauRes.C(3,40,1.6,2.4,100,180)'

