
Processing CtauRes.C(4.5,6.5,1.6,2.4,0,180)...

[1mRooFit v3.60 -- Developed by Wouter Verkerke and David Kirkby[0m 
                Copyright (C) 2000-2013 NIKHEF, University of California & Stanford University
                All rights reserved, please read http://roofit.sourceforge.net/license.txt

******** New Combined Dataset ***********
RooRealVar::ctau3DRes = -2.64638  L(-100000 - 100000) 

*************** Start Res Fit *****************

N_Jpsi: 1e+08+/-0
NBins: 72
Fit Range: -10 - 0
0.0239346 to 9.29068e+08
###
Tot evt: (93676)
Res evt: (93043)
lost evt: (99.3243)%, 93043evts
Min: -10, Max: 0
s1: 0.8397

************* Finished Sig Res Fit ****************

Info in <TCanvas::Print>: pdf file figs/2DFit_No_Weight/CtauRes/CtauRes_pt4.5-6.5_y1.6-2.4_muPt0.0_centrality0-180_PRw_Effw0_Accw0_PtW0_TnP0.pdf has been created

  RooFitResult: minimized FCN value: -141896, estimated distance to minimum: 30.0437
                covariance matrix quality: Unknown, matrix was externally provided
                Status : MINIMIZE=0 HESSE=0 HESSE=0 

    Constant Parameter    Value     
  --------------------  ------------
                   One    1.0000e+00
         ctau1_CtauRes    0.0000e+00
         ctau2_CtauRes    0.0000e+00
         ctau3_CtauRes    0.0000e+00

    Floating Parameter  InitialValue    FinalValue +/-  Error     GblCorr.
  --------------------  ------------  --------------------------  --------
                N_Jpsi    1.0000e+08    2.3110e+04 +/-  1.40e+02  <none>
            f2_CtauRes    3.1000e-01    1.6946e-01 +/-  4.61e-02  <none>
             f_CtauRes    3.1000e-01    5.1437e-01 +/-  2.01e-01  <none>
          rS21_CtauRes    8.0000e-01    1.7287e+00 +/-  8.95e-02  <none>
          rS32_CtauRes    2.2000e+00    2.4295e+00 +/-  2.80e-01  <none>
            s1_CtauRes    5.0000e-01    8.3970e-01 +/-  1.05e-01  <none>

# STAGE: ctauRes
# CMD: /opt/conda/envs/root618/bin/root -l -b -q 'CtauRes.C(4.5,6.5,1.6,2.4,0,180)'

