
Processing CtauErr.C(25,27.5,0,1.6,0,180)...

[1mRooFit v3.60 -- Developed by Wouter Verkerke and David Kirkby[0m 
                Copyright (C) 2000-2013 NIKHEF, University of California & Stanford University
                All rights reserved, please read http://roofit.sourceforge.net/license.txt

RooDataSet::datasetW[ctau3D,mass,pt,y,weight,ctau3DRes,ctau3DErr,pt1,pt2,eta1,eta2,recoQQsign,cBin] = 1261 entries
Weight : 1
pt: 25-27.5, y: 0-1.6, Cent: 0-180%
####################################
 nBin : 100

*************** Start SPLOT *****************

Sig Yield: 68.0676 +/- 13.3645
Bkg Yield: 31.4096 +/- 8.78351
[INFO] Jpsi yield -> Mass Fit:68.0676, sWeights :68.0676
[INFO] Bkg  yield -> Mass Fit:31.4096, sWeights :31.4096
Info in <TCanvas::MakeDefCanvas>:  created default TCanvas with name c1
ctauErrMax : 0.0414008 ctauErrMin : 0.0108009
 BinWidth : 0.00179999
 newBins : 17
1261
1261
0.0108009, 0.0414008
Tot evt: (1261)
Res evt: (1242)
lost evt: (1.50674)%, 1242evts

************** Finished SPLOT *****************

Info in <TCanvas::Print>: pdf file figs/2DFit_No_Weight/CtauErr/ctauErr_pt25.0-27.5_y0.0-1.6_muPt0.0_centrality0-180_PRw_Effw0_Accw0_PtW0_TnP0.pdf has been created
# STAGE: ctauErr
# CMD: /opt/conda/envs/root618/bin/root -l -b -q 'CtauErr.C(25,27.5,0,1.6,0,180)'

