
Processing CtauRes.C(8.5,9.5,0,1.6,0,180)...

[1mRooFit v3.60 -- Developed by Wouter Verkerke and David Kirkby[0m 
                Copyright (C) 2000-2013 NIKHEF, University of California & Stanford University
                All rights reserved, please read http://roofit.sourceforge.net/license.txt

******** New Combined Dataset ***********
RooRealVar::ctau3DRes = -0.671803  L(-100000 - 100000) 

*************** Start Res Fit *****************

N_Jpsi: 1e+08+/-0
NBins: 72
Fit Range: -10 - 0
0.00175669 to 9.83933e+08
###
Tot evt: (10164)
Res evt: (10049)
lost evt: (98.8686)%, 10049evts
Min: -10, Max: 0
s1: 0.854433

************* Finished Sig Res Fit ****************

Info in <TCanvas::Print>: pdf file figs/2DFit_No_Weight/CtauRes/CtauRes_pt8.5-9.5_y0.0-1.6_muPt0.0_centrality0-180_PRw_Effw0_Accw0_PtW0_TnP0.pdf has been created

  RooFitResult: minimized FCN value: -35954.1, estimated distance to minimum: 10.2659
                covariance matrix quality: Unknown, matrix was externally provided
                Status : MINIMIZE=-1 HESSE=4 HESSE=4 

    Constant Parameter    Value     
  --------------------  ------------
                   One    1.0000e+00
         ctau1_CtauRes    0.0000e+00
         ctau2_CtauRes    0.0000e+00
         ctau3_CtauRes    0.0000e+00

    Floating Parameter  InitialValue    FinalValue +/-  Error     GblCorr.
  --------------------  ------------  --------------------------  --------
                N_Jpsi    1.0000e+08    6.1466e+03 +/-  7.68e+01  <none>
            f2_CtauRes    3.1000e-01    1.6602e-01 +/-  3.61e-01  <none>
             f_CtauRes    3.1000e-01    6.6732e-01 +/-  9.89e-01  <none>
          rS21_CtauRes    8.0000e-01    1.7435e+00 +/-  1.06e+00  <none>
          rS32_CtauRes    2.2000e+00    2.6894e+00 +/-  2.38e+00  <none>
            s1_CtauRes    5.0000e-01    8.5443e-01 +/-  3.95e-01  <none>

# STAGE: ctauRes
# CMD: /opt/conda/envs/root618/bin/root -l -b -q 'CtauRes.C(8.5,9.5,0,1.6,0,180)'

