
Processing CtauErr.C(20,40,1.6,2.4,0,180)...

[1mRooFit v3.60 -- Developed by Wouter Verkerke and David Kirkby[0m 
                Copyright (C) 2000-2013 NIKHEF, University of California & Stanford University
                All rights reserved, please read http://roofit.sourceforge.net/license.txt

RooDataSet::datasetW[ctau3D,mass,pt,y,weight,ctau3DRes,ctau3DErr,pt1,pt2,eta1,eta2,recoQQsign,cBin] = 2313 entries
Weight : 1
pt: 20-40, y: 1.6-2.4, Cent: 0-180%
####################################
 nBin : 100

*************** Start SPLOT *****************

Sig Yield: 68.913 +/- 12.3739
Bkg Yield: 24.2453 +/- 7.0983
[INFO] Jpsi yield -> Mass Fit:68.913, sWeights :68.913
[INFO] Bkg  yield -> Mass Fit:24.2453, sWeights :24.2453
Info in <TCanvas::MakeDefCanvas>:  created default TCanvas with name c1
ctauErrMax : 0.0648006 ctauErrMin : 0.00720096
 BinWidth : 0.00179999
 newBins : 32
2313
2313
0.00720096, 0.0648006
Tot evt: (2313)
Res evt: (2309)
lost evt: (0.172936)%, 2309evts

************** Finished SPLOT *****************

Info in <TCanvas::Print>: pdf file figs/2DFit_No_Weight/CtauErr/ctauErr_pt20.0-40.0_y1.6-2.4_muPt0.0_centrality0-180_PRw_Effw0_Accw0_PtW0_TnP0.pdf has been created
# STAGE: ctauErr
# CMD: /opt/conda/envs/root618/bin/root -l -b -q 'CtauErr.C(20,40,1.6,2.4,0,180)'

