
Processing CtauErr.C(17.5,20,0,1.6,0,180)...

[1mRooFit v3.60 -- Developed by Wouter Verkerke and David Kirkby[0m 
                Copyright (C) 2000-2013 NIKHEF, University of California & Stanford University
                All rights reserved, please read http://roofit.sourceforge.net/license.txt

RooDataSet::datasetW[ctau3D,mass,pt,y,weight,ctau3DRes,ctau3DErr,pt1,pt2,eta1,eta2,recoQQsign,cBin] = 5625 entries
Weight : 1
pt: 17.5-20, y: 0-1.6, Cent: 0-180%
####################################
 nBin : 100

*************** Start SPLOT *****************

Sig Yield: 4109.07 +/- 60.4499
Bkg Yield: 666.946 +/- 47.0218
[INFO] Jpsi yield -> Mass Fit:4109.07, sWeights :4109.07
[INFO] Bkg  yield -> Mass Fit:666.946, sWeights :666.946
Info in <TCanvas::MakeDefCanvas>:  created default TCanvas with name c1
ctauErrMax : 0.0594007 ctauErrMin : 0.0108009
 BinWidth : 0.00179999
 newBins : 27
5625
5625
0.0108009, 0.0594007
Tot evt: (5625)
Res evt: (5616)
lost evt: (0.16)%, 5616evts

************** Finished SPLOT *****************

Info in <TCanvas::Print>: pdf file figs/2DFit_No_Weight/CtauErr/ctauErr_pt17.5-20.0_y0.0-1.6_muPt0.0_centrality0-180_PRw_Effw0_Accw0_PtW0_TnP0.pdf has been created
# STAGE: ctauErr
# CMD: /opt/conda/envs/root618/bin/root -l -b -q 'CtauErr.C(17.5,20,0,1.6,0,180)'

