
Processing CtauTrue.C(12,15,1.6,2.4,0,180)...

[1mRooFit v3.60 -- Developed by Wouter Verkerke and David Kirkby[0m 
                Copyright (C) 2000-2013 NIKHEF, University of California & Stanford University
                All rights reserved, please read http://roofit.sourceforge.net/license.txt

pt12.0-15.0_y1.6-2.4_muPt0.0_centrality0-180
RooDataSet::reducedDS_MC[ctau3Dtrue,mass,pt,y,weight:weight] = 226917 entries (2.1579e+06 weighted)
RooRealVar::ctau3Dtrue = 0.374839  L(1e-06 - 3) // [mm]

************ Start MC Ctau True Fit ***************


************ 2 ***************


************ 3 ***************


************ 4 ***************


************ 5 ***************

RooArgSet::dependents = (ctau3Dtrue)
RooSetProxy::!refCoefNorm = (ctau3Dtrue)
RooArgSet::dependents = (ctau3Dtrue)
RooSetProxy::!refCoefNorm = (ctau3Dtrue)
RooArgSet::dependents = (ctau3Dtrue)
RooArgSet::dependents = (ctau3Dtrue)
RooArgSet::dependents = (ctau3Dtrue)
RooSetProxy::!refCoefNorm = (ctau3Dtrue)
RooSetProxy::!refCoefNorm = (ctau3Dtrue)
RooSetProxy::!refCoefNorm = (ctau3Dtrue)
RooArgSet::dependents = (ctau3Dtrue)
RooSetProxy::!refCoefNorm = (ctau3Dtrue)
RooArgSet::dependents = (ctau3Dtrue)
RooArgSet::dependents = (ctau3Dtrue)
RooSetProxy::!refCoefNorm = (ctau3Dtrue)
RooSetProxy::!refCoefNorm = (ctau3Dtrue)
RooArgSet::dependents = (ctau3Dtrue)
RooSetProxy::!refCoefNorm = (ctau3Dtrue)
RooArgSet::dependents = (ctau3Dtrue)
RooArgSet::dependents = (ctau3Dtrue)
RooArgSet::dependents = (ctau3Dtrue)
RooSetProxy::!refCoefNorm = (ctau3Dtrue)
RooSetProxy::!refCoefNorm = (ctau3Dtrue)
RooSetProxy::!refCoefNorm = (ctau3Dtrue)
RooArgSet::dependents = (ctau3Dtrue)
RooSetProxy::!refCoefNorm = (ctau3Dtrue)
RooArgSet::dependents = (ctau3Dtrue)
RooSetProxy::!refCoefNorm = (ctau3Dtrue)
RooArgSet::dependents = (ctau3Dtrue)
RooArgSet::dependents = (ctau3Dtrue)
RooSetProxy::!refCoefNorm = (ctau3Dtrue)
RooSetProxy::!refCoefNorm = (ctau3Dtrue)
RooArgSet::dependents = (ctau3Dtrue)
RooArgSet::dependents = (ctau3Dtrue)
RooSetProxy::!refCoefNorm = (ctau3Dtrue)
RooSetProxy::!refCoefNorm = (ctau3Dtrue)
RooArgSet::dependents = (ctau3Dtrue)
RooSetProxy::!refCoefNorm = (ctau3Dtrue)
RooArgSet::dependents = (ctau3Dtrue)
RooSetProxy::!refCoefNorm = (ctau3Dtrue)
RooArgSet::dependents = (ctau3Dtrue)
RooSetProxy::!refCoefNorm = (ctau3Dtrue)
RooArgSet::dependents = (ctau3Dtrue)
RooArgSet::dependents = (ctau3Dtrue)
RooSetProxy::!refCoefNorm = (ctau3Dtrue)
RooSetProxy::!refCoefNorm = (ctau3Dtrue)
RooArgSet::dependents = (ctau3Dtrue)
RooArgSet::dependents = (ctau3Dtrue)
RooSetProxy::!refCoefNorm = (ctau3Dtrue)
RooSetProxy::!refCoefNorm = (ctau3Dtrue)
RooArgSet::dependents = (ctau3Dtrue)
RooSetProxy::!refCoefNorm = (ctau3Dtrue)
RooArgSet::dependents = (ctau3Dtrue)
RooArgSet::dependents = (ctau3Dtrue)
RooSetProxy::!refCoefNorm = (ctau3Dtrue)
RooSetProxy::!refCoefNorm = (ctau3Dtrue)
RooArgSet::dependents = (ctau3Dtrue)
RooArgSet::dependents = (ctau3Dtrue)
RooSetProxy::!refCoefNorm = (ctau3Dtrue)
RooSetProxy::!refCoefNorm = (ctau3Dtrue)
RooArgSet::dependents = (ctau3Dtrue)
RooArgSet::dependents = (ctau3Dtrue)
RooSetProxy::!refCoefNorm = (ctau3Dtrue)
RooSetProxy::!refCoefNorm = (ctau3Dtrue)
RooArgSet::dependents = (ctau3Dtrue)
RooArgSet::dependents = (ctau3Dtrue)
RooSetProxy::!refCoefNorm = (ctau3Dtrue)
RooSetProxy::!refCoefNorm = (ctau3Dtrue)

  RooFitResult: minimized FCN value: -8.62172e+08, estimated distance to minimum: 2.49792e+07
                covariance matrix quality: Unknown, matrix was externally provided
                Status : MINIMIZE=-1 HESSE=4 HESSE=4 

    Floating Parameter  InitialValue    FinalValue +/-  Error     GblCorr.
  --------------------  ------------  --------------------------  --------
             N_Jpsi_MC    2.2692e+05    4.5383e+05 +/-  2.15e-02  <none>
                  fDSS    5.0000e-01    8.1737e-01 +/-  9.77e-01  <none>
                 fDSS1    5.0000e-01    9.9779e-01 +/-  4.07e+01  <none>
             lambdaDSS    5.4000e-01    3.4612e-01 +/-  2.83e-01  <none>
            lambdaDSS2    4.6200e-01    5.4563e-01 +/-  5.89e-01  <none>
            lambdaDSS3    3.4100e-01    5.1148e-01 +/-  3.00e+03  <none>

Info in <TCanvas::Print>: pdf file figs/2DFit_No_Weight/CtauTrue/ctauTrue_Inclusive_pt12.0-15.0_y1.6-2.4_muPt0.0_centrality0-180.pdf has been created
RealTime=39.837837 seconds, CpuTime=8.250000 seconds

************ Finished MC Ctau True Fit ***************

# STAGE: ctauTrue
# CMD: /opt/conda/envs/root618/bin/root -l -b -q 'CtauTrue.C(12,15,1.6,2.4,0,180)'

