
Processing CtauBkg_2exp.C(8.5,9.5,0,1.6,0,180)...

[1mRooFit v3.60 -- Developed by Wouter Verkerke and David Kirkby[0m 
                Copyright (C) 2000-2013 NIKHEF, University of California & Stanford University
                All rights reserved, please read http://roofit.sourceforge.net/license.txt

####################################
pt: 8.5-9.5, y: 0-1.6
******** New Combined Dataset ***********
RooRealVar::ctau3D = -0.0175606  L(-4 - 6.5) // [mm]
RooRealVar::ctau3DErr = 0.0261395  L(0.0147348 - 0.116556) // [mm]

************** Start BKG Ctau Fit *****************

N_Bkg : 10861.6+/-123.235
ctau1_CtauRes : 0
s1_CtauRes : 0.854433
f_CtauRes : 0.667322+/-0.98888
f2_CtauRes : 0.166021+/-0.360756
RooArgSet::dependents = (ctau3D,ctau3DErr)
RooSetProxy::!refCoefNorm = (ctau3D,ctau3DErr)
RooArgSet::dependents = (ctau3D,ctau3DErr)
RooSetProxy::!refCoefNorm = (ctau3D,ctau3DErr)
RooArgSet::dependents = (ctau3D,ctau3DErr)
RooSetProxy::!refCoefNorm = (ctau3D,ctau3DErr)
RooArgSet::dependents = (ctau3D,ctau3DErr)
RooArgSet::dependents = (ctau3D,ctau3DErr)
RooSetProxy::!refCoefNorm = (ctau3D,ctau3DErr)
RooSetProxy::!refCoefNorm = (ctau3D,ctau3DErr)
RooArgSet::dependents = (ctau3D,ctau3DErr)
RooSetProxy::!refCoefNorm = (ctau3D,ctau3DErr)
RooArgSet::dependents = (ctau3D,ctau3DErr)
RooArgSet::dependents = (ctau3D,ctau3DErr)
RooArgSet::dependents = (ctau3D,ctau3DErr)
RooSetProxy::!refCoefNorm = (ctau3D,ctau3DErr)
RooSetProxy::!refCoefNorm = (ctau3D,ctau3DErr)
RooSetProxy::!refCoefNorm = (ctau3D,ctau3DErr)
RooArgSet::dependents = (ctau3D,ctau3DErr)
RooSetProxy::!refCoefNorm = (ctau3D,ctau3DErr)
RooArgSet::dependents = (ctau3D,ctau3DErr)
RooSetProxy::!refCoefNorm = (ctau3D,ctau3DErr)
RooArgSet::dependents = (ctau3D,ctau3DErr)
RooSetProxy::!refCoefNorm = (ctau3D,ctau3DErr)
RooArgSet::dependents = (ctau3D,ctau3DErr)
RooSetProxy::!refCoefNorm = (ctau3D,ctau3DErr)
RooArgSet::dependents = (ctau3D,ctau3DErr)
RooSetProxy::!refCoefNorm = (ctau3D,ctau3DErr)
RooArgSet::dependents = (ctau3D,ctau3DErr)
RooSetProxy::!refCoefNorm = (ctau3D,ctau3DErr)
RooArgSet::dependents = (ctau3D,ctau3DErr)
RooArgSet::dependents = (ctau3D,ctau3DErr)
RooSetProxy::!refCoefNorm = (ctau3D,ctau3DErr)
RooSetProxy::!refCoefNorm = (ctau3D,ctau3DErr)
RooArgSet::dependents = (ctau3D,ctau3DErr)
RooSetProxy::!refCoefNorm = (ctau3D,ctau3DErr)
RooArgSet::dependents = (ctau3D,ctau3DErr)
RooSetProxy::!refCoefNorm = (ctau3D,ctau3DErr)
RooArgSet::dependents = (ctau3D,ctau3DErr)
RooSetProxy::!refCoefNorm = (ctau3D,ctau3DErr)
RooArgSet::dependents = (ctau3D,ctau3DErr)
RooArgSet::dependents = (ctau3D,ctau3DErr)
RooSetProxy::!refCoefNorm = (ctau3D,ctau3DErr)
RooSetProxy::!refCoefNorm = (ctau3D,ctau3DErr)
RooArgSet::dependents = (ctau3D,ctau3DErr)
RooSetProxy::!refCoefNorm = (ctau3D,ctau3DErr)
RooArgSet::dependents = (ctau3D,ctau3DErr)
RooSetProxy::!refCoefNorm = (ctau3D,ctau3DErr)
RooArgSet::dependents = (ctau3D,ctau3DErr)
RooSetProxy::!refCoefNorm = (ctau3D,ctau3DErr)
RooArgSet::dependents = (ctau3D,ctau3DErr)
RooSetProxy::!refCoefNorm = (ctau3D,ctau3DErr)
RooArgSet::dependents = (ctau3D,ctau3DErr)
RooSetProxy::!refCoefNorm = (ctau3D,ctau3DErr)
RooArgSet::dependents = (ctau3D,ctau3DErr)
RooSetProxy::!refCoefNorm = (ctau3D,ctau3DErr)
RooArgSet::dependents = (ctau3D,ctau3DErr)
RooArgSet::dependents = (ctau3D,ctau3DErr)
RooSetProxy::!refCoefNorm = (ctau3D,ctau3DErr)
RooSetProxy::!refCoefNorm = (ctau3D,ctau3DErr)
RooArgSet::dependents = (ctau3D,ctau3DErr)
RooSetProxy::!refCoefNorm = (ctau3D,ctau3DErr)
RooArgSet::dependents = (ctau3D,ctau3DErr)
RooSetProxy::!refCoefNorm = (ctau3D,ctau3DErr)
RooArgSet::dependents = (ctau3D,ctau3DErr)
RooSetProxy::!refCoefNorm = (ctau3D,ctau3DErr)
RooArgSet::dependents = (ctau3D,ctau3DErr)
RooSetProxy::!refCoefNorm = (ctau3D,ctau3DErr)
[#0] WARNING:Eval -- RooAddPdf::updateCoefCache(pdfCTAU1 WARNING: sum of PDF coefficients not in range [0-1], value=1.00634[#0] WARNING:Eval -- RooAddPdf::updateCoefCache(pdfCTAU1 WARNING: sum of PDF coefficients not in range [0-1], value=1.00634[#0] WARNING:Eval -- RooAddPdf::updateCoefCache(pdfCTAU1 WARNING: sum of PDF coefficients not in range [0-1], value=1.00634[#0] WARNING:Eval -- RooAddPdf::updateCoefCache(pdfCTAU1 WARNING: sum of PDF coefficients not in range [0-1], value=1.00634[#0] WARNING:Eval -- 
[#0] WARNING:Eval -- RooAddPdf::updateCoefCache(pdfCTAU1 WARNING: sum of PDF coefficients not in range [0-1], value=1.00634[#0] WARNING:Eval -- 
[#0] WARNING:Eval -- RooAddPdf::updateCoefCache(pdfCTAU1 WARNING: sum of PDF coefficients not in range [0-1], value=1.00634[#0] WARNING:Eval -- 
[#0] WARNING:Eval -- RooAddPdf::updateCoefCache(pdfCTAU1 WARNING: sum of PDF coefficients not in range [0-1], value=1.00634[#0] WARNING:Eval -- 
[#0] WARNING:Eval -- RooAddPdf::updateCoefCache(pdfCTAU1 WARNING: sum of PDF coefficients not in range [0-1], value=1.00634[#0] WARNING:Eval -- RooAddPdf::updateCoefCache(pdfCTAU1 WARNING: sum of PDF coefficients not in range [0-1], value=1.00634[#0] WARNING:Eval -- 
[#0] WARNING:Eval -- RooAddPdf::updateCoefCache(pdfCTAU1 WARNING: sum of PDF coefficients not in range [0-1], value=1.00634[#0] WARNING:Eval -- 
[#0] WARNING:Eval -- RooAddPdf::updateCoefCache(pdfCTAU1 WARNING: sum of PDF coefficients not in range [0-1], value=1.00634[#0] WARNING:Eval -- 
[#0] WARNING:Eval -- RooAddPdf::updateCoefCache(pdfCTAU1 WARNING: sum of PDF coefficients not in range [0-1], value=1.00634[#0] WARNING:Eval -- 
[#0] WARNING:Eval -- 
[#0] WARNING:Eval -- 
[#0] WARNING:Eval -- RooAddPdf::updateCoefCache(pdfCTAU1 WARNING: sum of PDF coefficients not in range [0-1], value=1.00634[#0] WARNING:Eval -- RooAddPdf::updateCoefCache(pdfCTAU1 WARNING: sum of PDF coefficients not in range [0-1], value=1.00634[#0] WARNING:Eval -- 
[#0] WARNING:Eval -- RooAddPdf::updateCoefCache(pdfCTAU1 WARNING: sum of PDF coefficients not in range [0-1], value=1.00634[#0] WARNING:Eval -- 
[#0] WARNING:Eval -- RooAddPdf::updateCoefCache(pdfCTAU1 WARNING: sum of PDF coefficients not in range [0-1], value=1.00634[#0] WARNING:Eval -- RooAddPdf::updateCoefCache(pdfCTAU1 WARNING: sum of PDF coefficients not in range [0-1], value=1.00634[#0] WARNING:Eval -- RooAddPdf::updateCoefCache(pdfCTAU1 WARNING: sum of PDF coefficients not in range [0-1], value=1.00634[#0] WARNING:Eval -- 
[#0] WARNING:Eval -- 
[#0] WARNING:Eval -- RooAddPdf::updateCoefCache(pdfCTAU1 WARNING: sum of PDF coefficients not in range [0-1], value=1.00634[#0] WARNING:Eval -- 
[#0] WARNING:Eval -- RooAddPdf::updateCoefCache(pdfCTAU1 WARNING: sum of PDF coefficients not in range [0-1], value=1.00634[#0] WARNING:Eval -- 
[#0] WARNING:Eval -- 
[#0] WARNING:Eval -- 
[#0] WARNING:Eval -- RooAddPdf::updateCoefCache(pdfCTAU1 WARNING: sum of PDF coefficients not in range [0-1], value=1.00634[#0] WARNING:Eval -- RooAddPdf::updateCoefCache(pdfCTAU1 WARNING: sum of PDF coefficients not in range [0-1], value=1.00634[#0] WARNING:Eval -- 
[#0] WARNING:Eval -- RooAddPdf::updateCoefCache(pdfCTAU1 WARNING: sum of PDF coefficients not in range [0-1], value=1.00634[#0] WARNING:Eval -- 
[#0] WARNING:Eval -- RooAddPdf::updateCoefCache(pdfCTAU1 WARNING: sum of PDF coefficients not in range [0-1], value=1.00634[#0] WARNING:Eval -- RooAddPdf::updateCoefCache(pdfCTAU1 WARNING: sum of PDF coefficients not in range [0-1], value=1.00634[#0] WARNING:Eval -- RooAddPdf::updateCoefCache(pdfCTAU1 WARNING: sum of PDF coefficients not in range [0-1], value=1.00634[#0] WARNING:Eval -- 
[#0] WARNING:Eval -- 
[#0] WARNING:Eval -- RooAddPdf::updateCoefCache(pdfCTAU1 WARNING: sum of PDF coefficients not in range [0-1], value=1.00634[#0] WARNING:Eval -- 
[#0] WARNING:Eval -- RooAddPdf::updateCoefCache(pdfCTAU1 WARNING: sum of PDF coefficients not in range [0-1], value=1.00634[#0] WARNING:Eval -- 
[#0] WARNING:Eval -- 
[#0] WARNING:Eval -- 
[#0] WARNING:Eval -- RooAddPdf::updateCoefCache(pdfCTAU1 WARNING: sum of PDF coefficients not in range [0-1], value=1.00634[#0] WARNING:Eval -- RooAddPdf::updateCoefCache(pdfCTAU1 WARNING: sum of PDF coefficients not in range [0-1], value=1.00634[#0] WARNING:Eval -- 
[#0] WARNING:Eval -- RooAddPdf::updateCoefCache(pdfCTAU1 WARNING: sum of PDF coefficients not in range [0-1], value=1.00634[#0] WARNING:Eval -- 
[#0] WARNING:Eval -- RooAddPdf::updateCoefCache(pdfCTAU1 WARNING: sum of PDF coefficients not in range [0-1], value=1.00634[#0] WARNING:Eval -- RooAddPdf::updateCoefCache(pdfCTAU1 WARNING: sum of PDF coefficients not in range [0-1], value=1.00634[#0] WARNING:Eval -- 
[#0] WARNING:Eval -- 
[#0] WARNING:Eval -- RooAddPdf::updateCoefCache(pdfCTAU1 WARNING: sum of PDF coefficients not in range [0-1], value=1.00634[#0] WARNING:Eval -- 
[#0] WARNING:Eval -- RooAddPdf::updateCoefCache(pdfCTAU1 WARNING: sum of PDF coefficients not in range [0-1], value=1.00634[#0] WARNING:Eval -- 
[#0] WARNING:Eval -- 
[#0] WARNING:Eval -- RooAddPdf::updateCoefCache(pdfCTAU1 WARNING: sum of PDF coefficients not in range [0-1], value=1.00634[#0] WARNING:Eval -- RooAddPdf::updateCoefCache(pdfCTAU1 WARNING: sum of PDF coefficients not in range [0-1], value=1.00634[#0] WARNING:Eval -- 
[#0] WARNING:Eval -- RooAddPdf::updateCoefCache(pdfCTAU1 WARNING: sum of PDF coefficients not in range [0-1], value=1.00634[#0] WARNING:Eval -- 
[#0] WARNING:Eval -- RooAddPdf::updateCoefCache(pdfCTAU1 WARNING: sum of PDF coefficients not in range [0-1], value=1.00634[#0] WARNING:Eval -- RooAddPdf::updateCoefCache(pdfCTAU1 WARNING: sum of PDF coefficients not in range [0-1], value=1.00634[#0] WARNING:Eval -- 
[#0] WARNING:Eval -- 
[#0] WARNING:Eval -- RooAddPdf::updateCoefCache(pdfCTAU1 WARNING: sum of PDF coefficients not in range [0-1], value=1.00634[#0] WARNING:Eval -- RooAddPdf::updateCoefCache(pdfCTAU1 WARNING: sum of PDF coefficients not in range [0-1], value=1.00634[#0] WARNING:Eval -- 
[#0] WARNING:Eval -- RooAddPdf::updateCoefCache(pdfCTAU1 WARNING: sum of PDF coefficients not in range [0-1], value=1.00634[#0] WARNING:Eval -- 
[#0] WARNING:Eval -- 
[#0] WARNING:Eval -- RooAddPdf::updateCoefCache(pdfCTAU1 WARNING: sum of PDF coefficients not in range [0-1], value=1.00634[#0] WARNING:Eval -- 
[#0] WARNING:Eval -- 
[#0] WARNING:Eval -- 
[#0] WARNING:Eval -- RooAddPdf::updateCoefCache(pdfCTAU1 WARNING: sum of PDF coefficients not in range [0-1], value=1.00634[#0] WARNING:Eval -- RooAddPdf::updateCoefCache(pdfCTAU1 WARNING: sum of PDF coefficients not in range [0-1], value=1.00634[#0] WARNING:Eval -- RooAddPdf::updateCoefCache(pdfCTAU1 WARNING: sum of PDF coefficients not in range [0-1], value=1.00634[#0] WARNING:Eval -- 
[#0] WARNING:Eval -- RooAddPdf::updateCoefCache(pdfCTAU1 WARNING: sum of PDF coefficients not in range [0-1], value=1.00634[#0] WARNING:Eval -- RooAddPdf::updateCoefCache(pdfCTAU1 WARNING: sum of PDF coefficients not in range [0-1], value=1.00634[#0] WARNING:Eval -- 
[#0] WARNING:Eval -- 
[#0] WARNING:Eval -- 
[#0] WARNING:Eval -- RooAddPdf::updateCoefCache(pdfCTAU1 WARNING: sum of PDF coefficients not in range [0-1], value=1.00634[#0] WARNING:Eval -- 
[#0] WARNING:Eval -- 
[#0] WARNING:Eval -- RooAddPdf::updateCoefCache(pdfCTAU1 WARNING: sum of PDF coefficients not in range [0-1], value=1.00634[#0] WARNING:Eval -- RooAddPdf::updateCoefCache(pdfCTAU1 WARNING: sum of PDF coefficients not in range [0-1], value=1.00634[#0] WARNING:Eval -- RooAddPdf::updateCoefCache(pdfCTAU1 WARNING: sum of PDF coefficients not in range [0-1], value=1.00634[#0] WARNING:Eval -- RooAddPdf::updateCoefCache(pdfCTAU1 WARNING: sum of PDF coefficients not in range [0-1], value=1.00634[#0] WARNING:Eval -- 
[#0] WARNING:Eval -- RooAddPdf::updateCoefCache(pdfCTAU1 WARNING: sum of PDF coefficients not in range [0-1], value=1.00634[#0] WARNING:Eval -- 
[#0] WARNING:Eval -- 
[#0] WARNING:Eval -- 
[#0] WARNING:Eval -- 
[#0] WARNING:Eval -- RooAddPdf::updateCoefCache(pdfCTAU1 WARNING: sum of PDF coefficients not in range [0-1], value=1.00634[#0] WARNING:Eval -- 
[#0] WARNING:Eval -- RooAddPdf::updateCoefCache(pdfCTAU1 WARNING: sum of PDF coefficients not in range [0-1], value=1.00634[#0] WARNING:Eval -- RooAddPdf::updateCoefCache(pdfCTAU1 WARNING: sum of PDF coefficients not in range [0-1], value=1.00634[#0] WARNING:Eval -- RooAddPdf::updateCoefCache(pdfCTAU1 WARNING: sum of PDF coefficients not in range [0-1], value=1.00634[#0] WARNING:Eval -- 
[#0] WARNING:Eval -- RooAddPdf::updateCoefCache(pdfCTAU1 WARNING: sum of PDF coefficients not in range [0-1], value=1.00634[#0] WARNING:Eval -- 
[#0] WARNING:Eval -- 
[#0] WARNING:Eval -- 
[#0] WARNING:Eval -- 
[#0] WARNING:Eval -- RooAddPdf::updateCoefCache(pdfCTAU1 WARNING: sum of PDF coefficients not in range [0-1], value=1.00634[#0] WARNING:Eval -- RooAddPdf::updateCoefCache(pdfCTAU1 WARNING: sum of PDF coefficients not in range [0-1], value=1.00634[#0] WARNING:Eval -- RooAddPdf::updateCoefCache(pdfCTAU1 WARNING: sum of PDF coefficients not in range [0-1], value=1.00634[#0] WARNING:Eval -- RooAddPdf::updateCoefCache(pdfCTAU1 WARNING: sum of PDF coefficients not in range [0-1], value=1.00634[#0] WARNING:Eval --  (no more will be printed)[#0] WARNING:Eval --  (no more will be printed)[#0] WARNING:Eval -- 
[#0] WARNING:Eval --  (no more will be printed)[#0] WARNING:Eval -- 
[#0] WARNING:Eval -- 
[#0] WARNING:Eval -- RooAddPdf::updateCoefCache(pdfCTAU1 WARNING: sum of PDF coefficients not in range [0-1], value=1.00634[#0] WARNING:Eval -- 
[#0] WARNING:Eval -- RooAddPdf::updateCoefCache(pdfCTAU1 WARNING: sum of PDF coefficients not in range [0-1], value=1.00634[#0] WARNING:Eval --  (no more will be printed)[#0] WARNING:Eval -- 
[#0] WARNING:Eval -- 
[#0] WARNING:Eval -- RooAddPdf::updateCoefCache(pdfCTAU1 WARNING: sum of PDF coefficients not in range [0-1], value=1.00634[#0] WARNING:Eval -- 
[#0] WARNING:Eval -- RooAddPdf::updateCoefCache(pdfCTAU1 WARNING: sum of PDF coefficients not in range [0-1], value=1.00634[#0] WARNING:Eval -- RooAddPdf::updateCoefCache(pdfCTAU1 WARNING: sum of PDF coefficients not in range [0-1], value=1.00634[#0] WARNING:Eval -- 
[#0] WARNING:Eval -- 
[#0] WARNING:Eval -- RooAddPdf::updateCoefCache(pdfCTAU1 WARNING: sum of PDF coefficients not in range [0-1], value=1.00634[#0] WARNING:Eval -- RooAddPdf::updateCoefCache(pdfCTAU1 WARNING: sum of PDF coefficients not in range [0-1], value=1.00634[#0] WARNING:Eval -- 
[#0] WARNING:Eval -- 
[#0] WARNING:Eval -- RooAddPdf::updateCoefCache(pdfCTAU1 WARNING: sum of PDF coefficients not in range [0-1], value=1.00634[#0] WARNING:Eval -- RooAddPdf::updateCoefCache(pdfCTAU1 WARNING: sum of PDF coefficients not in range [0-1], value=1.00634[#0] WARNING:Eval -- 
[#0] WARNING:Eval -- 
[#0] WARNING:Eval -- RooAddPdf::updateCoefCache(pdfCTAU1 WARNING: sum of PDF coefficients not in range [0-1], value=1.00634[#0] WARNING:Eval -- 
[#0] WARNING:Eval -- RooAddPdf::updateCoefCache(pdfCTAU1 WARNING: sum of PDF coefficients not in range [0-1], value=1.00634[#0] WARNING:Eval --  (no more will be printed)[#0] WARNING:Eval -- RooAddPdf::updateCoefCache(pdfCTAU1 WARNING: sum of PDF coefficients not in range [0-1], value=1.00634[#0] WARNING:Eval -- 
[#0] WARNING:Eval --  (no more will be printed)[#0] WARNING:Eval -- 
[#0] WARNING:Eval -- RooAddPdf::updateCoefCache(pdfCTAU1 WARNING: sum of PDF coefficients not in range [0-1], value=1.00634[#0] WARNING:Eval -- 
[#0] WARNING:Eval -- RooAddPdf::updateCoefCache(pdfCTAU1 WARNING: sum of PDF coefficients not in range [0-1], value=1.00634[#0] WARNING:Eval --  (no more will be printed)[#0] WARNING:Eval -- 
[#0] WARNING:Eval -- RooAddPdf::updateCoefCache(pdfCTAU1 WARNING: sum of PDF coefficients not in range [0-1], value=1.00634[#0] WARNING:Eval -- 
[#0] WARNING:Eval -- RooAddPdf::updateCoefCache(pdfCTAU1 WARNING: sum of PDF coefficients not in range [0-1], value=1.00634[#0] WARNING:Eval --  (no more will be printed)[#0] WARNING:Eval -- 
[#0] WARNING:Minization -- RooMinimizerFcn: Minimized function has error status.
Returning maximum FCN so far (-35449) to force MIGRAD to back out of this region. Error log follows
Parameter values: N_Bkg=10861.6, b_Bkg=0.4, fDF12=0.99859, fDFSS=1.00634, fDLIV=0.3, fDSS12=0.03, lambdaDDS_Bkg=0.4, lambdaDF_Bkg1=0.5, lambdaDF_Bkg2=0.51, lambdaDSS_Bkg1=0.3, lambdaDSS_Bkg2=0.3
PID1450403/RooRealMPFE::nll_pdfTot_Bkg_dataw_Bkg_5e894f3c56b0_MPFE7[ arg=nll_pdfTot_Bkg_dataw_Bkg_GOF7 vars=(N_Bkg,b_Bkg,ctau1_CtauRes,ctau2_CtauRes,ctau3_CtauRes,f2_CtauRes,fDF12,fDFSS,fDLIV,fDSS12,f_CtauRes,lambdaDDS_Bkg,lambdaDF_Bkg1,lambdaDF_Bkg2,lambdaDSS_Bkg1,lambdaDSS_Bkg2,rS21_CtauRes,rS32_CtauRes,s1_CtauRes,zeroMean) ]
     p.d.f value is less than zero (-0.062248), forcing value to zero @ !refCoefNorm=(ctau3D = -0.191931,ctau3DErr = 0.0217415), !pdfs=(pdfCTAUDSS = 0.0225946/1,pdfCTAUDF = 13.3945/1), !coefficients=(fDFSS = 1.00634)
     p.d.f value is less than zero (-0.045442), forcing value to zero @ !refCoefNorm=(ctau3D = -0.506185,ctau3DErr = 0.0295746), !pdfs=(pdfCTAUDSS = 1.61383e-05/1,pdfCTAUDF = 7.16463/1), !coefficients=(fDFSS = 1.00634)
     p.d.f value is less than zero (-0.047723), forcing value to zero @ !refCoefNorm=(ctau3D = -0.192656,ctau3DErr = 0.0240697), !pdfs=(pdfCTAUDSS = 0.0368731/1,pdfCTAUDF = 13.37/1), !coefficients=(fDFSS = 1.00634)
     p.d.f value is less than zero (-0.031368), forcing value to zero @ !refCoefNorm=(ctau3D = -0.145111,ctau3DErr = 0.0203678), !pdfs=(pdfCTAUDSS = 0.0613825/1,pdfCTAUDF = 14.6797/1), !coefficients=(fDFSS = 1.00634)
     p.d.f value is less than zero (-0.072137), forcing value to zero @ !refCoefNorm=(ctau3D = -0.215704,ctau3DErr = 0.0211018), !pdfs=(pdfCTAUDSS = 0.00889487/1,pdfCTAUDF = 12.7803/1), !coefficients=(fDFSS = 1.00634)
     p.d.f value is less than zero (-0.053593), forcing value to zero @ !refCoefNorm=(ctau3D = -0.402957,ctau3DErr = 0.0337758), !pdfs=(pdfCTAUDSS = 0.00232353/1,pdfCTAUDF = 8.81529/1), !coefficients=(fDFSS = 1.00634)
     p.d.f value is less than zero (-0.059897), forcing value to zero @ !refCoefNorm=(ctau3D = -0.362923,ctau3DErr = 0.0267985), !pdfs=(pdfCTAUDSS = 0.000598918/1,pdfCTAUDF = 9.53531/1), !coefficients=(fDFSS = 1.00634)
     p.d.f value is less than zero (-0.061461), forcing value to zero @ !refCoefNorm=(ctau3D = -0.332345,ctau3DErr = 0.0284083), !pdfs=(pdfCTAUDSS = 0.00284926/1,pdfCTAUDF = 10.1387/1), !coefficients=(fDFSS = 1.00634)
     p.d.f value is less than zero (-0.025732), forcing value to zero @ !refCoefNorm=(ctau3D = -0.156865,ctau3DErr = 0.0224), !pdfs=(pdfCTAUDSS = 0.0648374/1,pdfCTAUDF = 14.3393/1), !coefficients=(fDFSS = 1.00634)
     p.d.f value is less than zero (-0.063390), forcing value to zero @ !refCoefNorm=(ctau3D = -0.333542,ctau3DErr = 0.0250611), !pdfs=(pdfCTAUDSS = 0.000742524/1,pdfCTAUDF = 10.1087/1), !coefficients=(fDFSS = 1.00634)
     p.d.f value is less than zero (-0.070348), forcing value to zero @ !refCoefNorm=(ctau3D = -0.283098,ctau3DErr = 0.0206932), !pdfs=(pdfCTAUDSS = 0.000538769/1,pdfCTAUDF = 11.173/1), !coefficients=(fDFSS = 1.00634)
     p.d.f value is less than zero (-0.050151), forcing value to zero @ !refCoefNorm=(ctau3D = -0.206072,ctau3DErr = 0.0250597), !pdfs=(pdfCTAUDSS = 0.0322611/1,pdfCTAUDF = 13.0212/1), !coefficients=(fDFSS = 1.00634)
    ... (remaining 54 messages suppressed)

[#0] WARNING:Minization -- RooMinimizerFcn: Minimized function has error status.
Returning maximum FCN so far (-35449) to force MIGRAD to back out of this region. Error log follows
Parameter values: N_Bkg=10861.6, b_Bkg=0.4, fDF12=0.99859, fDFSS=1.0039, fDLIV=0.3, fDSS12=0.03, lambdaDDS_Bkg=0.4, lambdaDF_Bkg1=0.5, lambdaDF_Bkg2=0.51, lambdaDSS_Bkg1=0.3, lambdaDSS_Bkg2=0.3
PID1450403/RooRealMPFE::nll_pdfTot_Bkg_dataw_Bkg_5e894f3c56b0_MPFE7[ arg=nll_pdfTot_Bkg_dataw_Bkg_GOF7 vars=(N_Bkg,b_Bkg,ctau1_CtauRes,ctau2_CtauRes,ctau3_CtauRes,f2_CtauRes,fDF12,fDFSS,fDLIV,fDSS12,f_CtauRes,lambdaDDS_Bkg,lambdaDF_Bkg1,lambdaDF_Bkg2,lambdaDSS_Bkg1,lambdaDSS_Bkg2,rS21_CtauRes,rS32_CtauRes,s1_CtauRes,zeroMean) ]
     p.d.f value is less than zero (-0.029535), forcing value to zero @ !refCoefNorm=(ctau3D = -0.191931,ctau3DErr = 0.0217415), !pdfs=(pdfCTAUDSS = 0.0225946/1,pdfCTAUDF = 13.3945/1), !coefficients=(fDFSS = 1.0039)
     p.d.f value is less than zero (-0.027914), forcing value to zero @ !refCoefNorm=(ctau3D = -0.506185,ctau3DErr = 0.0295746), !pdfs=(pdfCTAUDSS = 1.61383e-05/1,pdfCTAUDF = 7.16463/1), !coefficients=(fDFSS = 1.0039)
     p.d.f value is less than zero (-0.015105), forcing value to zero @ !refCoefNorm=(ctau3D = -0.192656,ctau3DErr = 0.0240697), !pdfs=(pdfCTAUDSS = 0.0368731/1,pdfCTAUDF = 13.37/1), !coefficients=(fDFSS = 1.0039)
     p.d.f value is less than zero (-0.040893), forcing value to zero @ !refCoefNorm=(ctau3D = -0.215704,ctau3DErr = 0.0211018), !pdfs=(pdfCTAUDSS = 0.00889487/1,pdfCTAUDF = 12.7803/1), !coefficients=(fDFSS = 1.0039)
     p.d.f value is less than zero (-0.032033), forcing value to zero @ !refCoefNorm=(ctau3D = -0.402957,ctau3DErr = 0.0337758), !pdfs=(pdfCTAUDSS = 0.00232353/1,pdfCTAUDF = 8.81529/1), !coefficients=(fDFSS = 1.0039)
     p.d.f value is less than zero (-0.036571), forcing value to zero @ !refCoefNorm=(ctau3D = -0.362923,ctau3DErr = 0.0267985), !pdfs=(pdfCTAUDSS = 0.000598918/1,pdfCTAUDF = 9.53531/1), !coefficients=(fDFSS = 1.0039)
     p.d.f value is less than zero (-0.036664), forcing value to zero @ !refCoefNorm=(ctau3D = -0.332345,ctau3DErr = 0.0284083), !pdfs=(pdfCTAUDSS = 0.00284926/1,pdfCTAUDF = 10.1387/1), !coefficients=(fDFSS = 1.0039)
     p.d.f value is less than zero (-0.038662), forcing value to zero @ !refCoefNorm=(ctau3D = -0.333542,ctau3DErr = 0.0250611), !pdfs=(pdfCTAUDSS = 0.000742524/1,pdfCTAUDF = 10.1087/1), !coefficients=(fDFSS = 1.0039)
     p.d.f value is less than zero (-0.043016), forcing value to zero @ !refCoefNorm=(ctau3D = -0.283098,ctau3DErr = 0.0206932), !pdfs=(pdfCTAUDSS = 0.000538769/1,pdfCTAUDF = 11.173/1), !coefficients=(fDFSS = 1.0039)
     p.d.f value is less than zero (-0.018375), forcing value to zero @ !refCoefNorm=(ctau3D = -0.206072,ctau3DErr = 0.0250597), !pdfs=(pdfCTAUDSS = 0.0322611/1,pdfCTAUDF = 13.0212/1), !coefficients=(fDFSS = 1.0039)
     p.d.f value is less than zero (-0.009834), forcing value to zero @ !refCoefNorm=(ctau3D = -0.187923,ctau3DErr = 0.0242415), !pdfs=(pdfCTAUDSS = 0.042603/1,pdfCTAUDF = 13.4936/1), !coefficients=(fDFSS = 1.0039)
     p.d.f value is less than zero (-0.028937), forcing value to zero @ !refCoefNorm=(ctau3D = -0.482295,ctau3DErr = 0.0345231), !pdfs=(pdfCTAUDSS = 0.000395338/1,pdfCTAUDF = 7.5246/1), !coefficients=(fDFSS = 1.0039)
    ... (remaining 36 messages suppressed)

[#0] WARNING:Minization -- RooMinimizerFcn: Minimized function has error status.
Returning maximum FCN so far (-35449) to force MIGRAD to back out of this region. Error log follows
Parameter values: N_Bkg=10861.6, b_Bkg=0.4, fDF12=0.99859, fDFSS=1.00376, fDLIV=0.3, fDSS12=0.03, lambdaDDS_Bkg=0.4, lambdaDF_Bkg1=0.5, lambdaDF_Bkg2=0.51, lambdaDSS_Bkg1=0.3, lambdaDSS_Bkg2=0.3
PID1450403/RooRealMPFE::nll_pdfTot_Bkg_dataw_Bkg_5e894f3c56b0_MPFE7[ arg=nll_pdfTot_Bkg_dataw_Bkg_GOF7 vars=(N_Bkg,b_Bkg,ctau1_CtauRes,ctau2_CtauRes,ctau3_CtauRes,f2_CtauRes,fDF12,fDFSS,fDLIV,fDSS12,f_CtauRes,lambdaDDS_Bkg,lambdaDF_Bkg1,lambdaDF_Bkg2,lambdaDSS_Bkg1,lambdaDSS_Bkg2,rS21_CtauRes,rS32_CtauRes,s1_CtauRes,zeroMean) ]
     p.d.f value is less than zero (-0.027713), forcing value to zero @ !refCoefNorm=(ctau3D = -0.191931,ctau3DErr = 0.0217415), !pdfs=(pdfCTAUDSS = 0.0225946/1,pdfCTAUDF = 13.3945/1), !coefficients=(fDFSS = 1.00376)
     p.d.f value is less than zero (-0.026938), forcing value to zero @ !refCoefNorm=(ctau3D = -0.506185,ctau3DErr = 0.0295746), !pdfs=(pdfCTAUDSS = 1.61383e-05/1,pdfCTAUDF = 7.16463/1), !coefficients=(fDFSS = 1.00376)
     p.d.f value is less than zero (-0.013289), forcing value to zero @ !refCoefNorm=(ctau3D = -0.192656,ctau3DErr = 0.0240697), !pdfs=(pdfCTAUDSS = 0.0368731/1,pdfCTAUDF = 13.37/1), !coefficients=(fDFSS = 1.00376)
     p.d.f value is less than zero (-0.039153), forcing value to zero @ !refCoefNorm=(ctau3D = -0.215704,ctau3DErr = 0.0211018), !pdfs=(pdfCTAUDSS = 0.00889487/1,pdfCTAUDF = 12.7803/1), !coefficients=(fDFSS = 1.00376)
     p.d.f value is less than zero (-0.030832), forcing value to zero @ !refCoefNorm=(ctau3D = -0.402957,ctau3DErr = 0.0337758), !pdfs=(pdfCTAUDSS = 0.00232353/1,pdfCTAUDF = 8.81529/1), !coefficients=(fDFSS = 1.00376)
     p.d.f value is less than zero (-0.035272), forcing value to zero @ !refCoefNorm=(ctau3D = -0.362923,ctau3DErr = 0.0267985), !pdfs=(pdfCTAUDSS = 0.000598918/1,pdfCTAUDF = 9.53531/1), !coefficients=(fDFSS = 1.00376)
     p.d.f value is less than zero (-0.035284), forcing value to zero @ !refCoefNorm=(ctau3D = -0.332345,ctau3DErr = 0.0284083), !pdfs=(pdfCTAUDSS = 0.00284926/1,pdfCTAUDF = 10.1387/1), !coefficients=(fDFSS = 1.00376)
     p.d.f value is less than zero (-0.037285), forcing value to zero @ !refCoefNorm=(ctau3D = -0.333542,ctau3DErr = 0.0250611), !pdfs=(pdfCTAUDSS = 0.000742524/1,pdfCTAUDF = 10.1087/1), !coefficients=(fDFSS = 1.00376)
     p.d.f value is less than zero (-0.041494), forcing value to zero @ !refCoefNorm=(ctau3D = -0.283098,ctau3DErr = 0.0206932), !pdfs=(pdfCTAUDSS = 0.000538769/1,pdfCTAUDF = 11.173/1), !coefficients=(fDFSS = 1.00376)
     p.d.f value is less than zero (-0.016605), forcing value to zero @ !refCoefNorm=(ctau3D = -0.206072,ctau3DErr = 0.0250597), !pdfs=(pdfCTAUDSS = 0.0322611/1,pdfCTAUDF = 13.0212/1), !coefficients=(fDFSS = 1.00376)
     p.d.f value is less than zero (-0.008002), forcing value to zero @ !refCoefNorm=(ctau3D = -0.187923,ctau3DErr = 0.0242415), !pdfs=(pdfCTAUDSS = 0.042603/1,pdfCTAUDF = 13.4936/1), !coefficients=(fDFSS = 1.00376)
     p.d.f value is less than zero (-0.027912), forcing value to zero @ !refCoefNorm=(ctau3D = -0.482295,ctau3DErr = 0.0345231), !pdfs=(pdfCTAUDSS = 0.000395338/1,pdfCTAUDF = 7.5246/1), !coefficients=(fDFSS = 1.00376)
    ... (remaining 35 messages suppressed)

[#0] WARNING:Minization -- RooMinimizerFcn: Minimized function has error status.
Returning maximum FCN so far (-35449) to force MIGRAD to back out of this region. Error log follows
Parameter values: N_Bkg=2976.5, b_Bkg=0.405394, fDF12=0.999999, fDFSS=1.00999, fDLIV=0.944762, fDSS12=0.03, lambdaDDS_Bkg=0.174781, lambdaDF_Bkg1=0.0882477, lambdaDF_Bkg2=0.508398, lambdaDSS_Bkg1=0.5959, lambdaDSS_Bkg2=0.000825171
PID1450403/RooRealMPFE::nll_pdfTot_Bkg_dataw_Bkg_5e894f3c56b0_MPFE7[ arg=nll_pdfTot_Bkg_dataw_Bkg_GOF7 vars=(N_Bkg,b_Bkg,ctau1_CtauRes,ctau2_CtauRes,ctau3_CtauRes,f2_CtauRes,fDF12,fDFSS,fDLIV,fDSS12,f_CtauRes,lambdaDDS_Bkg,lambdaDF_Bkg1,lambdaDF_Bkg2,lambdaDSS_Bkg1,lambdaDSS_Bkg2,rS21_CtauRes,rS32_CtauRes,s1_CtauRes,zeroMean) ]
     p.d.f value is less than zero (-0.003922), forcing value to zero @ !refCoefNorm=(ctau3D = -0.506185,ctau3DErr = 0.0295746), !pdfs=(pdfCTAUDSS = 0.000187506/1,pdfCTAUDF = 0.411429/1), !coefficients=(fDFSS = 1.00999)
     p.d.f value is less than zero (-0.007728), forcing value to zero @ !refCoefNorm=(ctau3D = -0.215704,ctau3DErr = 0.0211018), !pdfs=(pdfCTAUDSS = 0.0935937/1,pdfCTAUDF = 10.2338/1), !coefficients=(fDFSS = 1.00999)
     p.d.f value is less than zero (-0.013865), forcing value to zero @ !refCoefNorm=(ctau3D = -0.362923,ctau3DErr = 0.0267985), !pdfs=(pdfCTAUDSS = 0.00630103/1,pdfCTAUDF = 2.0245/1), !coefficients=(fDFSS = 1.00999)
     p.d.f value is less than zero (-0.003229), forcing value to zero @ !refCoefNorm=(ctau3D = -0.332345,ctau3DErr = 0.0284083), !pdfs=(pdfCTAUDSS = 0.0254611/1,pdfCTAUDF = 2.8967/1), !coefficients=(fDFSS = 1.00999)
     p.d.f value is less than zero (-0.019531), forcing value to zero @ !refCoefNorm=(ctau3D = -0.333542,ctau3DErr = 0.0250611), !pdfs=(pdfCTAUDSS = 0.00818007/1,pdfCTAUDF = 2.78147/1), !coefficients=(fDFSS = 1.00999)
     p.d.f value is less than zero (-0.040442), forcing value to zero @ !refCoefNorm=(ctau3D = -0.283098,ctau3DErr = 0.0206932), !pdfs=(pdfCTAUDSS = 0.00719938/1,pdfCTAUDF = 4.77508/1), !coefficients=(fDFSS = 1.00999)
     p.d.f value is less than zero (-0.002288), forcing value to zero @ !refCoefNorm=(ctau3D = -0.482295,ctau3DErr = 0.0345231), !pdfs=(pdfCTAUDSS = 0.003409/1,pdfCTAUDF = 0.573525/1), !coefficients=(fDFSS = 1.00999)
     p.d.f value is less than zero (-0.021062), forcing value to zero @ !refCoefNorm=(ctau3D = -0.315552,ctau3DErr = 0.0246901), !pdfs=(pdfCTAUDSS = 0.012768/1,pdfCTAUDF = 3.39842/1), !coefficients=(fDFSS = 1.00999)
     p.d.f value is less than zero (-0.005686), forcing value to zero @ !refCoefNorm=(ctau3D = -0.413111,ctau3DErr = 0.0308267), !pdfs=(pdfCTAUDSS = 0.0061921/1,pdfCTAUDF = 1.19499/1), !coefficients=(fDFSS = 1.00999)
     p.d.f value is less than zero (-0.000000), forcing value to zero @ !refCoefNorm=(ctau3D = -1.53198,ctau3DErr = 0.0628357), !pdfs=(pdfCTAUDSS = 7.43922e-09/1,pdfCTAUDF = 1.50194e-05/1), !coefficients=(fDFSS = 1.00999)
     p.d.f value is less than zero (-0.005050), forcing value to zero @ !refCoefNorm=(ctau3D = -0.483374,ctau3DErr = 0.02418), !pdfs=(pdfCTAUDSS = 8.15905e-06/1,pdfCTAUDF = 0.506262/1), !coefficients=(fDFSS = 1.00999)
     p.d.f value is less than zero (-0.021584), forcing value to zero @ !refCoefNorm=(ctau3D = -0.30689,ctau3DErr = 0.0244855), !pdfs=(pdfCTAUDSS = 0.0156476/1,pdfCTAUDF = 3.74181/1), !coefficients=(fDFSS = 1.00999)
    ... (remaining 15 messages suppressed)

[#0] WARNING:Minization -- RooMinimizerFcn: Minimized function has error status.
Returning maximum FCN so far (-35449) to force MIGRAD to back out of this region. Error log follows
Parameter values: N_Bkg=6441.4, b_Bkg=0.402601, fDF12=0.999609, fDFSS=1.00397, fDLIV=0.655286, fDSS12=0.03, lambdaDDS_Bkg=0.0213414, lambdaDF_Bkg1=0.0666739, lambdaDF_Bkg2=0.509227, lambdaDSS_Bkg1=0.0157771, lambdaDSS_Bkg2=0.0801914
PID1450401/RooRealMPFE::nll_pdfTot_Bkg_dataw_Bkg_5e894f3c56b0_MPFE6[ arg=nll_pdfTot_Bkg_dataw_Bkg_GOF6 vars=(N_Bkg,b_Bkg,ctau1_CtauRes,ctau2_CtauRes,ctau3_CtauRes,f2_CtauRes,fDF12,fDFSS,fDLIV,fDSS12,f_CtauRes,lambdaDDS_Bkg,lambdaDF_Bkg1,lambdaDF_Bkg2,lambdaDSS_Bkg1,lambdaDSS_Bkg2,rS21_CtauRes,rS32_CtauRes,s1_CtauRes,zeroMean) ]
     p.d.f value is less than zero (-0.000351), forcing value to zero @ !refCoefNorm=(ctau3D = -0.506185,ctau3DErr = 0.0295746), !pdfs=(pdfCTAUDSS = 5.1948e-05/1,pdfCTAUDF = 0.101479/1), !coefficients=(fDFSS = 1.00397)
     p.d.f value is less than zero (-0.001239), forcing value to zero @ !refCoefNorm=(ctau3D = -0.362923,ctau3DErr = 0.0267985), !pdfs=(pdfCTAUDSS = 0.00189048/1,pdfCTAUDF = 0.789616/1), !coefficients=(fDFSS = 1.00397)
     p.d.f value is less than zero (-0.002327), forcing value to zero @ !refCoefNorm=(ctau3D = -0.333542,ctau3DErr = 0.0250611), !pdfs=(pdfCTAUDSS = 0.00236894/1,pdfCTAUDF = 1.18433/1), !coefficients=(fDFSS = 1.00397)
     p.d.f value is less than zero (-0.007586), forcing value to zero @ !refCoefNorm=(ctau3D = -0.283098,ctau3DErr = 0.0206932), !pdfs=(pdfCTAUDSS = 0.00178909/1,pdfCTAUDF = 2.36147/1), !coefficients=(fDFSS = 1.00397)
     p.d.f value is less than zero (-0.002342), forcing value to zero @ !refCoefNorm=(ctau3D = -0.315552,ctau3DErr = 0.0246901), !pdfs=(pdfCTAUDSS = 0.00375197/1,pdfCTAUDF = 1.53772/1), !coefficients=(fDFSS = 1.00397)
     p.d.f value is less than zero (-0.000002), forcing value to zero @ !refCoefNorm=(ctau3D = -1.53198,ctau3DErr = 0.0628357), !pdfs=(pdfCTAUDSS = 2.71688e-09/1,pdfCTAUDF = 0.000379729/1), !coefficients=(fDFSS = 1.00397)
     p.d.f value is less than zero (-0.000500), forcing value to zero @ !refCoefNorm=(ctau3D = -0.483374,ctau3DErr = 0.02418), !pdfs=(pdfCTAUDSS = 1.76009e-06/1,pdfCTAUDF = 0.126326/1), !coefficients=(fDFSS = 1.00397)
     p.d.f value is less than zero (-0.002281), forcing value to zero @ !refCoefNorm=(ctau3D = -0.30689,ctau3DErr = 0.0244855), !pdfs=(pdfCTAUDSS = 0.00462658/1,pdfCTAUDF = 1.74314/1), !coefficients=(fDFSS = 1.00397)
     p.d.f value is less than zero (-0.003352), forcing value to zero @ !refCoefNorm=(ctau3D = -0.266689,ctau3DErr = 0.0226902), !pdfs=(pdfCTAUDSS = 0.00888292/1,pdfCTAUDF = 3.08836/1), !coefficients=(fDFSS = 1.00397)
     p.d.f value is less than zero (-0.003096), forcing value to zero @ !refCoefNorm=(ctau3D = -0.318484,ctau3DErr = 0.0241788), !pdfs=(pdfCTAUDSS = 0.00269718/1,pdfCTAUDF = 1.46088/1), !coefficients=(fDFSS = 1.00397)
     p.d.f value is less than zero (-0.000735), forcing value to zero @ !refCoefNorm=(ctau3D = -0.456553,ctau3DErr = 0.0262516), !pdfs=(pdfCTAUDSS = 3.93913e-05/1,pdfCTAUDF = 0.194936/1), !coefficients=(fDFSS = 1.00397)
     p.d.f value is less than zero (-0.000664), forcing value to zero @ !refCoefNorm=(ctau3D = -0.454344,ctau3DErr = 0.028396), !pdfs=(pdfCTAUDSS = 0.000173688/1,pdfCTAUDF = 0.21106/1), !coefficients=(fDFSS = 1.00397)
    ... (remaining 8 messages suppressed)

[#0] WARNING:Minization -- RooMinimizerFcn: Minimized function has error status.
Returning maximum FCN so far (-35449) to force MIGRAD to back out of this region. Error log follows
Parameter values: N_Bkg=1438.13, b_Bkg=0.429593, fDF12=0.999983, fDFSS=1.00841, fDLIV=0.998427, fDSS12=0.753155, lambdaDDS_Bkg=0.155639, lambdaDF_Bkg1=0.27844, lambdaDF_Bkg2=0.508168, lambdaDSS_Bkg1=0.54812, lambdaDSS_Bkg2=0.960566
PID1450403/RooRealMPFE::nll_pdfTot_Bkg_dataw_Bkg_5e894f3c56b0_MPFE7[ arg=nll_pdfTot_Bkg_dataw_Bkg_GOF7 vars=(N_Bkg,b_Bkg,ctau1_CtauRes,ctau2_CtauRes,ctau3_CtauRes,f2_CtauRes,fDF12,fDFSS,fDLIV,fDSS12,f_CtauRes,lambdaDDS_Bkg,lambdaDF_Bkg1,lambdaDF_Bkg2,lambdaDSS_Bkg1,lambdaDSS_Bkg2,rS21_CtauRes,rS32_CtauRes,s1_CtauRes,zeroMean) ]
     p.d.f value is less than zero (-0.137936), forcing value to zero @ !refCoefNorm=(ctau3D = -0.191931,ctau3DErr = 0.0217415), !pdfs=(pdfCTAUDSS = 0.0115896/1,pdfCTAUDF = 17.7824/1), !coefficients=(fDFSS = 1.00841)
     p.d.f value is less than zero (-0.048731), forcing value to zero @ !refCoefNorm=(ctau3D = -0.506185,ctau3DErr = 0.0295746), !pdfs=(pdfCTAUDSS = 8.21273e-06/1,pdfCTAUDF = 5.79258/1), !coefficients=(fDFSS = 1.00841)
     p.d.f value is less than zero (-0.042993), forcing value to zero @ !refCoefNorm=(ctau3D = -0.09461,ctau3DErr = 0.0250564), !pdfs=(pdfCTAUDSS = 0.164662/1,pdfCTAUDF = 24.844/1), !coefficients=(fDFSS = 1.00841)
     p.d.f value is less than zero (-0.066135), forcing value to zero @ !refCoefNorm=(ctau3D = -0.178241,ctau3DErr = 0.0364458), !pdfs=(pdfCTAUDSS = 0.0898849/1,pdfCTAUDF = 18.6325/1), !coefficients=(fDFSS = 1.00841)
     p.d.f value is less than zero (-0.090982), forcing value to zero @ !refCoefNorm=(ctau3D = -0.102067,ctau3DErr = 0.0226559), !pdfs=(pdfCTAUDSS = 0.112497/1,pdfCTAUDF = 24.2956/1), !coefficients=(fDFSS = 1.00841)
     p.d.f value is less than zero (-0.026815), forcing value to zero @ !refCoefNorm=(ctau3D = -0.233404,ctau3DErr = 0.051533), !pdfs=(pdfCTAUDSS = 0.102016/1,pdfCTAUDF = 15.4133/1), !coefficients=(fDFSS = 1.00841)
     p.d.f value is less than zero (-0.130044), forcing value to zero @ !refCoefNorm=(ctau3D = -0.192656,ctau3DErr = 0.0240697), !pdfs=(pdfCTAUDSS = 0.019062/1,pdfCTAUDF = 17.74/1), !coefficients=(fDFSS = 1.00841)
     p.d.f value is less than zero (-0.118780), forcing value to zero @ !refCoefNorm=(ctau3D = -0.132076,ctau3DErr = 0.0233003), !pdfs=(pdfCTAUDSS = 0.0651444/1,pdfCTAUDF = 21.9242/1), !coefficients=(fDFSS = 1.00841)
     p.d.f value is less than zero (-0.098650), forcing value to zero @ !refCoefNorm=(ctau3D = -0.183312,ctau3DErr = 0.0306625), !pdfs=(pdfCTAUDSS = 0.0550584/1,pdfCTAUDF = 18.3229/1), !coefficients=(fDFSS = 1.00841)
     p.d.f value is less than zero (-0.061254), forcing value to zero @ !refCoefNorm=(ctau3D = -0.142593,ctau3DErr = 0.032418), !pdfs=(pdfCTAUDSS = 0.115057/1,pdfCTAUDF = 21.0693/1), !coefficients=(fDFSS = 1.00841)
     p.d.f value is less than zero (-0.144641), forcing value to zero @ !refCoefNorm=(ctau3D = -0.145111,ctau3DErr = 0.0203678), !pdfs=(pdfCTAUDSS = 0.0315825/1,pdfCTAUDF = 20.9753/1), !coefficients=(fDFSS = 1.00841)
     p.d.f value is less than zero (-0.070167), forcing value to zero @ !refCoefNorm=(ctau3D = -0.156055,ctau3DErr = 0.0330586), !pdfs=(pdfCTAUDSS = 0.0983046/1,pdfCTAUDF = 20.1207/1), !coefficients=(fDFSS = 1.00841)
    ... (remaining 167 messages suppressed)

[#0] WARNING:Minization -- RooMinimizerFcn: Minimized function has error status.
Returning maximum FCN so far (-35449) to force MIGRAD to back out of this region. Error log follows
Parameter values: N_Bkg=4966.26, b_Bkg=0.412808, fDF12=0.999756, fDFSS=1.00734, fDLIV=0.76892, fDSS12=0.468805, lambdaDDS_Bkg=0.00820154, lambdaDF_Bkg1=0.00849867, lambdaDF_Bkg2=0.509037, lambdaDSS_Bkg1=0.0369264, lambdaDSS_Bkg2=0.538201
PID1450401/RooRealMPFE::nll_pdfTot_Bkg_dataw_Bkg_5e894f3c56b0_MPFE6[ arg=nll_pdfTot_Bkg_dataw_Bkg_GOF6 vars=(N_Bkg,b_Bkg,ctau1_CtauRes,ctau2_CtauRes,ctau3_CtauRes,f2_CtauRes,fDF12,fDFSS,fDLIV,fDSS12,f_CtauRes,lambdaDDS_Bkg,lambdaDF_Bkg1,lambdaDF_Bkg2,lambdaDSS_Bkg1,lambdaDSS_Bkg2,rS21_CtauRes,rS32_CtauRes,s1_CtauRes,zeroMean) ]
     p.d.f value is less than zero (-0.000002), forcing value to zero @ !refCoefNorm=(ctau3D = -1.53198,ctau3DErr = 0.0628357), !pdfs=(pdfCTAUDSS = 2.21181e-09/1,pdfCTAUDF = 0.000235512/1), !coefficients=(fDFSS = 1.00734)
     p.d.f value is less than zero (-0.000012), forcing value to zero @ !refCoefNorm=(ctau3D = -0.483374,ctau3DErr = 0.02418), !pdfs=(pdfCTAUDSS = 1.54856e-06/1,pdfCTAUDF = 0.00183857/1), !coefficients=(fDFSS = 1.00734)
     p.d.f value is less than zero (-0.000015), forcing value to zero @ !refCoefNorm=(ctau3D = -0.385998,ctau3DErr = 0.0193483), !pdfs=(pdfCTAUDSS = 1.73687e-06/1,pdfCTAUDF = 0.00223003/1), !coefficients=(fDFSS = 1.00734)
     p.d.f value is less than zero (-0.000003), forcing value to zero @ !refCoefNorm=(ctau3D = -1.22237,ctau3DErr = 0.0315724), !pdfs=(pdfCTAUDSS = 1.20953e-21/1,pdfCTAUDF = 0.00042764/1), !coefficients=(fDFSS = 1.00734)
     p.d.f value is less than zero (-0.000010), forcing value to zero @ !refCoefNorm=(ctau3D = -0.629763,ctau3DErr = 0.0267588), !pdfs=(pdfCTAUDSS = 1.10218e-08/1,pdfCTAUDF = 0.00136846/1), !coefficients=(fDFSS = 1.00734)
     p.d.f value is less than zero (-0.000003), forcing value to zero @ !refCoefNorm=(ctau3D = -0.519109,ctau3DErr = 0.0281101), !pdfs=(pdfCTAUDSS = 9.62412e-06/1,pdfCTAUDF = 0.00177185/1), !coefficients=(fDFSS = 1.00734)

[#0] WARNING:Minization -- RooMinimizerFcn: Minimized function has error status.
Returning maximum FCN so far (-35449) to force MIGRAD to back out of this region. Error log follows
Parameter values: N_Bkg=7348.17, b_Bkg=0.404978, fDF12=0.999383, fDFSS=1.00111, fDLIV=0.567415, fDSS12=0.0162888, lambdaDDS_Bkg=0.100428, lambdaDF_Bkg1=0.148285, lambdaDF_Bkg2=0.509444, lambdaDSS_Bkg1=0.0114936, lambdaDSS_Bkg2=0.28871
PID1450403/RooRealMPFE::nll_pdfTot_Bkg_dataw_Bkg_5e894f3c56b0_MPFE7[ arg=nll_pdfTot_Bkg_dataw_Bkg_GOF7 vars=(N_Bkg,b_Bkg,ctau1_CtauRes,ctau2_CtauRes,ctau3_CtauRes,f2_CtauRes,fDF12,fDFSS,fDLIV,fDSS12,f_CtauRes,lambdaDDS_Bkg,lambdaDF_Bkg1,lambdaDF_Bkg2,lambdaDSS_Bkg1,lambdaDSS_Bkg2,rS21_CtauRes,rS32_CtauRes,s1_CtauRes,zeroMean) ]
     p.d.f value is less than zero (-0.002517), forcing value to zero @ !refCoefNorm=(ctau3D = -0.506185,ctau3DErr = 0.0295746), !pdfs=(pdfCTAUDSS = 1.87248e-05/1,pdfCTAUDF = 2.27738/1), !coefficients=(fDFSS = 1.00111)
     p.d.f value is less than zero (-0.007293), forcing value to zero @ !refCoefNorm=(ctau3D = -0.215704,ctau3DErr = 0.0211018), !pdfs=(pdfCTAUDSS = 0.0102451/1,pdfCTAUDF = 15.7628/1), !coefficients=(fDFSS = 1.00111)
     p.d.f value is less than zero (-0.002533), forcing value to zero @ !refCoefNorm=(ctau3D = -0.402957,ctau3DErr = 0.0337758), !pdfs=(pdfCTAUDSS = 0.00261003/1,pdfCTAUDF = 4.6221/1), !coefficients=(fDFSS = 1.00111)
     p.d.f value is less than zero (-0.005912), forcing value to zero @ !refCoefNorm=(ctau3D = -0.362923,ctau3DErr = 0.0267985), !pdfs=(pdfCTAUDSS = 0.000689281/1,pdfCTAUDF = 5.9298/1), !coefficients=(fDFSS = 1.00111)
     p.d.f value is less than zero (-0.004903), forcing value to zero @ !refCoefNorm=(ctau3D = -0.332345,ctau3DErr = 0.0284083), !pdfs=(pdfCTAUDSS = 0.00323571/1,pdfCTAUDF = 7.31343/1), !coefficients=(fDFSS = 1.00111)
     p.d.f value is less than zero (-0.007153), forcing value to zero @ !refCoefNorm=(ctau3D = -0.333542,ctau3DErr = 0.0250611), !pdfs=(pdfCTAUDSS = 0.000857998/1,pdfCTAUDF = 7.1959/1), !coefficients=(fDFSS = 1.00111)
     p.d.f value is less than zero (-0.010514), forcing value to zero @ !refCoefNorm=(ctau3D = -0.283098,ctau3DErr = 0.0206932), !pdfs=(pdfCTAUDSS = 0.000633306/1,pdfCTAUDF = 10.0132/1), !coefficients=(fDFSS = 1.00111)
     p.d.f value is less than zero (-0.002579), forcing value to zero @ !refCoefNorm=(ctau3D = -0.482295,ctau3DErr = 0.0345231), !pdfs=(pdfCTAUDSS = 0.000447492/1,pdfCTAUDF = 2.71884/1), !coefficients=(fDFSS = 1.00111)
     p.d.f value is less than zero (-0.007672), forcing value to zero @ !refCoefNorm=(ctau3D = -0.315552,ctau3DErr = 0.0246901), !pdfs=(pdfCTAUDSS = 0.00136172/1,pdfCTAUDF = 8.11514/1), !coefficients=(fDFSS = 1.00111)
     p.d.f value is less than zero (-0.003998), forcing value to zero @ !refCoefNorm=(ctau3D = -0.413111,ctau3DErr = 0.0308267), !pdfs=(pdfCTAUDSS = 0.000764331/1,pdfCTAUDF = 4.27795/1), !coefficients=(fDFSS = 1.00111)
     p.d.f value is less than zero (-0.000004), forcing value to zero @ !refCoefNorm=(ctau3D = -1.53198,ctau3DErr = 0.0628357), !pdfs=(pdfCTAUDSS = 1.04306e-09/1,pdfCTAUDF = 0.00336892/1), !coefficients=(fDFSS = 1.00111)
     p.d.f value is less than zero (-0.002913), forcing value to zero @ !refCoefNorm=(ctau3D = -0.483374,ctau3DErr = 0.02418), !pdfs=(pdfCTAUDSS = 6.1475e-07/1,pdfCTAUDF = 2.61723/1), !coefficients=(fDFSS = 1.00111)
    ... (remaining 18 messages suppressed)

[#0] WARNING:Minization -- RooMinimizerFcn: Minimized function has error status.
Returning maximum FCN so far (-35449) to force MIGRAD to back out of this region. Error log follows
Parameter values: N_Bkg=7411.36, b_Bkg=0.404789, fDF12=0.999372, fDFSS=1.00092, fDLIV=0.562243, fDSS12=0.0126867, lambdaDDS_Bkg=0.103818, lambdaDF_Bkg1=0.153522, lambdaDF_Bkg2=0.509454, lambdaDSS_Bkg1=0.0130807, lambdaDSS_Bkg2=0.283122
PID1450403/RooRealMPFE::nll_pdfTot_Bkg_dataw_Bkg_5e894f3c56b0_MPFE7[ arg=nll_pdfTot_Bkg_dataw_Bkg_GOF7 vars=(N_Bkg,b_Bkg,ctau1_CtauRes,ctau2_CtauRes,ctau3_CtauRes,f2_CtauRes,fDF12,fDFSS,fDLIV,fDSS12,f_CtauRes,lambdaDDS_Bkg,lambdaDF_Bkg1,lambdaDF_Bkg2,lambdaDSS_Bkg1,lambdaDSS_Bkg2,rS21_CtauRes,rS32_CtauRes,s1_CtauRes,zeroMean) ]
     p.d.f value is less than zero (-0.002244), forcing value to zero @ !refCoefNorm=(ctau3D = -0.506185,ctau3DErr = 0.0295746), !pdfs=(pdfCTAUDSS = 1.85094e-05/1,pdfCTAUDF = 2.46362/1), !coefficients=(fDFSS = 1.00092)
     p.d.f value is less than zero (-0.004518), forcing value to zero @ !refCoefNorm=(ctau3D = -0.215704,ctau3DErr = 0.0211018), !pdfs=(pdfCTAUDSS = 0.0101472/1,pdfCTAUDF = 15.9778/1), !coefficients=(fDFSS = 1.00092)
     p.d.f value is less than zero (-0.001878), forcing value to zero @ !refCoefNorm=(ctau3D = -0.402957,ctau3DErr = 0.0337758), !pdfs=(pdfCTAUDSS = 0.00260015/1,pdfCTAUDF = 4.87857/1), !coefficients=(fDFSS = 1.00092)
     p.d.f value is less than zero (-0.005021), forcing value to zero @ !refCoefNorm=(ctau3D = -0.362923,ctau3DErr = 0.0267985), !pdfs=(pdfCTAUDSS = 0.000682764/1,pdfCTAUDF = 6.21114/1), !coefficients=(fDFSS = 1.00092)
     p.d.f value is less than zero (-0.003766), forcing value to zero @ !refCoefNorm=(ctau3D = -0.332345,ctau3DErr = 0.0284083), !pdfs=(pdfCTAUDSS = 0.00321549/1,pdfCTAUDF = 7.60476/1), !coefficients=(fDFSS = 1.00092)
     p.d.f value is less than zero (-0.006028), forcing value to zero @ !refCoefNorm=(ctau3D = -0.333542,ctau3DErr = 0.0250611), !pdfs=(pdfCTAUDSS = 0.000849048/1,pdfCTAUDF = 7.48906/1), !coefficients=(fDFSS = 1.00092)
     p.d.f value is less than zero (-0.008842), forcing value to zero @ !refCoefNorm=(ctau3D = -0.283098,ctau3DErr = 0.0206932), !pdfs=(pdfCTAUDSS = 0.000623974/1,pdfCTAUDF = 10.3081/1), !coefficients=(fDFSS = 1.00092)
     p.d.f value is less than zero (-0.002238), forcing value to zero @ !refCoefNorm=(ctau3D = -0.482295,ctau3DErr = 0.0345231), !pdfs=(pdfCTAUDSS = 0.000445009/1,pdfCTAUDF = 2.92149/1), !coefficients=(fDFSS = 1.00092)
     p.d.f value is less than zero (-0.006376), forcing value to zero @ !refCoefNorm=(ctau3D = -0.315552,ctau3DErr = 0.0246901), !pdfs=(pdfCTAUDSS = 0.00134802/1,pdfCTAUDF = 8.41153/1), !coefficients=(fDFSS = 1.00092)
     p.d.f value is less than zero (-0.003400), forcing value to zero @ !refCoefNorm=(ctau3D = -0.413111,ctau3DErr = 0.0308267), !pdfs=(pdfCTAUDSS = 0.00075912/1,pdfCTAUDF = 4.52891/1), !coefficients=(fDFSS = 1.00092)
     p.d.f value is less than zero (-0.000004), forcing value to zero @ !refCoefNorm=(ctau3D = -1.53198,ctau3DErr = 0.0628357), !pdfs=(pdfCTAUDSS = 1.03866e-09/1,pdfCTAUDF = 0.00432975/1), !coefficients=(fDFSS = 1.00092)
     p.d.f value is less than zero (-0.002589), forcing value to zero @ !refCoefNorm=(ctau3D = -0.483374,ctau3DErr = 0.02418), !pdfs=(pdfCTAUDSS = 6.03291e-07/1,pdfCTAUDF = 2.81953/1), !coefficients=(fDFSS = 1.00092)
    ... (remaining 17 messages suppressed)

[#0] WARNING:Minization -- RooMinimizerFcn: Minimized function has error status.
Returning maximum FCN so far (-35449) to force MIGRAD to back out of this region. Error log follows
Parameter values: N_Bkg=7474.82, b_Bkg=0.4046, fDF12=0.999361, fDFSS=1.00072, fDLIV=0.557064, fDSS12=0.00952907, lambdaDDS_Bkg=0.107257, lambdaDF_Bkg1=0.158833, lambdaDF_Bkg2=0.509464, lambdaDSS_Bkg1=0.0147698, lambdaDSS_Bkg2=0.277568
PID1450403/RooRealMPFE::nll_pdfTot_Bkg_dataw_Bkg_5e894f3c56b0_MPFE7[ arg=nll_pdfTot_Bkg_dataw_Bkg_GOF7 vars=(N_Bkg,b_Bkg,ctau1_CtauRes,ctau2_CtauRes,ctau3_CtauRes,f2_CtauRes,fDF12,fDFSS,fDLIV,fDSS12,f_CtauRes,lambdaDDS_Bkg,lambdaDF_Bkg1,lambdaDF_Bkg2,lambdaDSS_Bkg1,lambdaDSS_Bkg2,rS21_CtauRes,rS32_CtauRes,s1_CtauRes,zeroMean) ]
     p.d.f value is less than zero (-0.001894), forcing value to zero @ !refCoefNorm=(ctau3D = -0.506185,ctau3DErr = 0.0295746), !pdfs=(pdfCTAUDSS = 1.83959e-05/1,pdfCTAUDF = 2.65126/1), !coefficients=(fDFSS = 1.00072)
     p.d.f value is less than zero (-0.001554), forcing value to zero @ !refCoefNorm=(ctau3D = -0.215704,ctau3DErr = 0.0211018), !pdfs=(pdfCTAUDSS = 0.0101002/1,pdfCTAUDF = 16.1663/1), !coefficients=(fDFSS = 1.00072)
     p.d.f value is less than zero (-0.001098), forcing value to zero @ !refCoefNorm=(ctau3D = -0.402957,ctau3DErr = 0.0337758), !pdfs=(pdfCTAUDSS = 0.0026/1,pdfCTAUDF = 5.12946/1), !coefficients=(fDFSS = 1.00072)
     p.d.f value is less than zero (-0.003996), forcing value to zero @ !refCoefNorm=(ctau3D = -0.362923,ctau3DErr = 0.0267985), !pdfs=(pdfCTAUDSS = 0.000679674/1,pdfCTAUDF = 6.48295/1), !coefficients=(fDFSS = 1.00072)
     p.d.f value is less than zero (-0.002475), forcing value to zero @ !refCoefNorm=(ctau3D = -0.332345,ctau3DErr = 0.0284083), !pdfs=(pdfCTAUDSS = 0.00320906/1,pdfCTAUDF = 7.88303/1), !coefficients=(fDFSS = 1.00072)
     p.d.f value is less than zero (-0.004759), forcing value to zero @ !refCoefNorm=(ctau3D = -0.333542,ctau3DErr = 0.0250611), !pdfs=(pdfCTAUDSS = 0.000844551/1,pdfCTAUDF = 7.7693/1), !coefficients=(fDFSS = 1.00072)
     p.d.f value is less than zero (-0.007016), forcing value to zero @ !refCoefNorm=(ctau3D = -0.283098,ctau3DErr = 0.0206932), !pdfs=(pdfCTAUDSS = 0.000618555/1,pdfCTAUDF = 10.5837/1), !coefficients=(fDFSS = 1.00072)
     p.d.f value is less than zero (-0.001809), forcing value to zero @ !refCoefNorm=(ctau3D = -0.482295,ctau3DErr = 0.0345231), !pdfs=(pdfCTAUDSS = 0.000444367/1,pdfCTAUDF = 3.12427/1), !coefficients=(fDFSS = 1.00072)
     p.d.f value is less than zero (-0.004929), forcing value to zero @ !refCoefNorm=(ctau3D = -0.315552,ctau3DErr = 0.0246901), !pdfs=(pdfCTAUDSS = 0.00134127/1,pdfCTAUDF = 8.69279/1), !coefficients=(fDFSS = 1.00072)
     p.d.f value is less than zero (-0.002687), forcing value to zero @ !refCoefNorm=(ctau3D = -0.413111,ctau3DErr = 0.0308267), !pdfs=(pdfCTAUDSS = 0.000757265/1,pdfCTAUDF = 4.77523/1), !coefficients=(fDFSS = 1.00072)
     p.d.f value is less than zero (-0.000004), forcing value to zero @ !refCoefNorm=(ctau3D = -1.53198,ctau3DErr = 0.0628357), !pdfs=(pdfCTAUDSS = 1.03826e-09/1,pdfCTAUDF = 0.00554148/1), !coefficients=(fDFSS = 1.00072)
     p.d.f value is less than zero (-0.002180), forcing value to zero @ !refCoefNorm=(ctau3D = -0.483374,ctau3DErr = 0.02418), !pdfs=(pdfCTAUDSS = 5.96217e-07/1,pdfCTAUDF = 3.02222/1), !coefficients=(fDFSS = 1.00072)
    ... (remaining 16 messages suppressed)

[#0] WARNING:Minization -- RooMinimizerFcn: Minimized function has error status.
Returning maximum FCN so far (-35449) to force MIGRAD to back out of this region. Error log follows
Parameter values: N_Bkg=7666.88, b_Bkg=0.404035, fDF12=0.999326, fDFSS=1.00012, fDLIV=0.541488, fDSS12=0.00274915, lambdaDDS_Bkg=0.117871, lambdaDF_Bkg1=0.175203, lambdaDF_Bkg2=0.509493, lambdaDSS_Bkg1=0.0204473, lambdaDSS_Bkg2=0.261108
PID1450401/RooRealMPFE::nll_pdfTot_Bkg_dataw_Bkg_5e894f3c56b0_MPFE6[ arg=nll_pdfTot_Bkg_dataw_Bkg_GOF6 vars=(N_Bkg,b_Bkg,ctau1_CtauRes,ctau2_CtauRes,ctau3_CtauRes,f2_CtauRes,fDF12,fDFSS,fDLIV,fDSS12,f_CtauRes,lambdaDDS_Bkg,lambdaDF_Bkg1,lambdaDF_Bkg2,lambdaDSS_Bkg1,lambdaDSS_Bkg2,rS21_CtauRes,rS32_CtauRes,s1_CtauRes,zeroMean) ]
     p.d.f value is less than zero (-0.000359), forcing value to zero @ !refCoefNorm=(ctau3D = -0.506185,ctau3DErr = 0.0295746), !pdfs=(pdfCTAUDSS = 1.85897e-05/1,pdfCTAUDF = 3.2145/1), !coefficients=(fDFSS = 1.00012)
     p.d.f value is less than zero (-0.000162), forcing value to zero @ !refCoefNorm=(ctau3D = -0.362923,ctau3DErr = 0.0267985), !pdfs=(pdfCTAUDSS = 0.000688604/1,pdfCTAUDF = 7.236/1), !coefficients=(fDFSS = 1.00012)
     p.d.f value is less than zero (-0.000148), forcing value to zero @ !refCoefNorm=(ctau3D = -0.333542,ctau3DErr = 0.0250611), !pdfs=(pdfCTAUDSS = 0.000854587/1,pdfCTAUDF = 8.52959/1), !coefficients=(fDFSS = 1.00012)
     p.d.f value is less than zero (-0.000705), forcing value to zero @ !refCoefNorm=(ctau3D = -0.283098,ctau3DErr = 0.0206932), !pdfs=(pdfCTAUDSS = 0.000622498/1,pdfCTAUDF = 11.2975/1), !coefficients=(fDFSS = 1.00012)
     p.d.f value is less than zero (-0.000001), forcing value to zero @ !refCoefNorm=(ctau3D = -1.53198,ctau3DErr = 0.0628357), !pdfs=(pdfCTAUDSS = 1.0588e-09/1,pdfCTAUDF = 0.0111404/1), !coefficients=(fDFSS = 1.00012)
     p.d.f value is less than zero (-0.000425), forcing value to zero @ !refCoefNorm=(ctau3D = -0.483374,ctau3DErr = 0.02418), !pdfs=(pdfCTAUDSS = 5.97109e-07/1,pdfCTAUDF = 3.62423/1), !coefficients=(fDFSS = 1.00012)
     p.d.f value is less than zero (-0.000123), forcing value to zero @ !refCoefNorm=(ctau3D = -0.318484,ctau3DErr = 0.0241788), !pdfs=(pdfCTAUDSS = 0.00096824/1,pdfCTAUDF = 9.28076/1), !coefficients=(fDFSS = 1.00012)
     p.d.f value is less than zero (-0.000484), forcing value to zero @ !refCoefNorm=(ctau3D = -0.456553,ctau3DErr = 0.0262516), !pdfs=(pdfCTAUDSS = 1.37849e-05/1,pdfCTAUDF = 4.23846/1), !coefficients=(fDFSS = 1.00012)
     p.d.f value is less than zero (-0.000444), forcing value to zero @ !refCoefNorm=(ctau3D = -0.454344,ctau3DErr = 0.028396), !pdfs=(pdfCTAUDSS = 6.23437e-05/1,pdfCTAUDF = 4.3097/1), !coefficients=(fDFSS = 1.00012)
     p.d.f value is less than zero (-0.000023), forcing value to zero @ !refCoefNorm=(ctau3D = -0.410044,ctau3DErr = 0.0300956), !pdfs=(pdfCTAUDSS = 0.000631244/1,pdfCTAUDF = 5.56694/1), !coefficients=(fDFSS = 1.00012)
     p.d.f value is less than zero (-0.000736), forcing value to zero @ !refCoefNorm=(ctau3D = -0.385998,ctau3DErr = 0.0193483), !pdfs=(pdfCTAUDSS = 6.38606e-07/1,pdfCTAUDF = 6.27053/1), !coefficients=(fDFSS = 1.00012)
     p.d.f value is less than zero (-0.000455), forcing value to zero @ !refCoefNorm=(ctau3D = -0.367226,ctau3DErr = 0.0258425), !pdfs=(pdfCTAUDSS = 0.000373512/1,pdfCTAUDF = 7.0488/1), !coefficients=(fDFSS = 1.00012)
    ... (remaining 5 messages suppressed)

[#0] WARNING:Minization -- RooMinimizerFcn: Minimized function has error status.
Returning maximum FCN so far (-35449) to force MIGRAD to back out of this region. Error log follows
Parameter values: N_Bkg=7763.82, b_Bkg=0.403752, fDF12=0.999309, fDFSS=1.00099, fDLIV=0.533684, fDSS12=0.000887978, lambdaDDS_Bkg=0.123341, lambdaDF_Bkg1=0.183625, lambdaDF_Bkg2=0.509508, lambdaDSS_Bkg1=0.023626, lambdaDSS_Bkg2=0.253
PID1450403/RooRealMPFE::nll_pdfTot_Bkg_dataw_Bkg_5e894f3c56b0_MPFE7[ arg=nll_pdfTot_Bkg_dataw_Bkg_GOF7 vars=(N_Bkg,b_Bkg,ctau1_CtauRes,ctau2_CtauRes,ctau3_CtauRes,f2_CtauRes,fDF12,fDFSS,fDLIV,fDSS12,f_CtauRes,lambdaDDS_Bkg,lambdaDF_Bkg1,lambdaDF_Bkg2,lambdaDSS_Bkg1,lambdaDSS_Bkg2,rS21_CtauRes,rS32_CtauRes,s1_CtauRes,zeroMean) ]
     p.d.f value is less than zero (-0.003444), forcing value to zero @ !refCoefNorm=(ctau3D = -0.506185,ctau3DErr = 0.0295746), !pdfs=(pdfCTAUDSS = 1.89397e-05/1,pdfCTAUDF = 3.49162/1), !coefficients=(fDFSS = 1.00099)
     p.d.f value is less than zero (-0.006148), forcing value to zero @ !refCoefNorm=(ctau3D = -0.215704,ctau3DErr = 0.0211018), !pdfs=(pdfCTAUDSS = 0.0104273/1,pdfCTAUDF = 16.7238/1), !coefficients=(fDFSS = 1.00099)
     p.d.f value is less than zero (-0.003411), forcing value to zero @ !refCoefNorm=(ctau3D = -0.402957,ctau3DErr = 0.0337758), !pdfs=(pdfCTAUDSS = 0.00270592/1,pdfCTAUDF = 6.17102/1), !coefficients=(fDFSS = 1.00099)
     p.d.f value is less than zero (-0.006810), forcing value to zero @ !refCoefNorm=(ctau3D = -0.362923,ctau3DErr = 0.0267985), !pdfs=(pdfCTAUDSS = 0.000701805/1,pdfCTAUDF = 7.57514/1), !coefficients=(fDFSS = 1.00099)
     p.d.f value is less than zero (-0.005561), forcing value to zero @ !refCoefNorm=(ctau3D = -0.332345,ctau3DErr = 0.0284083), !pdfs=(pdfCTAUDSS = 0.00332858/1,pdfCTAUDF = 8.96734/1), !coefficients=(fDFSS = 1.00099)
     p.d.f value is less than zero (-0.007919), forcing value to zero @ !refCoefNorm=(ctau3D = -0.333542,ctau3DErr = 0.0250611), !pdfs=(pdfCTAUDSS = 0.000870835/1,pdfCTAUDF = 8.86365/1), !coefficients=(fDFSS = 1.00099)
     p.d.f value is less than zero (-0.010863), forcing value to zero @ !refCoefNorm=(ctau3D = -0.283098,ctau3DErr = 0.0206932), !pdfs=(pdfCTAUDSS = 0.00063387/1,pdfCTAUDF = 11.5934/1), !coefficients=(fDFSS = 1.00099)
     p.d.f value is less than zero (-0.003522), forcing value to zero @ !refCoefNorm=(ctau3D = -0.482295,ctau3DErr = 0.0345231), !pdfs=(pdfCTAUDSS = 0.000461356/1,pdfCTAUDF = 4.01663/1), !coefficients=(fDFSS = 1.00099)
     p.d.f value is less than zero (-0.008303), forcing value to zero @ !refCoefNorm=(ctau3D = -0.315552,ctau3DErr = 0.0246901), !pdfs=(pdfCTAUDSS = 0.00138374/1,pdfCTAUDF = 9.76912/1), !coefficients=(fDFSS = 1.00099)
     p.d.f value is less than zero (-0.004973), forcing value to zero @ !refCoefNorm=(ctau3D = -0.413111,ctau3DErr = 0.0308267), !pdfs=(pdfCTAUDSS = 0.000784841/1,pdfCTAUDF = 5.80679/1), !coefficients=(fDFSS = 1.00099)
     p.d.f value is less than zero (-0.000015), forcing value to zero @ !refCoefNorm=(ctau3D = -1.53198,ctau3DErr = 0.0628357), !pdfs=(pdfCTAUDSS = 1.07982e-09/1,pdfCTAUDF = 0.0153501/1), !coefficients=(fDFSS = 1.00099)
     p.d.f value is less than zero (-0.003884), forcing value to zero @ !refCoefNorm=(ctau3D = -0.483374,ctau3DErr = 0.02418), !pdfs=(pdfCTAUDSS = 6.07599e-07/1,pdfCTAUDF = 3.91709/1), !coefficients=(fDFSS = 1.00099)
    ... (remaining 18 messages suppressed)

[#0] WARNING:Minization -- RooMinimizerFcn: Minimized function has error status.
Returning maximum FCN so far (-35449) to force MIGRAD to back out of this region. Error log follows
Parameter values: N_Bkg=7763.82, b_Bkg=0.403752, fDF12=0.999309, fDFSS=1.00099, fDLIV=0.533684, fDSS12=0.000887978, lambdaDDS_Bkg=0.123341, lambdaDF_Bkg1=0.183625, lambdaDF_Bkg2=0.509508, lambdaDSS_Bkg1=0.023626, lambdaDSS_Bkg2=0.253
PID1450403/RooRealMPFE::nll_pdfTot_Bkg_dataw_Bkg_5e894f3c56b0_MPFE7[ arg=nll_pdfTot_Bkg_dataw_Bkg_GOF7 vars=(N_Bkg,b_Bkg,ctau1_CtauRes,ctau2_CtauRes,ctau3_CtauRes,f2_CtauRes,fDF12,fDFSS,fDLIV,fDSS12,f_CtauRes,lambdaDDS_Bkg,lambdaDF_Bkg1,lambdaDF_Bkg2,lambdaDSS_Bkg1,lambdaDSS_Bkg2,rS21_CtauRes,rS32_CtauRes,s1_CtauRes,zeroMean) ]
     p.d.f value is less than zero (-0.003444), forcing value to zero @ !refCoefNorm=(ctau3D = -0.506185,ctau3DErr = 0.0295746), !pdfs=(pdfCTAUDSS = 1.89397e-05/1,pdfCTAUDF = 3.49162/1), !coefficients=(fDFSS = 1.00099)
     p.d.f value is less than zero (-0.006148), forcing value to zero @ !refCoefNorm=(ctau3D = -0.215704,ctau3DErr = 0.0211018), !pdfs=(pdfCTAUDSS = 0.0104273/1,pdfCTAUDF = 16.7238/1), !coefficients=(fDFSS = 1.00099)
     p.d.f value is less than zero (-0.003411), forcing value to zero @ !refCoefNorm=(ctau3D = -0.402957,ctau3DErr = 0.0337758), !pdfs=(pdfCTAUDSS = 0.00270592/1,pdfCTAUDF = 6.17102/1), !coefficients=(fDFSS = 1.00099)
     p.d.f value is less than zero (-0.006810), forcing value to zero @ !refCoefNorm=(ctau3D = -0.362923,ctau3DErr = 0.0267985), !pdfs=(pdfCTAUDSS = 0.000701805/1,pdfCTAUDF = 7.57514/1), !coefficients=(fDFSS = 1.00099)
     p.d.f value is less than zero (-0.005561), forcing value to zero @ !refCoefNorm=(ctau3D = -0.332345,ctau3DErr = 0.0284083), !pdfs=(pdfCTAUDSS = 0.00332858/1,pdfCTAUDF = 8.96734/1), !coefficients=(fDFSS = 1.00099)
     p.d.f value is less than zero (-0.007919), forcing value to zero @ !refCoefNorm=(ctau3D = -0.333542,ctau3DErr = 0.0250611), !pdfs=(pdfCTAUDSS = 0.000870835/1,pdfCTAUDF = 8.86365/1), !coefficients=(fDFSS = 1.00099)
     p.d.f value is less than zero (-0.010863), forcing value to zero @ !refCoefNorm=(ctau3D = -0.283098,ctau3DErr = 0.0206932), !pdfs=(pdfCTAUDSS = 0.00063387/1,pdfCTAUDF = 11.5934/1), !coefficients=(fDFSS = 1.00099)
     p.d.f value is less than zero (-0.003522), forcing value to zero @ !refCoefNorm=(ctau3D = -0.482295,ctau3DErr = 0.0345231), !pdfs=(pdfCTAUDSS = 0.000461356/1,pdfCTAUDF = 4.01663/1), !coefficients=(fDFSS = 1.00099)
     p.d.f value is less than zero (-0.008303), forcing value to zero @ !refCoefNorm=(ctau3D = -0.315552,ctau3DErr = 0.0246901), !pdfs=(pdfCTAUDSS = 0.00138374/1,pdfCTAUDF = 9.76912/1), !coefficients=(fDFSS = 1.00099)
     p.d.f value is less than zero (-0.004973), forcing value to zero @ !refCoefNorm=(ctau3D = -0.413111,ctau3DErr = 0.0308267), !pdfs=(pdfCTAUDSS = 0.000784841/1,pdfCTAUDF = 5.80679/1), !coefficients=(fDFSS = 1.00099)
     p.d.f value is less than zero (-0.000015), forcing value to zero @ !refCoefNorm=(ctau3D = -1.53198,ctau3DErr = 0.0628357), !pdfs=(pdfCTAUDSS = 1.07982e-09/1,pdfCTAUDF = 0.0153501/1), !coefficients=(fDFSS = 1.00099)
     p.d.f value is less than zero (-0.003884), forcing value to zero @ !refCoefNorm=(ctau3D = -0.483374,ctau3DErr = 0.02418), !pdfs=(pdfCTAUDSS = 6.07599e-07/1,pdfCTAUDF = 3.91709/1), !coefficients=(fDFSS = 1.00099)
    ... (remaining 18 messages suppressed)

RooArgSet::dependents = (ctau3D)
RooSetProxy::!refCoefNorm = (ctau3DErr,ctau3D)
RooArgSet::dependents = (ctau3D)
RooSetProxy::!refCoefNorm = (ctau3DErr,ctau3D)
RooArgSet:: = ()
RooSetProxy::!refCoefNorm = (ctau3DErr,ctau3D)
RooArgSet::dependents = (ctau3D)
RooArgSet::dependents = (ctau3D)
RooArgSet::dependents = (ctau3D)
RooArgSet::dependents = (ctau3D)
RooSetProxy::!refCoefNorm = (ctau3DErr,ctau3D)
RooSetProxy::!refCoefNorm = (ctau3DErr,ctau3D)
RooSetProxy::!refCoefNorm = (ctau3DErr,ctau3D)
RooSetProxy::!refCoefNorm = (ctau3DErr,ctau3D)
RooArgSet::dependents = (ctau3D)
RooSetProxy::!refCoefNorm = (ctau3DErr,ctau3D)
RooArgSet::dependents = (ctau3D)
RooSetProxy::!refCoefNorm = (ctau3DErr,ctau3D)
RooArgSet::dependents = (ctau3D)
RooSetProxy::!refCoefNorm = (ctau3DErr,ctau3D)
RooArgSet::dependents = (ctau3D)
RooSetProxy::!refCoefNorm = (ctau3DErr,ctau3D)
RooArgSet::dependents = (ctau3D)
RooArgSet::dependents = (ctau3D)
RooArgSet::dependents = (ctau3D)
RooSetProxy::!refCoefNorm = (ctau3DErr,ctau3D)
RooSetProxy::!refCoefNorm = (ctau3DErr,ctau3D)
RooSetProxy::!refCoefNorm = (ctau3DErr,ctau3D)
RooArgSet::dependents = (ctau3D)
RooSetProxy::!refCoefNorm = (ctau3DErr,ctau3D)
RooArgSet:: = ()
RooArgSet:: = ()
RooSetProxy::!refCoefNorm = (ctau3DErr,ctau3D)
RooArgSet:: = ()
RooSetProxy::!refCoefNorm = (ctau3DErr,ctau3D)
RooSetProxy::!refCoefNorm = (ctau3DErr,ctau3D)
RooArgSet:: = ()
RooSetProxy::!refCoefNorm = (ctau3DErr,ctau3D)
RooArgSet::dependents = (ctau3D)
RooSetProxy::!refCoefNorm = (ctau3DErr,ctau3D)
RooArgSet::dependents = (ctau3D)
RooSetProxy::!refCoefNorm = (ctau3DErr,ctau3D)
RooArgSet::dependents = (ctau3D)
RooSetProxy::!refCoefNorm = (ctau3DErr,ctau3D)
RooArgSet:: = ()
RooSetProxy::!refCoefNorm = (ctau3DErr,ctau3D)
RooArgSet:: = ()
RooSetProxy::!refCoefNorm = (ctau3DErr,ctau3D)
RooArgSet::dependents = (ctau3D)
RooSetProxy::!refCoefNorm = (ctau3DErr,ctau3D)
RooArgSet:: = ()
RooSetProxy::!refCoefNorm = (ctau3DErr,ctau3D)
RooArgSet:: = ()
RooSetProxy::!refCoefNorm = (ctau3DErr,ctau3D)
[#0] ERROR:Eval -- RooAbsReal::logEvalError(pdfCTAU_Bkg) evaluation error, 
 origin       : RooAddPdf::pdfCTAU_Bkg[ b_Bkg * pdfCTAU_BkgNoPR + [%] * pdfCTAU_BkgPR ]
 message      : p.d.f value is Not-a-Number (-nan), forcing value to zero
 server values: !refCoefNorm=(ctau3DErr = 0.0997553,ctau3D = -4), !pdfs=(pdfCTAU_BkgNoPR = 0/1,pdfCTAU_BkgPR = 0/1), !coefficients=(b_Bkg = 0.822791 +/- 0.0602788)
[#0] ERROR:Eval -- RooAbsReal::logEvalError(pdfCTAU_Bkg_Tot) evaluation error, 
 origin       : RooAddPdf::pdfCTAU_Bkg_Tot[ N_Bkg * pdfCTAU_Bkg ]
 message      : p.d.f value is Not-a-Number (-nan), forcing value to zero
 server values: !refCoefNorm=(ctau3DErr = 0.0997553,ctau3D = -4), !pdfs=(pdfCTAU_Bkg = -nan/1), !coefficients=(N_Bkg = 3851.12 +/- 78.9765)
[#0] ERROR:Eval -- RooAbsReal::logEvalError(pdfCTAU_Bkg) evaluation error, 
 origin       : RooAddPdf::pdfCTAU_Bkg[ b_Bkg * pdfCTAU_BkgNoPR + [%] * pdfCTAU_BkgPR ]
 message      : p.d.f value is Not-a-Number (-nan), forcing value to zero
 server values: !refCoefNorm=(ctau3DErr = 0.111974,ctau3D = -4), !pdfs=(pdfCTAU_BkgNoPR = 0/1,pdfCTAU_BkgPR = 0/1), !coefficients=(b_Bkg = 0.822791 +/- 0.0602788)
[#0] ERROR:Eval -- RooAbsReal::logEvalError(pdfCTAU_Bkg_Tot) evaluation error, 
 origin       : RooAddPdf::pdfCTAU_Bkg_Tot[ N_Bkg * pdfCTAU_Bkg ]
 message      : p.d.f value is Not-a-Number (-nan), forcing value to zero
 server values: !refCoefNorm=(ctau3DErr = 0.111974,ctau3D = -4), !pdfs=(pdfCTAU_Bkg = -nan/1), !coefficients=(N_Bkg = 3851.12 +/- 78.9765)
RooArgSet::dependents = (ctau3D)
RooSetProxy::!refCoefNorm = (ctau3DErr,ctau3D)
RooArgSet::dependents = (ctau3D)
RooSetProxy::!refCoefNorm = (ctau3DErr,ctau3D)
RooArgSet:: = ()
RooSetProxy::!refCoefNorm = (ctau3DErr,ctau3D)
RooArgSet::dependents = (ctau3D)
RooSetProxy::!refCoefNorm = (ctau3DErr,ctau3D)
RooArgSet::dependents = (ctau3D)
RooSetProxy::!refCoefNorm = (ctau3DErr,ctau3D)
RooArgSet::dependents = (ctau3D)
RooSetProxy::!refCoefNorm = (ctau3DErr,ctau3D)
RooArgSet:: = ()
RooSetProxy::!refCoefNorm = (ctau3DErr,ctau3D)
RooArgSet::dependents = (ctau3D)
RooSetProxy::!refCoefNorm = (ctau3DErr,ctau3D)
RooArgSet::dependents = (ctau3D)
RooArgSet::dependents = (ctau3D)
RooSetProxy::!refCoefNorm = (ctau3DErr,ctau3D)
RooSetProxy::!refCoefNorm = (ctau3DErr,ctau3D)
RooArgSet::dependents = (ctau3D)
RooArgSet::dependents = (ctau3D)
RooSetProxy::!refCoefNorm = (ctau3DErr,ctau3D)
RooArgSet::dependents = (ctau3D)
RooSetProxy::!refCoefNorm = (ctau3DErr,ctau3D)
RooSetProxy::!refCoefNorm = (ctau3DErr,ctau3D)
RooArgSet::dependents = (ctau3D)
RooSetProxy::!refCoefNorm = (ctau3DErr,ctau3D)
RooArgSet::dependents = (ctau3D)
RooArgSet::dependents = (ctau3D)
RooSetProxy::!refCoefNorm = (ctau3DErr,ctau3D)
RooSetProxy::!refCoefNorm = (ctau3DErr,ctau3D)
RooArgSet::dependents = (ctau3D)
RooSetProxy::!refCoefNorm = (ctau3DErr,ctau3D)
RooArgSet:: = ()
RooSetProxy::!refCoefNorm = (ctau3DErr,ctau3D)
RooArgSet::dependents = (ctau3D)
RooArgSet::dependents = (ctau3D)
RooSetProxy::!refCoefNorm = (ctau3DErr,ctau3D)
RooSetProxy::!refCoefNorm = (ctau3DErr,ctau3D)
RooArgSet::dependents = (ctau3D)
RooSetProxy::!refCoefNorm = (ctau3DErr,ctau3D)
RooArgSet:: = ()
RooSetProxy::!refCoefNorm = (ctau3DErr,ctau3D)
RooArgSet:: = ()
RooArgSet:: = ()
RooSetProxy::!refCoefNorm = (ctau3DErr,ctau3D)
RooSetProxy::!refCoefNorm = (ctau3DErr,ctau3D)
RooArgSet:: = ()
RooSetProxy::!refCoefNorm = (ctau3DErr,ctau3D)
RooArgSet:: = ()
RooSetProxy::!refCoefNorm = (ctau3DErr,ctau3D)
RooArgSet:: = ()
RooSetProxy::!refCoefNorm = (ctau3DErr,ctau3D)
[#0] ERROR:Eval -- RooAbsReal::logEvalError(pdfCTAU_Bkg) evaluation error, 
 origin       : RooAddPdf::pdfCTAU_Bkg[ b_Bkg * pdfCTAU_BkgNoPR + [%] * pdfCTAU_BkgPR ]
 message      : p.d.f value is Not-a-Number (-nan), forcing value to zero
 server values: !refCoefNorm=(ctau3DErr = 0.111974,ctau3D = -4), !pdfs=(pdfCTAU_BkgNoPR = 0/1,pdfCTAU_BkgPR = 0/1), !coefficients=(b_Bkg = 0.822791 +/- 0.0602788)
[#0] ERROR:Eval -- RooAbsReal::logEvalError(pdfCTAU_Bkg_Tot) evaluation error, 
 origin       : RooAddPdf::pdfCTAU_Bkg_Tot[ N_Bkg * pdfCTAU_Bkg ]
 message      : p.d.f value is Not-a-Number (-nan), forcing value to zero
 server values: !refCoefNorm=(ctau3DErr = 0.111974,ctau3D = -4), !pdfs=(pdfCTAU_Bkg = -nan/1), !coefficients=(N_Bkg = 3851.12 +/- 78.9765)
[#0] ERROR:Eval -- RooAbsReal::logEvalError(pdfCTAU_Bkg) evaluation error, 
 origin       : RooAddPdf::pdfCTAU_Bkg[ b_Bkg * pdfCTAU_BkgNoPR + [%] * pdfCTAU_BkgPR ]
 message      : p.d.f value is Not-a-Number (-nan), forcing value to zero
 server values: !refCoefNorm=(ctau3DErr = 0.0997553,ctau3D = -4), !pdfs=(pdfCTAU_BkgNoPR = 0/1,pdfCTAU_BkgPR = 0/1), !coefficients=(b_Bkg = 0.822791 +/- 0.0602788)
[#0] ERROR:Eval -- RooAbsReal::logEvalError(pdfCTAU_Bkg_Tot) evaluation error, 
 origin       : RooAddPdf::pdfCTAU_Bkg_Tot[ N_Bkg * pdfCTAU_Bkg ]
 message      : p.d.f value is Not-a-Number (-nan), forcing value to zero
 server values: !refCoefNorm=(ctau3DErr = 0.0997553,ctau3D = -4), !pdfs=(pdfCTAU_Bkg = -nan/1), !coefficients=(N_Bkg = 3851.12 +/- 78.9765)
RooArgSet::dependents = (ctau3D)
RooSetProxy::!refCoefNorm = (ctau3DErr,ctau3D)
RooArgSet::dependents = (ctau3D)
RooSetProxy::!refCoefNorm = (ctau3DErr,ctau3D)
RooArgSet:: = ()
RooSetProxy::!refCoefNorm = (ctau3DErr,ctau3D)
RooArgSet::dependents = (ctau3D)
RooSetProxy::!refCoefNorm = (ctau3DErr,ctau3D)
RooArgSet::dependents = (ctau3D)
RooArgSet::dependents = (ctau3D)
RooSetProxy::!refCoefNorm = (ctau3DErr,ctau3D)
RooSetProxy::!refCoefNorm = (ctau3DErr,ctau3D)
RooArgSet::dependents = (ctau3D)
RooSetProxy::!refCoefNorm = (ctau3DErr,ctau3D)
RooArgSet::dependents = (ctau3D)
RooSetProxy::!refCoefNorm = (ctau3DErr,ctau3D)
RooArgSet::dependents = (ctau3D)
RooSetProxy::!refCoefNorm = (ctau3DErr,ctau3D)
RooArgSet::dependents = (ctau3D)
RooArgSet::dependents = (ctau3D)
RooSetProxy::!refCoefNorm = (ctau3DErr,ctau3D)
RooSetProxy::!refCoefNorm = (ctau3DErr,ctau3D)
RooArgSet:: = ()
RooSetProxy::!refCoefNorm = (ctau3DErr,ctau3D)
RooArgSet::dependents = (ctau3D)
RooSetProxy::!refCoefNorm = (ctau3DErr,ctau3D)
RooArgSet::dependents = (ctau3D)
RooSetProxy::!refCoefNorm = (ctau3DErr,ctau3D)
RooArgSet:: = ()
RooSetProxy::!refCoefNorm = (ctau3DErr,ctau3D)
RooArgSet:: = ()
RooSetProxy::!refCoefNorm = (ctau3DErr,ctau3D)
RooArgSet:: = ()
RooSetProxy::!refCoefNorm = (ctau3DErr,ctau3D)
RooArgSet:: = ()
RooSetProxy::!refCoefNorm = (ctau3DErr,ctau3D)
RooArgSet::dependents = (ctau3D)
RooSetProxy::!refCoefNorm = (ctau3DErr,ctau3D)
RooArgSet::dependents = (ctau3D)
RooSetProxy::!refCoefNorm = (ctau3DErr,ctau3D)
RooArgSet::dependents = (ctau3D)
RooSetProxy::!refCoefNorm = (ctau3DErr,ctau3D)
RooArgSet::dependents = (ctau3D)
RooSetProxy::!refCoefNorm = (ctau3DErr,ctau3D)
RooArgSet::dependents = (ctau3D)
RooSetProxy::!refCoefNorm = (ctau3DErr,ctau3D)
RooArgSet::dependents = (ctau3D)
RooSetProxy::!refCoefNorm = (ctau3DErr,ctau3D)
RooArgSet:: = ()
RooSetProxy::!refCoefNorm = (ctau3DErr,ctau3D)
RooArgSet:: = ()
RooSetProxy::!refCoefNorm = (ctau3DErr,ctau3D)
RooArgSet:: = ()
RooSetProxy::!refCoefNorm = (ctau3DErr,ctau3D)
[#0] ERROR:Eval -- RooAbsReal::logEvalError(pdfCTAU_Bkg) evaluation error, 
 origin       : RooAddPdf::pdfCTAU_Bkg[ b_Bkg * pdfCTAU_BkgNoPR + [%] * pdfCTAU_BkgPR ]
 message      : p.d.f value is Not-a-Number (-nan), forcing value to zero
 server values: !refCoefNorm=(ctau3DErr = 0.0997553,ctau3D = -4), !pdfs=(pdfCTAU_BkgNoPR = 0/1,pdfCTAU_BkgPR = 0/1), !coefficients=(b_Bkg = 0.822791 +/- 0.0602788)
[#0] ERROR:Eval -- RooAbsReal::logEvalError(pdfCTAU_Bkg_Tot) evaluation error, 
 origin       : RooAddPdf::pdfCTAU_Bkg_Tot[ N_Bkg * pdfCTAU_Bkg ]
 message      : p.d.f value is Not-a-Number (-nan), forcing value to zero
 server values: !refCoefNorm=(ctau3DErr = 0.0997553,ctau3D = -4), !pdfs=(pdfCTAU_Bkg = -nan/1), !coefficients=(N_Bkg = 3851.12 +/- 78.9765)
[#0] ERROR:Eval -- RooAbsReal::logEvalError(pdfCTAU_Bkg) evaluation error, 
 origin       : RooAddPdf::pdfCTAU_Bkg[ b_Bkg * pdfCTAU_BkgNoPR + [%] * pdfCTAU_BkgPR ]
 message      : p.d.f value is Not-a-Number (-nan), forcing value to zero
 server values: !refCoefNorm=(ctau3DErr = 0.111974,ctau3D = -4), !pdfs=(pdfCTAU_BkgNoPR = 0/1,pdfCTAU_BkgPR = 0/1), !coefficients=(b_Bkg = 0.822791 +/- 0.0602788)
[#0] ERROR:Eval -- RooAbsReal::logEvalError(pdfCTAU_Bkg_Tot) evaluation error, 
 origin       : RooAddPdf::pdfCTAU_Bkg_Tot[ N_Bkg * pdfCTAU_Bkg ]
 message      : p.d.f value is Not-a-Number (-nan), forcing value to zero
 server values: !refCoefNorm=(ctau3DErr = 0.111974,ctau3D = -4), !pdfs=(pdfCTAU_Bkg = -nan/1), !coefficients=(N_Bkg = 3851.12 +/- 78.9765)
RooArgSet::dependents = (ctau3D)
RooSetProxy::!refCoefNorm = (ctau3DErr,ctau3D)
RooArgSet::dependents = (ctau3D)
RooSetProxy::!refCoefNorm = (ctau3DErr,ctau3D)
RooArgSet:: = ()
RooSetProxy::!refCoefNorm = (ctau3DErr,ctau3D)
RooArgSet::dependents = (ctau3D)
RooArgSet::dependents = (ctau3D)
RooSetProxy::!refCoefNorm = (ctau3DErr,ctau3D)
RooSetProxy::!refCoefNorm = (ctau3DErr,ctau3D)
RooArgSet::dependents = (ctau3D)
RooSetProxy::!refCoefNorm = (ctau3DErr,ctau3D)
RooArgSet::dependents = (ctau3D)
RooSetProxy::!refCoefNorm = (ctau3DErr,ctau3D)
RooArgSet::dependents = (ctau3D)
RooSetProxy::!refCoefNorm = (ctau3DErr,ctau3D)
RooArgSet::dependents = (ctau3D)
RooSetProxy::!refCoefNorm = (ctau3DErr,ctau3D)
RooArgSet::dependents = (ctau3D)
RooSetProxy::!refCoefNorm = (ctau3DErr,ctau3D)
RooArgSet::dependents = (ctau3D)
RooSetProxy::!refCoefNorm = (ctau3DErr,ctau3D)
RooArgSet::dependents = (ctau3D)
RooArgSet:: = ()
RooArgSet:: = ()
RooArgSet::dependents = (ctau3D)
RooSetProxy::!refCoefNorm = (ctau3DErr,ctau3D)
RooSetProxy::!refCoefNorm = (ctau3DErr,ctau3D)
RooSetProxy::!refCoefNorm = (ctau3DErr,ctau3D)
RooSetProxy::!refCoefNorm = (ctau3DErr,ctau3D)
RooArgSet::dependents = (ctau3D)
RooSetProxy::!refCoefNorm = (ctau3DErr,ctau3D)
RooArgSet::dependents = (ctau3D)
RooSetProxy::!refCoefNorm = (ctau3DErr,ctau3D)
RooArgSet:: = ()
RooSetProxy::!refCoefNorm = (ctau3DErr,ctau3D)
RooArgSet::dependents = (ctau3D)
RooSetProxy::!refCoefNorm = (ctau3DErr,ctau3D)
RooArgSet::dependents = (ctau3D)
RooSetProxy::!refCoefNorm = (ctau3DErr,ctau3D)
RooArgSet:: = ()
RooSetProxy::!refCoefNorm = (ctau3DErr,ctau3D)
RooArgSet::dependents = (ctau3D)
RooSetProxy::!refCoefNorm = (ctau3DErr,ctau3D)
RooArgSet:: = ()
RooSetProxy::!refCoefNorm = (ctau3DErr,ctau3D)
RooArgSet::dependents = (ctau3D)
RooArgSet:: = ()
RooSetProxy::!refCoefNorm = (ctau3DErr,ctau3D)
RooSetProxy::!refCoefNorm = (ctau3DErr,ctau3D)
RooArgSet:: = ()
RooSetProxy::!refCoefNorm = (ctau3DErr,ctau3D)
RooArgSet:: = ()
RooSetProxy::!refCoefNorm = (ctau3DErr,ctau3D)
[#0] ERROR:Eval -- RooAbsReal::logEvalError(pdfCTAU_Bkg) evaluation error, 
 origin       : RooAddPdf::pdfCTAU_Bkg[ b_Bkg * pdfCTAU_BkgNoPR + [%] * pdfCTAU_BkgPR ]
 message      : p.d.f value is Not-a-Number (-nan), forcing value to zero
 server values: !refCoefNorm=(ctau3DErr = 0.0997553,ctau3D = -4), !pdfs=(pdfCTAU_BkgNoPR = 0/1,pdfCTAU_BkgPR = 0/1), !coefficients=(b_Bkg = 0.822791 +/- 0.0602788)
[#0] ERROR:Eval -- RooAbsReal::logEvalError(pdfCTAU_Bkg_Tot) evaluation error, 
 origin       : RooAddPdf::pdfCTAU_Bkg_Tot[ N_Bkg * pdfCTAU_Bkg ]
 message      : p.d.f value is Not-a-Number (-nan), forcing value to zero
 server values: !refCoefNorm=(ctau3DErr = 0.0997553,ctau3D = -4), !pdfs=(pdfCTAU_Bkg = -nan/1), !coefficients=(N_Bkg = 3851.12 +/- 78.9765)
[#0] ERROR:Eval -- RooAbsReal::logEvalError(pdfCTAU_Bkg) evaluation error, 
 origin       : RooAddPdf::pdfCTAU_Bkg[ b_Bkg * pdfCTAU_BkgNoPR + [%] * pdfCTAU_BkgPR ]
 message      : p.d.f value is Not-a-Number (-nan), forcing value to zero
 server values: !refCoefNorm=(ctau3DErr = 0.111974,ctau3D = -4), !pdfs=(pdfCTAU_BkgNoPR = 0/1,pdfCTAU_BkgPR = 0/1), !coefficients=(b_Bkg = 0.822791 +/- 0.0602788)
[#0] ERROR:Eval -- RooAbsReal::logEvalError(pdfCTAU_Bkg_Tot) evaluation error, 
 origin       : RooAddPdf::pdfCTAU_Bkg_Tot[ N_Bkg * pdfCTAU_Bkg ]
 message      : p.d.f value is Not-a-Number (-nan), forcing value to zero
 server values: !refCoefNorm=(ctau3DErr = 0.111974,ctau3D = -4), !pdfs=(pdfCTAU_Bkg = -nan/1), !coefficients=(N_Bkg = 3851.12 +/- 78.9765)
Info in <TCanvas::Print>: pdf file figs/2DFit_No_Weight/CtauBkg/Bkg_pt8.5-9.5_y0.0-1.6_muPt0.0_centrality0-180_PRw_Effw0_Accw0_PtW0_TnP0.pdf has been created

  RooFitResult: minimized FCN value: -62410.4, estimated distance to minimum: 5.02597
                covariance matrix quality: Unknown, matrix was externally provided
                Status : MINIMIZE=0 HESSE=0 HESSE=0 

    Floating Parameter    FinalValue +/-  Error   
  --------------------  --------------------------
                 N_Bkg    3.8511e+03 +/-  7.90e+01
                 b_Bkg    8.2279e-01 +/-  6.03e-02
                 fDF12    2.6117e-02 +/-  2.14e-02
                 fDFSS    7.9305e-01 +/-  3.25e-02
                 fDLIV    4.4053e-01 +/-  3.09e-02
                fDSS12    6.4583e-01 +/-  1.72e-01
         lambdaDDS_Bkg    3.5511e-02 +/-  6.38e-03
         lambdaDF_Bkg1    6.3758e-01 +/-  1.13e-01
         lambdaDF_Bkg2    1.2450e-01 +/-  1.63e-02
        lambdaDSS_Bkg1    4.3161e-01 +/-  5.60e-02
        lambdaDSS_Bkg2    1.4112e-01 +/-  6.69e-02

RooDataSet::dataw_Bkg[ctau3DErr,ctau3DRes,ctau3D,mass,weight:N_Bkg_sw] = 2540 entries (3851.08 weighted)

###### Fit Convergence Check ######
Hesse: 0	 edm: 5.02597	 mll: -62410.4
[Fit Converged]
RealTime=39.445835 seconds, CpuTime=15.910000 seconds
# STAGE: ctauBkg
# CMD: /opt/conda/envs/root618/bin/root -l -b -q 'CtauBkg_2exp.C(8.5,9.5,0,1.6,0,180)'

