
Processing CtauErr.C(30,40,0,1.6,0,180)...

[1mRooFit v3.60 -- Developed by Wouter Verkerke and David Kirkby[0m 
                Copyright (C) 2000-2013 NIKHEF, University of California & Stanford University
                All rights reserved, please read http://roofit.sourceforge.net/license.txt

RooDataSet::datasetW[ctau3D,mass,pt,y,weight,ctau3DRes,ctau3DErr,pt1,pt2,eta1,eta2,recoQQsign,cBin] = 1412 entries
Weight : 1
pt: 30-40, y: 0-1.6, Cent: 0-180%
####################################
 nBin : 100

*************** Start SPLOT *****************

Sig Yield: 283.067 +/- 25.7089
Bkg Yield: 118.225 +/- 15.7004
[INFO] Jpsi yield -> Mass Fit:283.067, sWeights :283.067
[INFO] Bkg  yield -> Mass Fit:118.225, sWeights :118.225
Info in <TCanvas::MakeDefCanvas>:  created default TCanvas with name c1
ctauErrMax : 0.0342008 ctauErrMin : 0.00900095
 BinWidth : 0.00179999
 newBins : 14
1412
1412
0.00900095, 0.0342008
Tot evt: (1412)
Res evt: (1399)
lost evt: (0.92068)%, 1399evts

************** Finished SPLOT *****************

Info in <TCanvas::Print>: pdf file figs/2DFit_No_Weight/CtauErr/ctauErr_pt30.0-40.0_y0.0-1.6_muPt0.0_centrality0-180_PRw_Effw0_Accw0_PtW0_TnP0.pdf has been created
# STAGE: ctauErr
# CMD: /opt/conda/envs/root618/bin/root -l -b -q 'CtauErr.C(30,40,0,1.6,0,180)'

