
Processing CtauErr.C(15,20,1.6,2.4,0,180)...

[1mRooFit v3.60 -- Developed by Wouter Verkerke and David Kirkby[0m 
                Copyright (C) 2000-2013 NIKHEF, University of California & Stanford University
                All rights reserved, please read http://roofit.sourceforge.net/license.txt

RooDataSet::datasetW[ctau3D,mass,pt,y,weight,ctau3DRes,ctau3DErr,pt1,pt2,eta1,eta2,recoQQsign,cBin] = 5227 entries
Weight : 1
pt: 15-20, y: 1.6-2.4, Cent: 0-180%
####################################
 nBin : 100

*************** Start SPLOT *****************

Sig Yield: 3805.82 +/- 70.9393
Bkg Yield: 1355.88 +/- 73.3674
[INFO] Jpsi yield -> Mass Fit:3805.82, sWeights :3805.82
[INFO] Bkg  yield -> Mass Fit:1355.88, sWeights :1355.88
Info in <TCanvas::MakeDefCanvas>:  created default TCanvas with name c1
ctauErrMax : 0.0666006 ctauErrMin : 0.0126009
 BinWidth : 0.00179999
 newBins : 30
5227
5227
0.0126009, 0.0666006
Tot evt: (5227)
Res evt: (5186)
lost evt: (0.784389)%, 5186evts

************** Finished SPLOT *****************

Info in <TCanvas::Print>: pdf file figs/2DFit_No_Weight/CtauErr/ctauErr_pt15.0-20.0_y1.6-2.4_muPt0.0_centrality0-180_PRw_Effw0_Accw0_PtW0_TnP0.pdf has been created
# STAGE: ctauErr
# CMD: /opt/conda/envs/root618/bin/root -l -b -q 'CtauErr.C(15,20,1.6,2.4,0,180)'

