
Processing CtauErr.C(3.5,4.5,1.6,2.4,0,180)...

[1mRooFit v3.60 -- Developed by Wouter Verkerke and David Kirkby[0m 
                Copyright (C) 2000-2013 NIKHEF, University of California & Stanford University
                All rights reserved, please read http://roofit.sourceforge.net/license.txt

RooDataSet::datasetW[ctau3D,mass,pt,y,weight,ctau3DRes,ctau3DErr,pt1,pt2,eta1,eta2,recoQQsign,cBin] = 152031 entries
Weight : 1
pt: 3.5-4.5, y: 1.6-2.4, Cent: 0-180%
####################################
 nBin : 100

*************** Start SPLOT *****************

Sig Yield: 24601.4 +/- 392.135
Bkg Yield: 130322 +/- 510.561
[INFO] Jpsi yield -> Mass Fit:24601.4, sWeights :24601.4
[INFO] Bkg  yield -> Mass Fit:130322, sWeights :130322
Info in <TCanvas::MakeDefCanvas>:  created default TCanvas with name c1
ctauErrMax : 0.1764 ctauErrMin : 0.0252009
 BinWidth : 0.00179999
 newBins : 84
152031
152031
0.0252009, 0.1764
Tot evt: (152031)
Res evt: (152011)
lost evt: (0.0131552)%, 152011evts

************** Finished SPLOT *****************

Info in <TCanvas::Print>: pdf file figs/2DFit_No_Weight/CtauErr/ctauErr_pt3.5-4.5_y1.6-2.4_muPt0.0_centrality0-180_PRw_Effw0_Accw0_PtW0_TnP0.pdf has been created
# STAGE: ctauErr
# CMD: /opt/conda/envs/root618/bin/root -l -b -q 'CtauErr.C(3.5,4.5,1.6,2.4,0,180)'

