
Processing CtauRes.C(30,40,0,1.6,0,180)...

[1mRooFit v3.60 -- Developed by Wouter Verkerke and David Kirkby[0m 
                Copyright (C) 2000-2013 NIKHEF, University of California & Stanford University
                All rights reserved, please read http://roofit.sourceforge.net/license.txt

******** New Combined Dataset ***********
RooRealVar::ctau3DRes = 29.3624  L(-100000 - 100000) 

*************** Start Res Fit *****************

N_Jpsi: 1e+08+/-0
NBins: 72
Fit Range: -3.33333 - 0
0.0208986 to 6929.56
###
Tot evt: (261)
Res evt: (255)
lost evt: (97.7011)%, 255evts
Min: -3.33333, Max: 0
s1: 0.858667

************* Finished Sig Res Fit ****************

Info in <TCanvas::Print>: pdf file figs/2DFit_No_Weight/CtauRes/CtauRes_pt30.0-40.0_y0.0-1.6_muPt0.0_centrality0-180_PRw_Effw0_Accw0_PtW0_TnP0.pdf has been created

  RooFitResult: minimized FCN value: -6.59989, estimated distance to minimum: 5.32445
                covariance matrix quality: Unknown, matrix was externally provided
                Status : MINIMIZE=-1 HESSE=4 HESSE=4 

    Constant Parameter    Value     
  --------------------  ------------
                   One    1.0000e+00
         ctau1_CtauRes    0.0000e+00
         ctau2_CtauRes    0.0000e+00
         ctau3_CtauRes    0.0000e+00

    Floating Parameter  InitialValue    FinalValue +/-  Error     GblCorr.
  --------------------  ------------  --------------------------  --------
                N_Jpsi    1.0000e+08    8.3502e+00 +/-  1.72e+00  <none>
            f2_CtauRes    3.1000e-01    2.6962e-02 +/-  4.14e+00  <none>
             f_CtauRes    3.1000e-01    9.7675e-01 +/-  8.79e+00  <none>
          rS21_CtauRes    8.0000e-01    2.9583e+00 +/-  8.47e+00  <none>
          rS32_CtauRes    2.2000e+00    3.6809e+00 +/-  2.72e+00  <none>
            s1_CtauRes    5.0000e-01    8.5867e-01 +/-  6.10e+00  <none>

# STAGE: ctauRes
# CMD: /opt/conda/envs/root618/bin/root -l -b -q 'CtauRes.C(30,40,0,1.6,0,180)'

