
Processing CtauRes.C(8.5,12,1.6,2.4,0,180)...

[1mRooFit v3.60 -- Developed by Wouter Verkerke and David Kirkby[0m 
                Copyright (C) 2000-2013 NIKHEF, University of California & Stanford University
                All rights reserved, please read http://roofit.sourceforge.net/license.txt

******** New Combined Dataset ***********
RooRealVar::ctau3DRes = -0.392353  L(-100000 - 100000) 

*************** Start Res Fit *****************

N_Jpsi: 1e+08+/-0
NBins: 72
Fit Range: -10 - 0
0.00268284 to 1.43828e+09
###
Tot evt: (16054)
Res evt: (15943)
lost evt: (99.3086)%, 15943evts
Min: -10, Max: 0
s1: 0.823794

************* Finished Sig Res Fit ****************

Info in <TCanvas::Print>: pdf file figs/2DFit_No_Weight/CtauRes/CtauRes_pt8.5-12.0_y1.6-2.4_muPt0.0_centrality0-180_PRw_Effw0_Accw0_PtW0_TnP0.pdf has been created

  RooFitResult: minimized FCN value: -58010.1, estimated distance to minimum: 14.8107
                covariance matrix quality: Unknown, matrix was externally provided
                Status : MINIMIZE=-1 HESSE=4 HESSE=4 

    Constant Parameter    Value     
  --------------------  ------------
                   One    1.0000e+00
         ctau1_CtauRes    0.0000e+00
         ctau2_CtauRes    0.0000e+00
         ctau3_CtauRes    0.0000e+00

    Floating Parameter  InitialValue    FinalValue +/-  Error     GblCorr.
  --------------------  ------------  --------------------------  --------
                N_Jpsi    1.0000e+08    9.5147e+03 +/-  9.54e+01  <none>
            f2_CtauRes    3.1000e-01    2.0606e-01 +/-  1.44e-01  <none>
             f_CtauRes    3.1000e-01    5.0068e-01 +/-  4.20e-01  <none>
          rS21_CtauRes    8.0000e-01    1.5993e+00 +/-  1.59e-01  <none>
          rS32_CtauRes    2.2000e+00    2.4351e+00 +/-  5.88e-01  <none>
            s1_CtauRes    5.0000e-01    8.2379e-01 +/-  1.76e-01  <none>

# STAGE: ctauRes
# CMD: /opt/conda/envs/root618/bin/root -l -b -q 'CtauRes.C(8.5,12,1.6,2.4,0,180)'

