
Processing CtauRes.C(7.5,8.5,0,1.6,0,180)...

[1mRooFit v3.60 -- Developed by Wouter Verkerke and David Kirkby[0m 
                Copyright (C) 2000-2013 NIKHEF, University of California & Stanford University
                All rights reserved, please read http://roofit.sourceforge.net/license.txt

******** New Combined Dataset ***********
RooRealVar::ctau3DRes = 3.07724  L(-100000 - 100000) 

*************** Start Res Fit *****************

N_Jpsi: 1e+08+/-0
NBins: 72
Fit Range: -10 - 0
[#0] WARNING:Minization -- RooMinimizerFcn: Minimized function has error status.
Returning maximum FCN so far (1.99896e+08) to force MIGRAD to back out of this region. Error log follows
Parameter values: N_Jpsi=5338.51, f2_CtauRes=0.556596, f_CtauRes=0.000375684, rS21_CtauRes=2.13836, rS32_CtauRes=1.56722, s1_CtauRes=0.00147286
PID1429972/RooRealMPFE::nll_GaussModel_Tot_ctauResCutDS_6528682d19b0_MPFE7[ arg=nll_GaussModel_Tot_ctauResCutDS_GOF7 vars=(N_Jpsi,One,ctau1_CtauRes,ctau2_CtauRes,ctau3_CtauRes,f2_CtauRes,f_CtauRes,rS21_CtauRes,rS32_CtauRes,s1_CtauRes) ]
     function value is NAN @ paramSet=(N_Jpsi = 5338.51,One = 1,ctau1_CtauRes = 0,ctau2_CtauRes = 0,ctau3_CtauRes = 0,f2_CtauRes = 0.556596,f_CtauRes = 0.000375684,rS21_CtauRes = 2.13836,rS32_CtauRes = 1.56722,s1_CtauRes = 0.00147286)
     function value is NAN @ paramSet=(N_Jpsi = 5338.51,One = 1,ctau1_CtauRes = 0,ctau2_CtauRes = 0,ctau3_CtauRes = 0,f2_CtauRes = 0.556596,f_CtauRes = 0.000375684,rS21_CtauRes = 2.13836,rS32_CtauRes = 1.56722,s1_CtauRes = 0.00147286)
     function value is NAN @ paramSet=(N_Jpsi = 5338.51,One = 1,ctau1_CtauRes = 0,ctau2_CtauRes = 0,ctau3_CtauRes = 0,f2_CtauRes = 0.556596,f_CtauRes = 0.000375684,rS21_CtauRes = 2.13836,rS32_CtauRes = 1.56722,s1_CtauRes = 0.00147286)
     function value is NAN @ paramSet=(N_Jpsi = 5338.51,One = 1,ctau1_CtauRes = 0,ctau2_CtauRes = 0,ctau3_CtauRes = 0,f2_CtauRes = 0.556596,f_CtauRes = 0.000375684,rS21_CtauRes = 2.13836,rS32_CtauRes = 1.56722,s1_CtauRes = 0.00147286)
     function value is NAN @ paramSet=(N_Jpsi = 5338.51,One = 1,ctau1_CtauRes = 0,ctau2_CtauRes = 0,ctau3_CtauRes = 0,f2_CtauRes = 0.556596,f_CtauRes = 0.000375684,rS21_CtauRes = 2.13836,rS32_CtauRes = 1.56722,s1_CtauRes = 0.00147286)
     function value is NAN @ paramSet=(N_Jpsi = 5338.51,One = 1,ctau1_CtauRes = 0,ctau2_CtauRes = 0,ctau3_CtauRes = 0,f2_CtauRes = 0.556596,f_CtauRes = 0.000375684,rS21_CtauRes = 2.13836,rS32_CtauRes = 1.56722,s1_CtauRes = 0.00147286)
     function value is NAN @ paramSet=(N_Jpsi = 5338.51,One = 1,ctau1_CtauRes = 0,ctau2_CtauRes = 0,ctau3_CtauRes = 0,f2_CtauRes = 0.556596,f_CtauRes = 0.000375684,rS21_CtauRes = 2.13836,rS32_CtauRes = 1.56722,s1_CtauRes = 0.00147286)
     function value is NAN @ paramSet=(N_Jpsi = 5338.51,One = 1,ctau1_CtauRes = 0,ctau2_CtauRes = 0,ctau3_CtauRes = 0,f2_CtauRes = 0.556596,f_CtauRes = 0.000375684,rS21_CtauRes = 2.13836,rS32_CtauRes = 1.56722,s1_CtauRes = 0.00147286)
     function value is NAN @ paramSet=(N_Jpsi = 5338.51,One = 1,ctau1_CtauRes = 0,ctau2_CtauRes = 0,ctau3_CtauRes = 0,f2_CtauRes = 0.556596,f_CtauRes = 0.000375684,rS21_CtauRes = 2.13836,rS32_CtauRes = 1.56722,s1_CtauRes = 0.00147286)
     function value is NAN @ paramSet=(N_Jpsi = 5338.51,One = 1,ctau1_CtauRes = 0,ctau2_CtauRes = 0,ctau3_CtauRes = 0,f2_CtauRes = 0.556596,f_CtauRes = 0.000375684,rS21_CtauRes = 2.13836,rS32_CtauRes = 1.56722,s1_CtauRes = 0.00147286)
     function value is NAN @ paramSet=(N_Jpsi = 5338.51,One = 1,ctau1_CtauRes = 0,ctau2_CtauRes = 0,ctau3_CtauRes = 0,f2_CtauRes = 0.556596,f_CtauRes = 0.000375684,rS21_CtauRes = 2.13836,rS32_CtauRes = 1.56722,s1_CtauRes = 0.00147286)
     function value is NAN @ paramSet=(N_Jpsi = 5338.51,One = 1,ctau1_CtauRes = 0,ctau2_CtauRes = 0,ctau3_CtauRes = 0,f2_CtauRes = 0.556596,f_CtauRes = 0.000375684,rS21_CtauRes = 2.13836,rS32_CtauRes = 1.56722,s1_CtauRes = 0.00147286)
    ... (remaining 6 messages suppressed)
RooNLLVar::nll_GaussModel_Tot_ctauResCutDS[ paramSet=(N_Jpsi,One,ctau1_CtauRes,ctau2_CtauRes,ctau3_CtauRes,f2_CtauRes,f_CtauRes,rS21_CtauRes,rS32_CtauRes,s1_CtauRes) ]
     function value is NAN @ paramSet=(N_Jpsi = 5338.51,One = 1,ctau1_CtauRes = 0,ctau2_CtauRes = 0,ctau3_CtauRes = 0,f2_CtauRes = 0.556596,f_CtauRes = 0.000375684,rS21_CtauRes = 2.13836,rS32_CtauRes = 1.56722,s1_CtauRes = 0.00147286)

[#0] WARNING:Minization -- RooMinimizerFcn: Minimized function has error status.
Returning maximum FCN so far (1.99896e+08) to force MIGRAD to back out of this region. Error log follows
Parameter values: N_Jpsi=5416.51, f2_CtauRes=0.23949, f_CtauRes=0.122079, rS21_CtauRes=2.96507, rS32_CtauRes=4.10054, s1_CtauRes=0.00124814
PID1429972/RooRealMPFE::nll_GaussModel_Tot_ctauResCutDS_6528682d19b0_MPFE7[ arg=nll_GaussModel_Tot_ctauResCutDS_GOF7 vars=(N_Jpsi,One,ctau1_CtauRes,ctau2_CtauRes,ctau3_CtauRes,f2_CtauRes,f_CtauRes,rS21_CtauRes,rS32_CtauRes,s1_CtauRes) ]
     function value is NAN @ paramSet=(N_Jpsi = 5416.51,One = 1,ctau1_CtauRes = 0,ctau2_CtauRes = 0,ctau3_CtauRes = 0,f2_CtauRes = 0.23949,f_CtauRes = 0.122079,rS21_CtauRes = 2.96507,rS32_CtauRes = 4.10054,s1_CtauRes = 0.00124814)
     function value is NAN @ paramSet=(N_Jpsi = 5416.51,One = 1,ctau1_CtauRes = 0,ctau2_CtauRes = 0,ctau3_CtauRes = 0,f2_CtauRes = 0.23949,f_CtauRes = 0.122079,rS21_CtauRes = 2.96507,rS32_CtauRes = 4.10054,s1_CtauRes = 0.00124814)
     function value is NAN @ paramSet=(N_Jpsi = 5416.51,One = 1,ctau1_CtauRes = 0,ctau2_CtauRes = 0,ctau3_CtauRes = 0,f2_CtauRes = 0.23949,f_CtauRes = 0.122079,rS21_CtauRes = 2.96507,rS32_CtauRes = 4.10054,s1_CtauRes = 0.00124814)
     function value is NAN @ paramSet=(N_Jpsi = 5416.51,One = 1,ctau1_CtauRes = 0,ctau2_CtauRes = 0,ctau3_CtauRes = 0,f2_CtauRes = 0.23949,f_CtauRes = 0.122079,rS21_CtauRes = 2.96507,rS32_CtauRes = 4.10054,s1_CtauRes = 0.00124814)
     function value is NAN @ paramSet=(N_Jpsi = 5416.51,One = 1,ctau1_CtauRes = 0,ctau2_CtauRes = 0,ctau3_CtauRes = 0,f2_CtauRes = 0.23949,f_CtauRes = 0.122079,rS21_CtauRes = 2.96507,rS32_CtauRes = 4.10054,s1_CtauRes = 0.00124814)
     function value is NAN @ paramSet=(N_Jpsi = 5416.51,One = 1,ctau1_CtauRes = 0,ctau2_CtauRes = 0,ctau3_CtauRes = 0,f2_CtauRes = 0.23949,f_CtauRes = 0.122079,rS21_CtauRes = 2.96507,rS32_CtauRes = 4.10054,s1_CtauRes = 0.00124814)
     function value is NAN @ paramSet=(N_Jpsi = 5416.51,One = 1,ctau1_CtauRes = 0,ctau2_CtauRes = 0,ctau3_CtauRes = 0,f2_CtauRes = 0.23949,f_CtauRes = 0.122079,rS21_CtauRes = 2.96507,rS32_CtauRes = 4.10054,s1_CtauRes = 0.00124814)
     function value is NAN @ paramSet=(N_Jpsi = 5416.51,One = 1,ctau1_CtauRes = 0,ctau2_CtauRes = 0,ctau3_CtauRes = 0,f2_CtauRes = 0.23949,f_CtauRes = 0.122079,rS21_CtauRes = 2.96507,rS32_CtauRes = 4.10054,s1_CtauRes = 0.00124814)
     function value is NAN @ paramSet=(N_Jpsi = 5416.51,One = 1,ctau1_CtauRes = 0,ctau2_CtauRes = 0,ctau3_CtauRes = 0,f2_CtauRes = 0.23949,f_CtauRes = 0.122079,rS21_CtauRes = 2.96507,rS32_CtauRes = 4.10054,s1_CtauRes = 0.00124814)
     function value is NAN @ paramSet=(N_Jpsi = 5416.51,One = 1,ctau1_CtauRes = 0,ctau2_CtauRes = 0,ctau3_CtauRes = 0,f2_CtauRes = 0.23949,f_CtauRes = 0.122079,rS21_CtauRes = 2.96507,rS32_CtauRes = 4.10054,s1_CtauRes = 0.00124814)
     function value is NAN @ paramSet=(N_Jpsi = 5416.51,One = 1,ctau1_CtauRes = 0,ctau2_CtauRes = 0,ctau3_CtauRes = 0,f2_CtauRes = 0.23949,f_CtauRes = 0.122079,rS21_CtauRes = 2.96507,rS32_CtauRes = 4.10054,s1_CtauRes = 0.00124814)
     function value is NAN @ paramSet=(N_Jpsi = 5416.51,One = 1,ctau1_CtauRes = 0,ctau2_CtauRes = 0,ctau3_CtauRes = 0,f2_CtauRes = 0.23949,f_CtauRes = 0.122079,rS21_CtauRes = 2.96507,rS32_CtauRes = 4.10054,s1_CtauRes = 0.00124814)
    ... (remaining 6 messages suppressed)
RooNLLVar::nll_GaussModel_Tot_ctauResCutDS[ paramSet=(N_Jpsi,One,ctau1_CtauRes,ctau2_CtauRes,ctau3_CtauRes,f2_CtauRes,f_CtauRes,rS21_CtauRes,rS32_CtauRes,s1_CtauRes) ]
     function value is NAN @ paramSet=(N_Jpsi = 5416.51,One = 1,ctau1_CtauRes = 0,ctau2_CtauRes = 0,ctau3_CtauRes = 0,f2_CtauRes = 0.23949,f_CtauRes = 0.122079,rS21_CtauRes = 2.96507,rS32_CtauRes = 4.10054,s1_CtauRes = 0.00124814)

[#0] WARNING:Minization -- RooMinimizerFcn: Minimized function has error status.
Returning maximum FCN so far (1.99896e+08) to force MIGRAD to back out of this region. Error log follows
Parameter values: N_Jpsi=4743.43, f2_CtauRes=0.276816, f_CtauRes=0.0114762, rS21_CtauRes=2.79347, rS32_CtauRes=3.92813, s1_CtauRes=0.00322977
PID1429972/RooRealMPFE::nll_GaussModel_Tot_ctauResCutDS_6528682d19b0_MPFE7[ arg=nll_GaussModel_Tot_ctauResCutDS_GOF7 vars=(N_Jpsi,One,ctau1_CtauRes,ctau2_CtauRes,ctau3_CtauRes,f2_CtauRes,f_CtauRes,rS21_CtauRes,rS32_CtauRes,s1_CtauRes) ]
     function value is NAN @ paramSet=(N_Jpsi = 4743.43,One = 1,ctau1_CtauRes = 0,ctau2_CtauRes = 0,ctau3_CtauRes = 0,f2_CtauRes = 0.276816,f_CtauRes = 0.0114762,rS21_CtauRes = 2.79347,rS32_CtauRes = 3.92813,s1_CtauRes = 0.00322977)
     function value is NAN @ paramSet=(N_Jpsi = 4743.43,One = 1,ctau1_CtauRes = 0,ctau2_CtauRes = 0,ctau3_CtauRes = 0,f2_CtauRes = 0.276816,f_CtauRes = 0.0114762,rS21_CtauRes = 2.79347,rS32_CtauRes = 3.92813,s1_CtauRes = 0.00322977)
     function value is NAN @ paramSet=(N_Jpsi = 4743.43,One = 1,ctau1_CtauRes = 0,ctau2_CtauRes = 0,ctau3_CtauRes = 0,f2_CtauRes = 0.276816,f_CtauRes = 0.0114762,rS21_CtauRes = 2.79347,rS32_CtauRes = 3.92813,s1_CtauRes = 0.00322977)
     function value is NAN @ paramSet=(N_Jpsi = 4743.43,One = 1,ctau1_CtauRes = 0,ctau2_CtauRes = 0,ctau3_CtauRes = 0,f2_CtauRes = 0.276816,f_CtauRes = 0.0114762,rS21_CtauRes = 2.79347,rS32_CtauRes = 3.92813,s1_CtauRes = 0.00322977)
     function value is NAN @ paramSet=(N_Jpsi = 4743.43,One = 1,ctau1_CtauRes = 0,ctau2_CtauRes = 0,ctau3_CtauRes = 0,f2_CtauRes = 0.276816,f_CtauRes = 0.0114762,rS21_CtauRes = 2.79347,rS32_CtauRes = 3.92813,s1_CtauRes = 0.00322977)
     function value is NAN @ paramSet=(N_Jpsi = 4743.43,One = 1,ctau1_CtauRes = 0,ctau2_CtauRes = 0,ctau3_CtauRes = 0,f2_CtauRes = 0.276816,f_CtauRes = 0.0114762,rS21_CtauRes = 2.79347,rS32_CtauRes = 3.92813,s1_CtauRes = 0.00322977)
     function value is NAN @ paramSet=(N_Jpsi = 4743.43,One = 1,ctau1_CtauRes = 0,ctau2_CtauRes = 0,ctau3_CtauRes = 0,f2_CtauRes = 0.276816,f_CtauRes = 0.0114762,rS21_CtauRes = 2.79347,rS32_CtauRes = 3.92813,s1_CtauRes = 0.00322977)
     function value is NAN @ paramSet=(N_Jpsi = 4743.43,One = 1,ctau1_CtauRes = 0,ctau2_CtauRes = 0,ctau3_CtauRes = 0,f2_CtauRes = 0.276816,f_CtauRes = 0.0114762,rS21_CtauRes = 2.79347,rS32_CtauRes = 3.92813,s1_CtauRes = 0.00322977)
     function value is NAN @ paramSet=(N_Jpsi = 4743.43,One = 1,ctau1_CtauRes = 0,ctau2_CtauRes = 0,ctau3_CtauRes = 0,f2_CtauRes = 0.276816,f_CtauRes = 0.0114762,rS21_CtauRes = 2.79347,rS32_CtauRes = 3.92813,s1_CtauRes = 0.00322977)
     function value is NAN @ paramSet=(N_Jpsi = 4743.43,One = 1,ctau1_CtauRes = 0,ctau2_CtauRes = 0,ctau3_CtauRes = 0,f2_CtauRes = 0.276816,f_CtauRes = 0.0114762,rS21_CtauRes = 2.79347,rS32_CtauRes = 3.92813,s1_CtauRes = 0.00322977)
     function value is NAN @ paramSet=(N_Jpsi = 4743.43,One = 1,ctau1_CtauRes = 0,ctau2_CtauRes = 0,ctau3_CtauRes = 0,f2_CtauRes = 0.276816,f_CtauRes = 0.0114762,rS21_CtauRes = 2.79347,rS32_CtauRes = 3.92813,s1_CtauRes = 0.00322977)
     function value is NAN @ paramSet=(N_Jpsi = 4743.43,One = 1,ctau1_CtauRes = 0,ctau2_CtauRes = 0,ctau3_CtauRes = 0,f2_CtauRes = 0.276816,f_CtauRes = 0.0114762,rS21_CtauRes = 2.79347,rS32_CtauRes = 3.92813,s1_CtauRes = 0.00322977)
    ... (remaining 6 messages suppressed)
RooNLLVar::nll_GaussModel_Tot_ctauResCutDS[ paramSet=(N_Jpsi,One,ctau1_CtauRes,ctau2_CtauRes,ctau3_CtauRes,f2_CtauRes,f_CtauRes,rS21_CtauRes,rS32_CtauRes,s1_CtauRes) ]
     function value is NAN @ paramSet=(N_Jpsi = 4743.43,One = 1,ctau1_CtauRes = 0,ctau2_CtauRes = 0,ctau3_CtauRes = 0,f2_CtauRes = 0.276816,f_CtauRes = 0.0114762,rS21_CtauRes = 2.79347,rS32_CtauRes = 3.92813,s1_CtauRes = 0.00322977)

0.000112116 to 1.31525e+10
###
Tot evt: (12038)
Res evt: (11873)
lost evt: (98.6293)%, 11873evts
Min: -10, Max: 0
s1: 0.338903

************* Finished Sig Res Fit ****************

Info in <TCanvas::Print>: pdf file figs/2DFit_No_Weight/CtauRes/CtauRes_pt7.5-8.5_y0.0-1.6_muPt0.0_centrality0-180_PRw_Effw0_Accw0_PtW0_TnP0.pdf has been created

  RooFitResult: minimized FCN value: -33373, estimated distance to minimum: 1.7615e+06
                covariance matrix quality: Unknown, matrix was externally provided
                Status : MINIMIZE=-1 HESSE=4 HESSE=4 

    Constant Parameter    Value     
  --------------------  ------------
                   One    1.0000e+00
         ctau1_CtauRes    0.0000e+00
         ctau2_CtauRes    0.0000e+00
         ctau3_CtauRes    0.0000e+00

    Floating Parameter  InitialValue    FinalValue +/-  Error     GblCorr.
  --------------------  ------------  --------------------------  --------
                N_Jpsi    1.0000e+08    5.4163e+03 +/-  2.93e+01  <none>
            f2_CtauRes    3.1000e-01    2.3116e-01 +/-  7.07e-02  <none>
             f_CtauRes    3.1000e-01    1.5334e-01 +/-  8.01e-03  <none>
          rS21_CtauRes    8.0000e-01    2.9061e+00 +/-  1.12e-02  <none>
          rS32_CtauRes    2.2000e+00    4.1192e+00 +/-  1.41e+01  <none>
            s1_CtauRes    5.0000e-01    3.3890e-01 +/-  1.51e-03  <none>

# STAGE: ctauRes
# CMD: /opt/conda/envs/root618/bin/root -l -b -q 'CtauRes.C(7.5,8.5,0,1.6,0,180)'

