
Processing CtauTrue.C(3,40,1.6,2.4,60,100)...

[1mRooFit v3.60 -- Developed by Wouter Verkerke and David Kirkby[0m 
                Copyright (C) 2000-2013 NIKHEF, University of California & Stanford University
                All rights reserved, please read http://roofit.sourceforge.net/license.txt

pt3.0-40.0_y1.6-2.4_muPt0.0_centrality60-100
RooDataSet::reducedDS_MC[ctau3Dtrue,mass,pt,y,weight:weight] = 2216653 entries (4.54677e+07 weighted)
RooRealVar::ctau3Dtrue = 1.2633  L(1e-06 - 3) // [mm]

************ Start MC Ctau True Fit ***************


************ 2 ***************


************ 3 ***************


************ 4 ***************


************ 5 ***************

RooArgSet::dependents = (ctau3Dtrue)
RooSetProxy::!refCoefNorm = (ctau3Dtrue)
RooArgSet::dependents = (ctau3Dtrue)
RooSetProxy::!refCoefNorm = (ctau3Dtrue)
RooArgSet::dependents = (ctau3Dtrue)
RooArgSet::dependents = (ctau3Dtrue)
RooArgSet::dependents = (ctau3Dtrue)
RooArgSet::dependents = (ctau3Dtrue)
RooArgSet::dependents = (ctau3Dtrue)
RooArgSet::dependents = (ctau3Dtrue)
RooArgSet::dependents = (ctau3Dtrue)
RooArgSet::dependents = (ctau3Dtrue)
RooSetProxy::!refCoefNorm = (ctau3Dtrue)
RooSetProxy::!refCoefNorm = (ctau3Dtrue)
RooSetProxy::!refCoefNorm = (ctau3Dtrue)
RooSetProxy::!refCoefNorm = (ctau3Dtrue)
RooSetProxy::!refCoefNorm = (ctau3Dtrue)
RooSetProxy::!refCoefNorm = (ctau3Dtrue)
RooSetProxy::!refCoefNorm = (ctau3Dtrue)
RooSetProxy::!refCoefNorm = (ctau3Dtrue)
RooArgSet::dependents = (ctau3Dtrue)
RooSetProxy::!refCoefNorm = (ctau3Dtrue)
RooArgSet::dependents = (ctau3Dtrue)
RooArgSet::dependents = (ctau3Dtrue)
RooSetProxy::!refCoefNorm = (ctau3Dtrue)
RooArgSet::dependents = (ctau3Dtrue)
RooSetProxy::!refCoefNorm = (ctau3Dtrue)
RooArgSet::dependents = (ctau3Dtrue)
RooArgSet::dependents = (ctau3Dtrue)
RooArgSet::dependents = (ctau3Dtrue)
RooSetProxy::!refCoefNorm = (ctau3Dtrue)
RooSetProxy::!refCoefNorm = (ctau3Dtrue)
RooSetProxy::!refCoefNorm = (ctau3Dtrue)
RooSetProxy::!refCoefNorm = (ctau3Dtrue)
RooArgSet::dependents = (ctau3Dtrue)
RooSetProxy::!refCoefNorm = (ctau3Dtrue)
RooArgSet::dependents = (ctau3Dtrue)
RooSetProxy::!refCoefNorm = (ctau3Dtrue)
RooArgSet::dependents = (ctau3Dtrue)
RooSetProxy::!refCoefNorm = (ctau3Dtrue)
RooArgSet::dependents = (ctau3Dtrue)
RooSetProxy::!refCoefNorm = (ctau3Dtrue)
RooArgSet::dependents = (ctau3Dtrue)
RooSetProxy::!refCoefNorm = (ctau3Dtrue)
RooArgSet::dependents = (ctau3Dtrue)
RooSetProxy::!refCoefNorm = (ctau3Dtrue)
RooArgSet::dependents = (ctau3Dtrue)
RooSetProxy::!refCoefNorm = (ctau3Dtrue)
RooArgSet::dependents = (ctau3Dtrue)
RooSetProxy::!refCoefNorm = (ctau3Dtrue)
RooArgSet::dependents = (ctau3Dtrue)
RooArgSet::dependents = (ctau3Dtrue)
RooSetProxy::!refCoefNorm = (ctau3Dtrue)
RooSetProxy::!refCoefNorm = (ctau3Dtrue)
RooArgSet::dependents = (ctau3Dtrue)
RooArgSet::dependents = (ctau3Dtrue)
RooSetProxy::!refCoefNorm = (ctau3Dtrue)
RooSetProxy::!refCoefNorm = (ctau3Dtrue)
RooArgSet::dependents = (ctau3Dtrue)
RooSetProxy::!refCoefNorm = (ctau3Dtrue)
RooArgSet::dependents = (ctau3Dtrue)
RooSetProxy::!refCoefNorm = (ctau3Dtrue)
RooArgSet::dependents = (ctau3Dtrue)
RooSetProxy::!refCoefNorm = (ctau3Dtrue)
RooArgSet::dependents = (ctau3Dtrue)
RooSetProxy::!refCoefNorm = (ctau3Dtrue)
RooArgSet::dependents = (ctau3Dtrue)
RooSetProxy::!refCoefNorm = (ctau3Dtrue)

  RooFitResult: minimized FCN value: -6.56815e+10, estimated distance to minimum: 2.48647e+06
                covariance matrix quality: Unknown, matrix was externally provided
                Status : MINIMIZE=-1 HESSE=4 HESSE=4 

    Floating Parameter  InitialValue    FinalValue +/-  Error     GblCorr.
  --------------------  ------------  --------------------------  --------
             N_Jpsi_MC    2.2167e+06    4.4333e+06 +/-  1.13e-02  <none>
                  fDSS    5.0000e-01    7.7717e-01 +/-  8.25e-01  <none>
                 fDSS1    5.0000e-01    3.7104e-01 +/-  4.90e-01  <none>
             lambdaDSS    5.4000e-01    4.9675e-01 +/-  2.50e-01  <none>
            lambdaDSS2    4.6200e-01    5.8384e-01 +/-  1.78e-01  <none>
            lambdaDSS3    3.4100e-01    3.4410e-01 +/-  4.06e-02  <none>

Info in <TCanvas::Print>: pdf file figs/2DFit_No_Weight/CtauTrue/ctauTrue_Inclusive_pt3.0-40.0_y1.6-2.4_muPt0.0_centrality60-100.pdf has been created
RealTime=197.869975 seconds, CpuTime=10.300000 seconds

************ Finished MC Ctau True Fit ***************

# STAGE: ctauTrue
# CMD: /opt/conda/envs/root618/bin/root -l -b -q 'CtauTrue.C(3,40,1.6,2.4,60,100)'

