
Processing CtauRes.C(25,27.5,0,1.6,0,180)...

[1mRooFit v3.60 -- Developed by Wouter Verkerke and David Kirkby[0m 
                Copyright (C) 2000-2013 NIKHEF, University of California & Stanford University
                All rights reserved, please read http://roofit.sourceforge.net/license.txt

******** New Combined Dataset ***********
RooRealVar::ctau3DRes = 22.7978  L(-100000 - 100000) 

*************** Start Res Fit *****************

N_Jpsi: 1e+08+/-0
NBins: 72
Fit Range: -3.05556 - 0
[#0] WARNING:Minization -- RooMinimizerFcn: Minimized function has error status.
Returning maximum FCN so far (1.95078e+08) to force MIGRAD to back out of this region. Error log follows
Parameter values: N_Jpsi=6.10526e+07, f2_CtauRes=0.863194, f_CtauRes=0.268373, rS21_CtauRes=0.365601, rS32_CtauRes=0.00527821, s1_CtauRes=0.000169396
RooNLLVar::nll_GaussModel_Tot_ctauResCutDS[ paramSet=(N_Jpsi,One,ctau1_CtauRes,ctau2_CtauRes,ctau3_CtauRes,f2_CtauRes,f_CtauRes,rS21_CtauRes,rS32_CtauRes,s1_CtauRes) ]
     function value is NAN @ paramSet=(N_Jpsi = 6.10526e+07,One = 1,ctau1_CtauRes = 0,ctau2_CtauRes = 0,ctau3_CtauRes = 0,f2_CtauRes = 0.863194,f_CtauRes = 0.268373,rS21_CtauRes = 0.365601,rS32_CtauRes = 0.00527821,s1_CtauRes = 0.000169396)
PID1431772/RooRealMPFE::nll_GaussModel_Tot_ctauResCutDS_63241aa2e6a0_MPFE7[ arg=nll_GaussModel_Tot_ctauResCutDS_GOF7 vars=(N_Jpsi,One,ctau1_CtauRes,ctau2_CtauRes,ctau3_CtauRes,f2_CtauRes,f_CtauRes,rS21_CtauRes,rS32_CtauRes,s1_CtauRes) ]
     function value is NAN @ paramSet=(N_Jpsi = 6.10526e+07,One = 1,ctau1_CtauRes = 0,ctau2_CtauRes = 0,ctau3_CtauRes = 0,f2_CtauRes = 0.863194,f_CtauRes = 0.268373,rS21_CtauRes = 0.365601,rS32_CtauRes = 0.00527821,s1_CtauRes = 0.000169396)
     function value is NAN @ paramSet=(N_Jpsi = 6.10526e+07,One = 1,ctau1_CtauRes = 0,ctau2_CtauRes = 0,ctau3_CtauRes = 0,f2_CtauRes = 0.863194,f_CtauRes = 0.268373,rS21_CtauRes = 0.365601,rS32_CtauRes = 0.00527821,s1_CtauRes = 0.000169396)
     function value is NAN @ paramSet=(N_Jpsi = 6.10526e+07,One = 1,ctau1_CtauRes = 0,ctau2_CtauRes = 0,ctau3_CtauRes = 0,f2_CtauRes = 0.863194,f_CtauRes = 0.268373,rS21_CtauRes = 0.365601,rS32_CtauRes = 0.00527821,s1_CtauRes = 0.000169396)
     function value is NAN @ paramSet=(N_Jpsi = 6.10526e+07,One = 1,ctau1_CtauRes = 0,ctau2_CtauRes = 0,ctau3_CtauRes = 0,f2_CtauRes = 0.863194,f_CtauRes = 0.268373,rS21_CtauRes = 0.365601,rS32_CtauRes = 0.00527821,s1_CtauRes = 0.000169396)
     function value is NAN @ paramSet=(N_Jpsi = 6.10526e+07,One = 1,ctau1_CtauRes = 0,ctau2_CtauRes = 0,ctau3_CtauRes = 0,f2_CtauRes = 0.863194,f_CtauRes = 0.268373,rS21_CtauRes = 0.365601,rS32_CtauRes = 0.00527821,s1_CtauRes = 0.000169396)
     function value is NAN @ paramSet=(N_Jpsi = 6.10526e+07,One = 1,ctau1_CtauRes = 0,ctau2_CtauRes = 0,ctau3_CtauRes = 0,f2_CtauRes = 0.863194,f_CtauRes = 0.268373,rS21_CtauRes = 0.365601,rS32_CtauRes = 0.00527821,s1_CtauRes = 0.000169396)
     function value is NAN @ paramSet=(N_Jpsi = 6.10526e+07,One = 1,ctau1_CtauRes = 0,ctau2_CtauRes = 0,ctau3_CtauRes = 0,f2_CtauRes = 0.863194,f_CtauRes = 0.268373,rS21_CtauRes = 0.365601,rS32_CtauRes = 0.00527821,s1_CtauRes = 0.000169396)
     function value is NAN @ paramSet=(N_Jpsi = 6.10526e+07,One = 1,ctau1_CtauRes = 0,ctau2_CtauRes = 0,ctau3_CtauRes = 0,f2_CtauRes = 0.863194,f_CtauRes = 0.268373,rS21_CtauRes = 0.365601,rS32_CtauRes = 0.00527821,s1_CtauRes = 0.000169396)
     function value is NAN @ paramSet=(N_Jpsi = 6.10526e+07,One = 1,ctau1_CtauRes = 0,ctau2_CtauRes = 0,ctau3_CtauRes = 0,f2_CtauRes = 0.863194,f_CtauRes = 0.268373,rS21_CtauRes = 0.365601,rS32_CtauRes = 0.00527821,s1_CtauRes = 0.000169396)
     function value is NAN @ paramSet=(N_Jpsi = 6.10526e+07,One = 1,ctau1_CtauRes = 0,ctau2_CtauRes = 0,ctau3_CtauRes = 0,f2_CtauRes = 0.863194,f_CtauRes = 0.268373,rS21_CtauRes = 0.365601,rS32_CtauRes = 0.00527821,s1_CtauRes = 0.000169396)
     function value is NAN @ paramSet=(N_Jpsi = 6.10526e+07,One = 1,ctau1_CtauRes = 0,ctau2_CtauRes = 0,ctau3_CtauRes = 0,f2_CtauRes = 0.863194,f_CtauRes = 0.268373,rS21_CtauRes = 0.365601,rS32_CtauRes = 0.00527821,s1_CtauRes = 0.000169396)
     function value is NAN @ paramSet=(N_Jpsi = 6.10526e+07,One = 1,ctau1_CtauRes = 0,ctau2_CtauRes = 0,ctau3_CtauRes = 0,f2_CtauRes = 0.863194,f_CtauRes = 0.268373,rS21_CtauRes = 0.365601,rS32_CtauRes = 0.00527821,s1_CtauRes = 0.000169396)
    ... (remaining 6 messages suppressed)

0.00562856 to 2128.91
###
Tot evt: (282)
Res evt: (278)
lost evt: (98.5816)%, 278evts
Min: -3.05556, Max: 0
s1: 0.789786

************* Finished Sig Res Fit ****************

Info in <TCanvas::Print>: pdf file figs/2DFit_No_Weight/CtauRes/CtauRes_pt25.0-27.5_y0.0-1.6_muPt0.0_centrality0-180_PRw_Effw0_Accw0_PtW0_TnP0.pdf has been created

  RooFitResult: minimized FCN value: -0.431681, estimated distance to minimum: 2.21284
                covariance matrix quality: Unknown, matrix was externally provided
                Status : MINIMIZE=-1 HESSE=4 HESSE=4 

    Constant Parameter    Value     
  --------------------  ------------
                   One    1.0000e+00
         ctau1_CtauRes    0.0000e+00
         ctau2_CtauRes    0.0000e+00
         ctau3_CtauRes    0.0000e+00

    Floating Parameter  InitialValue    FinalValue +/-  Error     GblCorr.
  --------------------  ------------  --------------------------  --------
                N_Jpsi    1.0000e+08    1.4854e+01 +/-  1.40e+00  <none>
            f2_CtauRes    3.1000e-01    5.6022e-01 +/-  2.24e+00  <none>
             f_CtauRes    3.1000e-01    7.6486e-01 +/-  1.19e+00  <none>
          rS21_CtauRes    8.0000e-01    5.7659e-01 +/-  2.22e-01  <none>
          rS32_CtauRes    2.2000e+00    3.5059e+00 +/-  3.67e+00  <none>
            s1_CtauRes    5.0000e-01    7.8979e-01 +/-  4.58e-01  <none>

# STAGE: ctauRes
# CMD: /opt/conda/envs/root618/bin/root -l -b -q 'CtauRes.C(25,27.5,0,1.6,0,180)'

