
Processing CtauErr.C(15,17.5,0,1.6,0,180)...

[1mRooFit v3.60 -- Developed by Wouter Verkerke and David Kirkby[0m 
                Copyright (C) 2000-2013 NIKHEF, University of California & Stanford University
                All rights reserved, please read http://roofit.sourceforge.net/license.txt

RooDataSet::datasetW[ctau3D,mass,pt,y,weight,ctau3DRes,ctau3DErr,pt1,pt2,eta1,eta2,recoQQsign,cBin] = 10158 entries
Weight : 1
pt: 15-17.5, y: 0-1.6, Cent: 0-180%
####################################
 nBin : 100

*************** Start SPLOT *****************

Sig Yield: 123798 +/- 192688
Bkg Yield: 1.50942e+06 +/- 669367
[INFO] Jpsi yield -> Mass Fit:123798, sWeights :123798
[INFO] Bkg  yield -> Mass Fit:1.50942e+06, sWeights :1.50942e+06
Info in <TCanvas::MakeDefCanvas>:  created default TCanvas with name c1
ctauErrMax : 0.0594007 ctauErrMin : 0.0108009
 BinWidth : 0.00179999
 newBins : 27
10158
10158
0.0108009, 0.0594007
Tot evt: (10158)
Res evt: (10150)
lost evt: (0.0787557)%, 10150evts

************** Finished SPLOT *****************

Info in <TCanvas::Print>: pdf file figs/2DFit_No_Weight/CtauErr/ctauErr_pt15.0-17.5_y0.0-1.6_muPt0.0_centrality0-180_PRw_Effw0_Accw0_PtW0_TnP0.pdf has been created
# STAGE: ctauErr
# CMD: /opt/conda/envs/root618/bin/root -l -b -q 'CtauErr.C(15,17.5,0,1.6,0,180)'

