
Processing CtauRes.C(3,40,1.6,2.4,20,60)...

[1mRooFit v3.60 -- Developed by Wouter Verkerke and David Kirkby[0m 
                Copyright (C) 2000-2013 NIKHEF, University of California & Stanford University
                All rights reserved, please read http://roofit.sourceforge.net/license.txt

******** New Combined Dataset ***********
RooRealVar::ctau3DRes = 8.55971  L(-100000 - 100000) 

*************** Start Res Fit *****************

N_Jpsi: 1e+08+/-0
NBins: 72
Fit Range: -10 - 0
0.0344408 to 8.64145e+08
###
Tot evt: (104751)
Res evt: (104007)
lost evt: (99.2897)%, 104007evts
Min: -10, Max: 0
s1: 0.819638

************* Finished Sig Res Fit ****************

Info in <TCanvas::Print>: pdf file figs/2DFit_No_Weight/CtauRes/CtauRes_pt3.0-40.0_y1.6-2.4_muPt0.0_centrality20-60_PRw_Effw0_Accw0_PtW0_TnP0.pdf has been created

  RooFitResult: minimized FCN value: -170612, estimated distance to minimum: 27.7392
                covariance matrix quality: Unknown, matrix was externally provided
                Status : MINIMIZE=0 HESSE=0 HESSE=0 

    Constant Parameter    Value     
  --------------------  ------------
                   One    1.0000e+00
         ctau1_CtauRes    0.0000e+00
         ctau2_CtauRes    0.0000e+00
         ctau3_CtauRes    0.0000e+00

    Floating Parameter  InitialValue    FinalValue +/-  Error     GblCorr.
  --------------------  ------------  --------------------------  --------
                N_Jpsi    1.0000e+08    2.7007e+04 +/-  1.51e+02  <none>
            f2_CtauRes    3.1000e-01    1.6185e-01 +/-  2.85e-02  <none>
             f_CtauRes    3.1000e-01    4.7457e-01 +/-  1.27e-01  <none>
          rS21_CtauRes    8.0000e-01    1.7430e+00 +/-  5.17e-02  <none>
          rS32_CtauRes    2.2000e+00    2.4703e+00 +/-  1.76e-01  <none>
            s1_CtauRes    5.0000e-01    8.1964e-01 +/-  6.97e-02  <none>

# STAGE: ctauRes
# CMD: /opt/conda/envs/root618/bin/root -l -b -q 'CtauRes.C(3,40,1.6,2.4,20,60)'

