
Processing CtauRes.C(20,40,1.6,2.4,0,180)...

[1mRooFit v3.60 -- Developed by Wouter Verkerke and David Kirkby[0m 
                Copyright (C) 2000-2013 NIKHEF, University of California & Stanford University
                All rights reserved, please read http://roofit.sourceforge.net/license.txt

******** New Combined Dataset ***********
RooRealVar::ctau3DRes = 1.36155  L(-100000 - 100000) 

*************** Start Res Fit *****************

N_Jpsi: 1e+08+/-0
NBins: 72
Fit Range: -6.11111 - 0
0.000634444 to 24233.2
###
Tot evt: (626)
Res evt: (610)
lost evt: (97.4441)%, 610evts
Min: -6.11111, Max: 0
s1: 0.195159

************* Finished Sig Res Fit ****************

Info in <TCanvas::Print>: pdf file figs/2DFit_No_Weight/CtauRes/CtauRes_pt20.0-40.0_y1.6-2.4_muPt0.0_centrality0-180_PRw_Effw0_Accw0_PtW0_TnP0.pdf has been created

  RooFitResult: minimized FCN value: -0.201822, estimated distance to minimum: 2.43645
                covariance matrix quality: Unknown, matrix was externally provided
                Status : MINIMIZE=-1 HESSE=4 HESSE=4 

    Constant Parameter    Value     
  --------------------  ------------
                   One    1.0000e+00
         ctau1_CtauRes    0.0000e+00
         ctau2_CtauRes    0.0000e+00
         ctau3_CtauRes    0.0000e+00

    Floating Parameter  InitialValue    FinalValue +/-  Error     GblCorr.
  --------------------  ------------  --------------------------  --------
                N_Jpsi    1.0000e+08    1.7541e+01 +/-  1.58e+00  <none>
            f2_CtauRes    3.1000e-01    5.3815e-01 +/-  3.86e-01  <none>
             f_CtauRes    3.1000e-01    1.2287e-02 +/-  5.45e-02  <none>
          rS21_CtauRes    8.0000e-01    2.9993e+00 +/-  4.63e-02  <none>
          rS32_CtauRes    2.2000e+00    3.0921e+00 +/-  9.95e-01  <none>
            s1_CtauRes    5.0000e-01    1.9516e-01 +/-  1.05e-01  <none>

# STAGE: ctauRes
# CMD: /opt/conda/envs/root618/bin/root -l -b -q 'CtauRes.C(20,40,1.6,2.4,0,180)'

