
Processing CtauRes.C(15,17.5,0,1.6,0,180)...

[1mRooFit v3.60 -- Developed by Wouter Verkerke and David Kirkby[0m 
                Copyright (C) 2000-2013 NIKHEF, University of California & Stanford University
                All rights reserved, please read http://roofit.sourceforge.net/license.txt

******** New Combined Dataset ***********
RooRealVar::ctau3DRes = 1.06586  L(-100000 - 100000) 

*************** Start Res Fit *****************

N_Jpsi: 1e+08+/-0
NBins: 72
Fit Range: -3.88889 - 0
0.0322828 to 2.67756e+09
###
Tot evt: (2499)
Res evt: (2434)
lost evt: (97.399)%, 2434evts
Min: -3.88889, Max: 0
s1: 0.814035

************* Finished Sig Res Fit ****************

Info in <TCanvas::Print>: pdf file figs/2DFit_No_Weight/CtauRes/CtauRes_pt15.0-17.5_y0.0-1.6_muPt0.0_centrality0-180_PRw_Effw0_Accw0_PtW0_TnP0.pdf has been created

  RooFitResult: minimized FCN value: -1.30337e+07, estimated distance to minimum: 57395.3
                covariance matrix quality: Unknown, matrix was externally provided
                Status : MINIMIZE=0 HESSE=0 HESSE=0 

    Constant Parameter    Value     
  --------------------  ------------
                   One    1.0000e+00
         ctau1_CtauRes    0.0000e+00
         ctau2_CtauRes    0.0000e+00
         ctau3_CtauRes    0.0000e+00

    Floating Parameter  InitialValue    FinalValue +/-  Error     GblCorr.
  --------------------  ------------  --------------------------  --------
                N_Jpsi    1.0000e+08    3.7518e+04 +/-  2.39e+03  <none>
            f2_CtauRes    3.1000e-01    5.0459e-01 +/-  3.64e+09  <none>
             f_CtauRes    3.1000e-01    7.2600e-01 +/-  3.66e+03  <none>
          rS21_CtauRes    8.0000e-01    1.7055e+00 +/-  9.96e+03  <none>
          rS32_CtauRes    2.2000e+00    9.9999e-01 +/-  3.64e+04  <none>
            s1_CtauRes    5.0000e-01    8.1404e-01 +/-  1.64e+03  <none>

# STAGE: ctauRes
# CMD: /opt/conda/envs/root618/bin/root -l -b -q 'CtauRes.C(15,17.5,0,1.6,0,180)'

