
Processing CtauRes.C(6.5,7.5,0,1.6,0,180)...

[1mRooFit v3.60 -- Developed by Wouter Verkerke and David Kirkby[0m 
                Copyright (C) 2000-2013 NIKHEF, University of California & Stanford University
                All rights reserved, please read http://roofit.sourceforge.net/license.txt

******** New Combined Dataset ***********
RooRealVar::ctau3DRes = 1.67006  L(-100000 - 100000) 

*************** Start Res Fit *****************

N_Jpsi: 1e+08+/-0
NBins: 72
Fit Range: -10 - 0
0.00734399 to 1.17361e+08
###
Tot evt: (12875)
Res evt: (12696)
lost evt: (98.6097)%, 12696evts
Min: -10, Max: 0
s1: 1

************* Finished Sig Res Fit ****************

Info in <TCanvas::Print>: pdf file figs/2DFit_No_Weight/CtauRes/CtauRes_pt6.5-7.5_y0.0-1.6_muPt0.0_centrality0-180_PRw_Effw0_Accw0_PtW0_TnP0.pdf has been created

  RooFitResult: minimized FCN value: -23101.3, estimated distance to minimum: 8.23318
                covariance matrix quality: Unknown, matrix was externally provided
                Status : MINIMIZE=0 HESSE=0 HESSE=0 

    Constant Parameter    Value     
  --------------------  ------------
                   One    1.0000e+00
         ctau1_CtauRes    0.0000e+00
         ctau2_CtauRes    0.0000e+00
         ctau3_CtauRes    0.0000e+00

    Floating Parameter  InitialValue    FinalValue +/-  Error     GblCorr.
  --------------------  ------------  --------------------------  --------
                N_Jpsi    1.0000e+08    4.5897e+03 +/-  6.41e+01  <none>
            f2_CtauRes    3.1000e-01    1.0001e-06 +/-  4.10e-07  <none>
             f_CtauRes    3.1000e-01    8.2433e-01 +/-  1.79e-02  <none>
          rS21_CtauRes    8.0000e-01    3.0000e+00 +/-  1.90e-03  <none>
          rS32_CtauRes    2.2000e+00    4.9250e+00 +/-  6.08e-01  <none>
            s1_CtauRes    5.0000e-01    1.0000e+00 +/-  3.30e-04  <none>

# STAGE: ctauRes
# CMD: /opt/conda/envs/root618/bin/root -l -b -q 'CtauRes.C(6.5,7.5,0,1.6,0,180)'

