
Processing CtauErr.C(3,40,1.6,2.4,60,100)...

[1mRooFit v3.60 -- Developed by Wouter Verkerke and David Kirkby[0m 
                Copyright (C) 2000-2013 NIKHEF, University of California & Stanford University
                All rights reserved, please read http://roofit.sourceforge.net/license.txt

RooDataSet::datasetW[ctau3D,mass,pt,y,weight,ctau3DRes,ctau3DErr,pt1,pt2,eta1,eta2,recoQQsign,cBin] = 105510 entries
Weight : 1
pt: 3-40, y: 1.6-2.4, Cent: 60-100%
####################################
 nBin : 100

*************** Start SPLOT *****************

Sig Yield: 43782.3 +/- 339.156
Bkg Yield: 66208 +/- 370.46
[INFO] Jpsi yield -> Mass Fit:43782.3, sWeights :43782.3
[INFO] Bkg  yield -> Mass Fit:66208, sWeights :66208
Info in <TCanvas::MakeDefCanvas>:  created default TCanvas with name c1
ctauErrMax : 0.1764 ctauErrMin : 0.0108009
 BinWidth : 0.00179999
 newBins : 91
105510
105510
0.0108009, 0.1764
Tot evt: (105510)
Res evt: (105488)
lost evt: (0.0208511)%, 105488evts

************** Finished SPLOT *****************

Info in <TCanvas::Print>: pdf file figs/2DFit_No_Weight/CtauErr/ctauErr_pt3.0-40.0_y1.6-2.4_muPt0.0_centrality60-100_PRw_Effw0_Accw0_PtW0_TnP0.pdf has been created
# STAGE: ctauErr
# CMD: /opt/conda/envs/root618/bin/root -l -b -q 'CtauErr.C(3,40,1.6,2.4,60,100)'

