
Processing CtauRes.C(20,22.5,0,1.6,0,180)...

[1mRooFit v3.60 -- Developed by Wouter Verkerke and David Kirkby[0m 
                Copyright (C) 2000-2013 NIKHEF, University of California & Stanford University
                All rights reserved, please read http://roofit.sourceforge.net/license.txt

******** New Combined Dataset ***********
RooRealVar::ctau3DRes = 48.9627  L(-100000 - 100000) 

*************** Start Res Fit *****************

N_Jpsi: 1e+08+/-0
NBins: 72
Fit Range: -4.44444 - 0
0.000897384 to 1.44766e+07
###
Tot evt: (719)
Res evt: (711)
lost evt: (98.8873)%, 711evts
Min: -4.44444, Max: 0
s1: 0.900415

************* Finished Sig Res Fit ****************

Info in <TCanvas::Print>: pdf file figs/2DFit_No_Weight/CtauRes/CtauRes_pt20.0-22.5_y0.0-1.6_muPt0.0_centrality0-180_PRw_Effw0_Accw0_PtW0_TnP0.pdf has been created

  RooFitResult: minimized FCN value: -939.02, estimated distance to minimum: 1362.46
                covariance matrix quality: Unknown, matrix was externally provided
                Status : MINIMIZE=-1 HESSE=4 HESSE=4 

    Constant Parameter    Value     
  --------------------  ------------
                   One    1.0000e+00
         ctau1_CtauRes    0.0000e+00
         ctau2_CtauRes    0.0000e+00
         ctau3_CtauRes    0.0000e+00

    Floating Parameter  InitialValue    FinalValue +/-  Error     GblCorr.
  --------------------  ------------  --------------------------  --------
                N_Jpsi    1.0000e+08    3.8140e+02 +/-  1.30e+01  <none>
            f2_CtauRes    3.1000e-01    1.6690e-01 +/-  4.58e+00  <none>
             f_CtauRes    3.1000e-01    8.8717e-01 +/-  1.21e+00  <none>
          rS21_CtauRes    8.0000e-01    2.9958e+00 +/-  3.18e-02  <none>
          rS32_CtauRes    2.2000e+00    1.9562e-01 +/-  6.80e+01  <none>
            s1_CtauRes    5.0000e-01    9.0042e-01 +/-  9.87e-01  <none>

# STAGE: ctauRes
# CMD: /opt/conda/envs/root618/bin/root -l -b -q 'CtauRes.C(20,22.5,0,1.6,0,180)'

