
Processing CtauTrue.C(13,15,0,1.6,0,180)...

[1mRooFit v3.60 -- Developed by Wouter Verkerke and David Kirkby[0m 
                Copyright (C) 2000-2013 NIKHEF, University of California & Stanford University
                All rights reserved, please read http://roofit.sourceforge.net/license.txt

pt13.0-15.0_y0.0-1.6_muPt0.0_centrality0-180
RooDataSet::reducedDS_MC[ctau3Dtrue,mass,pt,y,weight:weight] = 370634 entries (3.2745e+06 weighted)
RooRealVar::ctau3Dtrue = 0.0839846  L(1e-06 - 3) // [mm]

************ Start MC Ctau True Fit ***************


************ 2 ***************


************ 3 ***************


************ 4 ***************


************ 5 ***************

RooArgSet::dependents = (ctau3Dtrue)
RooSetProxy::!refCoefNorm = (ctau3Dtrue)
RooArgSet::dependents = (ctau3Dtrue)
RooSetProxy::!refCoefNorm = (ctau3Dtrue)
RooArgSet::dependents = (ctau3Dtrue)
RooArgSet::dependents = (ctau3Dtrue)
RooArgSet::dependents = (ctau3Dtrue)
RooArgSet::dependents = (ctau3Dtrue)
RooArgSet::dependents = (ctau3Dtrue)
RooArgSet::dependents = (ctau3Dtrue)
RooArgSet::dependents = (ctau3Dtrue)
RooArgSet::dependents = (ctau3Dtrue)
RooSetProxy::!refCoefNorm = (ctau3Dtrue)
RooSetProxy::!refCoefNorm = (ctau3Dtrue)
RooSetProxy::!refCoefNorm = (ctau3Dtrue)
RooSetProxy::!refCoefNorm = (ctau3Dtrue)
RooSetProxy::!refCoefNorm = (ctau3Dtrue)
RooSetProxy::!refCoefNorm = (ctau3Dtrue)
RooSetProxy::!refCoefNorm = (ctau3Dtrue)
RooSetProxy::!refCoefNorm = (ctau3Dtrue)
RooArgSet::dependents = (ctau3Dtrue)
RooSetProxy::!refCoefNorm = (ctau3Dtrue)
RooArgSet::dependents = (ctau3Dtrue)
RooArgSet::dependents = (ctau3Dtrue)
RooSetProxy::!refCoefNorm = (ctau3Dtrue)
RooArgSet::dependents = (ctau3Dtrue)
RooArgSet::dependents = (ctau3Dtrue)
RooSetProxy::!refCoefNorm = (ctau3Dtrue)
RooSetProxy::!refCoefNorm = (ctau3Dtrue)
RooSetProxy::!refCoefNorm = (ctau3Dtrue)
RooArgSet::dependents = (ctau3Dtrue)
RooArgSet::dependents = (ctau3Dtrue)
RooArgSet::dependents = (ctau3Dtrue)
RooSetProxy::!refCoefNorm = (ctau3Dtrue)
RooSetProxy::!refCoefNorm = (ctau3Dtrue)
RooSetProxy::!refCoefNorm = (ctau3Dtrue)
RooArgSet::dependents = (ctau3Dtrue)
RooArgSet::dependents = (ctau3Dtrue)
RooSetProxy::!refCoefNorm = (ctau3Dtrue)
RooSetProxy::!refCoefNorm = (ctau3Dtrue)
RooArgSet::dependents = (ctau3Dtrue)
RooSetProxy::!refCoefNorm = (ctau3Dtrue)
RooArgSet::dependents = (ctau3Dtrue)
RooSetProxy::!refCoefNorm = (ctau3Dtrue)
RooArgSet::dependents = (ctau3Dtrue)
RooSetProxy::!refCoefNorm = (ctau3Dtrue)
RooArgSet::dependents = (ctau3Dtrue)
RooArgSet::dependents = (ctau3Dtrue)
RooSetProxy::!refCoefNorm = (ctau3Dtrue)
RooArgSet::dependents = (ctau3Dtrue)
RooSetProxy::!refCoefNorm = (ctau3Dtrue)
RooSetProxy::!refCoefNorm = (ctau3Dtrue)
RooArgSet::dependents = (ctau3Dtrue)
RooArgSet::dependents = (ctau3Dtrue)
RooSetProxy::!refCoefNorm = (ctau3Dtrue)
RooSetProxy::!refCoefNorm = (ctau3Dtrue)
RooArgSet::dependents = (ctau3Dtrue)
RooArgSet::dependents = (ctau3Dtrue)
RooSetProxy::!refCoefNorm = (ctau3Dtrue)
RooSetProxy::!refCoefNorm = (ctau3Dtrue)
RooArgSet::dependents = (ctau3Dtrue)
RooSetProxy::!refCoefNorm = (ctau3Dtrue)
RooArgSet::dependents = (ctau3Dtrue)
RooArgSet::dependents = (ctau3Dtrue)
RooSetProxy::!refCoefNorm = (ctau3Dtrue)
RooSetProxy::!refCoefNorm = (ctau3Dtrue)
RooArgSet::dependents = (ctau3Dtrue)
RooSetProxy::!refCoefNorm = (ctau3Dtrue)

  RooFitResult: minimized FCN value: -1.24767e+09, estimated distance to minimum: 458045
                covariance matrix quality: Unknown, matrix was externally provided
                Status : MINIMIZE=-1 HESSE=4 HESSE=4 

    Floating Parameter  InitialValue    FinalValue +/-  Error     GblCorr.
  --------------------  ------------  --------------------------  --------
             N_Jpsi_MC    3.7063e+05    7.4127e+05 +/-  6.62e-03  <none>
                  fDSS    5.0000e-01    7.6197e-01 +/-  1.78e+00  <none>
                 fDSS1    5.0000e-01    9.3494e-01 +/-  1.12e+00  <none>
             lambdaDSS    5.4000e-01    3.3222e-01 +/-  9.47e-02  <none>
            lambdaDSS2    4.6200e-01    5.1147e-01 +/-  2.51e-01  <none>
            lambdaDSS3    3.4100e-01    4.9321e-01 +/-  9.31e-01  <none>

Info in <TCanvas::Print>: pdf file figs/2DFit_No_Weight/CtauTrue/ctauTrue_Inclusive_pt13.0-15.0_y0.0-1.6_muPt0.0_centrality0-180.pdf has been created
RealTime=57.561476 seconds, CpuTime=8.190000 seconds

************ Finished MC Ctau True Fit ***************

# STAGE: ctauTrue
# CMD: /opt/conda/envs/root618/bin/root -l -b -q 'CtauTrue.C(13,15,0,1.6,0,180)'

