
Processing CtauErr.C(6.5,8.5,1.6,2.4,0,180)...

[1mRooFit v3.60 -- Developed by Wouter Verkerke and David Kirkby[0m 
                Copyright (C) 2000-2013 NIKHEF, University of California & Stanford University
                All rights reserved, please read http://roofit.sourceforge.net/license.txt

RooDataSet::datasetW[ctau3D,mass,pt,y,weight,ctau3DRes,ctau3DErr,pt1,pt2,eta1,eta2,recoQQsign,cBin] = 89790 entries
Weight : 1
pt: 6.5-8.5, y: 1.6-2.4, Cent: 0-180%
####################################
 nBin : 100

*************** Start SPLOT *****************

Sig Yield: 38694.6 +/- 263.618
Bkg Yield: 52585.7 +/- 288.702
[INFO] Jpsi yield -> Mass Fit:38694.6, sWeights :38694.6
[INFO] Bkg  yield -> Mass Fit:52585.7, sWeights :52585.7
Info in <TCanvas::MakeDefCanvas>:  created default TCanvas with name c1
ctauErrMax : 0.153 ctauErrMin : 0.0180009
 BinWidth : 0.00179999
 newBins : 75
89790
89790
0.0180009, 0.153
Tot evt: (89790)
Res evt: (89759)
lost evt: (0.034525)%, 89759evts

************** Finished SPLOT *****************

Info in <TCanvas::Print>: pdf file figs/2DFit_No_Weight/CtauErr/ctauErr_pt6.5-8.5_y1.6-2.4_muPt0.0_centrality0-180_PRw_Effw0_Accw0_PtW0_TnP0.pdf has been created
# STAGE: ctauErr
# CMD: /opt/conda/envs/root618/bin/root -l -b -q 'CtauErr.C(6.5,8.5,1.6,2.4,0,180)'

