
Processing CtauTrue.C(30,40,0,1.6,0,180)...

[1mRooFit v3.60 -- Developed by Wouter Verkerke and David Kirkby[0m 
                Copyright (C) 2000-2013 NIKHEF, University of California & Stanford University
                All rights reserved, please read http://roofit.sourceforge.net/license.txt

pt30.0-40.0_y0.0-1.6_muPt0.0_centrality0-180
RooDataSet::reducedDS_MC[ctau3Dtrue,mass,pt,y,weight:weight] = 101082 entries (261526 weighted)
RooRealVar::ctau3Dtrue = 0.0671782  L(1e-06 - 3) // [mm]

************ Start MC Ctau True Fit ***************


************ 2 ***************


************ 3 ***************


************ 4 ***************


************ 5 ***************

RooArgSet::dependents = (ctau3Dtrue)
RooSetProxy::!refCoefNorm = (ctau3Dtrue)
RooArgSet::dependents = (ctau3Dtrue)
RooSetProxy::!refCoefNorm = (ctau3Dtrue)
RooArgSet::dependents = (ctau3Dtrue)
RooArgSet::dependents = (ctau3Dtrue)
RooArgSet::dependents = (ctau3Dtrue)
RooArgSet::dependents = (ctau3Dtrue)
RooArgSet::dependents = (ctau3Dtrue)
RooArgSet::dependents = (ctau3Dtrue)
RooArgSet::dependents = (ctau3Dtrue)
RooArgSet::dependents = (ctau3Dtrue)
RooSetProxy::!refCoefNorm = (ctau3Dtrue)
RooSetProxy::!refCoefNorm = (ctau3Dtrue)
RooSetProxy::!refCoefNorm = (ctau3Dtrue)
RooSetProxy::!refCoefNorm = (ctau3Dtrue)
RooSetProxy::!refCoefNorm = (ctau3Dtrue)
RooSetProxy::!refCoefNorm = (ctau3Dtrue)
RooSetProxy::!refCoefNorm = (ctau3Dtrue)
RooSetProxy::!refCoefNorm = (ctau3Dtrue)
RooArgSet::dependents = (ctau3Dtrue)
RooSetProxy::!refCoefNorm = (ctau3Dtrue)
RooArgSet::dependents = (ctau3Dtrue)
RooArgSet::dependents = (ctau3Dtrue)
RooSetProxy::!refCoefNorm = (ctau3Dtrue)
RooSetProxy::!refCoefNorm = (ctau3Dtrue)
RooArgSet::dependents = (ctau3Dtrue)
RooArgSet::dependents = (ctau3Dtrue)
RooArgSet::dependents = (ctau3Dtrue)
RooSetProxy::!refCoefNorm = (ctau3Dtrue)
RooArgSet::dependents = (ctau3Dtrue)
RooArgSet::dependents = (ctau3Dtrue)
RooSetProxy::!refCoefNorm = (ctau3Dtrue)
RooSetProxy::!refCoefNorm = (ctau3Dtrue)
RooSetProxy::!refCoefNorm = (ctau3Dtrue)
RooSetProxy::!refCoefNorm = (ctau3Dtrue)
RooArgSet::dependents = (ctau3Dtrue)
RooArgSet::dependents = (ctau3Dtrue)
RooArgSet::dependents = (ctau3Dtrue)
RooSetProxy::!refCoefNorm = (ctau3Dtrue)
RooArgSet::dependents = (ctau3Dtrue)
RooSetProxy::!refCoefNorm = (ctau3Dtrue)
RooSetProxy::!refCoefNorm = (ctau3Dtrue)
RooSetProxy::!refCoefNorm = (ctau3Dtrue)
RooArgSet::dependents = (ctau3Dtrue)
RooSetProxy::!refCoefNorm = (ctau3Dtrue)
RooArgSet::dependents = (ctau3Dtrue)
RooSetProxy::!refCoefNorm = (ctau3Dtrue)
RooArgSet::dependents = (ctau3Dtrue)
RooArgSet::dependents = (ctau3Dtrue)
RooSetProxy::!refCoefNorm = (ctau3Dtrue)
RooSetProxy::!refCoefNorm = (ctau3Dtrue)
RooArgSet::dependents = (ctau3Dtrue)
RooArgSet::dependents = (ctau3Dtrue)
RooSetProxy::!refCoefNorm = (ctau3Dtrue)
RooSetProxy::!refCoefNorm = (ctau3Dtrue)
RooArgSet::dependents = (ctau3Dtrue)
RooArgSet::dependents = (ctau3Dtrue)
RooSetProxy::!refCoefNorm = (ctau3Dtrue)
RooSetProxy::!refCoefNorm = (ctau3Dtrue)
RooArgSet::dependents = (ctau3Dtrue)
RooSetProxy::!refCoefNorm = (ctau3Dtrue)
RooArgSet::dependents = (ctau3Dtrue)
RooArgSet::dependents = (ctau3Dtrue)
RooSetProxy::!refCoefNorm = (ctau3Dtrue)
RooSetProxy::!refCoefNorm = (ctau3Dtrue)
RooArgSet::dependents = (ctau3Dtrue)
RooSetProxy::!refCoefNorm = (ctau3Dtrue)

  RooFitResult: minimized FCN value: -2.44697e+07, estimated distance to minimum: 1.03875e+07
                covariance matrix quality: Unknown, matrix was externally provided
                Status : MINIMIZE=-1 HESSE=4 HESSE=4 

    Floating Parameter  InitialValue    FinalValue +/-  Error     GblCorr.
  --------------------  ------------  --------------------------  --------
             N_Jpsi_MC    1.0108e+05    2.0216e+05 +/-  4.50e+00  <none>
                  fDSS    5.0000e-01    2.9869e-02 +/-  1.38e+02  <none>
                 fDSS1    5.0000e-01    1.3111e-01 +/-  2.16e+01  <none>
             lambdaDSS    5.4000e-01    1.8971e-01 +/-  5.61e+02  <none>
            lambdaDSS2    4.6200e-01    5.4416e-01 +/-  6.01e+00  <none>
            lambdaDSS3    3.4100e-01    3.5453e-01 +/-  6.69e+00  <none>

Info in <TCanvas::Print>: pdf file figs/2DFit_No_Weight/CtauTrue/ctauTrue_Inclusive_pt30.0-40.0_y0.0-1.6_muPt0.0_centrality0-180.pdf has been created
RealTime=22.377291 seconds, CpuTime=7.710000 seconds

************ Finished MC Ctau True Fit ***************

# STAGE: ctauTrue
# CMD: /opt/conda/envs/root618/bin/root -l -b -q 'CtauTrue.C(30,40,0,1.6,0,180)'

