
Processing CtauRes.C(6.5,8.5,1.6,2.4,0,180)...

[1mRooFit v3.60 -- Developed by Wouter Verkerke and David Kirkby[0m 
                Copyright (C) 2000-2013 NIKHEF, University of California & Stanford University
                All rights reserved, please read http://roofit.sourceforge.net/license.txt

******** New Combined Dataset ***********
RooRealVar::ctau3DRes = 8.55971  L(-100000 - 100000) 

*************** Start Res Fit *****************

N_Jpsi: 1e+08+/-0
NBins: 72
Fit Range: -10 - 0
0.0219705 to 4.01281e+08
###
Tot evt: (35792)
Res evt: (35445)
lost evt: (99.0305)%, 35445evts
Min: -10, Max: 0
s1: 0.84057

************* Finished Sig Res Fit ****************

Info in <TCanvas::Print>: pdf file figs/2DFit_No_Weight/CtauRes/CtauRes_pt6.5-8.5_y1.6-2.4_muPt0.0_centrality0-180_PRw_Effw0_Accw0_PtW0_TnP0.pdf has been created

  RooFitResult: minimized FCN value: -91083.9, estimated distance to minimum: 25.1488
                covariance matrix quality: Unknown, matrix was externally provided
                Status : MINIMIZE=-1 HESSE=4 HESSE=4 

    Constant Parameter    Value     
  --------------------  ------------
                   One    1.0000e+00
         ctau1_CtauRes    0.0000e+00
         ctau2_CtauRes    0.0000e+00
         ctau3_CtauRes    0.0000e+00

    Floating Parameter  InitialValue    FinalValue +/-  Error     GblCorr.
  --------------------  ------------  --------------------------  --------
                N_Jpsi    1.0000e+08    1.4631e+04 +/-  1.16e+02  <none>
            f2_CtauRes    3.1000e-01    1.8477e-01 +/-  7.11e-02  <none>
             f_CtauRes    3.1000e-01    5.3150e-01 +/-  2.66e-01  <none>
          rS21_CtauRes    8.0000e-01    1.7141e+00 +/-  1.43e-01  <none>
          rS32_CtauRes    2.2000e+00    2.5135e+00 +/-  4.39e-01  <none>
            s1_CtauRes    5.0000e-01    8.4057e-01 +/-  1.22e-01  <none>

# STAGE: ctauRes
# CMD: /opt/conda/envs/root618/bin/root -l -b -q 'CtauRes.C(6.5,8.5,1.6,2.4,0,180)'

