
Processing CtauErr.C(3,40,1.6,2.4,0,20)...

[1mRooFit v3.60 -- Developed by Wouter Verkerke and David Kirkby[0m 
                Copyright (C) 2000-2013 NIKHEF, University of California & Stanford University
                All rights reserved, please read http://roofit.sourceforge.net/license.txt

RooDataSet::datasetW[ctau3D,mass,pt,y,weight,ctau3DRes,ctau3DErr,pt1,pt2,eta1,eta2,recoQQsign,cBin] = 180400 entries
Weight : 1
pt: 3-40, y: 1.6-2.4, Cent: 0-20%
####################################
 nBin : 100

*************** Start SPLOT *****************

Sig Yield: 36296 +/- 460.224
Bkg Yield: 154565 +/- 574.582
[INFO] Jpsi yield -> Mass Fit:36296, sWeights :36296
[INFO] Bkg  yield -> Mass Fit:154565, sWeights :154565
Info in <TCanvas::MakeDefCanvas>:  created default TCanvas with name c1
ctauErrMax : 0.1728 ctauErrMin : 0.0108009
 BinWidth : 0.00179999
 newBins : 90
180400
180400
0.0108009, 0.1728
Tot evt: (180400)
Res evt: (180389)
lost evt: (0.00609756)%, 180389evts

************** Finished SPLOT *****************

Info in <TCanvas::Print>: pdf file figs/2DFit_No_Weight/CtauErr/ctauErr_pt3.0-40.0_y1.6-2.4_muPt0.0_centrality0-20_PRw_Effw0_Accw0_PtW0_TnP0.pdf has been created
# STAGE: ctauErr
# CMD: /opt/conda/envs/root618/bin/root -l -b -q 'CtauErr.C(3,40,1.6,2.4,0,20)'

