
Processing CtauErr.C(11,13,0,1.6,0,180)...

[1mRooFit v3.60 -- Developed by Wouter Verkerke and David Kirkby[0m 
                Copyright (C) 2000-2013 NIKHEF, University of California & Stanford University
                All rights reserved, please read http://roofit.sourceforge.net/license.txt

RooDataSet::datasetW[ctau3D,mass,pt,y,weight,ctau3DRes,ctau3DErr,pt1,pt2,eta1,eta2,recoQQsign,cBin] = 26745 entries
Weight : 1
pt: 11-13, y: 0-1.6, Cent: 0-180%
####################################
 nBin : 100

*************** Start SPLOT *****************

Sig Yield: 20025.9 +/- 154.044
Bkg Yield: 7124.73 +/- 103.669
[INFO] Jpsi yield -> Mass Fit:20025.9, sWeights :20025.9
[INFO] Bkg  yield -> Mass Fit:7124.73, sWeights :7124.73
Info in <TCanvas::MakeDefCanvas>:  created default TCanvas with name c1
ctauErrMax : 0.0882005 ctauErrMin : 0.0126009
 BinWidth : 0.00179999
 newBins : 42
26745
26745
0.0126009, 0.0882005
Tot evt: (26745)
Res evt: (26733)
lost evt: (0.0448682)%, 26733evts

************** Finished SPLOT *****************

Info in <TCanvas::Print>: pdf file figs/2DFit_No_Weight/CtauErr/ctauErr_pt11.0-13.0_y0.0-1.6_muPt0.0_centrality0-180_PRw_Effw0_Accw0_PtW0_TnP0.pdf has been created
# STAGE: ctauErr
# CMD: /opt/conda/envs/root618/bin/root -l -b -q 'CtauErr.C(11,13,0,1.6,0,180)'

