
Processing CtauErr.C(8.5,12,1.6,2.4,0,180)...

[1mRooFit v3.60 -- Developed by Wouter Verkerke and David Kirkby[0m 
                Copyright (C) 2000-2013 NIKHEF, University of California & Stanford University
                All rights reserved, please read http://roofit.sourceforge.net/license.txt

RooDataSet::datasetW[ctau3D,mass,pt,y,weight,ctau3DRes,ctau3DErr,pt1,pt2,eta1,eta2,recoQQsign,cBin] = 44671 entries
Weight : 1
pt: 8.5-12, y: 1.6-2.4, Cent: 0-180%
####################################
 nBin : 100

*************** Start SPLOT *****************

Sig Yield: 27259 +/- 197.338
Bkg Yield: 18060.1 +/- 172.445
[INFO] Jpsi yield -> Mass Fit:27259, sWeights :27259
[INFO] Bkg  yield -> Mass Fit:18060.1, sWeights :18060.1
Info in <TCanvas::MakeDefCanvas>:  created default TCanvas with name c1
ctauErrMax : 0.126 ctauErrMin : 0.0144009
 BinWidth : 0.00179999
 newBins : 62
44671
44671
0.0144009, 0.126
Tot evt: (44671)
Res evt: (44657)
lost evt: (0.0313402)%, 44657evts

************** Finished SPLOT *****************

Info in <TCanvas::Print>: pdf file figs/2DFit_No_Weight/CtauErr/ctauErr_pt8.5-12.0_y1.6-2.4_muPt0.0_centrality0-180_PRw_Effw0_Accw0_PtW0_TnP0.pdf has been created
# STAGE: ctauErr
# CMD: /opt/conda/envs/root618/bin/root -l -b -q 'CtauErr.C(8.5,12,1.6,2.4,0,180)'

