
Processing CtauRes.C(3.5,4.5,1.6,2.4,0,180)...

[1mRooFit v3.60 -- Developed by Wouter Verkerke and David Kirkby[0m 
                Copyright (C) 2000-2013 NIKHEF, University of California & Stanford University
                All rights reserved, please read http://roofit.sourceforge.net/license.txt

******** New Combined Dataset ***********
RooRealVar::ctau3DRes = 6.11409  L(-100000 - 100000) 

*************** Start Res Fit *****************

N_Jpsi: 1e+08+/-0
NBins: 72
Fit Range: -10 - 0
0.00387785 to 9.58125e+08
###
Tot evt: (61684)
Res evt: (61262)
lost evt: (99.3159)%, 61262evts
Min: -10, Max: 0
s1: 0.7519

************* Finished Sig Res Fit ****************

Info in <TCanvas::Print>: pdf file figs/2DFit_No_Weight/CtauRes/CtauRes_pt3.5-4.5_y1.6-2.4_muPt0.0_centrality0-180_PRw_Effw0_Accw0_PtW0_TnP0.pdf has been created

  RooFitResult: minimized FCN value: -48401.6, estimated distance to minimum: 115.07
                covariance matrix quality: Unknown, matrix was externally provided
                Status : MINIMIZE=-1 HESSE=4 HESSE=4 

    Constant Parameter    Value     
  --------------------  ------------
                   One    1.0000e+00
         ctau1_CtauRes    0.0000e+00
         ctau2_CtauRes    0.0000e+00
         ctau3_CtauRes    0.0000e+00

    Floating Parameter  InitialValue    FinalValue +/-  Error     GblCorr.
  --------------------  ------------  --------------------------  --------
                N_Jpsi    1.0000e+08    1.0723e+04 +/-  8.65e+01  <none>
            f2_CtauRes    3.1000e-01    1.4522e-01 +/-  1.03e-02  <none>
             f_CtauRes    3.1000e-01    4.1809e-03 +/-  7.84e-02  <none>
          rS21_CtauRes    8.0000e-01    1.3965e+00 +/-  9.69e-02  <none>
          rS32_CtauRes    2.2000e+00    2.5570e+00 +/-  7.10e-02  <none>
            s1_CtauRes    5.0000e-01    7.5190e-01 +/-  3.62e-02  <none>

# STAGE: ctauRes
# CMD: /opt/conda/envs/root618/bin/root -l -b -q 'CtauRes.C(3.5,4.5,1.6,2.4,0,180)'

