
Processing CtauErr.C(6.5,7.5,0,1.6,0,180)...

[1mRooFit v3.60 -- Developed by Wouter Verkerke and David Kirkby[0m 
                Copyright (C) 2000-2013 NIKHEF, University of California & Stanford University
                All rights reserved, please read http://roofit.sourceforge.net/license.txt

RooDataSet::datasetW[ctau3D,mass,pt,y,weight,ctau3DRes,ctau3DErr,pt1,pt2,eta1,eta2,recoQQsign,cBin] = 31273 entries
Weight : 1
pt: 6.5-7.5, y: 0-1.6, Cent: 0-180%
####################################
 nBin : 100

*************** Start SPLOT *****************

Sig Yield: 12051.6 +/- 153.734
Bkg Yield: 19691.7 +/- 183.591
[INFO] Jpsi yield -> Mass Fit:12051.6, sWeights :12051.6
[INFO] Bkg  yield -> Mass Fit:19691.7, sWeights :19691.7
Info in <TCanvas::MakeDefCanvas>:  created default TCanvas with name c1
ctauErrMax : 0.1476 ctauErrMin : 0.0180009
 BinWidth : 0.00179999
 newBins : 71
31273
31273
0.0180009, 0.1476
Tot evt: (31273)
Res evt: (31266)
lost evt: (0.0223835)%, 31266evts

************** Finished SPLOT *****************

Info in <TCanvas::Print>: pdf file figs/2DFit_No_Weight/CtauErr/ctauErr_pt6.5-7.5_y0.0-1.6_muPt0.0_centrality0-180_PRw_Effw0_Accw0_PtW0_TnP0.pdf has been created
# STAGE: ctauErr
# CMD: /opt/conda/envs/root618/bin/root -l -b -q 'CtauErr.C(6.5,7.5,0,1.6,0,180)'

