
Processing CtauBkg_2exp.C(6.5,7.5,0,1.6,0,180)...

[1mRooFit v3.60 -- Developed by Wouter Verkerke and David Kirkby[0m 
                Copyright (C) 2000-2013 NIKHEF, University of California & Stanford University
                All rights reserved, please read http://roofit.sourceforge.net/license.txt

####################################
pt: 6.5-7.5, y: 0-1.6
******** New Combined Dataset ***********
RooRealVar::ctau3D = 0.0580677  L(-4 - 6.5) // [mm]
RooRealVar::ctau3DErr = 0.0347697  L(0.0183618 - 0.147276) // [mm]

************** Start BKG Ctau Fit *****************

N_Bkg : 19691.7+/-183.591
ctau1_CtauRes : 0
s1_CtauRes : 1
f_CtauRes : 0.824327+/-0.0178737
f2_CtauRes : 1.00006e-06+/-4.09895e-07
RooArgSet::dependents = (ctau3D,ctau3DErr)
RooSetProxy::!refCoefNorm = (ctau3D,ctau3DErr)
RooArgSet::dependents = (ctau3D,ctau3DErr)
RooSetProxy::!refCoefNorm = (ctau3D,ctau3DErr)
RooArgSet::dependents = (ctau3D,ctau3DErr)
RooArgSet::dependents = (ctau3D,ctau3DErr)
RooSetProxy::!refCoefNorm = (ctau3D,ctau3DErr)
RooArgSet::dependents = (ctau3D,ctau3DErr)
RooSetProxy::!refCoefNorm = (ctau3D,ctau3DErr)
RooArgSet::dependents = (ctau3D,ctau3DErr)
RooSetProxy::!refCoefNorm = (ctau3D,ctau3DErr)
RooSetProxy::!refCoefNorm = (ctau3D,ctau3DErr)
RooArgSet::dependents = (ctau3D,ctau3DErr)
RooArgSet::dependents = (ctau3D,ctau3DErr)
RooSetProxy::!refCoefNorm = (ctau3D,ctau3DErr)
RooArgSet::dependents = (ctau3D,ctau3DErr)
RooArgSet::dependents = (ctau3D,ctau3DErr)
RooSetProxy::!refCoefNorm = (ctau3D,ctau3DErr)
RooSetProxy::!refCoefNorm = (ctau3D,ctau3DErr)
RooSetProxy::!refCoefNorm = (ctau3D,ctau3DErr)
RooArgSet::dependents = (ctau3D,ctau3DErr)
RooSetProxy::!refCoefNorm = (ctau3D,ctau3DErr)
RooArgSet::dependents = (ctau3D,ctau3DErr)
RooSetProxy::!refCoefNorm = (ctau3D,ctau3DErr)
RooArgSet::dependents = (ctau3D,ctau3DErr)
RooSetProxy::!refCoefNorm = (ctau3D,ctau3DErr)
RooArgSet::dependents = (ctau3D,ctau3DErr)
RooSetProxy::!refCoefNorm = (ctau3D,ctau3DErr)
RooArgSet::dependents = (ctau3D,ctau3DErr)
RooSetProxy::!refCoefNorm = (ctau3D,ctau3DErr)
RooArgSet::dependents = (ctau3D,ctau3DErr)
RooArgSet::dependents = (ctau3D,ctau3DErr)
RooArgSet::dependents = (ctau3D,ctau3DErr)
RooSetProxy::!refCoefNorm = (ctau3D,ctau3DErr)
RooSetProxy::!refCoefNorm = (ctau3D,ctau3DErr)
RooSetProxy::!refCoefNorm = (ctau3D,ctau3DErr)
RooArgSet::dependents = (ctau3D,ctau3DErr)
RooSetProxy::!refCoefNorm = (ctau3D,ctau3DErr)
RooArgSet::dependents = (ctau3D,ctau3DErr)
RooArgSet::dependents = (ctau3D,ctau3DErr)
RooArgSet::dependents = (ctau3D,ctau3DErr)
RooSetProxy::!refCoefNorm = (ctau3D,ctau3DErr)
RooSetProxy::!refCoefNorm = (ctau3D,ctau3DErr)
RooArgSet::dependents = (ctau3D,ctau3DErr)
RooArgSet::dependents = (ctau3D,ctau3DErr)
RooSetProxy::!refCoefNorm = (ctau3D,ctau3DErr)
RooArgSet::dependents = (ctau3D,ctau3DErr)
RooArgSet::dependents = (ctau3D,ctau3DErr)
RooSetProxy::!refCoefNorm = (ctau3D,ctau3DErr)
RooSetProxy::!refCoefNorm = (ctau3D,ctau3DErr)
RooSetProxy::!refCoefNorm = (ctau3D,ctau3DErr)
RooSetProxy::!refCoefNorm = (ctau3D,ctau3DErr)
RooArgSet::dependents = (ctau3D,ctau3DErr)
RooSetProxy::!refCoefNorm = (ctau3D,ctau3DErr)
RooArgSet::dependents = (ctau3D,ctau3DErr)
RooArgSet::dependents = (ctau3D,ctau3DErr)
RooSetProxy::!refCoefNorm = (ctau3D,ctau3DErr)
RooSetProxy::!refCoefNorm = (ctau3D,ctau3DErr)
RooArgSet::dependents = (ctau3D,ctau3DErr)
RooSetProxy::!refCoefNorm = (ctau3D,ctau3DErr)
RooArgSet::dependents = (ctau3D,ctau3DErr)
RooSetProxy::!refCoefNorm = (ctau3D,ctau3DErr)
RooArgSet::dependents = (ctau3D,ctau3DErr)
RooArgSet::dependents = (ctau3D,ctau3DErr)
RooSetProxy::!refCoefNorm = (ctau3D,ctau3DErr)
RooArgSet::dependents = (ctau3D,ctau3DErr)
RooSetProxy::!refCoefNorm = (ctau3D,ctau3DErr)
RooSetProxy::!refCoefNorm = (ctau3D,ctau3DErr)
[#0] WARNING:Eval -- RooAddPdf::updateCoefCache(pdfCTAU1 WARNING: sum of PDF coefficients not in range [0-1], value=1.00189[#0] WARNING:Eval -- RooAddPdf::updateCoefCache(pdfCTAU1 WARNING: sum of PDF coefficients not in range [0-1], value=1.00189[#0] WARNING:Eval -- RooAddPdf::updateCoefCache(pdfCTAU1 WARNING: sum of PDF coefficients not in range [0-1], value=1.00189[#0] WARNING:Eval -- 
[#0] WARNING:Eval -- 
[#0] WARNING:Eval -- RooAddPdf::updateCoefCache(pdfCTAU1 WARNING: sum of PDF coefficients not in range [0-1], value=1.00189[#0] WARNING:Eval -- RooAddPdf::updateCoefCache(pdfCTAU1 WARNING: sum of PDF coefficients not in range [0-1], value=1.00189[#0] WARNING:Eval -- 
[#0] WARNING:Eval -- RooAddPdf::updateCoefCache(pdfCTAU1 WARNING: sum of PDF coefficients not in range [0-1], value=1.00189[#0] WARNING:Eval -- RooAddPdf::updateCoefCache(pdfCTAU1 WARNING: sum of PDF coefficients not in range [0-1], value=1.00189[#0] WARNING:Eval -- RooAddPdf::updateCoefCache(pdfCTAU1 WARNING: sum of PDF coefficients not in range [0-1], value=1.00189[#0] WARNING:Eval -- 
[#0] WARNING:Eval -- RooAddPdf::updateCoefCache(pdfCTAU1 WARNING: sum of PDF coefficients not in range [0-1], value=1.00189[#0] WARNING:Eval -- 
[#0] WARNING:Eval -- 
[#0] WARNING:Eval -- RooAddPdf::updateCoefCache(pdfCTAU1 WARNING: sum of PDF coefficients not in range [0-1], value=1.00189[#0] WARNING:Eval -- 
[#0] WARNING:Eval -- 
[#0] WARNING:Eval -- RooAddPdf::updateCoefCache(pdfCTAU1 WARNING: sum of PDF coefficients not in range [0-1], value=1.00189[#0] WARNING:Eval -- 
[#0] WARNING:Eval -- RooAddPdf::updateCoefCache(pdfCTAU1 WARNING: sum of PDF coefficients not in range [0-1], value=1.00189[#0] WARNING:Eval -- RooAddPdf::updateCoefCache(pdfCTAU1 WARNING: sum of PDF coefficients not in range [0-1], value=1.00189[#0] WARNING:Eval -- RooAddPdf::updateCoefCache(pdfCTAU1 WARNING: sum of PDF coefficients not in range [0-1], value=1.00189[#0] WARNING:Eval -- 
[#0] WARNING:Eval -- RooAddPdf::updateCoefCache(pdfCTAU1 WARNING: sum of PDF coefficients not in range [0-1], value=1.00189[#0] WARNING:Eval -- RooAddPdf::updateCoefCache(pdfCTAU1 WARNING: sum of PDF coefficients not in range [0-1], value=1.00189[#0] WARNING:Eval -- 
[#0] WARNING:Eval -- RooAddPdf::updateCoefCache(pdfCTAU1 WARNING: sum of PDF coefficients not in range [0-1], value=1.00189[#0] WARNING:Eval -- 
[#0] WARNING:Eval -- 
[#0] WARNING:Eval -- 
[#0] WARNING:Eval -- RooAddPdf::updateCoefCache(pdfCTAU1 WARNING: sum of PDF coefficients not in range [0-1], value=1.00189[#0] WARNING:Eval -- 
[#0] WARNING:Eval -- 
[#0] WARNING:Eval -- RooAddPdf::updateCoefCache(pdfCTAU1 WARNING: sum of PDF coefficients not in range [0-1], value=1.00189[#0] WARNING:Eval -- RooAddPdf::updateCoefCache(pdfCTAU1 WARNING: sum of PDF coefficients not in range [0-1], value=1.00189[#0] WARNING:Eval -- 
[#0] WARNING:Eval -- RooAddPdf::updateCoefCache(pdfCTAU1 WARNING: sum of PDF coefficients not in range [0-1], value=1.00189[#0] WARNING:Eval -- RooAddPdf::updateCoefCache(pdfCTAU1 WARNING: sum of PDF coefficients not in range [0-1], value=1.00189[#0] WARNING:Eval -- RooAddPdf::updateCoefCache(pdfCTAU1 WARNING: sum of PDF coefficients not in range [0-1], value=1.00189[#0] WARNING:Eval -- 
[#0] WARNING:Eval -- RooAddPdf::updateCoefCache(pdfCTAU1 WARNING: sum of PDF coefficients not in range [0-1], value=1.00189[#0] WARNING:Eval -- 
[#0] WARNING:Eval -- 
[#0] WARNING:Eval -- RooAddPdf::updateCoefCache(pdfCTAU1 WARNING: sum of PDF coefficients not in range [0-1], value=1.00189[#0] WARNING:Eval -- 
[#0] WARNING:Eval -- 
[#0] WARNING:Eval -- 
[#0] WARNING:Eval -- RooAddPdf::updateCoefCache(pdfCTAU1 WARNING: sum of PDF coefficients not in range [0-1], value=1.00189[#0] WARNING:Eval -- RooAddPdf::updateCoefCache(pdfCTAU1 WARNING: sum of PDF coefficients not in range [0-1], value=1.00189[#0] WARNING:Eval -- 
[#0] WARNING:Eval -- RooAddPdf::updateCoefCache(pdfCTAU1 WARNING: sum of PDF coefficients not in range [0-1], value=1.00189[#0] WARNING:Eval -- RooAddPdf::updateCoefCache(pdfCTAU1 WARNING: sum of PDF coefficients not in range [0-1], value=1.00189[#0] WARNING:Eval -- 
[#0] WARNING:Eval -- RooAddPdf::updateCoefCache(pdfCTAU1 WARNING: sum of PDF coefficients not in range [0-1], value=1.00189[#0] WARNING:Eval -- RooAddPdf::updateCoefCache(pdfCTAU1 WARNING: sum of PDF coefficients not in range [0-1], value=1.00189[#0] WARNING:Eval -- 
[#0] WARNING:Eval -- 
[#0] WARNING:Eval -- RooAddPdf::updateCoefCache(pdfCTAU1 WARNING: sum of PDF coefficients not in range [0-1], value=1.00189[#0] WARNING:Eval -- 
[#0] WARNING:Eval -- 
[#0] WARNING:Eval -- RooAddPdf::updateCoefCache(pdfCTAU1 WARNING: sum of PDF coefficients not in range [0-1], value=1.00189[#0] WARNING:Eval -- 
[#0] WARNING:Eval -- 
[#0] WARNING:Eval -- RooAddPdf::updateCoefCache(pdfCTAU1 WARNING: sum of PDF coefficients not in range [0-1], value=1.00189[#0] WARNING:Eval -- RooAddPdf::updateCoefCache(pdfCTAU1 WARNING: sum of PDF coefficients not in range [0-1], value=1.00189[#0] WARNING:Eval -- 
[#0] WARNING:Eval -- RooAddPdf::updateCoefCache(pdfCTAU1 WARNING: sum of PDF coefficients not in range [0-1], value=1.00189[#0] WARNING:Eval -- RooAddPdf::updateCoefCache(pdfCTAU1 WARNING: sum of PDF coefficients not in range [0-1], value=1.00189[#0] WARNING:Eval -- 
[#0] WARNING:Eval -- RooAddPdf::updateCoefCache(pdfCTAU1 WARNING: sum of PDF coefficients not in range [0-1], value=1.00189[#0] WARNING:Eval -- RooAddPdf::updateCoefCache(pdfCTAU1 WARNING: sum of PDF coefficients not in range [0-1], value=1.00189[#0] WARNING:Eval -- 
[#0] WARNING:Eval -- 
[#0] WARNING:Eval -- RooAddPdf::updateCoefCache(pdfCTAU1 WARNING: sum of PDF coefficients not in range [0-1], value=1.00189[#0] WARNING:Eval -- 
[#0] WARNING:Eval -- 
[#0] WARNING:Eval -- RooAddPdf::updateCoefCache(pdfCTAU1 WARNING: sum of PDF coefficients not in range [0-1], value=1.00189[#0] WARNING:Eval -- 
[#0] WARNING:Eval -- 
[#0] WARNING:Eval -- RooAddPdf::updateCoefCache(pdfCTAU1 WARNING: sum of PDF coefficients not in range [0-1], value=1.00189[#0] WARNING:Eval -- RooAddPdf::updateCoefCache(pdfCTAU1 WARNING: sum of PDF coefficients not in range [0-1], value=1.00189[#0] WARNING:Eval -- 
[#0] WARNING:Eval -- RooAddPdf::updateCoefCache(pdfCTAU1 WARNING: sum of PDF coefficients not in range [0-1], value=1.00189[#0] WARNING:Eval -- RooAddPdf::updateCoefCache(pdfCTAU1 WARNING: sum of PDF coefficients not in range [0-1], value=1.00189[#0] WARNING:Eval -- 
[#0] WARNING:Eval -- RooAddPdf::updateCoefCache(pdfCTAU1 WARNING: sum of PDF coefficients not in range [0-1], value=1.00189[#0] WARNING:Eval -- RooAddPdf::updateCoefCache(pdfCTAU1 WARNING: sum of PDF coefficients not in range [0-1], value=1.00189[#0] WARNING:Eval -- 
[#0] WARNING:Eval -- 
[#0] WARNING:Eval -- RooAddPdf::updateCoefCache(pdfCTAU1 WARNING: sum of PDF coefficients not in range [0-1], value=1.00189[#0] WARNING:Eval -- RooAddPdf::updateCoefCache(pdfCTAU1 WARNING: sum of PDF coefficients not in range [0-1], value=1.00189[#0] WARNING:Eval -- 
[#0] WARNING:Eval -- 
[#0] WARNING:Eval -- RooAddPdf::updateCoefCache(pdfCTAU1 WARNING: sum of PDF coefficients not in range [0-1], value=1.00189[#0] WARNING:Eval -- 
[#0] WARNING:Eval -- 
[#0] WARNING:Eval -- RooAddPdf::updateCoefCache(pdfCTAU1 WARNING: sum of PDF coefficients not in range [0-1], value=1.00189[#0] WARNING:Eval -- 
[#0] WARNING:Eval -- 
[#0] WARNING:Eval -- RooAddPdf::updateCoefCache(pdfCTAU1 WARNING: sum of PDF coefficients not in range [0-1], value=1.00189[#0] WARNING:Eval -- RooAddPdf::updateCoefCache(pdfCTAU1 WARNING: sum of PDF coefficients not in range [0-1], value=1.00189[#0] WARNING:Eval -- 
[#0] WARNING:Eval -- RooAddPdf::updateCoefCache(pdfCTAU1 WARNING: sum of PDF coefficients not in range [0-1], value=1.00189[#0] WARNING:Eval -- RooAddPdf::updateCoefCache(pdfCTAU1 WARNING: sum of PDF coefficients not in range [0-1], value=1.00189[#0] WARNING:Eval -- 
[#0] WARNING:Eval -- RooAddPdf::updateCoefCache(pdfCTAU1 WARNING: sum of PDF coefficients not in range [0-1], value=1.00189[#0] WARNING:Eval -- RooAddPdf::updateCoefCache(pdfCTAU1 WARNING: sum of PDF coefficients not in range [0-1], value=1.00189[#0] WARNING:Eval -- 
[#0] WARNING:Eval -- 
[#0] WARNING:Eval -- RooAddPdf::updateCoefCache(pdfCTAU1 WARNING: sum of PDF coefficients not in range [0-1], value=1.00189[#0] WARNING:Eval -- 
[#0] WARNING:Eval -- 
[#0] WARNING:Eval -- RooAddPdf::updateCoefCache(pdfCTAU1 WARNING: sum of PDF coefficients not in range [0-1], value=1.00189[#0] WARNING:Eval -- 
[#0] WARNING:Eval -- 
[#0] WARNING:Eval -- RooAddPdf::updateCoefCache(pdfCTAU1 WARNING: sum of PDF coefficients not in range [0-1], value=1.00189[#0] WARNING:Eval -- RooAddPdf::updateCoefCache(pdfCTAU1 WARNING: sum of PDF coefficients not in range [0-1], value=1.00189[#0] WARNING:Eval -- 
[#0] WARNING:Eval -- RooAddPdf::updateCoefCache(pdfCTAU1 WARNING: sum of PDF coefficients not in range [0-1], value=1.00189[#0] WARNING:Eval -- RooAddPdf::updateCoefCache(pdfCTAU1 WARNING: sum of PDF coefficients not in range [0-1], value=1.00189[#0] WARNING:Eval -- 
[#0] WARNING:Eval -- RooAddPdf::updateCoefCache(pdfCTAU1 WARNING: sum of PDF coefficients not in range [0-1], value=1.00189[#0] WARNING:Eval -- RooAddPdf::updateCoefCache(pdfCTAU1 WARNING: sum of PDF coefficients not in range [0-1], value=1.00189[#0] WARNING:Eval -- 
[#0] WARNING:Eval -- 
[#0] WARNING:Eval -- RooAddPdf::updateCoefCache(pdfCTAU1 WARNING: sum of PDF coefficients not in range [0-1], value=1.00189[#0] WARNING:Eval -- 
[#0] WARNING:Eval -- 
[#0] WARNING:Eval -- RooAddPdf::updateCoefCache(pdfCTAU1 WARNING: sum of PDF coefficients not in range [0-1], value=1.00189[#0] WARNING:Eval -- RooAddPdf::updateCoefCache(pdfCTAU1 WARNING: sum of PDF coefficients not in range [0-1], value=1.00189[#0] WARNING:Eval -- 
[#0] WARNING:Eval -- 
[#0] WARNING:Eval -- RooAddPdf::updateCoefCache(pdfCTAU1 WARNING: sum of PDF coefficients not in range [0-1], value=1.00189[#0] WARNING:Eval -- RooAddPdf::updateCoefCache(pdfCTAU1 WARNING: sum of PDF coefficients not in range [0-1], value=1.00189[#0] WARNING:Eval -- 
[#0] WARNING:Eval -- RooAddPdf::updateCoefCache(pdfCTAU1 WARNING: sum of PDF coefficients not in range [0-1], value=1.00189[#0] WARNING:Eval -- 
[#0] WARNING:Eval -- 
[#0] WARNING:Eval -- RooAddPdf::updateCoefCache(pdfCTAU1 WARNING: sum of PDF coefficients not in range [0-1], value=1.00189[#0] WARNING:Eval -- RooAddPdf::updateCoefCache(pdfCTAU1 WARNING: sum of PDF coefficients not in range [0-1], value=1.00189[#0] WARNING:Eval --  (no more will be printed)[#0] WARNING:Eval -- 
[#0] WARNING:Eval -- RooAddPdf::updateCoefCache(pdfCTAU1 WARNING: sum of PDF coefficients not in range [0-1], value=1.00189[#0] WARNING:Eval -- 
[#0] WARNING:Eval -- RooAddPdf::updateCoefCache(pdfCTAU1 WARNING: sum of PDF coefficients not in range [0-1], value=1.00189[#0] WARNING:Eval -- RooAddPdf::updateCoefCache(pdfCTAU1 WARNING: sum of PDF coefficients not in range [0-1], value=1.00189[#0] WARNING:Eval --  (no more will be printed)[#0] WARNING:Eval --  (no more will be printed)[#0] WARNING:Eval -- 
[#0] WARNING:Eval -- RooAddPdf::updateCoefCache(pdfCTAU1 WARNING: sum of PDF coefficients not in range [0-1], value=1.00189[#0] WARNING:Eval -- 
[#0] WARNING:Eval -- RooAddPdf::updateCoefCache(pdfCTAU1 WARNING: sum of PDF coefficients not in range [0-1], value=1.00189[#0] WARNING:Eval --  (no more will be printed)[#0] WARNING:Eval --  (no more will be printed)[#0] WARNING:Eval -- 
[#0] WARNING:Eval -- 
[#0] WARNING:Eval -- 
[#0] WARNING:Eval -- RooAddPdf::updateCoefCache(pdfCTAU1 WARNING: sum of PDF coefficients not in range [0-1], value=1.00189[#0] WARNING:Eval --  (no more will be printed)[#0] WARNING:Eval -- 
[#0] WARNING:Eval -- 
[#0] WARNING:Eval -- RooAddPdf::updateCoefCache(pdfCTAU1 WARNING: sum of PDF coefficients not in range [0-1], value=1.00189[#0] WARNING:Eval --  (no more will be printed)[#0] WARNING:Eval -- 
[#0] WARNING:Eval --  (no more will be printed)[#0] WARNING:Eval -- 
[#0] WARNING:Eval -- 
[#0] WARNING:Minization -- RooMinimizerFcn: Minimized function has error status.
Returning maximum FCN so far (-58722) to force MIGRAD to back out of this region. Error log follows
Parameter values: N_Bkg=19691.7, b_Bkg=0.4, fDF12=0.992689, fDFSS=1.00189, fDLIV=0.3, fDSS12=0.03, lambdaDDS_Bkg=0.4, lambdaDF_Bkg1=0.5, lambdaDF_Bkg2=0.51, lambdaDSS_Bkg1=0.3, lambdaDSS_Bkg2=0.3
PID1450390/RooRealMPFE::nll_pdfTot_Bkg_dataw_Bkg_620fb8ca8dc0_MPFE7[ arg=nll_pdfTot_Bkg_dataw_Bkg_GOF7 vars=(N_Bkg,b_Bkg,ctau1_CtauRes,ctau2_CtauRes,ctau3_CtauRes,f2_CtauRes,fDF12,fDFSS,fDLIV,fDSS12,f_CtauRes,lambdaDDS_Bkg,lambdaDF_Bkg1,lambdaDF_Bkg2,lambdaDSS_Bkg1,lambdaDSS_Bkg2,rS21_CtauRes,rS32_CtauRes,s1_CtauRes,zeroMean) ]
     p.d.f value is less than zero (-0.012233), forcing value to zero @ !refCoefNorm=(ctau3D = -0.439386,ctau3DErr = 0.0274341), !pdfs=(pdfCTAUDSS = 5.67212e-07/1,pdfCTAUDF = 6.46849/1), !coefficients=(fDFSS = 1.00189)
     p.d.f value is less than zero (-0.012304), forcing value to zero @ !refCoefNorm=(ctau3D = -0.243812,ctau3DErr = 0.0271245), !pdfs=(pdfCTAUDSS = 0.00576402/1,pdfCTAUDF = 9.55959/1), !coefficients=(fDFSS = 1.00189)
     p.d.f value is less than zero (-0.013287), forcing value to zero @ !refCoefNorm=(ctau3D = -0.397518,ctau3DErr = 0.0301671), !pdfs=(pdfCTAUDSS = 2.43989e-05/1,pdfCTAUDF = 7.03872/1), !coefficients=(fDFSS = 1.00189)
     p.d.f value is less than zero (-0.007014), forcing value to zero @ !refCoefNorm=(ctau3D = -0.719463,ctau3DErr = 0.0393899), !pdfs=(pdfCTAUDSS = 2.47278e-07/1,pdfCTAUDF = 3.70894/1), !coefficients=(fDFSS = 1.00189)
     p.d.f value is less than zero (-0.011833), forcing value to zero @ !refCoefNorm=(ctau3D = -0.455175,ctau3DErr = 0.0359087), !pdfs=(pdfCTAUDSS = 5.07191e-05/1,pdfCTAUDF = 6.28374/1), !coefficients=(fDFSS = 1.00189)
     p.d.f value is less than zero (-0.013611), forcing value to zero @ !refCoefNorm=(ctau3D = -0.325262,ctau3DErr = 0.0324945), !pdfs=(pdfCTAUDSS = 0.00177561/1,pdfCTAUDF = 8.13745/1), !coefficients=(fDFSS = 1.00189)
     p.d.f value is less than zero (-0.012279), forcing value to zero @ !refCoefNorm=(ctau3D = -0.255883,ctau3DErr = 0.0282691), !pdfs=(pdfCTAUDSS = 0.00536482/1,pdfCTAUDF = 9.33461/1), !coefficients=(fDFSS = 1.00189)
     p.d.f value is less than zero (-0.013271), forcing value to zero @ !refCoefNorm=(ctau3D = -0.320661,ctau3DErr = 0.0326996), !pdfs=(pdfCTAUDSS = 0.00225726/1,pdfCTAUDF = 8.21287/1), !coefficients=(fDFSS = 1.00189)
     p.d.f value is less than zero (-0.006035), forcing value to zero @ !refCoefNorm=(ctau3D = -0.793151,ctau3DErr = 0.0305366), !pdfs=(pdfCTAUDSS = 1.09564e-07/1,pdfCTAUDF = 3.19116/1), !coefficients=(fDFSS = 1.00189)
     p.d.f value is less than zero (-0.013542), forcing value to zero @ !refCoefNorm=(ctau3D = -0.305467,ctau3DErr = 0.0313753), !pdfs=(pdfCTAUDSS = 0.00245864/1,pdfCTAUDF = 8.46267/1), !coefficients=(fDFSS = 1.00189)
     p.d.f value is less than zero (-0.014901), forcing value to zero @ !refCoefNorm=(ctau3D = -0.331237,ctau3DErr = 0.0289487), !pdfs=(pdfCTAUDSS = 0.000291191/1,pdfCTAUDF = 8.03333/1), !coefficients=(fDFSS = 1.00189)
     p.d.f value is less than zero (-0.009259), forcing value to zero @ !refCoefNorm=(ctau3D = -0.578868,ctau3DErr = 0.0289509), !pdfs=(pdfCTAUDSS = 2.35659e-07/1,pdfCTAUDF = 4.89607/1), !coefficients=(fDFSS = 1.00189)
    ... (remaining 46 messages suppressed)

[#0] WARNING:Minization -- RooMinimizerFcn: Minimized function has error status.
Returning maximum FCN so far (-58722) to force MIGRAD to back out of this region. Error log follows
Parameter values: N_Bkg=19691.7, b_Bkg=0.4, fDF12=0.992689, fDFSS=1.00171, fDLIV=0.3, fDSS12=0.03, lambdaDDS_Bkg=0.4, lambdaDF_Bkg1=0.5, lambdaDF_Bkg2=0.51, lambdaDSS_Bkg1=0.3, lambdaDSS_Bkg2=0.3
PID1450390/RooRealMPFE::nll_pdfTot_Bkg_dataw_Bkg_620fb8ca8dc0_MPFE7[ arg=nll_pdfTot_Bkg_dataw_Bkg_GOF7 vars=(N_Bkg,b_Bkg,ctau1_CtauRes,ctau2_CtauRes,ctau3_CtauRes,f2_CtauRes,fDF12,fDFSS,fDLIV,fDSS12,f_CtauRes,lambdaDDS_Bkg,lambdaDF_Bkg1,lambdaDF_Bkg2,lambdaDSS_Bkg1,lambdaDSS_Bkg2,rS21_CtauRes,rS32_CtauRes,s1_CtauRes,zeroMean) ]
     p.d.f value is less than zero (-0.011054), forcing value to zero @ !refCoefNorm=(ctau3D = -0.439386,ctau3DErr = 0.0274341), !pdfs=(pdfCTAUDSS = 5.67212e-07/1,pdfCTAUDF = 6.46849/1), !coefficients=(fDFSS = 1.00171)
     p.d.f value is less than zero (-0.010563), forcing value to zero @ !refCoefNorm=(ctau3D = -0.243812,ctau3DErr = 0.0271245), !pdfs=(pdfCTAUDSS = 0.00576402/1,pdfCTAUDF = 9.55959/1), !coefficients=(fDFSS = 1.00171)
     p.d.f value is less than zero (-0.012004), forcing value to zero @ !refCoefNorm=(ctau3D = -0.397518,ctau3DErr = 0.0301671), !pdfs=(pdfCTAUDSS = 2.43989e-05/1,pdfCTAUDF = 7.03872/1), !coefficients=(fDFSS = 1.00171)
     p.d.f value is less than zero (-0.006338), forcing value to zero @ !refCoefNorm=(ctau3D = -0.719463,ctau3DErr = 0.0393899), !pdfs=(pdfCTAUDSS = 2.47278e-07/1,pdfCTAUDF = 3.70894/1), !coefficients=(fDFSS = 1.00171)
     p.d.f value is less than zero (-0.010688), forcing value to zero @ !refCoefNorm=(ctau3D = -0.455175,ctau3DErr = 0.0359087), !pdfs=(pdfCTAUDSS = 5.07191e-05/1,pdfCTAUDF = 6.28374/1), !coefficients=(fDFSS = 1.00171)
     p.d.f value is less than zero (-0.012128), forcing value to zero @ !refCoefNorm=(ctau3D = -0.325262,ctau3DErr = 0.0324945), !pdfs=(pdfCTAUDSS = 0.00177561/1,pdfCTAUDF = 8.13745/1), !coefficients=(fDFSS = 1.00171)
     p.d.f value is less than zero (-0.010579), forcing value to zero @ !refCoefNorm=(ctau3D = -0.255883,ctau3DErr = 0.0282691), !pdfs=(pdfCTAUDSS = 0.00536482/1,pdfCTAUDF = 9.33461/1), !coefficients=(fDFSS = 1.00171)
     p.d.f value is less than zero (-0.011774), forcing value to zero @ !refCoefNorm=(ctau3D = -0.320661,ctau3DErr = 0.0326996), !pdfs=(pdfCTAUDSS = 0.00225726/1,pdfCTAUDF = 8.21287/1), !coefficients=(fDFSS = 1.00171)
     p.d.f value is less than zero (-0.005453), forcing value to zero @ !refCoefNorm=(ctau3D = -0.793151,ctau3DErr = 0.0305366), !pdfs=(pdfCTAUDSS = 1.09564e-07/1,pdfCTAUDF = 3.19116/1), !coefficients=(fDFSS = 1.00171)
     p.d.f value is less than zero (-0.012000), forcing value to zero @ !refCoefNorm=(ctau3D = -0.305467,ctau3DErr = 0.0313753), !pdfs=(pdfCTAUDSS = 0.00245864/1,pdfCTAUDF = 8.46267/1), !coefficients=(fDFSS = 1.00171)
     p.d.f value is less than zero (-0.013437), forcing value to zero @ !refCoefNorm=(ctau3D = -0.331237,ctau3DErr = 0.0289487), !pdfs=(pdfCTAUDSS = 0.000291191/1,pdfCTAUDF = 8.03333/1), !coefficients=(fDFSS = 1.00171)
     p.d.f value is less than zero (-0.008367), forcing value to zero @ !refCoefNorm=(ctau3D = -0.578868,ctau3DErr = 0.0289509), !pdfs=(pdfCTAUDSS = 2.35659e-07/1,pdfCTAUDF = 4.89607/1), !coefficients=(fDFSS = 1.00171)
    ... (remaining 46 messages suppressed)

[#0] WARNING:Minization -- RooMinimizerFcn: Minimized function has error status.
Returning maximum FCN so far (-58722) to force MIGRAD to back out of this region. Error log follows
Parameter values: N_Bkg=19691.7, b_Bkg=0.4, fDF12=0.992689, fDFSS=1.00152, fDLIV=0.3, fDSS12=0.03, lambdaDDS_Bkg=0.4, lambdaDF_Bkg1=0.5, lambdaDF_Bkg2=0.51, lambdaDSS_Bkg1=0.3, lambdaDSS_Bkg2=0.3
PID1450390/RooRealMPFE::nll_pdfTot_Bkg_dataw_Bkg_620fb8ca8dc0_MPFE7[ arg=nll_pdfTot_Bkg_dataw_Bkg_GOF7 vars=(N_Bkg,b_Bkg,ctau1_CtauRes,ctau2_CtauRes,ctau3_CtauRes,f2_CtauRes,fDF12,fDFSS,fDLIV,fDSS12,f_CtauRes,lambdaDDS_Bkg,lambdaDF_Bkg1,lambdaDF_Bkg2,lambdaDSS_Bkg1,lambdaDSS_Bkg2,rS21_CtauRes,rS32_CtauRes,s1_CtauRes,zeroMean) ]
     p.d.f value is less than zero (-0.009862), forcing value to zero @ !refCoefNorm=(ctau3D = -0.439386,ctau3DErr = 0.0274341), !pdfs=(pdfCTAUDSS = 5.67212e-07/1,pdfCTAUDF = 6.46849/1), !coefficients=(fDFSS = 1.00152)
     p.d.f value is less than zero (-0.008803), forcing value to zero @ !refCoefNorm=(ctau3D = -0.243812,ctau3DErr = 0.0271245), !pdfs=(pdfCTAUDSS = 0.00576402/1,pdfCTAUDF = 9.55959/1), !coefficients=(fDFSS = 1.00152)
     p.d.f value is less than zero (-0.010707), forcing value to zero @ !refCoefNorm=(ctau3D = -0.397518,ctau3DErr = 0.0301671), !pdfs=(pdfCTAUDSS = 2.43989e-05/1,pdfCTAUDF = 7.03872/1), !coefficients=(fDFSS = 1.00152)
     p.d.f value is less than zero (-0.005655), forcing value to zero @ !refCoefNorm=(ctau3D = -0.719463,ctau3DErr = 0.0393899), !pdfs=(pdfCTAUDSS = 2.47278e-07/1,pdfCTAUDF = 3.70894/1), !coefficients=(fDFSS = 1.00152)
     p.d.f value is less than zero (-0.009530), forcing value to zero @ !refCoefNorm=(ctau3D = -0.455175,ctau3DErr = 0.0359087), !pdfs=(pdfCTAUDSS = 5.07191e-05/1,pdfCTAUDF = 6.28374/1), !coefficients=(fDFSS = 1.00152)
     p.d.f value is less than zero (-0.010629), forcing value to zero @ !refCoefNorm=(ctau3D = -0.325262,ctau3DErr = 0.0324945), !pdfs=(pdfCTAUDSS = 0.00177561/1,pdfCTAUDF = 8.13745/1), !coefficients=(fDFSS = 1.00152)
     p.d.f value is less than zero (-0.008859), forcing value to zero @ !refCoefNorm=(ctau3D = -0.255883,ctau3DErr = 0.0282691), !pdfs=(pdfCTAUDSS = 0.00536482/1,pdfCTAUDF = 9.33461/1), !coefficients=(fDFSS = 1.00152)
     p.d.f value is less than zero (-0.010261), forcing value to zero @ !refCoefNorm=(ctau3D = -0.320661,ctau3DErr = 0.0326996), !pdfs=(pdfCTAUDSS = 0.00225726/1,pdfCTAUDF = 8.21287/1), !coefficients=(fDFSS = 1.00152)
     p.d.f value is less than zero (-0.004865), forcing value to zero @ !refCoefNorm=(ctau3D = -0.793151,ctau3DErr = 0.0305366), !pdfs=(pdfCTAUDSS = 1.09564e-07/1,pdfCTAUDF = 3.19116/1), !coefficients=(fDFSS = 1.00152)
     p.d.f value is less than zero (-0.010441), forcing value to zero @ !refCoefNorm=(ctau3D = -0.305467,ctau3DErr = 0.0313753), !pdfs=(pdfCTAUDSS = 0.00245864/1,pdfCTAUDF = 8.46267/1), !coefficients=(fDFSS = 1.00152)
     p.d.f value is less than zero (-0.011957), forcing value to zero @ !refCoefNorm=(ctau3D = -0.331237,ctau3DErr = 0.0289487), !pdfs=(pdfCTAUDSS = 0.000291191/1,pdfCTAUDF = 8.03333/1), !coefficients=(fDFSS = 1.00152)
     p.d.f value is less than zero (-0.007465), forcing value to zero @ !refCoefNorm=(ctau3D = -0.578868,ctau3DErr = 0.0289509), !pdfs=(pdfCTAUDSS = 2.35659e-07/1,pdfCTAUDF = 4.89607/1), !coefficients=(fDFSS = 1.00152)
    ... (remaining 44 messages suppressed)

[#0] WARNING:Minization -- RooMinimizerFcn: Minimized function has error status.
Returning maximum FCN so far (-58722) to force MIGRAD to back out of this region. Error log follows
Parameter values: N_Bkg=19691.7, b_Bkg=0.4, fDF12=0.992689, fDFSS=1.00134, fDLIV=0.3, fDSS12=0.03, lambdaDDS_Bkg=0.4, lambdaDF_Bkg1=0.5, lambdaDF_Bkg2=0.51, lambdaDSS_Bkg1=0.3, lambdaDSS_Bkg2=0.3
PID1450390/RooRealMPFE::nll_pdfTot_Bkg_dataw_Bkg_620fb8ca8dc0_MPFE7[ arg=nll_pdfTot_Bkg_dataw_Bkg_GOF7 vars=(N_Bkg,b_Bkg,ctau1_CtauRes,ctau2_CtauRes,ctau3_CtauRes,f2_CtauRes,fDF12,fDFSS,fDLIV,fDSS12,f_CtauRes,lambdaDDS_Bkg,lambdaDF_Bkg1,lambdaDF_Bkg2,lambdaDSS_Bkg1,lambdaDSS_Bkg2,rS21_CtauRes,rS32_CtauRes,s1_CtauRes,zeroMean) ]
     p.d.f value is less than zero (-0.008657), forcing value to zero @ !refCoefNorm=(ctau3D = -0.439386,ctau3DErr = 0.0274341), !pdfs=(pdfCTAUDSS = 5.67212e-07/1,pdfCTAUDF = 6.46849/1), !coefficients=(fDFSS = 1.00134)
     p.d.f value is less than zero (-0.007023), forcing value to zero @ !refCoefNorm=(ctau3D = -0.243812,ctau3DErr = 0.0271245), !pdfs=(pdfCTAUDSS = 0.00576402/1,pdfCTAUDF = 9.55959/1), !coefficients=(fDFSS = 1.00134)
     p.d.f value is less than zero (-0.009396), forcing value to zero @ !refCoefNorm=(ctau3D = -0.397518,ctau3DErr = 0.0301671), !pdfs=(pdfCTAUDSS = 2.43989e-05/1,pdfCTAUDF = 7.03872/1), !coefficients=(fDFSS = 1.00134)
     p.d.f value is less than zero (-0.004964), forcing value to zero @ !refCoefNorm=(ctau3D = -0.719463,ctau3DErr = 0.0393899), !pdfs=(pdfCTAUDSS = 2.47278e-07/1,pdfCTAUDF = 3.70894/1), !coefficients=(fDFSS = 1.00134)
     p.d.f value is less than zero (-0.008359), forcing value to zero @ !refCoefNorm=(ctau3D = -0.455175,ctau3DErr = 0.0359087), !pdfs=(pdfCTAUDSS = 5.07191e-05/1,pdfCTAUDF = 6.28374/1), !coefficients=(fDFSS = 1.00134)
     p.d.f value is less than zero (-0.009113), forcing value to zero @ !refCoefNorm=(ctau3D = -0.325262,ctau3DErr = 0.0324945), !pdfs=(pdfCTAUDSS = 0.00177561/1,pdfCTAUDF = 8.13745/1), !coefficients=(fDFSS = 1.00134)
     p.d.f value is less than zero (-0.007122), forcing value to zero @ !refCoefNorm=(ctau3D = -0.255883,ctau3DErr = 0.0282691), !pdfs=(pdfCTAUDSS = 0.00536482/1,pdfCTAUDF = 9.33461/1), !coefficients=(fDFSS = 1.00134)
     p.d.f value is less than zero (-0.008732), forcing value to zero @ !refCoefNorm=(ctau3D = -0.320661,ctau3DErr = 0.0326996), !pdfs=(pdfCTAUDSS = 0.00225726/1,pdfCTAUDF = 8.21287/1), !coefficients=(fDFSS = 1.00134)
     p.d.f value is less than zero (-0.004271), forcing value to zero @ !refCoefNorm=(ctau3D = -0.793151,ctau3DErr = 0.0305366), !pdfs=(pdfCTAUDSS = 1.09564e-07/1,pdfCTAUDF = 3.19116/1), !coefficients=(fDFSS = 1.00134)
     p.d.f value is less than zero (-0.008865), forcing value to zero @ !refCoefNorm=(ctau3D = -0.305467,ctau3DErr = 0.0313753), !pdfs=(pdfCTAUDSS = 0.00245864/1,pdfCTAUDF = 8.46267/1), !coefficients=(fDFSS = 1.00134)
     p.d.f value is less than zero (-0.010460), forcing value to zero @ !refCoefNorm=(ctau3D = -0.331237,ctau3DErr = 0.0289487), !pdfs=(pdfCTAUDSS = 0.000291191/1,pdfCTAUDF = 8.03333/1), !coefficients=(fDFSS = 1.00134)
     p.d.f value is less than zero (-0.006553), forcing value to zero @ !refCoefNorm=(ctau3D = -0.578868,ctau3DErr = 0.0289509), !pdfs=(pdfCTAUDSS = 2.35659e-07/1,pdfCTAUDF = 4.89607/1), !coefficients=(fDFSS = 1.00134)
    ... (remaining 43 messages suppressed)

[#0] WARNING:Minization -- RooMinimizerFcn: Minimized function has error status.
Returning maximum FCN so far (-58722) to force MIGRAD to back out of this region. Error log follows
Parameter values: N_Bkg=4524.64, b_Bkg=0.228207, fDF12=0.999999, fDFSS=1.00998, fDLIV=0.972034, fDSS12=0.03, lambdaDDS_Bkg=0.995015, lambdaDF_Bkg1=0.999539, lambdaDF_Bkg2=0.49179, lambdaDSS_Bkg1=0.99101, lambdaDSS_Bkg2=0.453521
PID1450390/RooRealMPFE::nll_pdfTot_Bkg_dataw_Bkg_620fb8ca8dc0_MPFE7[ arg=nll_pdfTot_Bkg_dataw_Bkg_GOF7 vars=(N_Bkg,b_Bkg,ctau1_CtauRes,ctau2_CtauRes,ctau3_CtauRes,f2_CtauRes,fDF12,fDFSS,fDLIV,fDSS12,f_CtauRes,lambdaDDS_Bkg,lambdaDF_Bkg1,lambdaDF_Bkg2,lambdaDSS_Bkg1,lambdaDSS_Bkg2,rS21_CtauRes,rS32_CtauRes,s1_CtauRes,zeroMean) ]
     p.d.f value is less than zero (-0.050873), forcing value to zero @ !refCoefNorm=(ctau3D = -0.439386,ctau3DErr = 0.0274341), !pdfs=(pdfCTAUDSS = 4.13411e-07/1,pdfCTAUDF = 5.0989/1), !coefficients=(fDFSS = 1.00998)
     p.d.f value is less than zero (-0.057963), forcing value to zero @ !refCoefNorm=(ctau3D = -0.243812,ctau3DErr = 0.0271245), !pdfs=(pdfCTAUDSS = 0.00384593/1,pdfCTAUDF = 6.19879/1), !coefficients=(fDFSS = 1.00998)
     p.d.f value is less than zero (-0.053043), forcing value to zero @ !refCoefNorm=(ctau3D = -0.397518,ctau3DErr = 0.0301671), !pdfs=(pdfCTAUDSS = 1.62613e-05/1,pdfCTAUDF = 5.31801/1), !coefficients=(fDFSS = 1.00998)
     p.d.f value is less than zero (-0.038478), forcing value to zero @ !refCoefNorm=(ctau3D = -0.719463,ctau3DErr = 0.0393899), !pdfs=(pdfCTAUDSS = 1.95741e-07/1,pdfCTAUDF = 3.85658/1), !coefficients=(fDFSS = 1.00998)
     p.d.f value is less than zero (-0.050074), forcing value to zero @ !refCoefNorm=(ctau3D = -0.455175,ctau3DErr = 0.0359087), !pdfs=(pdfCTAUDSS = 3.3901e-05/1,pdfCTAUDF = 5.02222/1), !coefficients=(fDFSS = 1.00998)
     p.d.f value is less than zero (-0.055841), forcing value to zero @ !refCoefNorm=(ctau3D = -0.325262,ctau3DErr = 0.0324945), !pdfs=(pdfCTAUDSS = 0.00118765/1,pdfCTAUDF = 5.7171/1), !coefficients=(fDFSS = 1.00998)
     p.d.f value is less than zero (-0.057492), forcing value to zero @ !refCoefNorm=(ctau3D = -0.255883,ctau3DErr = 0.0282691), !pdfs=(pdfCTAUDSS = 0.00358269/1,pdfCTAUDF = 6.12496/1), !coefficients=(fDFSS = 1.00998)
     p.d.f value is less than zero (-0.020809), forcing value to zero @ !refCoefNorm=(ctau3D = -0.169394,ctau3DErr = 0.0264007), !pdfs=(pdfCTAUDSS = 0.0451537/1,pdfCTAUDF = 6.65651/1), !coefficients=(fDFSS = 1.00998)
     p.d.f value is less than zero (-0.019026), forcing value to zero @ !refCoefNorm=(ctau3D = -0.203664,ctau3DErr = 0.0317551), !pdfs=(pdfCTAUDSS = 0.0447175/1,pdfCTAUDF = 6.4336/1), !coefficients=(fDFSS = 1.00998)
     p.d.f value is less than zero (-0.055778), forcing value to zero @ !refCoefNorm=(ctau3D = -0.320661,ctau3DErr = 0.0326996), !pdfs=(pdfCTAUDSS = 0.00151067/1,pdfCTAUDF = 5.7434/1), !coefficients=(fDFSS = 1.00998)
     p.d.f value is less than zero (-0.035717), forcing value to zero @ !refCoefNorm=(ctau3D = -0.793151,ctau3DErr = 0.0305366), !pdfs=(pdfCTAUDSS = 8.25634e-08/1,pdfCTAUDF = 3.57982/1), !coefficients=(fDFSS = 1.00998)
     p.d.f value is less than zero (-0.030222), forcing value to zero @ !refCoefNorm=(ctau3D = -0.381594,ctau3DErr = 0.0536542), !pdfs=(pdfCTAUDSS = 0.0234539/1,pdfCTAUDF = 5.40326/1), !coefficients=(fDFSS = 1.00998)
    ... (remaining 85 messages suppressed)

[#0] WARNING:Minization -- RooMinimizerFcn: Minimized function has error status.
Returning maximum FCN so far (-58722) to force MIGRAD to back out of this region. Error log follows
Parameter values: N_Bkg=10777.2, b_Bkg=0.310837, fDF12=0.998126, fDFSS=1.00262, fDLIV=0.699785, fDSS12=0.03, lambdaDDS_Bkg=0.899197, lambdaDF_Bkg1=0.153826, lambdaDF_Bkg2=0.5009, lambdaDSS_Bkg1=0.734045, lambdaDSS_Bkg2=0.99842
PID1450390/RooRealMPFE::nll_pdfTot_Bkg_dataw_Bkg_620fb8ca8dc0_MPFE7[ arg=nll_pdfTot_Bkg_dataw_Bkg_GOF7 vars=(N_Bkg,b_Bkg,ctau1_CtauRes,ctau2_CtauRes,ctau3_CtauRes,f2_CtauRes,fDF12,fDFSS,fDLIV,fDSS12,f_CtauRes,lambdaDDS_Bkg,lambdaDF_Bkg1,lambdaDF_Bkg2,lambdaDSS_Bkg1,lambdaDSS_Bkg2,rS21_CtauRes,rS32_CtauRes,s1_CtauRes,zeroMean) ]
     p.d.f value is less than zero (-0.007905), forcing value to zero @ !refCoefNorm=(ctau3D = -0.439386,ctau3DErr = 0.0274341), !pdfs=(pdfCTAUDSS = 2.22044e-07/1,pdfCTAUDF = 3.0215/1), !coefficients=(fDFSS = 1.00262)
     p.d.f value is less than zero (-0.026211), forcing value to zero @ !refCoefNorm=(ctau3D = -0.243812,ctau3DErr = 0.0271245), !pdfs=(pdfCTAUDSS = 0.00184534/1,pdfCTAUDF = 10.7249/1), !coefficients=(fDFSS = 1.00262)
     p.d.f value is less than zero (-0.004834), forcing value to zero @ !refCoefNorm=(ctau3D = -0.137043,ctau3DErr = 0.0256171), !pdfs=(pdfCTAUDSS = 0.0499377/1,pdfCTAUDF = 20.9834/1), !coefficients=(fDFSS = 1.00262)
     p.d.f value is less than zero (-0.010453), forcing value to zero @ !refCoefNorm=(ctau3D = -0.397518,ctau3DErr = 0.0301671), !pdfs=(pdfCTAUDSS = 7.80308e-06/1,pdfCTAUDF = 3.99791/1), !coefficients=(fDFSS = 1.00262)
     p.d.f value is less than zero (-0.001351), forcing value to zero @ !refCoefNorm=(ctau3D = -0.719463,ctau3DErr = 0.0393899), !pdfs=(pdfCTAUDSS = 1.16366e-07/1,pdfCTAUDF = 0.51645/1), !coefficients=(fDFSS = 1.00262)
     p.d.f value is less than zero (-0.007334), forcing value to zero @ !refCoefNorm=(ctau3D = -0.455175,ctau3DErr = 0.0359087), !pdfs=(pdfCTAUDSS = 1.631e-05/1,pdfCTAUDF = 2.80929/1), !coefficients=(fDFSS = 1.00262)
     p.d.f value is less than zero (-0.016267), forcing value to zero @ !refCoefNorm=(ctau3D = -0.325262,ctau3DErr = 0.0324945), !pdfs=(pdfCTAUDSS = 0.000571371/1,pdfCTAUDF = 6.43606/1), !coefficients=(fDFSS = 1.00262)
     p.d.f value is less than zero (-0.007265), forcing value to zero @ !refCoefNorm=(ctau3D = -0.172338,ctau3DErr = 0.0299754), !pdfs=(pdfCTAUDSS = 0.0369126/1,pdfCTAUDF = 16.9215/1), !coefficients=(fDFSS = 1.00262)
     p.d.f value is less than zero (-0.024309), forcing value to zero @ !refCoefNorm=(ctau3D = -0.255883,ctau3DErr = 0.0282691), !pdfs=(pdfCTAUDSS = 0.00172063/1,pdfCTAUDF = 9.95025/1), !coefficients=(fDFSS = 1.00262)
     p.d.f value is less than zero (-0.023157), forcing value to zero @ !refCoefNorm=(ctau3D = -0.169394,ctau3DErr = 0.0264007), !pdfs=(pdfCTAUDSS = 0.0217917/1,pdfCTAUDF = 17.2011/1), !coefficients=(fDFSS = 1.00262)
     p.d.f value is less than zero (-0.014761), forcing value to zero @ !refCoefNorm=(ctau3D = -0.203664,ctau3DErr = 0.0317551), !pdfs=(pdfCTAUDSS = 0.0217157/1,pdfCTAUDF = 13.9629/1), !coefficients=(fDFSS = 1.00262)
     p.d.f value is less than zero (-0.016631), forcing value to zero @ !refCoefNorm=(ctau3D = -0.320661,ctau3DErr = 0.0326996), !pdfs=(pdfCTAUDSS = 0.000727217/1,pdfCTAUDF = 6.63494/1), !coefficients=(fDFSS = 1.00262)
    ... (remaining 97 messages suppressed)

RooArgSet::dependents = (ctau3D)
RooSetProxy::!refCoefNorm = (ctau3DErr,ctau3D)
RooArgSet::dependents = (ctau3D)
RooSetProxy::!refCoefNorm = (ctau3DErr,ctau3D)
RooArgSet:: = ()
RooSetProxy::!refCoefNorm = (ctau3DErr,ctau3D)
RooArgSet::dependents = (ctau3D)
RooSetProxy::!refCoefNorm = (ctau3DErr,ctau3D)
RooArgSet::dependents = (ctau3D)
RooSetProxy::!refCoefNorm = (ctau3DErr,ctau3D)
RooArgSet::dependents = (ctau3D)
RooSetProxy::!refCoefNorm = (ctau3DErr,ctau3D)
RooArgSet::dependents = (ctau3D)
RooSetProxy::!refCoefNorm = (ctau3DErr,ctau3D)
RooArgSet:: = ()
RooSetProxy::!refCoefNorm = (ctau3DErr,ctau3D)
RooArgSet::dependents = (ctau3D)
RooSetProxy::!refCoefNorm = (ctau3DErr,ctau3D)
RooArgSet::dependents = (ctau3D)
RooSetProxy::!refCoefNorm = (ctau3DErr,ctau3D)
RooArgSet:: = ()
RooSetProxy::!refCoefNorm = (ctau3DErr,ctau3D)
RooArgSet::dependents = (ctau3D)
RooSetProxy::!refCoefNorm = (ctau3DErr,ctau3D)
RooArgSet::dependents = (ctau3D)
RooSetProxy::!refCoefNorm = (ctau3DErr,ctau3D)
RooArgSet::dependents = (ctau3D)
RooSetProxy::!refCoefNorm = (ctau3DErr,ctau3D)
RooArgSet::dependents = (ctau3D)
RooSetProxy::!refCoefNorm = (ctau3DErr,ctau3D)
RooArgSet::dependents = (ctau3D)
RooSetProxy::!refCoefNorm = (ctau3DErr,ctau3D)
RooArgSet:: = ()
RooSetProxy::!refCoefNorm = (ctau3DErr,ctau3D)
RooArgSet:: = ()
RooArgSet:: = ()
RooSetProxy::!refCoefNorm = (ctau3DErr,ctau3D)
RooSetProxy::!refCoefNorm = (ctau3DErr,ctau3D)
RooArgSet::dependents = (ctau3D)
RooSetProxy::!refCoefNorm = (ctau3DErr,ctau3D)
RooArgSet:: = ()
RooSetProxy::!refCoefNorm = (ctau3DErr,ctau3D)
RooArgSet::dependents = (ctau3D)
RooArgSet::dependents = (ctau3D)
RooSetProxy::!refCoefNorm = (ctau3DErr,ctau3D)
RooSetProxy::!refCoefNorm = (ctau3DErr,ctau3D)
RooArgSet::dependents = (ctau3D)
RooArgSet::dependents = (ctau3D)
RooSetProxy::!refCoefNorm = (ctau3DErr,ctau3D)
RooSetProxy::!refCoefNorm = (ctau3DErr,ctau3D)
RooArgSet:: = ()
RooSetProxy::!refCoefNorm = (ctau3DErr,ctau3D)
RooArgSet:: = ()
RooSetProxy::!refCoefNorm = (ctau3DErr,ctau3D)
[#0] ERROR:Eval -- RooAbsReal::logEvalError(pdfCTAU_Bkg) evaluation error, 
 origin       : RooAddPdf::pdfCTAU_Bkg[ b_Bkg * pdfCTAU_BkgNoPR + [%] * pdfCTAU_BkgPR ]
 message      : p.d.f value is Not-a-Number (-nan), forcing value to zero
 server values: !refCoefNorm=(ctau3DErr = 0.131162,ctau3D = -4), !pdfs=(pdfCTAU_BkgNoPR = 0/1,pdfCTAU_BkgPR = 0/1), !coefficients=(b_Bkg = 0.773315 +/- 0.0973729)
[#0] ERROR:Eval -- RooAbsReal::logEvalError(pdfCTAU_Bkg_Tot) evaluation error, 
 origin       : RooAddPdf::pdfCTAU_Bkg_Tot[ N_Bkg * pdfCTAU_Bkg ]
 message      : p.d.f value is Not-a-Number (-nan), forcing value to zero
 server values: !refCoefNorm=(ctau3DErr = 0.131162,ctau3D = -4), !pdfs=(pdfCTAU_Bkg = -nan/1), !coefficients=(N_Bkg = 6208.05 +/- 95.1272)
[#0] ERROR:Eval -- RooAbsReal::logEvalError(pdfCTAU_Bkg) evaluation error, 
 origin       : RooAddPdf::pdfCTAU_Bkg[ b_Bkg * pdfCTAU_BkgNoPR + [%] * pdfCTAU_BkgPR ]
 message      : p.d.f value is Not-a-Number (-nan), forcing value to zero
 server values: !refCoefNorm=(ctau3DErr = 0.140186,ctau3D = -4), !pdfs=(pdfCTAU_BkgNoPR = 0/1,pdfCTAU_BkgPR = 0/1), !coefficients=(b_Bkg = 0.773315 +/- 0.0973729)
[#0] ERROR:Eval -- RooAbsReal::logEvalError(pdfCTAU_Bkg_Tot) evaluation error, 
 origin       : RooAddPdf::pdfCTAU_Bkg_Tot[ N_Bkg * pdfCTAU_Bkg ]
 message      : p.d.f value is Not-a-Number (-nan), forcing value to zero
 server values: !refCoefNorm=(ctau3DErr = 0.140186,ctau3D = -4), !pdfs=(pdfCTAU_Bkg = -nan/1), !coefficients=(N_Bkg = 6208.05 +/- 95.1272)
RooArgSet::dependents = (ctau3D)
RooSetProxy::!refCoefNorm = (ctau3DErr,ctau3D)
RooArgSet::dependents = (ctau3D)
RooSetProxy::!refCoefNorm = (ctau3DErr,ctau3D)
RooArgSet:: = ()
RooSetProxy::!refCoefNorm = (ctau3DErr,ctau3D)
RooArgSet::dependents = (ctau3D)
RooArgSet::dependents = (ctau3D)
RooSetProxy::!refCoefNorm = (ctau3DErr,ctau3D)
RooSetProxy::!refCoefNorm = (ctau3DErr,ctau3D)
RooArgSet::dependents = (ctau3D)
RooSetProxy::!refCoefNorm = (ctau3DErr,ctau3D)
RooArgSet::dependents = (ctau3D)
RooArgSet::dependents = (ctau3D)
RooSetProxy::!refCoefNorm = (ctau3DErr,ctau3D)
RooArgSet::dependents = (ctau3D)
RooSetProxy::!refCoefNorm = (ctau3DErr,ctau3D)
RooSetProxy::!refCoefNorm = (ctau3DErr,ctau3D)
RooArgSet::dependents = (ctau3D)
RooArgSet::dependents = (ctau3D)
RooSetProxy::!refCoefNorm = (ctau3DErr,ctau3D)
RooSetProxy::!refCoefNorm = (ctau3DErr,ctau3D)
RooArgSet::dependents = (ctau3D)
RooArgSet::dependents = (ctau3D)
RooArgSet::dependents = (ctau3D)
RooSetProxy::!refCoefNorm = (ctau3DErr,ctau3D)
RooSetProxy::!refCoefNorm = (ctau3DErr,ctau3D)
RooSetProxy::!refCoefNorm = (ctau3DErr,ctau3D)
RooArgSet:: = ()
RooSetProxy::!refCoefNorm = (ctau3DErr,ctau3D)
RooArgSet:: = ()
RooSetProxy::!refCoefNorm = (ctau3DErr,ctau3D)
RooArgSet:: = ()
RooSetProxy::!refCoefNorm = (ctau3DErr,ctau3D)
RooArgSet::dependents = (ctau3D)
RooSetProxy::!refCoefNorm = (ctau3DErr,ctau3D)
RooArgSet::dependents = (ctau3D)
RooSetProxy::!refCoefNorm = (ctau3DErr,ctau3D)
RooArgSet::dependents = (ctau3D)
RooSetProxy::!refCoefNorm = (ctau3DErr,ctau3D)
RooArgSet:: = ()
RooArgSet:: = ()
RooSetProxy::!refCoefNorm = (ctau3DErr,ctau3D)
RooSetProxy::!refCoefNorm = (ctau3DErr,ctau3D)
RooArgSet:: = ()
RooSetProxy::!refCoefNorm = (ctau3DErr,ctau3D)
RooArgSet::dependents = (ctau3D)
RooSetProxy::!refCoefNorm = (ctau3DErr,ctau3D)
RooArgSet::dependents = (ctau3D)
RooSetProxy::!refCoefNorm = (ctau3DErr,ctau3D)
RooArgSet:: = ()
RooSetProxy::!refCoefNorm = (ctau3DErr,ctau3D)
RooArgSet:: = ()
RooSetProxy::!refCoefNorm = (ctau3DErr,ctau3D)
[#0] ERROR:Eval -- RooAbsReal::logEvalError(pdfCTAU_Bkg) evaluation error, 
 origin       : RooAddPdf::pdfCTAU_Bkg[ b_Bkg * pdfCTAU_BkgNoPR + [%] * pdfCTAU_BkgPR ]
 message      : p.d.f value is Not-a-Number (-nan), forcing value to zero
 server values: !refCoefNorm=(ctau3DErr = 0.131162,ctau3D = -4), !pdfs=(pdfCTAU_BkgNoPR = 0/1,pdfCTAU_BkgPR = 0/1), !coefficients=(b_Bkg = 0.773315 +/- 0.0973729)
[#0] ERROR:Eval -- RooAbsReal::logEvalError(pdfCTAU_Bkg_Tot) evaluation error, 
 origin       : RooAddPdf::pdfCTAU_Bkg_Tot[ N_Bkg * pdfCTAU_Bkg ]
 message      : p.d.f value is Not-a-Number (-nan), forcing value to zero
 server values: !refCoefNorm=(ctau3DErr = 0.131162,ctau3D = -4), !pdfs=(pdfCTAU_Bkg = -nan/1), !coefficients=(N_Bkg = 6208.05 +/- 95.1272)
[#0] ERROR:Eval -- RooAbsReal::logEvalError(pdfCTAU_Bkg) evaluation error, 
 origin       : RooAddPdf::pdfCTAU_Bkg[ b_Bkg * pdfCTAU_BkgNoPR + [%] * pdfCTAU_BkgPR ]
 message      : p.d.f value is Not-a-Number (-nan), forcing value to zero
 server values: !refCoefNorm=(ctau3DErr = 0.140186,ctau3D = -4), !pdfs=(pdfCTAU_BkgNoPR = 0/1,pdfCTAU_BkgPR = 0/1), !coefficients=(b_Bkg = 0.773315 +/- 0.0973729)
[#0] ERROR:Eval -- RooAbsReal::logEvalError(pdfCTAU_Bkg_Tot) evaluation error, 
 origin       : RooAddPdf::pdfCTAU_Bkg_Tot[ N_Bkg * pdfCTAU_Bkg ]
 message      : p.d.f value is Not-a-Number (-nan), forcing value to zero
 server values: !refCoefNorm=(ctau3DErr = 0.140186,ctau3D = -4), !pdfs=(pdfCTAU_Bkg = -nan/1), !coefficients=(N_Bkg = 6208.05 +/- 95.1272)
RooArgSet::dependents = (ctau3D)
RooSetProxy::!refCoefNorm = (ctau3DErr,ctau3D)
RooArgSet::dependents = (ctau3D)
RooSetProxy::!refCoefNorm = (ctau3DErr,ctau3D)
RooArgSet:: = ()
RooSetProxy::!refCoefNorm = (ctau3DErr,ctau3D)
RooArgSet::dependents = (ctau3D)
RooSetProxy::!refCoefNorm = (ctau3DErr,ctau3D)
RooArgSet::dependents = (ctau3D)
RooSetProxy::!refCoefNorm = (ctau3DErr,ctau3D)
RooArgSet::dependents = (ctau3D)
RooSetProxy::!refCoefNorm = (ctau3DErr,ctau3D)
RooArgSet::dependents = (ctau3D)
RooSetProxy::!refCoefNorm = (ctau3DErr,ctau3D)
RooArgSet::dependents = (ctau3D)
RooArgSet:: = ()
RooSetProxy::!refCoefNorm = (ctau3DErr,ctau3D)
RooSetProxy::!refCoefNorm = (ctau3DErr,ctau3D)
RooArgSet::dependents = (ctau3D)
RooSetProxy::!refCoefNorm = (ctau3DErr,ctau3D)
RooArgSet:: = ()
RooSetProxy::!refCoefNorm = (ctau3DErr,ctau3D)
RooArgSet::dependents = (ctau3D)
RooArgSet::dependents = (ctau3D)
RooSetProxy::!refCoefNorm = (ctau3DErr,ctau3D)
RooSetProxy::!refCoefNorm = (ctau3DErr,ctau3D)
RooArgSet::dependents = (ctau3D)
RooSetProxy::!refCoefNorm = (ctau3DErr,ctau3D)
RooArgSet::dependents = (ctau3D)
RooSetProxy::!refCoefNorm = (ctau3DErr,ctau3D)
RooArgSet::dependents = (ctau3D)
RooSetProxy::!refCoefNorm = (ctau3DErr,ctau3D)
RooArgSet::dependents = (ctau3D)
RooSetProxy::!refCoefNorm = (ctau3DErr,ctau3D)
RooArgSet::dependents = (ctau3D)
RooSetProxy::!refCoefNorm = (ctau3DErr,ctau3D)
RooArgSet::dependents = (ctau3D)
RooSetProxy::!refCoefNorm = (ctau3DErr,ctau3D)
RooArgSet:: = ()
RooArgSet:: = ()
RooSetProxy::!refCoefNorm = (ctau3DErr,ctau3D)
RooSetProxy::!refCoefNorm = (ctau3DErr,ctau3D)
RooArgSet:: = ()
RooSetProxy::!refCoefNorm = (ctau3DErr,ctau3D)
RooArgSet:: = ()
RooSetProxy::!refCoefNorm = (ctau3DErr,ctau3D)
RooArgSet:: = ()
RooSetProxy::!refCoefNorm = (ctau3DErr,ctau3D)
RooArgSet::dependents = (ctau3D)
RooSetProxy::!refCoefNorm = (ctau3DErr,ctau3D)
RooArgSet::dependents = (ctau3D)
RooSetProxy::!refCoefNorm = (ctau3DErr,ctau3D)
RooArgSet:: = ()
RooSetProxy::!refCoefNorm = (ctau3DErr,ctau3D)
[#0] ERROR:Eval -- RooAbsReal::logEvalError(pdfCTAU_Bkg) evaluation error, 
 origin       : RooAddPdf::pdfCTAU_Bkg[ b_Bkg * pdfCTAU_BkgNoPR + [%] * pdfCTAU_BkgPR ]
 message      : p.d.f value is Not-a-Number (-nan), forcing value to zero
 server values: !refCoefNorm=(ctau3DErr = 0.131162,ctau3D = -4), !pdfs=(pdfCTAU_BkgNoPR = 0/1,pdfCTAU_BkgPR = 0/1), !coefficients=(b_Bkg = 0.773315 +/- 0.0973729)
[#0] ERROR:Eval -- RooAbsReal::logEvalError(pdfCTAU_Bkg_Tot) evaluation error, 
 origin       : RooAddPdf::pdfCTAU_Bkg_Tot[ N_Bkg * pdfCTAU_Bkg ]
 message      : p.d.f value is Not-a-Number (-nan), forcing value to zero
 server values: !refCoefNorm=(ctau3DErr = 0.131162,ctau3D = -4), !pdfs=(pdfCTAU_Bkg = -nan/1), !coefficients=(N_Bkg = 6208.05 +/- 95.1272)
[#0] ERROR:Eval -- RooAbsReal::logEvalError(pdfCTAU_Bkg) evaluation error, 
 origin       : RooAddPdf::pdfCTAU_Bkg[ b_Bkg * pdfCTAU_BkgNoPR + [%] * pdfCTAU_BkgPR ]
 message      : p.d.f value is Not-a-Number (-nan), forcing value to zero
 server values: !refCoefNorm=(ctau3DErr = 0.140186,ctau3D = -4), !pdfs=(pdfCTAU_BkgNoPR = 0/1,pdfCTAU_BkgPR = 0/1), !coefficients=(b_Bkg = 0.773315 +/- 0.0973729)
[#0] ERROR:Eval -- RooAbsReal::logEvalError(pdfCTAU_Bkg_Tot) evaluation error, 
 origin       : RooAddPdf::pdfCTAU_Bkg_Tot[ N_Bkg * pdfCTAU_Bkg ]
 message      : p.d.f value is Not-a-Number (-nan), forcing value to zero
 server values: !refCoefNorm=(ctau3DErr = 0.140186,ctau3D = -4), !pdfs=(pdfCTAU_Bkg = -nan/1), !coefficients=(N_Bkg = 6208.05 +/- 95.1272)
RooArgSet::dependents = (ctau3D)
RooSetProxy::!refCoefNorm = (ctau3DErr,ctau3D)
RooArgSet::dependents = (ctau3D)
RooSetProxy::!refCoefNorm = (ctau3DErr,ctau3D)
RooArgSet:: = ()
RooSetProxy::!refCoefNorm = (ctau3DErr,ctau3D)
RooArgSet::dependents = (ctau3D)
RooArgSet::dependents = (ctau3D)
RooArgSet::dependents = (ctau3D)
RooArgSet::dependents = (ctau3D)
RooArgSet::dependents = (ctau3D)
RooArgSet::dependents = (ctau3D)
RooArgSet::dependents = (ctau3D)
RooArgSet::dependents = (ctau3D)
RooSetProxy::!refCoefNorm = (ctau3DErr,ctau3D)
RooSetProxy::!refCoefNorm = (ctau3DErr,ctau3D)
RooSetProxy::!refCoefNorm = (ctau3DErr,ctau3D)
RooSetProxy::!refCoefNorm = (ctau3DErr,ctau3D)
RooSetProxy::!refCoefNorm = (ctau3DErr,ctau3D)
RooSetProxy::!refCoefNorm = (ctau3DErr,ctau3D)
RooSetProxy::!refCoefNorm = (ctau3DErr,ctau3D)
RooSetProxy::!refCoefNorm = (ctau3DErr,ctau3D)
RooArgSet::dependents = (ctau3D)
RooArgSet::dependents = (ctau3D)
RooSetProxy::!refCoefNorm = (ctau3DErr,ctau3D)
RooSetProxy::!refCoefNorm = (ctau3DErr,ctau3D)
RooArgSet::dependents = (ctau3D)
RooArgSet::dependents = (ctau3D)
RooArgSet::dependents = (ctau3D)
RooSetProxy::!refCoefNorm = (ctau3DErr,ctau3D)
RooArgSet::dependents = (ctau3D)
RooSetProxy::!refCoefNorm = (ctau3DErr,ctau3D)
RooSetProxy::!refCoefNorm = (ctau3DErr,ctau3D)
RooSetProxy::!refCoefNorm = (ctau3DErr,ctau3D)
RooArgSet::dependents = (ctau3D)
RooArgSet::dependents = (ctau3D)
RooSetProxy::!refCoefNorm = (ctau3DErr,ctau3D)
RooSetProxy::!refCoefNorm = (ctau3DErr,ctau3D)
RooArgSet:: = ()
RooSetProxy::!refCoefNorm = (ctau3DErr,ctau3D)
RooArgSet:: = ()
RooArgSet:: = ()
RooArgSet:: = ()
RooSetProxy::!refCoefNorm = (ctau3DErr,ctau3D)
RooArgSet:: = ()
RooSetProxy::!refCoefNorm = (ctau3DErr,ctau3D)
RooSetProxy::!refCoefNorm = (ctau3DErr,ctau3D)
RooArgSet:: = ()
RooArgSet:: = ()
RooSetProxy::!refCoefNorm = (ctau3DErr,ctau3D)
RooArgSet:: = ()
RooSetProxy::!refCoefNorm = (ctau3DErr,ctau3D)
RooSetProxy::!refCoefNorm = (ctau3DErr,ctau3D)
RooSetProxy::!refCoefNorm = (ctau3DErr,ctau3D)
[#0] ERROR:Eval -- RooAbsReal::logEvalError(pdfCTAU_Bkg) evaluation error, 
 origin       : RooAddPdf::pdfCTAU_Bkg[ b_Bkg * pdfCTAU_BkgNoPR + [%] * pdfCTAU_BkgPR ]
 message      : p.d.f value is Not-a-Number (-nan), forcing value to zero
 server values: !refCoefNorm=(ctau3DErr = 0.131162,ctau3D = -4), !pdfs=(pdfCTAU_BkgNoPR = 0/1,pdfCTAU_BkgPR = 0/1), !coefficients=(b_Bkg = 0.773315 +/- 0.0973729)
[#0] ERROR:Eval -- RooAbsReal::logEvalError(pdfCTAU_Bkg_Tot) evaluation error, 
 origin       : RooAddPdf::pdfCTAU_Bkg_Tot[ N_Bkg * pdfCTAU_Bkg ]
 message      : p.d.f value is Not-a-Number (-nan), forcing value to zero
 server values: !refCoefNorm=(ctau3DErr = 0.131162,ctau3D = -4), !pdfs=(pdfCTAU_Bkg = -nan/1), !coefficients=(N_Bkg = 6208.05 +/- 95.1272)
[#0] ERROR:Eval -- RooAbsReal::logEvalError(pdfCTAU_Bkg) evaluation error, 
 origin       : RooAddPdf::pdfCTAU_Bkg[ b_Bkg * pdfCTAU_BkgNoPR + [%] * pdfCTAU_BkgPR ]
 message      : p.d.f value is Not-a-Number (-nan), forcing value to zero
 server values: !refCoefNorm=(ctau3DErr = 0.140186,ctau3D = -4), !pdfs=(pdfCTAU_BkgNoPR = 0/1,pdfCTAU_BkgPR = 0/1), !coefficients=(b_Bkg = 0.773315 +/- 0.0973729)
[#0] ERROR:Eval -- RooAbsReal::logEvalError(pdfCTAU_Bkg_Tot) evaluation error, 
 origin       : RooAddPdf::pdfCTAU_Bkg_Tot[ N_Bkg * pdfCTAU_Bkg ]
 message      : p.d.f value is Not-a-Number (-nan), forcing value to zero
 server values: !refCoefNorm=(ctau3DErr = 0.140186,ctau3D = -4), !pdfs=(pdfCTAU_Bkg = -nan/1), !coefficients=(N_Bkg = 6208.05 +/- 95.1272)
Info in <TCanvas::Print>: pdf file figs/2DFit_No_Weight/CtauBkg/Bkg_pt6.5-7.5_y0.0-1.6_muPt0.0_centrality0-180_PRw_Effw0_Accw0_PtW0_TnP0.pdf has been created

  RooFitResult: minimized FCN value: -96178.9, estimated distance to minimum: 0.188287
                covariance matrix quality: Unknown, matrix was externally provided
                Status : MINIMIZE=0 HESSE=0 HESSE=0 

    Floating Parameter    FinalValue +/-  Error   
  --------------------  --------------------------
                 N_Bkg    6.2080e+03 +/-  9.51e+01
                 b_Bkg    7.7332e-01 +/-  9.74e-02
                 fDF12    7.8646e-01 +/-  8.32e-01
                 fDFSS    8.1391e-01 +/-  6.19e-02
                 fDLIV    3.8047e-01 +/-  6.36e-02
                fDSS12    3.9574e-01 +/-  7.93e-02
         lambdaDDS_Bkg    3.2297e-02 +/-  8.16e-03
         lambdaDF_Bkg1    1.3565e-01 +/-  1.28e-01
         lambdaDF_Bkg2    2.8407e-01 +/-  3.29e-01
        lambdaDSS_Bkg1    3.7081e-01 +/-  3.57e-02
        lambdaDSS_Bkg2    8.9472e-02 +/-  1.69e-02

RooDataSet::dataw_Bkg[ctau3DErr,ctau3DRes,ctau3D,mass,weight:N_Bkg_sw] = 4323 entries (6207.95 weighted)

###### Fit Convergence Check ######
Hesse: 0	 edm: 0.188287	 mll: -96178.9
[31m[Stuck] fDF12 [0m // Final Value : 0.786456 (1e-06 ~ 1)

[31m[Stuck] lambdaDF_Bkg2 [0m // Final Value : 0.284069 (0.0001 ~ 1)

RealTime=294.490501 seconds, CpuTime=131.750000 seconds
# STAGE: ctauBkg
# CMD: /opt/conda/envs/root618/bin/root -l -b -q 'CtauBkg_2exp.C(6.5,7.5,0,1.6,0,180)'

