
Processing CtauErr.C(12,15,1.6,2.4,0,180)...

[1mRooFit v3.60 -- Developed by Wouter Verkerke and David Kirkby[0m 
                Copyright (C) 2000-2013 NIKHEF, University of California & Stanford University
                All rights reserved, please read http://roofit.sourceforge.net/license.txt

RooDataSet::datasetW[ctau3D,mass,pt,y,weight,ctau3DRes,ctau3DErr,pt1,pt2,eta1,eta2,recoQQsign,cBin] = 10262 entries
Weight : 1
pt: 12-15, y: 1.6-2.4, Cent: 0-180%
####################################
 nBin : 100

*************** Start SPLOT *****************

Sig Yield: 7305.23 +/- 97.2962
Bkg Yield: 3102.5 +/- 72.5555
[INFO] Jpsi yield -> Mass Fit:7305.23, sWeights :7305.23
[INFO] Bkg  yield -> Mass Fit:3102.5, sWeights :3102.5
Info in <TCanvas::MakeDefCanvas>:  created default TCanvas with name c1
ctauErrMax : 0.0864005 ctauErrMin : 0.0126009
 BinWidth : 0.00179999
 newBins : 41
10262
10262
0.0126009, 0.0864005
Tot evt: (10262)
Res evt: (10257)
lost evt: (0.0487234)%, 10257evts

************** Finished SPLOT *****************

Info in <TCanvas::Print>: pdf file figs/2DFit_No_Weight/CtauErr/ctauErr_pt12.0-15.0_y1.6-2.4_muPt0.0_centrality0-180_PRw_Effw0_Accw0_PtW0_TnP0.pdf has been created
# STAGE: ctauErr
# CMD: /opt/conda/envs/root618/bin/root -l -b -q 'CtauErr.C(12,15,1.6,2.4,0,180)'

