
Processing CtauRes.C(7.5,9,0,1.6,0,180)...

[1mRooFit v3.60 -- Developed by Wouter Verkerke and David Kirkby[0m 
                Copyright (C) 2000-2013 NIKHEF, University of California & Stanford University
                All rights reserved, please read http://roofit.sourceforge.net/license.txt

******** New Combined Dataset ***********
RooRealVar::ctau3DRes = 3.07724  L(-100000 - 100000) 

*************** Start Res Fit *****************

N_Jpsi: 1e+08+/-0
NBins: 72
Fit Range: -10 - 0
0.00096631 to 3.69376e+09
###
Tot evt: (17462)
Res evt: (17239)
lost evt: (98.7229)%, 17239evts
Min: -10, Max: 0
s1: 0.583213

************* Finished Sig Res Fit ****************

Info in <TCanvas::Print>: pdf file figs/2DFit_No_Weight/CtauRes/CtauRes_pt7.5-9.0_y0.0-1.6_muPt0.0_centrality0-180_PRw_Effw0_Accw0_PtW0_TnP0.pdf has been created

  RooFitResult: minimized FCN value: -19507.1, estimated distance to minimum: 1.08795e+14
                covariance matrix quality: Unknown, matrix was externally provided
                Status : MINIMIZE=-1 HESSE=4 HESSE=4 

    Constant Parameter    Value     
  --------------------  ------------
                   One    1.0000e+00
         ctau1_CtauRes    0.0000e+00
         ctau2_CtauRes    0.0000e+00
         ctau3_CtauRes    0.0000e+00

    Floating Parameter  InitialValue    FinalValue +/-  Error     GblCorr.
  --------------------  ------------  --------------------------  --------
                N_Jpsi    1.0000e+08    7.6922e+01 +/-  1.24e+05  <none>
            f2_CtauRes    3.1000e-01    2.4316e-01 +/-  2.64e-05  <none>
             f_CtauRes    3.1000e-01    4.1195e-01 +/-  3.03e-05  <none>
          rS21_CtauRes    8.0000e-01    9.4505e-01 +/-  8.59e-05  <none>
          rS32_CtauRes    2.2000e+00    2.5394e+00 +/-  1.54e-04  <none>
            s1_CtauRes    5.0000e-01    5.8321e-01 +/-  3.04e-05  <none>

# STAGE: ctauRes
# CMD: /opt/conda/envs/root618/bin/root -l -b -q 'CtauRes.C(7.5,9,0,1.6,0,180)'

