
Processing CtauErr.C(4.5,6.5,1.6,2.4,0,180)...

[1mRooFit v3.60 -- Developed by Wouter Verkerke and David Kirkby[0m 
                Copyright (C) 2000-2013 NIKHEF, University of California & Stanford University
                All rights reserved, please read http://roofit.sourceforge.net/license.txt

RooDataSet::datasetW[ctau3D,mass,pt,y,weight,ctau3DRes,ctau3DErr,pt1,pt2,eta1,eta2,recoQQsign,cBin] = 227736 entries
Weight : 1
pt: 4.5-6.5, y: 1.6-2.4, Cent: 0-180%
####################################
 nBin : 100

*************** Start SPLOT *****************

Sig Yield: 58354 +/- 493.087
Bkg Yield: 173479 +/- 597.269
[INFO] Jpsi yield -> Mass Fit:58354, sWeights :58354
[INFO] Bkg  yield -> Mass Fit:173479, sWeights :173479
Info in <TCanvas::MakeDefCanvas>:  created default TCanvas with name c1
ctauErrMax : 0.1764 ctauErrMin : 0.0198009
 BinWidth : 0.00179999
 newBins : 86
227736
227736
0.0198009, 0.1764
Tot evt: (227736)
Res evt: (227719)
lost evt: (0.00746478)%, 227719evts

************** Finished SPLOT *****************

Info in <TCanvas::Print>: pdf file figs/2DFit_No_Weight/CtauErr/ctauErr_pt4.5-6.5_y1.6-2.4_muPt0.0_centrality0-180_PRw_Effw0_Accw0_PtW0_TnP0.pdf has been created
# STAGE: ctauErr
# CMD: /opt/conda/envs/root618/bin/root -l -b -q 'CtauErr.C(4.5,6.5,1.6,2.4,0,180)'

