
Processing CtauErr.C(20,22.5,0,1.6,0,180)...

[1mRooFit v3.60 -- Developed by Wouter Verkerke and David Kirkby[0m 
                Copyright (C) 2000-2013 NIKHEF, University of California & Stanford University
                All rights reserved, please read http://roofit.sourceforge.net/license.txt

RooDataSet::datasetW[ctau3D,mass,pt,y,weight,ctau3DRes,ctau3DErr,pt1,pt2,eta1,eta2,recoQQsign,cBin] = 3226 entries
Weight : 1
pt: 20-22.5, y: 0-1.6, Cent: 0-180%
####################################
 nBin : 100

*************** Start SPLOT *****************

Sig Yield: 1623.71 +/- 64.5846
Bkg Yield: 1383.42 +/- 53.966
[INFO] Jpsi yield -> Mass Fit:1623.71, sWeights :1623.71
[INFO] Bkg  yield -> Mass Fit:1383.42, sWeights :1383.42
Info in <TCanvas::MakeDefCanvas>:  created default TCanvas with name c1
ctauErrMax : 0.0360008 ctauErrMin : 0.0108009
 BinWidth : 0.00179999
 newBins : 13
3226
3226
0.0108009, 0.0360008
Tot evt: (3226)
Res evt: (3202)
lost evt: (0.743955)%, 3202evts

************** Finished SPLOT *****************

Info in <TCanvas::Print>: pdf file figs/2DFit_No_Weight/CtauErr/ctauErr_pt20.0-22.5_y0.0-1.6_muPt0.0_centrality0-180_PRw_Effw0_Accw0_PtW0_TnP0.pdf has been created
# STAGE: ctauErr
# CMD: /opt/conda/envs/root618/bin/root -l -b -q 'CtauErr.C(20,22.5,0,1.6,0,180)'

