
Processing CtauRes.C(27.5,30,0,1.6,0,180)...

[1mRooFit v3.60 -- Developed by Wouter Verkerke and David Kirkby[0m 
                Copyright (C) 2000-2013 NIKHEF, University of California & Stanford University
                All rights reserved, please read http://roofit.sourceforge.net/license.txt

******** New Combined Dataset ***********
RooRealVar::ctau3DRes = 16.1142  L(-100000 - 100000) 

*************** Start Res Fit *****************

N_Jpsi: 1e+08+/-0
NBins: 72
Fit Range: -2.77778 - 0
[#0] WARNING:Minization -- RooMinimizerFcn: Minimized function has error status.
Returning maximum FCN so far (1.99999e+08) to force MIGRAD to back out of this region. Error log follows
Parameter values: N_Jpsi=2.5607e+07, f2_CtauRes=0.841652, f_CtauRes=0.343974, rS21_CtauRes=0.2325, rS32_CtauRes=0.0498738, s1_CtauRes=0.00258216
RooNLLVar::nll_GaussModel_Tot_ctauResCutDS[ paramSet=(N_Jpsi,One,ctau1_CtauRes,ctau2_CtauRes,ctau3_CtauRes,f2_CtauRes,f_CtauRes,rS21_CtauRes,rS32_CtauRes,s1_CtauRes) ]
     function value is NAN @ paramSet=(N_Jpsi = 2.5607e+07,One = 1,ctau1_CtauRes = 0,ctau2_CtauRes = 0,ctau3_CtauRes = 0,f2_CtauRes = 0.841652,f_CtauRes = 0.343974,rS21_CtauRes = 0.2325,rS32_CtauRes = 0.0498738,s1_CtauRes = 0.00258216)
PID1431780/RooRealMPFE::nll_GaussModel_Tot_ctauResCutDS_62b8d7e4e2a0_MPFE7[ arg=nll_GaussModel_Tot_ctauResCutDS_GOF7 vars=(N_Jpsi,One,ctau1_CtauRes,ctau2_CtauRes,ctau3_CtauRes,f2_CtauRes,f_CtauRes,rS21_CtauRes,rS32_CtauRes,s1_CtauRes) ]
     function value is NAN @ paramSet=(N_Jpsi = 2.5607e+07,One = 1,ctau1_CtauRes = 0,ctau2_CtauRes = 0,ctau3_CtauRes = 0,f2_CtauRes = 0.841652,f_CtauRes = 0.343974,rS21_CtauRes = 0.2325,rS32_CtauRes = 0.0498738,s1_CtauRes = 0.00258216)
     function value is NAN @ paramSet=(N_Jpsi = 2.5607e+07,One = 1,ctau1_CtauRes = 0,ctau2_CtauRes = 0,ctau3_CtauRes = 0,f2_CtauRes = 0.841652,f_CtauRes = 0.343974,rS21_CtauRes = 0.2325,rS32_CtauRes = 0.0498738,s1_CtauRes = 0.00258216)
     function value is NAN @ paramSet=(N_Jpsi = 2.5607e+07,One = 1,ctau1_CtauRes = 0,ctau2_CtauRes = 0,ctau3_CtauRes = 0,f2_CtauRes = 0.841652,f_CtauRes = 0.343974,rS21_CtauRes = 0.2325,rS32_CtauRes = 0.0498738,s1_CtauRes = 0.00258216)
     function value is NAN @ paramSet=(N_Jpsi = 2.5607e+07,One = 1,ctau1_CtauRes = 0,ctau2_CtauRes = 0,ctau3_CtauRes = 0,f2_CtauRes = 0.841652,f_CtauRes = 0.343974,rS21_CtauRes = 0.2325,rS32_CtauRes = 0.0498738,s1_CtauRes = 0.00258216)
     function value is NAN @ paramSet=(N_Jpsi = 2.5607e+07,One = 1,ctau1_CtauRes = 0,ctau2_CtauRes = 0,ctau3_CtauRes = 0,f2_CtauRes = 0.841652,f_CtauRes = 0.343974,rS21_CtauRes = 0.2325,rS32_CtauRes = 0.0498738,s1_CtauRes = 0.00258216)
     function value is NAN @ paramSet=(N_Jpsi = 2.5607e+07,One = 1,ctau1_CtauRes = 0,ctau2_CtauRes = 0,ctau3_CtauRes = 0,f2_CtauRes = 0.841652,f_CtauRes = 0.343974,rS21_CtauRes = 0.2325,rS32_CtauRes = 0.0498738,s1_CtauRes = 0.00258216)
     function value is NAN @ paramSet=(N_Jpsi = 2.5607e+07,One = 1,ctau1_CtauRes = 0,ctau2_CtauRes = 0,ctau3_CtauRes = 0,f2_CtauRes = 0.841652,f_CtauRes = 0.343974,rS21_CtauRes = 0.2325,rS32_CtauRes = 0.0498738,s1_CtauRes = 0.00258216)
     function value is NAN @ paramSet=(N_Jpsi = 2.5607e+07,One = 1,ctau1_CtauRes = 0,ctau2_CtauRes = 0,ctau3_CtauRes = 0,f2_CtauRes = 0.841652,f_CtauRes = 0.343974,rS21_CtauRes = 0.2325,rS32_CtauRes = 0.0498738,s1_CtauRes = 0.00258216)
     function value is NAN @ paramSet=(N_Jpsi = 2.5607e+07,One = 1,ctau1_CtauRes = 0,ctau2_CtauRes = 0,ctau3_CtauRes = 0,f2_CtauRes = 0.841652,f_CtauRes = 0.343974,rS21_CtauRes = 0.2325,rS32_CtauRes = 0.0498738,s1_CtauRes = 0.00258216)
     function value is NAN @ paramSet=(N_Jpsi = 2.5607e+07,One = 1,ctau1_CtauRes = 0,ctau2_CtauRes = 0,ctau3_CtauRes = 0,f2_CtauRes = 0.841652,f_CtauRes = 0.343974,rS21_CtauRes = 0.2325,rS32_CtauRes = 0.0498738,s1_CtauRes = 0.00258216)
     function value is NAN @ paramSet=(N_Jpsi = 2.5607e+07,One = 1,ctau1_CtauRes = 0,ctau2_CtauRes = 0,ctau3_CtauRes = 0,f2_CtauRes = 0.841652,f_CtauRes = 0.343974,rS21_CtauRes = 0.2325,rS32_CtauRes = 0.0498738,s1_CtauRes = 0.00258216)
     function value is NAN @ paramSet=(N_Jpsi = 2.5607e+07,One = 1,ctau1_CtauRes = 0,ctau2_CtauRes = 0,ctau3_CtauRes = 0,f2_CtauRes = 0.841652,f_CtauRes = 0.343974,rS21_CtauRes = 0.2325,rS32_CtauRes = 0.0498738,s1_CtauRes = 0.00258216)
    ... (remaining 6 messages suppressed)

[#0] WARNING:Minization -- RooMinimizerFcn: Minimized function has error status.
Returning maximum FCN so far (1.99999e+08) to force MIGRAD to back out of this region. Error log follows
Parameter values: N_Jpsi=3.82117e+07, f2_CtauRes=0.122939, f_CtauRes=0.000736959, rS21_CtauRes=0.792466, rS32_CtauRes=0.0453118, s1_CtauRes=0.0321486
RooNLLVar::nll_GaussModel_Tot_ctauResCutDS[ paramSet=(N_Jpsi,One,ctau1_CtauRes,ctau2_CtauRes,ctau3_CtauRes,f2_CtauRes,f_CtauRes,rS21_CtauRes,rS32_CtauRes,s1_CtauRes) ]
     function value is NAN @ paramSet=(N_Jpsi = 3.82117e+07,One = 1,ctau1_CtauRes = 0,ctau2_CtauRes = 0,ctau3_CtauRes = 0,f2_CtauRes = 0.122939,f_CtauRes = 0.000736959,rS21_CtauRes = 0.792466,rS32_CtauRes = 0.0453118,s1_CtauRes = 0.0321486)
PID1431780/RooRealMPFE::nll_GaussModel_Tot_ctauResCutDS_62b8d7e4e2a0_MPFE7[ arg=nll_GaussModel_Tot_ctauResCutDS_GOF7 vars=(N_Jpsi,One,ctau1_CtauRes,ctau2_CtauRes,ctau3_CtauRes,f2_CtauRes,f_CtauRes,rS21_CtauRes,rS32_CtauRes,s1_CtauRes) ]
     function value is NAN @ paramSet=(N_Jpsi = 3.82117e+07,One = 1,ctau1_CtauRes = 0,ctau2_CtauRes = 0,ctau3_CtauRes = 0,f2_CtauRes = 0.122939,f_CtauRes = 0.000736959,rS21_CtauRes = 0.792466,rS32_CtauRes = 0.0453118,s1_CtauRes = 0.0321486)
     function value is NAN @ paramSet=(N_Jpsi = 3.82117e+07,One = 1,ctau1_CtauRes = 0,ctau2_CtauRes = 0,ctau3_CtauRes = 0,f2_CtauRes = 0.122939,f_CtauRes = 0.000736959,rS21_CtauRes = 0.792466,rS32_CtauRes = 0.0453118,s1_CtauRes = 0.0321486)
     function value is NAN @ paramSet=(N_Jpsi = 3.82117e+07,One = 1,ctau1_CtauRes = 0,ctau2_CtauRes = 0,ctau3_CtauRes = 0,f2_CtauRes = 0.122939,f_CtauRes = 0.000736959,rS21_CtauRes = 0.792466,rS32_CtauRes = 0.0453118,s1_CtauRes = 0.0321486)
     function value is NAN @ paramSet=(N_Jpsi = 3.82117e+07,One = 1,ctau1_CtauRes = 0,ctau2_CtauRes = 0,ctau3_CtauRes = 0,f2_CtauRes = 0.122939,f_CtauRes = 0.000736959,rS21_CtauRes = 0.792466,rS32_CtauRes = 0.0453118,s1_CtauRes = 0.0321486)
     function value is NAN @ paramSet=(N_Jpsi = 3.82117e+07,One = 1,ctau1_CtauRes = 0,ctau2_CtauRes = 0,ctau3_CtauRes = 0,f2_CtauRes = 0.122939,f_CtauRes = 0.000736959,rS21_CtauRes = 0.792466,rS32_CtauRes = 0.0453118,s1_CtauRes = 0.0321486)
     function value is NAN @ paramSet=(N_Jpsi = 3.82117e+07,One = 1,ctau1_CtauRes = 0,ctau2_CtauRes = 0,ctau3_CtauRes = 0,f2_CtauRes = 0.122939,f_CtauRes = 0.000736959,rS21_CtauRes = 0.792466,rS32_CtauRes = 0.0453118,s1_CtauRes = 0.0321486)
     function value is NAN @ paramSet=(N_Jpsi = 3.82117e+07,One = 1,ctau1_CtauRes = 0,ctau2_CtauRes = 0,ctau3_CtauRes = 0,f2_CtauRes = 0.122939,f_CtauRes = 0.000736959,rS21_CtauRes = 0.792466,rS32_CtauRes = 0.0453118,s1_CtauRes = 0.0321486)
     function value is NAN @ paramSet=(N_Jpsi = 3.82117e+07,One = 1,ctau1_CtauRes = 0,ctau2_CtauRes = 0,ctau3_CtauRes = 0,f2_CtauRes = 0.122939,f_CtauRes = 0.000736959,rS21_CtauRes = 0.792466,rS32_CtauRes = 0.0453118,s1_CtauRes = 0.0321486)
     function value is NAN @ paramSet=(N_Jpsi = 3.82117e+07,One = 1,ctau1_CtauRes = 0,ctau2_CtauRes = 0,ctau3_CtauRes = 0,f2_CtauRes = 0.122939,f_CtauRes = 0.000736959,rS21_CtauRes = 0.792466,rS32_CtauRes = 0.0453118,s1_CtauRes = 0.0321486)
     function value is NAN @ paramSet=(N_Jpsi = 3.82117e+07,One = 1,ctau1_CtauRes = 0,ctau2_CtauRes = 0,ctau3_CtauRes = 0,f2_CtauRes = 0.122939,f_CtauRes = 0.000736959,rS21_CtauRes = 0.792466,rS32_CtauRes = 0.0453118,s1_CtauRes = 0.0321486)
     function value is NAN @ paramSet=(N_Jpsi = 3.82117e+07,One = 1,ctau1_CtauRes = 0,ctau2_CtauRes = 0,ctau3_CtauRes = 0,f2_CtauRes = 0.122939,f_CtauRes = 0.000736959,rS21_CtauRes = 0.792466,rS32_CtauRes = 0.0453118,s1_CtauRes = 0.0321486)
     function value is NAN @ paramSet=(N_Jpsi = 3.82117e+07,One = 1,ctau1_CtauRes = 0,ctau2_CtauRes = 0,ctau3_CtauRes = 0,f2_CtauRes = 0.122939,f_CtauRes = 0.000736959,rS21_CtauRes = 0.792466,rS32_CtauRes = 0.0453118,s1_CtauRes = 0.0321486)
    ... (remaining 6 messages suppressed)

0.0226979 to 3201.4
###
Tot evt: (182)
Res evt: (179)
lost evt: (98.3516)%, 179evts
Min: -2.77778, Max: 0
s1: 0.68633

************* Finished Sig Res Fit ****************

Info in <TCanvas::Print>: pdf file figs/2DFit_No_Weight/CtauRes/CtauRes_pt27.5-30.0_y0.0-1.6_muPt0.0_centrality0-180_PRw_Effw0_Accw0_PtW0_TnP0.pdf has been created

  RooFitResult: minimized FCN value: -9.37674, estimated distance to minimum: 5333.28
                covariance matrix quality: Unknown, matrix was externally provided
                Status : MINIMIZE=-1 HESSE=4 HESSE=4 

    Constant Parameter    Value     
  --------------------  ------------
                   One    1.0000e+00
         ctau1_CtauRes    0.0000e+00
         ctau2_CtauRes    0.0000e+00
         ctau3_CtauRes    0.0000e+00

    Floating Parameter  InitialValue    FinalValue +/-  Error     GblCorr.
  --------------------  ------------  --------------------------  --------
                N_Jpsi    1.0000e+08    2.3563e+01 +/-  7.63e+01  <none>
            f2_CtauRes    3.1000e-01    6.6185e-02 +/-  7.92e+00  <none>
             f_CtauRes    3.1000e-01    5.0360e-01 +/-  1.56e+01  <none>
          rS21_CtauRes    8.0000e-01    1.3369e+00 +/-  1.90e+01  <none>
          rS32_CtauRes    2.2000e+00    3.3839e+00 +/-  7.87e+01  <none>
            s1_CtauRes    5.0000e-01    6.8633e-01 +/-  5.12e+00  <none>

# STAGE: ctauRes
# CMD: /opt/conda/envs/root618/bin/root -l -b -q 'CtauRes.C(27.5,30,0,1.6,0,180)'

