
Processing CtauErr.C(22.5,25,0,1.6,0,180)...

[1mRooFit v3.60 -- Developed by Wouter Verkerke and David Kirkby[0m 
                Copyright (C) 2000-2013 NIKHEF, University of California & Stanford University
                All rights reserved, please read http://roofit.sourceforge.net/license.txt

RooDataSet::datasetW[ctau3D,mass,pt,y,weight,ctau3DRes,ctau3DErr,pt1,pt2,eta1,eta2,recoQQsign,cBin] = 2038 entries
Weight : 1
pt: 22.5-25, y: 0-1.6, Cent: 0-180%
####################################
 nBin : 100

*************** Start SPLOT *****************

Sig Yield: 13.9493 +/- 8.39171
Bkg Yield: 2023.36 +/- 67.1946
[INFO] Jpsi yield -> Mass Fit:13.9493, sWeights :13.9493
[INFO] Bkg  yield -> Mass Fit:2023.36, sWeights :2023.36
Info in <TCanvas::MakeDefCanvas>:  created default TCanvas with name c1
ctauErrMax : 0.0378008 ctauErrMin : 0.0108009
 BinWidth : 0.00179999
 newBins : 15
2038
2038
0.0108009, 0.0378008
Tot evt: (2038)
Res evt: (2020)
lost evt: (0.883219)%, 2020evts

************** Finished SPLOT *****************

Info in <TCanvas::Print>: pdf file figs/2DFit_No_Weight/CtauErr/ctauErr_pt22.5-25.0_y0.0-1.6_muPt0.0_centrality0-180_PRw_Effw0_Accw0_PtW0_TnP0.pdf has been created
# STAGE: ctauErr
# CMD: /opt/conda/envs/root618/bin/root -l -b -q 'CtauErr.C(22.5,25,0,1.6,0,180)'

