
Processing CtauErr.C(13,15,0,1.6,0,180)...

[1mRooFit v3.60 -- Developed by Wouter Verkerke and David Kirkby[0m 
                Copyright (C) 2000-2013 NIKHEF, University of California & Stanford University
                All rights reserved, please read http://roofit.sourceforge.net/license.txt

RooDataSet::datasetW[ctau3D,mass,pt,y,weight,ctau3DRes,ctau3DErr,pt1,pt2,eta1,eta2,recoQQsign,cBin] = 15011 entries
Weight : 1
pt: 13-15, y: 0-1.6, Cent: 0-180%
####################################
 nBin : 100

*************** Start SPLOT *****************

Sig Yield: 10582.7 +/- 114.607
Bkg Yield: 3595.68 +/- 113.657
[INFO] Jpsi yield -> Mass Fit:10582.7, sWeights :10582.7
[INFO] Bkg  yield -> Mass Fit:3595.68, sWeights :3595.68
Info in <TCanvas::MakeDefCanvas>:  created default TCanvas with name c1
ctauErrMax : 0.0774006 ctauErrMin : 0.0126009
 BinWidth : 0.00179999
 newBins : 36
15011
15011
0.0126009, 0.0774006
Tot evt: (15011)
Res evt: (14992)
lost evt: (0.126574)%, 14992evts

************** Finished SPLOT *****************

Info in <TCanvas::Print>: pdf file figs/2DFit_No_Weight/CtauErr/ctauErr_pt13.0-15.0_y0.0-1.6_muPt0.0_centrality0-180_PRw_Effw0_Accw0_PtW0_TnP0.pdf has been created
# STAGE: ctauErr
# CMD: /opt/conda/envs/root618/bin/root -l -b -q 'CtauErr.C(13,15,0,1.6,0,180)'

