
Processing Final2DFit.C(7.5,8.5,0,1.6,0,180)...

[1mRooFit v3.60 -- Developed by Wouter Verkerke and David Kirkby[0m 
                Copyright (C) 2000-2013 NIKHEF, University of California & Stanford University
                All rights reserved, please read http://roofit.sourceforge.net/license.txt

pt: 7.5 - 8.5, y: 0 - 1.6, Cent: 0 - 90%
CtauErr Min: 0.0144009, Max: 0.1332
####################################
[#0] ERROR:InputArguments -- RooArgSet::checkForDup: ERROR argument with name weight is already in this set
RooRealVar::mass = 3.41195  L(2.6 - 3.5) // [GeV/c^{2}]
RooRealVar::ctau3D = 0.0732593  L(-4 - 6.5) // [mm]
RooRealVar::ctau3DErr = 0.0238069  L(0.0144009 - 0.1332) // [mm]
RooRealVar::ctau3DRes = 3.07724  L(-10 - 10) 
[INFO] Constraining N_Bkg with Mean : 15065.5 and Sigma: 144.714
[INFO] Constraining N_Jpsi with Mean : 16664.9 and Sigma: 150.581
0.690367
1.01271: 31730.3/31332
##############START TOTAL CTAU FIT############
 **********
 **    1 **SET PRINT           3
 **********
 **********
 **    2 **SET NOGRAD
 **********
 PARAMETER DEFINITIONS:
    NO.   NAME         VALUE      STEP SIZE      LIMITS
     1 b_Jpsi       5.20000e-01  1.00000e-01    1.00000e-08  1.00000e+00
 **********
 **    3 **SET ERR         0.5
 **********
 **********
 **    4 **SET PRINT           3
 **********
 **********
 **    5 **SET STR           1
 **********
 NOW USING STRATEGY  1: TRY TO BALANCE SPEED AGAINST RELIABILITY
 **********
 **    6 **MIGRAD         500           1
 **********
 FIRST CALL TO USER FUNCTION AT NEW START POINT, WITH IFLAG=4.
 START MIGRAD MINIMIZATION.  STRATEGY  1.  CONVERGENCE WHEN EDM .LT. 1.00e-03
 FCN=-434085 FROM MIGRAD    STATUS=INITIATE        4 CALLS           5 TOTAL
                     EDM= unknown      STRATEGY= 1      NO ERROR MATRIX       
  EXT PARAMETER               CURRENT GUESS       STEP         FIRST   
  NO.   NAME      VALUE            ERROR          SIZE      DERIVATIVE 
   1  b_Jpsi       5.20000e-01   1.00000e-01   2.01528e-01   5.87666e+03
                               ERR DEF= 0.5
NO ERROR MATRIX       
 FCN=-435564 FROM MIGRAD    STATUS=PROGRESS        7 CALLS           8 TOTAL
                     EDM=5.93896    STRATEGY= 1      NO ERROR MATRIX       
  EXT PARAMETER               CURRENT GUESS       STEP         FIRST   
  NO.   NAME      VALUE            ERROR          SIZE      DERIVATIVE 
   1  b_Jpsi       2.72312e-01   1.00000e-01  -5.12805e-01  -1.84472e+02
                               ERR DEF= 0.5
 RELATIVE CHANGE IN COV. MATRIX= 50.8 per cent
 FCN=-435566 FROM MIGRAD    STATUS=PROGRESS       10 CALLS          11 TOTAL
                     EDM=0.0078825    STRATEGY= 1      NO ERROR MATRIX       
  EXT PARAMETER               CURRENT GUESS       STEP         FIRST   
  NO.   NAME      VALUE            ERROR          SIZE      DERIVATIVE 
   1  b_Jpsi       2.79287e-01   1.00000e-01   1.56073e-02   8.59295e+00
                               ERR DEF= 0.5
 RELATIVE CHANGE IN COV. MATRIX= 26.6 per cent
 FCN=-435566 FROM MIGRAD    STATUS=PROGRESS       13 CALLS          14 TOTAL
                     EDM=2.34751e-08    STRATEGY= 1  ERROR MATRIX UNCERTAINTY  26.6 per cent
  EXT PARAMETER                APPROXIMATE        STEP         FIRST   
  NO.   NAME      VALUE            ERROR          SIZE      DERIVATIVE 
   1  b_Jpsi       2.78976e-01   4.03241e-03  -6.94653e-04   1.79791e-02
                               ERR DEF= 0.5
 RELATIVE CHANGE IN COV. MATRIX= 13.3 per cent
 MIGRAD MINIMIZATION HAS CONVERGED.
 MIGRAD WILL VERIFY CONVERGENCE AND ERROR MATRIX.
   START COVARIANCE MATRIX CALCULATION.
 EIGENVALUES OF SECOND-DERIVATIVE MATRIX:
         1.0000e+00
 COVARIANCE MATRIX CALCULATED SUCCESSFULLY
 FCN=-435566 FROM MIGRAD    STATUS=CONVERGED      20 CALLS          21 TOTAL
                     EDM=6.15155e-08    STRATEGY= 1      ERROR MATRIX ACCURATE 
  EXT PARAMETER                                   STEP         FIRST   
  NO.   NAME      VALUE            ERROR          SIZE      DERIVATIVE 
   1  b_Jpsi       2.78976e-01   4.03646e-03   4.10206e-03   2.75578e-02
                               ERR DEF= 0.5
 EXTERNAL ERROR MATRIX.    NDIM=  25    NPAR=  1    ERR DEF=0.5
  1.629e-05 
Info in <TMinuitMinimizer::Minimize>: Finished to run MIGRAD - status 0
 EXTERNAL ERROR MATRIX.    NDIM=   1    NPAR=  1    ERR DEF=0.5
  1.629e-05 
 **********
 **    7 **SET ERR         0.5
 **********
 **********
 **    8 **SET PRINT           3
 **********
 **********
 **    9 **HESSE         500
 **********
   START COVARIANCE MATRIX CALCULATION.
 EIGENVALUES OF SECOND-DERIVATIVE MATRIX:
         1.0000e+00
 COVARIANCE MATRIX CALCULATED SUCCESSFULLY
 FCN=-435566 FROM HESSE     STATUS=OK              5 CALLS          26 TOTAL
                     EDM=6.15742e-08    STRATEGY= 1      ERROR MATRIX ACCURATE 
  EXT PARAMETER                                INTERNAL      INTERNAL  
  NO.   NAME      VALUE            ERROR       STEP SIZE       VALUE   
   1  b_Jpsi       2.78976e-01   4.03646e-03   1.64082e-04  -4.57881e-01
                               ERR DEF= 0.5
 EXTERNAL ERROR MATRIX.    NDIM=  25    NPAR=  1    ERR DEF=0.5
  1.629e-05 
 EXTERNAL ERROR MATRIX.    NDIM=   1    NPAR=  1    ERR DEF=0.5
  1.629e-05 
 **********
 **   10 **SET ERR         0.5
 **********
 **********
 **   11 **SET PRINT           3
 **********
 **********
 **   12 **HESSE         500
 **********
   START COVARIANCE MATRIX CALCULATION.
 EIGENVALUES OF SECOND-DERIVATIVE MATRIX:
         1.0000e+00
 COVARIANCE MATRIX CALCULATED SUCCESSFULLY
 FCN=-435566 FROM HESSE     STATUS=OK              5 CALLS          31 TOTAL
                     EDM=6.15826e-08    STRATEGY= 1      ERROR MATRIX ACCURATE 
  EXT PARAMETER                                INTERNAL      INTERNAL  
  NO.   NAME      VALUE            ERROR       STEP SIZE       VALUE   
   1  b_Jpsi       2.78976e-01   4.03647e-03   3.28165e-05  -4.57881e-01
                               ERR DEF= 0.5
 EXTERNAL ERROR MATRIX.    NDIM=  25    NPAR=  1    ERR DEF=0.5
  1.629e-05 
 EXTERNAL ERROR MATRIX.    NDIM=   1    NPAR=  1    ERR DEF=0.5
  1.629e-05 
RooArgSet::dependents = (ctau3D)
RooSetProxy::!refCoefNorm = (ctau3DErr,ctau3D)
RooArgSet::dependents = (ctau3D)
RooSetProxy::!refCoefNorm = (ctau3DErr,ctau3D)
RooArgSet:: = ()
RooSetProxy::!refCoefNorm = (ctau3DErr,ctau3D)
RooArgSet:: = ()
RooSetProxy::!refCoefNorm = (ctau3DErr,ctau3D)
RooArgSet::dependents = (ctau3D)
RooSetProxy::!refCoefNorm = (ctau3DErr,ctau3D)
RooArgSet::dependents = (ctau3D)
RooSetProxy::!refCoefNorm = (ctau3DErr,ctau3D)
RooArgSet:: = ()
RooSetProxy::!refCoefNorm = (ctau3DErr,ctau3D)
RooArgSet::dependents = (ctau3D)
RooSetProxy::!refCoefNorm = (ctau3DErr,ctau3D)
RooArgSet::dependents = (ctau3D)
RooSetProxy::!refCoefNorm = (ctau3DErr,ctau3D)
RooArgSet:: = ()
RooSetProxy::!refCoefNorm = (ctau3DErr,ctau3D)
RooArgSet:: = ()
RooSetProxy::!refCoefNorm = (ctau3DErr,ctau3D)
RooArgSet::dependents = (ctau3D)
RooSetProxy::!refCoefNorm = (ctau3DErr,ctau3D)
RooArgSet::dependents = (ctau3D)
RooSetProxy::!refCoefNorm = (ctau3DErr,ctau3D)
RooArgSet:: = ()
RooSetProxy::!refCoefNorm = (ctau3DErr,ctau3D)
RooArgSet:: = ()
RooSetProxy::!refCoefNorm = (ctau3DErr,ctau3D)
RooArgSet:: = ()
RooSetProxy::!refCoefNorm = (ctau3DErr,ctau3D)
RooArgSet::dependents = (ctau3D)
RooSetProxy::!refCoefNorm = (ctau3DErr,ctau3D)
RooArgSet::dependents = (ctau3D)
RooSetProxy::!refCoefNorm = (ctau3DErr,ctau3D)
RooArgSet::dependents = (ctau3D)
RooSetProxy::!refCoefNorm = (ctau3DErr,ctau3D)
RooArgSet::dependents = (ctau3D)
RooSetProxy::!refCoefNorm = (ctau3DErr,ctau3D)
RooArgSet:: = ()
RooSetProxy::!refCoefNorm = (ctau3DErr,ctau3D)
RooArgSet:: = ()
RooSetProxy::!refCoefNorm = (ctau3DErr,ctau3D)
RooArgSet:: = ()
RooSetProxy::!refCoefNorm = (ctau3DErr,ctau3D)
RooArgSet:: = ()
RooSetProxy::!refCoefNorm = (ctau3DErr,ctau3D)
RooArgSet:: = ()
RooSetProxy::!refCoefNorm = (ctau3DErr,ctau3D)
RooArgSet::dependents = (ctau3D)
RooSetProxy::!refCoefNorm = (ctau3DErr,ctau3D)
RooArgSet::dependents = (ctau3D)
RooSetProxy::!refCoefNorm = (ctau3DErr,ctau3D)
RooArgSet::dependents = (ctau3D)
RooSetProxy::!refCoefNorm = (ctau3DErr,ctau3D)
RooArgSet::dependents = (ctau3D)
RooSetProxy::!refCoefNorm = (ctau3DErr,ctau3D)
RooArgSet::dependents = (ctau3D)
RooSetProxy::!refCoefNorm = (ctau3DErr,ctau3D)
RooArgSet::dependents = (ctau3D)
RooSetProxy::!refCoefNorm = (ctau3DErr,ctau3D)
RooArgSet::dependents = (ctau3D)
RooSetProxy::!refCoefNorm = (ctau3DErr,ctau3D)
RooArgSet::dependents = (ctau3D)
RooSetProxy::!refCoefNorm = (ctau3DErr,ctau3D)
RooArgSet::dependents = (ctau3D)
RooSetProxy::!refCoefNorm = (ctau3DErr,ctau3D)
RooArgSet::dependents = (ctau3D)
RooSetProxy::!refCoefNorm = (ctau3DErr,ctau3D)
RooArgSet::dependents = (ctau3D)
RooSetProxy::!refCoefNorm = (ctau3DErr,ctau3D)
RooArgSet::dependents = (ctau3D)
RooSetProxy::!refCoefNorm = (ctau3DErr,ctau3D)
RooArgSet:: = ()
RooSetProxy::!refCoefNorm = (ctau3DErr,ctau3D)
RooArgSet:: = ()
RooSetProxy::!refCoefNorm = (ctau3DErr,ctau3D)
RooArgSet:: = ()
RooSetProxy::!refCoefNorm = (ctau3DErr,ctau3D)
RooArgSet:: = ()
RooSetProxy::!refCoefNorm = (ctau3DErr,ctau3D)
RooArgSet:: = ()
RooSetProxy::!refCoefNorm = (ctau3DErr,ctau3D)
RooArgSet:: = ()
RooSetProxy::!refCoefNorm = (ctau3DErr,ctau3D)
RooArgSet:: = ()
RooSetProxy::!refCoefNorm = (ctau3DErr,ctau3D)
RooArgSet:: = ()
RooSetProxy::!refCoefNorm = (ctau3DErr,ctau3D)
RooArgSet:: = ()
RooArgSet:: = ()
RooSetProxy::!refCoefNorm = (ctau3DErr,ctau3D)
RooSetProxy::!refCoefNorm = (ctau3DErr,ctau3D)
RooArgSet::dependents = (ctau3D)
RooSetProxy::!refCoefNorm = (ctau3DErr,ctau3D)
RooArgSet::dependents = (ctau3D)
RooSetProxy::!refCoefNorm = (ctau3DErr,ctau3D)
RooArgSet:: = ()
RooSetProxy::!refCoefNorm = (ctau3DErr,ctau3D)
RooArgSet:: = ()
RooSetProxy::!refCoefNorm = (ctau3DErr,ctau3D)
RooArgSet:: = ()
RooSetProxy::!refCoefNorm = (ctau3DErr,ctau3D)
RooArgSet:: = ()
RooSetProxy::!refCoefNorm = (ctau3DErr,ctau3D)
RooArgSet:: = ()
RooSetProxy::!refCoefNorm = (ctau3DErr,ctau3D)
RooArgSet:: = ()
RooSetProxy::!refCoefNorm = (ctau3DErr,ctau3D)
RooArgSet::dependents = (ctau3D)
RooSetProxy::!refCoefNorm = (ctau3DErr,ctau3D)
RooArgSet::dependents = (ctau3D)
RooSetProxy::!refCoefNorm = (ctau3DErr,ctau3D)
RooArgSet::dependents = (ctau3D)
RooSetProxy::!refCoefNorm = (ctau3DErr,ctau3D)
RooArgSet::dependents = (ctau3D)
RooSetProxy::!refCoefNorm = (ctau3DErr,ctau3D)
RooArgSet::dependents = (ctau3D)
RooSetProxy::!refCoefNorm = (ctau3DErr,ctau3D)
RooArgSet::dependents = (ctau3D)
RooArgSet::dependents = (ctau3D)
RooSetProxy::!refCoefNorm = (ctau3DErr,ctau3D)
RooSetProxy::!refCoefNorm = (ctau3DErr,ctau3D)
RooArgSet::dependents = (ctau3D)
RooSetProxy::!refCoefNorm = (ctau3DErr,ctau3D)
RooArgSet::dependents = (ctau3D)
RooSetProxy::!refCoefNorm = (ctau3DErr,ctau3D)
RooArgSet::dependents = (ctau3D)
RooSetProxy::!refCoefNorm = (ctau3DErr,ctau3D)
RooArgSet::dependents = (ctau3D)
RooSetProxy::!refCoefNorm = (ctau3DErr,ctau3D)
RooArgSet::dependents = (ctau3D)
RooSetProxy::!refCoefNorm = (ctau3DErr,ctau3D)
RooArgSet::dependents = (ctau3D)
RooSetProxy::!refCoefNorm = (ctau3DErr,ctau3D)
RooArgSet::dependents = (ctau3D)
RooSetProxy::!refCoefNorm = (ctau3DErr,ctau3D)
[#0] ERROR:Eval -- RooAbsReal::logEvalError(pdfCTAUMASS_Tot_Int[mass]_Norm[ctau3D,mass]) evaluation error, 
 origin       : RooRealIntegral::pdfCTAUMASS_Tot_Int[mass]_Norm[ctau3D,mass][ Int pdfCTAUMASS_Tot_Norm(ctau3D,mass) d[Ana](mass) ]
 message      : function value is NAN
 server values: !sumList=(), !intList=(), !anaList=(mass = 3.41195), !jacList=(), !facList=(), !func=pdfCTAUMASS_Tot=0, !sumCat=()
[#0] ERROR:Eval -- RooAbsReal::logEvalError(pdfCTAUMASS_Tot_Int[mass]_Norm[ctau3D,mass]) evaluation error, 
 origin       : RooRealIntegral::pdfCTAUMASS_Tot_Int[mass]_Norm[ctau3D,mass][ Int pdfCTAUMASS_Tot_Norm(ctau3D,mass) d[Ana](mass) ]
 message      : function value is NAN
 server values: !sumList=(), !intList=(), !anaList=(mass = 3.41195), !jacList=(), !facList=(), !func=pdfCTAUMASS_Tot=0, !sumCat=()
[#0] ERROR:Eval -- RooAbsReal::logEvalError(pdfCTAUMASS_Tot_Int[mass]_Norm[ctau3D,mass]) evaluation error, 
 origin       : RooRealIntegral::pdfCTAUMASS_Tot_Int[mass]_Norm[ctau3D,mass][ Int pdfCTAUMASS_Tot_Norm(ctau3D,mass) d[Ana](mass) ]
 message      : function value is NAN
 server values: !sumList=(), !intList=(), !anaList=(mass = 3.41195), !jacList=(), !facList=(), !func=pdfCTAUMASS_Tot=0, !sumCat=()
[#0] ERROR:Eval -- RooAbsReal::logEvalError(pdfCTAUMASS_TotDataWgtAvg_GOF6) evaluation error, 
 origin       : RooDataWeightedAverage::pdfCTAUMASS_TotDataWgtAvg_GOF6[ paramSet=(N_Bkg,N_Jpsi,alpha_1_A,b_Bkg,b_Jpsi,ctau1_CtauRes,ctau2_CtauRes,ctau3D,ctau3_CtauRes,f,f2_CtauRes,fDF12,fDFSS,fDLIV,fDSS12,fDSS1_test,fDSS2_test,f_CtauRes,lambdaDDS_Bkg,lambdaDF_Bkg1,lambdaDF_Bkg2,lambdaDSS_Bkg1,lambdaDSS_Bkg2,lambdaDSS_test1,lambdaDSS_test2,lambdaDSS_test3,m_{J/#Psi},n_1_A,rS21_CtauRes,rS32_CtauRes,s1_CtauRes,sigma_1_A,sl1,x_A,zeroMean) ]
 message      : function value is NAN
 server values: paramSet=(N_Bkg = 15065.5 +/- 144.714,N_Jpsi = 16664.9 +/- 150.581,alpha_1_A = 2.00447,b_Bkg = 0.992944 +/- 0.0775768,b_Jpsi = 0.278976 +/- 0.0040365,ctau1_CtauRes = 0,ctau2_CtauRes = 0,ctau3D = -4,ctau3_CtauRes = 0,f = 0.907263,f2_CtauRes = 0.23116 +/- 0.0706575,fDF12 = 0.0933716 +/- 0.0485153,fDFSS = 0.776802 +/- 0.0430074,fDLIV = 0.318387 +/- 0.0486788,fDSS12 = 0.587934 +/- 0.0839664,fDSS1_test = 0.95,fDSS2_test = 0.64,f_CtauRes = 0.153338 +/- 0.00801424,lambdaDDS_Bkg = 0.0257545 +/- 0.00406623,lambdaDF_Bkg1 = 0.500644 +/- 0.136087,lambdaDF_Bkg2 = 0.11659 +/- 0.0276865,lambdaDSS_Bkg1 = 0.421483 +/- 0.0371423,lambdaDSS_Bkg2 = 0.0878627 +/- 0.0355255,lambdaDSS_test1 = 0.33,lambdaDSS_test2 = 0.36,lambdaDSS_test3 = 0.5,m_{J/#Psi} = 3.09246 +/- 0.000321165,n_1_A = 1.38397,rS21_CtauRes = 2.90611 +/- 0.0111929,rS32_CtauRes = 4.11917 +/- 14.1159,s1_CtauRes = 0.338903 +/- 0.00151295,sigma_1_A = 0.0309331 +/- 0.000298697,sl1 = 0.0901526 +/- 0.0144021,x_A = 2.14728,zeroMean = 0)
[#0] ERROR:Eval -- RooAbsReal::logEvalError(pdfCTAUMASS_TotDataWgtAvg_GOF0) evaluation error, 
 origin       : RooDataWeightedAverage::pdfCTAUMASS_TotDataWgtAvg_GOF0[ paramSet=(N_Bkg,N_Jpsi,alpha_1_A,b_Bkg,b_Jpsi,ctau1_CtauRes,ctau2_CtauRes,ctau3D,ctau3_CtauRes,f,f2_CtauRes,fDF12,fDFSS,fDLIV,fDSS12,fDSS1_test,fDSS2_test,f_CtauRes,lambdaDDS_Bkg,lambdaDF_Bkg1,lambdaDF_Bkg2,lambdaDSS_Bkg1,lambdaDSS_Bkg2,lambdaDSS_test1,lambdaDSS_test2,lambdaDSS_test3,m_{J/#Psi},n_1_A,rS21_CtauRes,rS32_CtauRes,s1_CtauRes,sigma_1_A,sl1,x_A,zeroMean) ]
 message      : function value is NAN
 server values: paramSet=(N_Bkg = 15065.5 +/- 144.714,N_Jpsi = 16664.9 +/- 150.581,alpha_1_A = 2.00447,b_Bkg = 0.992944 +/- 0.0775768,b_Jpsi = 0.278976 +/- 0.0040365,ctau1_CtauRes = 0,ctau2_CtauRes = 0,ctau3D = -4,ctau3_CtauRes = 0,f = 0.907263,f2_CtauRes = 0.23116 +/- 0.0706575,fDF12 = 0.0933716 +/- 0.0485153,fDFSS = 0.776802 +/- 0.0430074,fDLIV = 0.318387 +/- 0.0486788,fDSS12 = 0.587934 +/- 0.0839664,fDSS1_test = 0.95,fDSS2_test = 0.64,f_CtauRes = 0.153338 +/- 0.00801424,lambdaDDS_Bkg = 0.0257545 +/- 0.00406623,lambdaDF_Bkg1 = 0.500644 +/- 0.136087,lambdaDF_Bkg2 = 0.11659 +/- 0.0276865,lambdaDSS_Bkg1 = 0.421483 +/- 0.0371423,lambdaDSS_Bkg2 = 0.0878627 +/- 0.0355255,lambdaDSS_test1 = 0.33,lambdaDSS_test2 = 0.36,lambdaDSS_test3 = 0.5,m_{J/#Psi} = 3.09246 +/- 0.000321165,n_1_A = 1.38397,rS21_CtauRes = 2.90611 +/- 0.0111929,rS32_CtauRes = 4.11917 +/- 14.1159,s1_CtauRes = 0.338903 +/- 0.00151295,sigma_1_A = 0.0309331 +/- 0.000298697,sl1 = 0.0901526 +/- 0.0144021,x_A = 2.14728,zeroMean = 0)
RooArgSet::dependents = (ctau3D)
RooSetProxy::!refCoefNorm = (ctau3DErr,ctau3D)
RooArgSet::dependents = (ctau3D)
RooSetProxy::!refCoefNorm = (ctau3DErr,ctau3D)
RooArgSet:: = ()
RooSetProxy::!refCoefNorm = (ctau3DErr,ctau3D)
RooArgSet:: = ()
RooSetProxy::!refCoefNorm = (ctau3DErr,ctau3D)
RooArgSet::dependents = (ctau3D)
RooSetProxy::!refCoefNorm = (ctau3DErr,ctau3D)
RooArgSet::dependents = (ctau3D)
RooSetProxy::!refCoefNorm = (ctau3DErr,ctau3D)
RooArgSet:: = ()
RooSetProxy::!refCoefNorm = (ctau3DErr,ctau3D)
RooArgSet::dependents = (ctau3D)
RooSetProxy::!refCoefNorm = (ctau3DErr,ctau3D)
RooArgSet::dependents = (ctau3D)
RooSetProxy::!refCoefNorm = (ctau3DErr,ctau3D)
RooArgSet:: = ()
RooSetProxy::!refCoefNorm = (ctau3DErr,ctau3D)
RooArgSet:: = ()
RooSetProxy::!refCoefNorm = (ctau3DErr,ctau3D)
RooArgSet::dependents = (ctau3D)
RooSetProxy::!refCoefNorm = (ctau3DErr,ctau3D)
RooArgSet::dependents = (ctau3D)
RooSetProxy::!refCoefNorm = (ctau3DErr,ctau3D)
RooArgSet:: = ()
RooSetProxy::!refCoefNorm = (ctau3DErr,ctau3D)
RooArgSet:: = ()
RooSetProxy::!refCoefNorm = (ctau3DErr,ctau3D)
RooArgSet:: = ()
RooSetProxy::!refCoefNorm = (ctau3DErr,ctau3D)
RooArgSet::dependents = (ctau3D)
RooSetProxy::!refCoefNorm = (ctau3DErr,ctau3D)
RooArgSet::dependents = (ctau3D)
RooSetProxy::!refCoefNorm = (ctau3DErr,ctau3D)
RooArgSet:: = ()
RooSetProxy::!refCoefNorm = (ctau3DErr,ctau3D)
RooArgSet::dependents = (ctau3D)
RooSetProxy::!refCoefNorm = (ctau3DErr,ctau3D)
RooArgSet:: = ()
RooArgSet::dependents = (ctau3D)
RooSetProxy::!refCoefNorm = (ctau3DErr,ctau3D)
RooSetProxy::!refCoefNorm = (ctau3DErr,ctau3D)
RooArgSet:: = ()
RooSetProxy::!refCoefNorm = (ctau3DErr,ctau3D)
RooArgSet:: = ()
RooSetProxy::!refCoefNorm = (ctau3DErr,ctau3D)
RooArgSet::dependents = (ctau3D)
RooSetProxy::!refCoefNorm = (ctau3DErr,ctau3D)
RooArgSet::dependents = (ctau3D)
RooSetProxy::!refCoefNorm = (ctau3DErr,ctau3D)
RooArgSet:: = ()
RooSetProxy::!refCoefNorm = (ctau3DErr,ctau3D)
RooArgSet::dependents = (ctau3D)
RooSetProxy::!refCoefNorm = (ctau3DErr,ctau3D)
RooArgSet::dependents = (ctau3D)
RooSetProxy::!refCoefNorm = (ctau3DErr,ctau3D)
RooArgSet::dependents = (ctau3D)
RooArgSet::dependents = (ctau3D)
RooSetProxy::!refCoefNorm = (ctau3DErr,ctau3D)
RooSetProxy::!refCoefNorm = (ctau3DErr,ctau3D)
RooArgSet::dependents = (ctau3D)
RooSetProxy::!refCoefNorm = (ctau3DErr,ctau3D)
RooArgSet::dependents = (ctau3D)
RooSetProxy::!refCoefNorm = (ctau3DErr,ctau3D)
RooArgSet::dependents = (ctau3D)
RooSetProxy::!refCoefNorm = (ctau3DErr,ctau3D)
RooArgSet::dependents = (ctau3D)
RooSetProxy::!refCoefNorm = (ctau3DErr,ctau3D)
RooArgSet::dependents = (ctau3D)
RooSetProxy::!refCoefNorm = (ctau3DErr,ctau3D)
RooArgSet::dependents = (ctau3D)
RooSetProxy::!refCoefNorm = (ctau3DErr,ctau3D)
RooArgSet:: = ()
RooSetProxy::!refCoefNorm = (ctau3DErr,ctau3D)
RooArgSet:: = ()
RooSetProxy::!refCoefNorm = (ctau3DErr,ctau3D)
RooArgSet:: = ()
RooSetProxy::!refCoefNorm = (ctau3DErr,ctau3D)
RooArgSet:: = ()
RooSetProxy::!refCoefNorm = (ctau3DErr,ctau3D)
RooArgSet:: = ()
RooSetProxy::!refCoefNorm = (ctau3DErr,ctau3D)
RooArgSet:: = ()
RooSetProxy::!refCoefNorm = (ctau3DErr,ctau3D)
RooArgSet:: = ()
RooSetProxy::!refCoefNorm = (ctau3DErr,ctau3D)
RooArgSet:: = ()
RooSetProxy::!refCoefNorm = (ctau3DErr,ctau3D)
RooArgSet:: = ()
RooSetProxy::!refCoefNorm = (ctau3DErr,ctau3D)
RooArgSet:: = ()
RooSetProxy::!refCoefNorm = (ctau3DErr,ctau3D)
RooArgSet::dependents = (ctau3D)
RooSetProxy::!refCoefNorm = (ctau3DErr,ctau3D)
RooArgSet::dependents = (ctau3D)
RooSetProxy::!refCoefNorm = (ctau3DErr,ctau3D)
RooArgSet:: = ()
RooSetProxy::!refCoefNorm = (ctau3DErr,ctau3D)
RooArgSet:: = ()
RooSetProxy::!refCoefNorm = (ctau3DErr,ctau3D)
RooArgSet:: = ()
RooSetProxy::!refCoefNorm = (ctau3DErr,ctau3D)
RooArgSet:: = ()
RooSetProxy::!refCoefNorm = (ctau3DErr,ctau3D)
RooArgSet:: = ()
RooArgSet::dependents = (ctau3D)
RooSetProxy::!refCoefNorm = (ctau3DErr,ctau3D)
RooSetProxy::!refCoefNorm = (ctau3DErr,ctau3D)
RooArgSet::dependents = (ctau3D)
RooSetProxy::!refCoefNorm = (ctau3DErr,ctau3D)
RooArgSet::dependents = (ctau3D)
RooSetProxy::!refCoefNorm = (ctau3DErr,ctau3D)
RooArgSet:: = ()
RooSetProxy::!refCoefNorm = (ctau3DErr,ctau3D)
RooArgSet::dependents = (ctau3D)
RooSetProxy::!refCoefNorm = (ctau3DErr,ctau3D)
RooArgSet::dependents = (ctau3D)
RooSetProxy::!refCoefNorm = (ctau3DErr,ctau3D)
RooArgSet::dependents = (ctau3D)
RooSetProxy::!refCoefNorm = (ctau3DErr,ctau3D)
RooArgSet::dependents = (ctau3D)
RooArgSet::dependents = (ctau3D)
RooSetProxy::!refCoefNorm = (ctau3DErr,ctau3D)
RooSetProxy::!refCoefNorm = (ctau3DErr,ctau3D)
RooArgSet::dependents = (ctau3D)
RooSetProxy::!refCoefNorm = (ctau3DErr,ctau3D)
RooArgSet::dependents = (ctau3D)
RooSetProxy::!refCoefNorm = (ctau3DErr,ctau3D)
RooArgSet::dependents = (ctau3D)
RooSetProxy::!refCoefNorm = (ctau3DErr,ctau3D)
RooArgSet::dependents = (ctau3D)
RooSetProxy::!refCoefNorm = (ctau3DErr,ctau3D)
RooArgSet::dependents = (ctau3D)
RooSetProxy::!refCoefNorm = (ctau3DErr,ctau3D)
RooArgSet::dependents = (ctau3D)
RooSetProxy::!refCoefNorm = (ctau3DErr,ctau3D)
[#0] ERROR:Eval -- RooAbsReal::logEvalError(pdfCTAUMASS_Tot_Int[mass]_Norm[ctau3D,mass]) evaluation error, 
 origin       : RooRealIntegral::pdfCTAUMASS_Tot_Int[mass]_Norm[ctau3D,mass][ Int pdfCTAUMASS_Tot_Norm(ctau3D,mass) d[Ana](mass) ]
 message      : function value is NAN
 server values: !sumList=(), !intList=(), !anaList=(mass = 3.41195), !jacList=(), !facList=(), !func=pdfCTAUMASS_Tot=0, !sumCat=()
[#0] ERROR:Eval -- RooAbsReal::logEvalError(pdfCTAUMASS_Tot_Int[mass]_Norm[ctau3D,mass]) evaluation error, 
 origin       : RooRealIntegral::pdfCTAUMASS_Tot_Int[mass]_Norm[ctau3D,mass][ Int pdfCTAUMASS_Tot_Norm(ctau3D,mass) d[Ana](mass) ]
 message      : function value is NAN
 server values: !sumList=(), !intList=(), !anaList=(mass = 3.41195), !jacList=(), !facList=(), !func=pdfCTAUMASS_Tot=0, !sumCat=()
[#0] ERROR:Eval -- RooAbsReal::logEvalError(pdfCTAUMASS_Tot_Int[mass]_Norm[ctau3D,mass]) evaluation error, 
 origin       : RooRealIntegral::pdfCTAUMASS_Tot_Int[mass]_Norm[ctau3D,mass][ Int pdfCTAUMASS_Tot_Norm(ctau3D,mass) d[Ana](mass) ]
 message      : function value is NAN
 server values: !sumList=(), !intList=(), !anaList=(mass = 3.41195), !jacList=(), !facList=(), !func=pdfCTAUMASS_Tot=0, !sumCat=()
[#0] ERROR:Eval -- RooAbsReal::logEvalError(pdfCTAUMASS_TotDataWgtAvg_GOF6) evaluation error, 
 origin       : RooDataWeightedAverage::pdfCTAUMASS_TotDataWgtAvg_GOF6[ paramSet=(N_Bkg,N_Jpsi,alpha_1_A,b_Bkg,b_Jpsi,ctau1_CtauRes,ctau2_CtauRes,ctau3D,ctau3_CtauRes,f,f2_CtauRes,fDF12,fDFSS,fDLIV,fDSS12,fDSS1_test,fDSS2_test,f_CtauRes,lambdaDDS_Bkg,lambdaDF_Bkg1,lambdaDF_Bkg2,lambdaDSS_Bkg1,lambdaDSS_Bkg2,lambdaDSS_test1,lambdaDSS_test2,lambdaDSS_test3,m_{J/#Psi},n_1_A,rS21_CtauRes,rS32_CtauRes,s1_CtauRes,sigma_1_A,sl1,x_A,zeroMean) ]
 message      : function value is NAN
 server values: paramSet=(N_Bkg = 15065.5 +/- 144.714,N_Jpsi = 16664.9 +/- 150.581,alpha_1_A = 2.00447,b_Bkg = 0.992944 +/- 0.0775768,b_Jpsi = 0.278976 +/- 0.0040365,ctau1_CtauRes = 0,ctau2_CtauRes = 0,ctau3D = -4,ctau3_CtauRes = 0,f = 0.907263,f2_CtauRes = 0.23116 +/- 0.0706575,fDF12 = 0.0933716 +/- 0.0485153,fDFSS = 0.776802 +/- 0.0430074,fDLIV = 0.318387 +/- 0.0486788,fDSS12 = 0.587934 +/- 0.0839664,fDSS1_test = 0.95,fDSS2_test = 0.64,f_CtauRes = 0.153338 +/- 0.00801424,lambdaDDS_Bkg = 0.0257545 +/- 0.00406623,lambdaDF_Bkg1 = 0.500644 +/- 0.136087,lambdaDF_Bkg2 = 0.11659 +/- 0.0276865,lambdaDSS_Bkg1 = 0.421483 +/- 0.0371423,lambdaDSS_Bkg2 = 0.0878627 +/- 0.0355255,lambdaDSS_test1 = 0.33,lambdaDSS_test2 = 0.36,lambdaDSS_test3 = 0.5,m_{J/#Psi} = 3.09246 +/- 0.000321165,n_1_A = 1.38397,rS21_CtauRes = 2.90611 +/- 0.0111929,rS32_CtauRes = 4.11917 +/- 14.1159,s1_CtauRes = 0.338903 +/- 0.00151295,sigma_1_A = 0.0309331 +/- 0.000298697,sl1 = 0.0901526 +/- 0.0144021,x_A = 2.14728,zeroMean = 0)
[#0] ERROR:Eval -- RooAbsReal::logEvalError(pdfCTAUMASS_TotDataWgtAvg_GOF0) evaluation error, 
 origin       : RooDataWeightedAverage::pdfCTAUMASS_TotDataWgtAvg_GOF0[ paramSet=(N_Bkg,N_Jpsi,alpha_1_A,b_Bkg,b_Jpsi,ctau1_CtauRes,ctau2_CtauRes,ctau3D,ctau3_CtauRes,f,f2_CtauRes,fDF12,fDFSS,fDLIV,fDSS12,fDSS1_test,fDSS2_test,f_CtauRes,lambdaDDS_Bkg,lambdaDF_Bkg1,lambdaDF_Bkg2,lambdaDSS_Bkg1,lambdaDSS_Bkg2,lambdaDSS_test1,lambdaDSS_test2,lambdaDSS_test3,m_{J/#Psi},n_1_A,rS21_CtauRes,rS32_CtauRes,s1_CtauRes,sigma_1_A,sl1,x_A,zeroMean) ]
 message      : function value is NAN
 server values: paramSet=(N_Bkg = 15065.5 +/- 144.714,N_Jpsi = 16664.9 +/- 150.581,alpha_1_A = 2.00447,b_Bkg = 0.992944 +/- 0.0775768,b_Jpsi = 0.278976 +/- 0.0040365,ctau1_CtauRes = 0,ctau2_CtauRes = 0,ctau3D = -4,ctau3_CtauRes = 0,f = 0.907263,f2_CtauRes = 0.23116 +/- 0.0706575,fDF12 = 0.0933716 +/- 0.0485153,fDFSS = 0.776802 +/- 0.0430074,fDLIV = 0.318387 +/- 0.0486788,fDSS12 = 0.587934 +/- 0.0839664,fDSS1_test = 0.95,fDSS2_test = 0.64,f_CtauRes = 0.153338 +/- 0.00801424,lambdaDDS_Bkg = 0.0257545 +/- 0.00406623,lambdaDF_Bkg1 = 0.500644 +/- 0.136087,lambdaDF_Bkg2 = 0.11659 +/- 0.0276865,lambdaDSS_Bkg1 = 0.421483 +/- 0.0371423,lambdaDSS_Bkg2 = 0.0878627 +/- 0.0355255,lambdaDSS_test1 = 0.33,lambdaDSS_test2 = 0.36,lambdaDSS_test3 = 0.5,m_{J/#Psi} = 3.09246 +/- 0.000321165,n_1_A = 1.38397,rS21_CtauRes = 2.90611 +/- 0.0111929,rS32_CtauRes = 4.11917 +/- 14.1159,s1_CtauRes = 0.338903 +/- 0.00151295,sigma_1_A = 0.0309331 +/- 0.000298697,sl1 = 0.0901526 +/- 0.0144021,x_A = 2.14728,zeroMean = 0)
RooArgSet::dependents = (ctau3D)
RooSetProxy::!refCoefNorm = (ctau3DErr,ctau3D)
RooArgSet::dependents = (ctau3D)
RooSetProxy::!refCoefNorm = (ctau3DErr,ctau3D)
RooArgSet:: = ()
RooSetProxy::!refCoefNorm = (ctau3DErr,ctau3D)
RooArgSet:: = ()
RooSetProxy::!refCoefNorm = (ctau3DErr,ctau3D)
RooArgSet::dependents = (ctau3D)
RooSetProxy::!refCoefNorm = (ctau3DErr,ctau3D)
RooArgSet::dependents = (ctau3D)
RooSetProxy::!refCoefNorm = (ctau3DErr,ctau3D)
RooArgSet:: = ()
RooSetProxy::!refCoefNorm = (ctau3DErr,ctau3D)
RooArgSet::dependents = (ctau3D)
RooSetProxy::!refCoefNorm = (ctau3DErr,ctau3D)
RooArgSet::dependents = (ctau3D)
RooSetProxy::!refCoefNorm = (ctau3DErr,ctau3D)
RooArgSet:: = ()
RooSetProxy::!refCoefNorm = (ctau3DErr,ctau3D)
RooArgSet:: = ()
RooSetProxy::!refCoefNorm = (ctau3DErr,ctau3D)
RooArgSet::dependents = (ctau3D)
RooSetProxy::!refCoefNorm = (ctau3DErr,ctau3D)
RooArgSet::dependents = (ctau3D)
RooSetProxy::!refCoefNorm = (ctau3DErr,ctau3D)
RooArgSet:: = ()
RooSetProxy::!refCoefNorm = (ctau3DErr,ctau3D)
RooArgSet::dependents = (ctau3D)
RooSetProxy::!refCoefNorm = (ctau3DErr,ctau3D)
RooArgSet::dependents = (ctau3D)
RooSetProxy::!refCoefNorm = (ctau3DErr,ctau3D)
RooArgSet:: = ()
RooSetProxy::!refCoefNorm = (ctau3DErr,ctau3D)
RooArgSet:: = ()
RooArgSet:: = ()
RooSetProxy::!refCoefNorm = (ctau3DErr,ctau3D)
RooSetProxy::!refCoefNorm = (ctau3DErr,ctau3D)
RooArgSet:: = ()
RooSetProxy::!refCoefNorm = (ctau3DErr,ctau3D)
RooArgSet::dependents = (ctau3D)
RooSetProxy::!refCoefNorm = (ctau3DErr,ctau3D)
RooArgSet::dependents = (ctau3D)
RooSetProxy::!refCoefNorm = (ctau3DErr,ctau3D)
RooArgSet::dependents = (ctau3D)
RooArgSet::dependents = (ctau3D)
RooSetProxy::!refCoefNorm = (ctau3DErr,ctau3D)
RooSetProxy::!refCoefNorm = (ctau3DErr,ctau3D)
RooArgSet:: = ()
RooSetProxy::!refCoefNorm = (ctau3DErr,ctau3D)
RooArgSet::dependents = (ctau3D)
RooArgSet::dependents = (ctau3D)
RooSetProxy::!refCoefNorm = (ctau3DErr,ctau3D)
RooSetProxy::!refCoefNorm = (ctau3DErr,ctau3D)
RooArgSet::dependents = (ctau3D)
RooSetProxy::!refCoefNorm = (ctau3DErr,ctau3D)
RooArgSet::dependents = (ctau3D)
RooSetProxy::!refCoefNorm = (ctau3DErr,ctau3D)
RooArgSet::dependents = (ctau3D)
RooSetProxy::!refCoefNorm = (ctau3DErr,ctau3D)
RooArgSet::dependents = (ctau3D)
RooSetProxy::!refCoefNorm = (ctau3DErr,ctau3D)
RooArgSet:: = ()
RooSetProxy::!refCoefNorm = (ctau3DErr,ctau3D)
RooArgSet:: = ()
RooSetProxy::!refCoefNorm = (ctau3DErr,ctau3D)
RooArgSet:: = ()
RooSetProxy::!refCoefNorm = (ctau3DErr,ctau3D)
RooArgSet:: = ()
RooArgSet:: = ()
RooSetProxy::!refCoefNorm = (ctau3DErr,ctau3D)
RooSetProxy::!refCoefNorm = (ctau3DErr,ctau3D)
RooArgSet::dependents = (ctau3D)
RooSetProxy::!refCoefNorm = (ctau3DErr,ctau3D)
RooArgSet:: = ()
RooSetProxy::!refCoefNorm = (ctau3DErr,ctau3D)
RooArgSet:: = ()
RooSetProxy::!refCoefNorm = (ctau3DErr,ctau3D)
RooArgSet:: = ()
RooArgSet:: = ()
RooSetProxy::!refCoefNorm = (ctau3DErr,ctau3D)
RooSetProxy::!refCoefNorm = (ctau3DErr,ctau3D)
RooArgSet:: = ()
RooSetProxy::!refCoefNorm = (ctau3DErr,ctau3D)
RooArgSet:: = ()
RooSetProxy::!refCoefNorm = (ctau3DErr,ctau3D)
RooArgSet::dependents = (ctau3D)
RooSetProxy::!refCoefNorm = (ctau3DErr,ctau3D)
RooArgSet:: = ()
RooSetProxy::!refCoefNorm = (ctau3DErr,ctau3D)
RooArgSet:: = ()
RooSetProxy::!refCoefNorm = (ctau3DErr,ctau3D)
RooArgSet::dependents = (ctau3D)
RooSetProxy::!refCoefNorm = (ctau3DErr,ctau3D)
RooArgSet::dependents = (ctau3D)
RooArgSet::dependents = (ctau3D)
RooSetProxy::!refCoefNorm = (ctau3DErr,ctau3D)
RooSetProxy::!refCoefNorm = (ctau3DErr,ctau3D)
RooArgSet::dependents = (ctau3D)
RooArgSet::dependents = (ctau3D)
RooSetProxy::!refCoefNorm = (ctau3DErr,ctau3D)
RooSetProxy::!refCoefNorm = (ctau3DErr,ctau3D)
RooArgSet::dependents = (ctau3D)
RooArgSet::dependents = (ctau3D)
RooSetProxy::!refCoefNorm = (ctau3DErr,ctau3D)
RooSetProxy::!refCoefNorm = (ctau3DErr,ctau3D)
RooArgSet::dependents = (ctau3D)
RooSetProxy::!refCoefNorm = (ctau3DErr,ctau3D)
RooArgSet::dependents = (ctau3D)
RooSetProxy::!refCoefNorm = (ctau3DErr,ctau3D)
RooArgSet:: = ()
RooSetProxy::!refCoefNorm = (ctau3DErr,ctau3D)
RooArgSet::dependents = (ctau3D)
RooArgSet::dependents = (ctau3D)
RooSetProxy::!refCoefNorm = (ctau3DErr,ctau3D)
RooSetProxy::!refCoefNorm = (ctau3DErr,ctau3D)
RooArgSet::dependents = (ctau3D)
RooSetProxy::!refCoefNorm = (ctau3DErr,ctau3D)
RooArgSet::dependents = (ctau3D)
RooSetProxy::!refCoefNorm = (ctau3DErr,ctau3D)
RooArgSet::dependents = (ctau3D)
RooSetProxy::!refCoefNorm = (ctau3DErr,ctau3D)
RooArgSet:: = ()
RooArgSet:: = ()
RooSetProxy::!refCoefNorm = (ctau3DErr,ctau3D)
RooSetProxy::!refCoefNorm = (ctau3DErr,ctau3D)
RooArgSet:: = ()
RooArgSet:: = ()
RooSetProxy::!refCoefNorm = (ctau3DErr,ctau3D)
RooSetProxy::!refCoefNorm = (ctau3DErr,ctau3D)
RooArgSet::dependents = (ctau3D)
RooArgSet::dependents = (ctau3D)
RooSetProxy::!refCoefNorm = (ctau3DErr,ctau3D)
RooSetProxy::!refCoefNorm = (ctau3DErr,ctau3D)
RooArgSet::dependents = (ctau3D)
RooArgSet::dependents = (ctau3D)
RooSetProxy::!refCoefNorm = (ctau3DErr,ctau3D)
RooSetProxy::!refCoefNorm = (ctau3DErr,ctau3D)
[#0] ERROR:Eval -- RooAbsReal::logEvalError(pdfCTAUMASS_Tot_Int[mass]_Norm[ctau3D,mass]) evaluation error, 
[#0] ERROR:Eval -- RooAbsReal::logEvalError(pdfCTAUMASS_Tot_Int[mass]_Norm[ctau3D,mass]) evaluation error, 
 origin       : RooRealIntegral::pdfCTAUMASS_Tot_Int[mass]_Norm[ctau3D,mass][ Int pdfCTAUMASS_Tot_Norm(ctau3D,mass) d[Ana](mass) ]
 origin       : RooRealIntegral::pdfCTAUMASS_Tot_Int[mass]_Norm[ctau3D,mass][ Int pdfCTAUMASS_Tot_Norm(ctau3D,mass) d[Ana](mass) ]
 message      : function value is NAN
 message      : function value is NAN
 server values: !sumList=(), !intList=(), !anaList=(mass = 3.41195), !jacList=(), !facList=(), !func=pdfCTAUMASS_Tot=0, !sumCat=()
 server values: !sumList=(), !intList=(), !anaList=(mass = 3.41195), !jacList=(), !facList=(), !func=pdfCTAUMASS_Tot=0, !sumCat=()
[#0] ERROR:Eval -- RooAbsReal::logEvalError(pdfCTAUMASS_Tot_Int[mass]_Norm[ctau3D,mass]) evaluation error, 
 origin       : RooRealIntegral::pdfCTAUMASS_Tot_Int[mass]_Norm[ctau3D,mass][ Int pdfCTAUMASS_Tot_Norm(ctau3D,mass) d[Ana](mass) ]
 message      : function value is NAN
 server values: !sumList=(), !intList=(), !anaList=(mass = 3.41195), !jacList=(), !facList=(), !func=pdfCTAUMASS_Tot=0, !sumCat=()
[#0] ERROR:Eval -- RooAbsReal::logEvalError(pdfCTAUMASS_TotDataWgtAvg_GOF6) evaluation error, 
 origin       : RooDataWeightedAverage::pdfCTAUMASS_TotDataWgtAvg_GOF6[ paramSet=(N_Bkg,N_Jpsi,alpha_1_A,b_Bkg,b_Jpsi,ctau1_CtauRes,ctau2_CtauRes,ctau3D,ctau3_CtauRes,f,f2_CtauRes,fDF12,fDFSS,fDLIV,fDSS12,fDSS1_test,fDSS2_test,f_CtauRes,lambdaDDS_Bkg,lambdaDF_Bkg1,lambdaDF_Bkg2,lambdaDSS_Bkg1,lambdaDSS_Bkg2,lambdaDSS_test1,lambdaDSS_test2,lambdaDSS_test3,m_{J/#Psi},n_1_A,rS21_CtauRes,rS32_CtauRes,s1_CtauRes,sigma_1_A,sl1,x_A,zeroMean) ]
 message      : function value is NAN
 server values: paramSet=(N_Bkg = 15065.5 +/- 144.714,N_Jpsi = 16664.9 +/- 150.581,alpha_1_A = 2.00447,b_Bkg = 0.992944 +/- 0.0775768,b_Jpsi = 0.278976 +/- 0.0040365,ctau1_CtauRes = 0,ctau2_CtauRes = 0,ctau3D = -4,ctau3_CtauRes = 0,f = 0.907263,f2_CtauRes = 0.23116 +/- 0.0706575,fDF12 = 0.0933716 +/- 0.0485153,fDFSS = 0.776802 +/- 0.0430074,fDLIV = 0.318387 +/- 0.0486788,fDSS12 = 0.587934 +/- 0.0839664,fDSS1_test = 0.95,fDSS2_test = 0.64,f_CtauRes = 0.153338 +/- 0.00801424,lambdaDDS_Bkg = 0.0257545 +/- 0.00406623,lambdaDF_Bkg1 = 0.500644 +/- 0.136087,lambdaDF_Bkg2 = 0.11659 +/- 0.0276865,lambdaDSS_Bkg1 = 0.421483 +/- 0.0371423,lambdaDSS_Bkg2 = 0.0878627 +/- 0.0355255,lambdaDSS_test1 = 0.33,lambdaDSS_test2 = 0.36,lambdaDSS_test3 = 0.5,m_{J/#Psi} = 3.09246 +/- 0.000321165,n_1_A = 1.38397,rS21_CtauRes = 2.90611 +/- 0.0111929,rS32_CtauRes = 4.11917 +/- 14.1159,s1_CtauRes = 0.338903 +/- 0.00151295,sigma_1_A = 0.0309331 +/- 0.000298697,sl1 = 0.0901526 +/- 0.0144021,x_A = 2.14728,zeroMean = 0)
[#0] ERROR:Eval -- RooAbsReal::logEvalError(pdfCTAUMASS_TotDataWgtAvg_GOF0) evaluation error, 
 origin       : RooDataWeightedAverage::pdfCTAUMASS_TotDataWgtAvg_GOF0[ paramSet=(N_Bkg,N_Jpsi,alpha_1_A,b_Bkg,b_Jpsi,ctau1_CtauRes,ctau2_CtauRes,ctau3D,ctau3_CtauRes,f,f2_CtauRes,fDF12,fDFSS,fDLIV,fDSS12,fDSS1_test,fDSS2_test,f_CtauRes,lambdaDDS_Bkg,lambdaDF_Bkg1,lambdaDF_Bkg2,lambdaDSS_Bkg1,lambdaDSS_Bkg2,lambdaDSS_test1,lambdaDSS_test2,lambdaDSS_test3,m_{J/#Psi},n_1_A,rS21_CtauRes,rS32_CtauRes,s1_CtauRes,sigma_1_A,sl1,x_A,zeroMean) ]
 message      : function value is NAN
 server values: paramSet=(N_Bkg = 15065.5 +/- 144.714,N_Jpsi = 16664.9 +/- 150.581,alpha_1_A = 2.00447,b_Bkg = 0.992944 +/- 0.0775768,b_Jpsi = 0.278976 +/- 0.0040365,ctau1_CtauRes = 0,ctau2_CtauRes = 0,ctau3D = -4,ctau3_CtauRes = 0,f = 0.907263,f2_CtauRes = 0.23116 +/- 0.0706575,fDF12 = 0.0933716 +/- 0.0485153,fDFSS = 0.776802 +/- 0.0430074,fDLIV = 0.318387 +/- 0.0486788,fDSS12 = 0.587934 +/- 0.0839664,fDSS1_test = 0.95,fDSS2_test = 0.64,f_CtauRes = 0.153338 +/- 0.00801424,lambdaDDS_Bkg = 0.0257545 +/- 0.00406623,lambdaDF_Bkg1 = 0.500644 +/- 0.136087,lambdaDF_Bkg2 = 0.11659 +/- 0.0276865,lambdaDSS_Bkg1 = 0.421483 +/- 0.0371423,lambdaDSS_Bkg2 = 0.0878627 +/- 0.0355255,lambdaDSS_test1 = 0.33,lambdaDSS_test2 = 0.36,lambdaDSS_test3 = 0.5,m_{J/#Psi} = 3.09246 +/- 0.000321165,n_1_A = 1.38397,rS21_CtauRes = 2.90611 +/- 0.0111929,rS32_CtauRes = 4.11917 +/- 14.1159,s1_CtauRes = 0.338903 +/- 0.00151295,sigma_1_A = 0.0309331 +/- 0.000298697,sl1 = 0.0901526 +/- 0.0144021,x_A = 2.14728,zeroMean = 0)
RooArgSet::dependents = (ctau3D)
RooSetProxy::!refCoefNorm = (ctau3DErr,ctau3D)
RooArgSet::dependents = (ctau3D)
RooSetProxy::!refCoefNorm = (ctau3DErr,ctau3D)
RooArgSet:: = ()
RooSetProxy::!refCoefNorm = (ctau3DErr,ctau3D)
RooArgSet:: = ()
RooSetProxy::!refCoefNorm = (ctau3DErr,ctau3D)
RooArgSet::dependents = (ctau3D)
RooSetProxy::!refCoefNorm = (ctau3DErr,ctau3D)
RooArgSet::dependents = (ctau3D)
RooSetProxy::!refCoefNorm = (ctau3DErr,ctau3D)
RooArgSet:: = ()
RooSetProxy::!refCoefNorm = (ctau3DErr,ctau3D)
RooArgSet::dependents = (ctau3D)
RooSetProxy::!refCoefNorm = (ctau3DErr,ctau3D)
RooArgSet::dependents = (ctau3D)
RooSetProxy::!refCoefNorm = (ctau3DErr,ctau3D)
RooArgSet:: = ()
RooSetProxy::!refCoefNorm = (ctau3DErr,ctau3D)
RooArgSet:: = ()
RooSetProxy::!refCoefNorm = (ctau3DErr,ctau3D)
RooArgSet::dependents = (ctau3D)
RooSetProxy::!refCoefNorm = (ctau3DErr,ctau3D)
RooArgSet::dependents = (ctau3D)
RooSetProxy::!refCoefNorm = (ctau3DErr,ctau3D)
RooArgSet:: = ()
RooArgSet:: = ()
RooSetProxy::!refCoefNorm = (ctau3DErr,ctau3D)
RooSetProxy::!refCoefNorm = (ctau3DErr,ctau3D)
RooArgSet::dependents = (ctau3D)
RooSetProxy::!refCoefNorm = (ctau3DErr,ctau3D)
RooArgSet::dependents = (ctau3D)
RooSetProxy::!refCoefNorm = (ctau3DErr,ctau3D)
RooArgSet::dependents = (ctau3D)
RooSetProxy::!refCoefNorm = (ctau3DErr,ctau3D)
RooArgSet::dependents = (ctau3D)
RooSetProxy::!refCoefNorm = (ctau3DErr,ctau3D)
RooArgSet:: = ()
RooSetProxy::!refCoefNorm = (ctau3DErr,ctau3D)
RooArgSet:: = ()
RooSetProxy::!refCoefNorm = (ctau3DErr,ctau3D)
RooArgSet::dependents = (ctau3D)
RooSetProxy::!refCoefNorm = (ctau3DErr,ctau3D)
RooArgSet::dependents = (ctau3D)
RooSetProxy::!refCoefNorm = (ctau3DErr,ctau3D)
RooArgSet::dependents = (ctau3D)
RooSetProxy::!refCoefNorm = (ctau3DErr,ctau3D)
RooArgSet::dependents = (ctau3D)
RooSetProxy::!refCoefNorm = (ctau3DErr,ctau3D)
RooArgSet:: = ()
RooSetProxy::!refCoefNorm = (ctau3DErr,ctau3D)
RooArgSet:: = ()
RooSetProxy::!refCoefNorm = (ctau3DErr,ctau3D)
RooArgSet:: = ()
RooSetProxy::!refCoefNorm = (ctau3DErr,ctau3D)
RooArgSet:: = ()
RooSetProxy::!refCoefNorm = (ctau3DErr,ctau3D)
RooArgSet::dependents = (ctau3D)
RooArgSet::dependents = (ctau3D)
RooArgSet:: = ()
RooSetProxy::!refCoefNorm = (ctau3DErr,ctau3D)
RooSetProxy::!refCoefNorm = (ctau3DErr,ctau3D)
RooSetProxy::!refCoefNorm = (ctau3DErr,ctau3D)
RooArgSet:: = ()
RooSetProxy::!refCoefNorm = (ctau3DErr,ctau3D)
RooArgSet:: = ()
RooArgSet:: = ()
RooSetProxy::!refCoefNorm = (ctau3DErr,ctau3D)
RooSetProxy::!refCoefNorm = (ctau3DErr,ctau3D)
RooArgSet::dependents = (ctau3D)
RooSetProxy::!refCoefNorm = (ctau3DErr,ctau3D)
RooArgSet::dependents = (ctau3D)
RooSetProxy::!refCoefNorm = (ctau3DErr,ctau3D)
RooArgSet:: = ()
RooSetProxy::!refCoefNorm = (ctau3DErr,ctau3D)
RooArgSet:: = ()
RooSetProxy::!refCoefNorm = (ctau3DErr,ctau3D)
RooArgSet::dependents = (ctau3D)
RooArgSet::dependents = (ctau3D)
RooSetProxy::!refCoefNorm = (ctau3DErr,ctau3D)
RooSetProxy::!refCoefNorm = (ctau3DErr,ctau3D)
RooArgSet::dependents = (ctau3D)
RooSetProxy::!refCoefNorm = (ctau3DErr,ctau3D)
RooArgSet::dependents = (ctau3D)
RooSetProxy::!refCoefNorm = (ctau3DErr,ctau3D)
RooArgSet::dependents = (ctau3D)
RooArgSet::dependents = (ctau3D)
RooSetProxy::!refCoefNorm = (ctau3DErr,ctau3D)
RooSetProxy::!refCoefNorm = (ctau3DErr,ctau3D)
RooArgSet::dependents = (ctau3D)
RooSetProxy::!refCoefNorm = (ctau3DErr,ctau3D)
RooArgSet::dependents = (ctau3D)
RooSetProxy::!refCoefNorm = (ctau3DErr,ctau3D)
RooArgSet:: = ()
RooArgSet:: = ()
RooSetProxy::!refCoefNorm = (ctau3DErr,ctau3D)
RooSetProxy::!refCoefNorm = (ctau3DErr,ctau3D)
RooArgSet:: = ()
RooArgSet:: = ()
RooSetProxy::!refCoefNorm = (ctau3DErr,ctau3D)
RooSetProxy::!refCoefNorm = (ctau3DErr,ctau3D)
RooArgSet::dependents = (ctau3D)
RooArgSet::dependents = (ctau3D)
RooSetProxy::!refCoefNorm = (ctau3DErr,ctau3D)
RooSetProxy::!refCoefNorm = (ctau3DErr,ctau3D)
RooArgSet:: = ()
RooArgSet:: = ()
RooSetProxy::!refCoefNorm = (ctau3DErr,ctau3D)
RooSetProxy::!refCoefNorm = (ctau3DErr,ctau3D)
RooArgSet::dependents = (ctau3D)
RooArgSet::dependents = (ctau3D)
RooSetProxy::!refCoefNorm = (ctau3DErr,ctau3D)
RooSetProxy::!refCoefNorm = (ctau3DErr,ctau3D)
RooArgSet::dependents = (ctau3D)
RooArgSet::dependents = (ctau3D)
RooSetProxy::!refCoefNorm = (ctau3DErr,ctau3D)
RooSetProxy::!refCoefNorm = (ctau3DErr,ctau3D)
RooArgSet::dependents = (ctau3D)
RooArgSet::dependents = (ctau3D)
RooSetProxy::!refCoefNorm = (ctau3DErr,ctau3D)
RooSetProxy::!refCoefNorm = (ctau3DErr,ctau3D)
[#0] ERROR:Eval -- RooAbsReal::logEvalError(pdfCTAUMASS_Tot_Int[mass]_Norm[ctau3D,mass]) evaluation error, 
 origin       : RooRealIntegral::pdfCTAUMASS_Tot_Int[mass]_Norm[ctau3D,mass][ Int pdfCTAUMASS_Tot_Norm(ctau3D,mass) d[Ana](mass) ]
 message      : function value is NAN
 server values: !sumList=(), !intList=(), !anaList=(mass = 3.41195), !jacList=(), !facList=(), !func=pdfCTAUMASS_Tot=0, !sumCat=()
[#0] ERROR:Eval -- RooAbsReal::logEvalError(pdfCTAUMASS_Tot_Int[mass]_Norm[ctau3D,mass]) evaluation error, 
 origin       : RooRealIntegral::pdfCTAUMASS_Tot_Int[mass]_Norm[ctau3D,mass][ Int pdfCTAUMASS_Tot_Norm(ctau3D,mass) d[Ana](mass) ]
 message      : function value is NAN
 server values: !sumList=(), !intList=(), !anaList=(mass = 3.41195), !jacList=(), !facList=(), !func=pdfCTAUMASS_Tot=0, !sumCat=()
[#0] ERROR:Eval -- RooAbsReal::logEvalError(pdfCTAUMASS_TotDataWgtAvg_GOF6) evaluation error, 
 origin       : RooDataWeightedAverage::pdfCTAUMASS_TotDataWgtAvg_GOF6[ paramSet=(N_Bkg,N_Jpsi,alpha_1_A,b_Bkg,b_Jpsi,ctau1_CtauRes,ctau2_CtauRes,ctau3D,ctau3_CtauRes,f,f2_CtauRes,fDF12,fDFSS,fDLIV,fDSS12,fDSS1_test,fDSS2_test,f_CtauRes,lambdaDDS_Bkg,lambdaDF_Bkg1,lambdaDF_Bkg2,lambdaDSS_Bkg1,lambdaDSS_Bkg2,lambdaDSS_test1,lambdaDSS_test2,lambdaDSS_test3,m_{J/#Psi},n_1_A,rS21_CtauRes,rS32_CtauRes,s1_CtauRes,sigma_1_A,sl1,x_A,zeroMean) ]
 message      : function value is NAN
 server values: paramSet=(N_Bkg = 15065.5 +/- 144.714,N_Jpsi = 16664.9 +/- 150.581,alpha_1_A = 2.00447,b_Bkg = 0.992944 +/- 0.0775768,b_Jpsi = 0.278976 +/- 0.0040365,ctau1_CtauRes = 0,ctau2_CtauRes = 0,ctau3D = -4,ctau3_CtauRes = 0,f = 0.907263,f2_CtauRes = 0.23116 +/- 0.0706575,fDF12 = 0.0933716 +/- 0.0485153,fDFSS = 0.776802 +/- 0.0430074,fDLIV = 0.318387 +/- 0.0486788,fDSS12 = 0.587934 +/- 0.0839664,fDSS1_test = 0.95,fDSS2_test = 0.64,f_CtauRes = 0.153338 +/- 0.00801424,lambdaDDS_Bkg = 0.0257545 +/- 0.00406623,lambdaDF_Bkg1 = 0.500644 +/- 0.136087,lambdaDF_Bkg2 = 0.11659 +/- 0.0276865,lambdaDSS_Bkg1 = 0.421483 +/- 0.0371423,lambdaDSS_Bkg2 = 0.0878627 +/- 0.0355255,lambdaDSS_test1 = 0.33,lambdaDSS_test2 = 0.36,lambdaDSS_test3 = 0.5,m_{J/#Psi} = 3.09246 +/- 0.000321165,n_1_A = 1.38397,rS21_CtauRes = 2.90611 +/- 0.0111929,rS32_CtauRes = 4.11917 +/- 14.1159,s1_CtauRes = 0.338903 +/- 0.00151295,sigma_1_A = 0.0309331 +/- 0.000298697,sl1 = 0.0901526 +/- 0.0144021,x_A = 2.14728,zeroMean = 0)
RooArgSet:: = ()
RooArgSet:: = ()
RooSetProxy::!refCoefNorm = (ctau3DErr,ctau3D)
RooSetProxy::!refCoefNorm = (ctau3DErr,ctau3D)
RooArgSet:: = ()
RooArgSet:: = ()
RooSetProxy::!refCoefNorm = (ctau3DErr,ctau3D)
RooSetProxy::!refCoefNorm = (ctau3DErr,ctau3D)
RooArgSet::dependents = (ctau3D)
RooArgSet::dependents = (ctau3D)
RooSetProxy::!refCoefNorm = (ctau3DErr,ctau3D)
RooSetProxy::!refCoefNorm = (ctau3DErr,ctau3D)
RooArgSet::dependents = (ctau3D)
RooArgSet::dependents = (ctau3D)
RooSetProxy::!refCoefNorm = (ctau3DErr,ctau3D)
RooSetProxy::!refCoefNorm = (ctau3DErr,ctau3D)
[#0] ERROR:Eval -- RooAbsReal::logEvalError(pdfCTAUMASS_Tot_Int[mass]_Norm[ctau3D,mass]) evaluation error, 
 origin       : RooRealIntegral::pdfCTAUMASS_Tot_Int[mass]_Norm[ctau3D,mass][ Int pdfCTAUMASS_Tot_Norm(ctau3D,mass) d[Ana](mass) ]
 message      : function value is NAN
 server values: !sumList=(), !intList=(), !anaList=(mass = 3.41195), !jacList=(), !facList=(), !func=pdfCTAUMASS_Tot=0, !sumCat=()
[#0] ERROR:Eval -- RooAbsReal::logEvalError(pdfCTAUMASS_TotDataWgtAvg_GOF0) evaluation error, 
 origin       : RooDataWeightedAverage::pdfCTAUMASS_TotDataWgtAvg_GOF0[ paramSet=(N_Bkg,N_Jpsi,alpha_1_A,b_Bkg,b_Jpsi,ctau1_CtauRes,ctau2_CtauRes,ctau3D,ctau3_CtauRes,f,f2_CtauRes,fDF12,fDFSS,fDLIV,fDSS12,fDSS1_test,fDSS2_test,f_CtauRes,lambdaDDS_Bkg,lambdaDF_Bkg1,lambdaDF_Bkg2,lambdaDSS_Bkg1,lambdaDSS_Bkg2,lambdaDSS_test1,lambdaDSS_test2,lambdaDSS_test3,m_{J/#Psi},n_1_A,rS21_CtauRes,rS32_CtauRes,s1_CtauRes,sigma_1_A,sl1,x_A,zeroMean) ]
 message      : function value is NAN
 server values: paramSet=(N_Bkg = 15065.5 +/- 144.714,N_Jpsi = 16664.9 +/- 150.581,alpha_1_A = 2.00447,b_Bkg = 0.992944 +/- 0.0775768,b_Jpsi = 0.278976 +/- 0.0040365,ctau1_CtauRes = 0,ctau2_CtauRes = 0,ctau3D = -4,ctau3_CtauRes = 0,f = 0.907263,f2_CtauRes = 0.23116 +/- 0.0706575,fDF12 = 0.0933716 +/- 0.0485153,fDFSS = 0.776802 +/- 0.0430074,fDLIV = 0.318387 +/- 0.0486788,fDSS12 = 0.587934 +/- 0.0839664,fDSS1_test = 0.95,fDSS2_test = 0.64,f_CtauRes = 0.153338 +/- 0.00801424,lambdaDDS_Bkg = 0.0257545 +/- 0.00406623,lambdaDF_Bkg1 = 0.500644 +/- 0.136087,lambdaDF_Bkg2 = 0.11659 +/- 0.0276865,lambdaDSS_Bkg1 = 0.421483 +/- 0.0371423,lambdaDSS_Bkg2 = 0.0878627 +/- 0.0355255,lambdaDSS_test1 = 0.33,lambdaDSS_test2 = 0.36,lambdaDSS_test3 = 0.5,m_{J/#Psi} = 3.09246 +/- 0.000321165,n_1_A = 1.38397,rS21_CtauRes = 2.90611 +/- 0.0111929,rS32_CtauRes = 4.11917 +/- 14.1159,s1_CtauRes = 0.338903 +/- 0.00151295,sigma_1_A = 0.0309331 +/- 0.000298697,sl1 = 0.0901526 +/- 0.0144021,x_A = 2.14728,zeroMean = 0)
RooArgSet::dependents = (ctau3D)
RooSetProxy::!refCoefNorm = (ctau3D,ctau3DErr)
RooArgSet::dependents = (ctau3D)
RooSetProxy::!refCoefNorm = (ctau3D,ctau3DErr)
RooArgSet:: = ()
RooSetProxy::!refCoefNorm = (ctau3D,ctau3DErr)
RooArgSet:: = ()
RooSetProxy::!refCoefNorm = (ctau3D,ctau3DErr)
RooArgSet::dependents = (ctau3D)
RooSetProxy::!refCoefNorm = (ctau3D,ctau3DErr)
RooArgSet::dependents = (ctau3D)
RooSetProxy::!refCoefNorm = (ctau3D,ctau3DErr)
RooArgSet:: = ()
RooSetProxy::!refCoefNorm = (ctau3D,ctau3DErr)
RooArgSet::dependents = (ctau3D)
RooSetProxy::!refCoefNorm = (ctau3D,ctau3DErr)
RooArgSet::dependents = (ctau3D)
RooSetProxy::!refCoefNorm = (ctau3D,ctau3DErr)
RooArgSet:: = ()
RooSetProxy::!refCoefNorm = (ctau3D,ctau3DErr)
RooArgSet:: = ()
RooSetProxy::!refCoefNorm = (ctau3D,ctau3DErr)
RooArgSet::dependents = (ctau3D)
RooSetProxy::!refCoefNorm = (ctau3D,ctau3DErr)
RooArgSet::dependents = (ctau3D)
RooSetProxy::!refCoefNorm = (ctau3D,ctau3DErr)
RooArgSet:: = ()
RooSetProxy::!refCoefNorm = (ctau3D,ctau3DErr)
RooArgSet:: = ()
RooSetProxy::!refCoefNorm = (ctau3D,ctau3DErr)
RooArgSet::dependents = (ctau3D)
RooSetProxy::!refCoefNorm = (ctau3D,ctau3DErr)
RooArgSet::dependents = (ctau3D)
RooSetProxy::!refCoefNorm = (ctau3D,ctau3DErr)
RooArgSet::dependents = (ctau3D)
RooSetProxy::!refCoefNorm = (ctau3D,ctau3DErr)
RooArgSet::dependents = (ctau3D)
RooSetProxy::!refCoefNorm = (ctau3D,ctau3DErr)
RooArgSet:: = ()
RooSetProxy::!refCoefNorm = (ctau3D,ctau3DErr)
RooArgSet:: = ()
RooSetProxy::!refCoefNorm = (ctau3D,ctau3DErr)
RooArgSet:: = ()
RooSetProxy::!refCoefNorm = (ctau3D,ctau3DErr)
RooArgSet:: = ()
RooSetProxy::!refCoefNorm = (ctau3D,ctau3DErr)
RooArgSet:: = ()
RooSetProxy::!refCoefNorm = (ctau3D,ctau3DErr)
RooArgSet:: = ()
RooSetProxy::!refCoefNorm = (ctau3D,ctau3DErr)
RooArgSet::dependents = (ctau3D)
RooSetProxy::!refCoefNorm = (ctau3D,ctau3DErr)
RooArgSet::dependents = (ctau3D)
RooSetProxy::!refCoefNorm = (ctau3D,ctau3DErr)
RooArgSet::dependents = (ctau3D)
RooSetProxy::!refCoefNorm = (ctau3D,ctau3DErr)
RooArgSet::dependents = (ctau3D)
RooSetProxy::!refCoefNorm = (ctau3D,ctau3DErr)
RooArgSet::dependents = (ctau3D)
RooSetProxy::!refCoefNorm = (ctau3D,ctau3DErr)
RooArgSet::dependents = (ctau3D)
RooSetProxy::!refCoefNorm = (ctau3D,ctau3DErr)
RooArgSet::dependents = (ctau3D)
RooSetProxy::!refCoefNorm = (ctau3D,ctau3DErr)
RooArgSet::dependents = (ctau3D)
RooSetProxy::!refCoefNorm = (ctau3D,ctau3DErr)
RooArgSet::dependents = (ctau3D)
RooSetProxy::!refCoefNorm = (ctau3D,ctau3DErr)
RooArgSet::dependents = (ctau3D)
RooSetProxy::!refCoefNorm = (ctau3D,ctau3DErr)
RooArgSet::dependents = (ctau3D)
RooSetProxy::!refCoefNorm = (ctau3D,ctau3DErr)
RooArgSet::dependents = (ctau3D)
RooSetProxy::!refCoefNorm = (ctau3D,ctau3DErr)
RooArgSet:: = ()
RooSetProxy::!refCoefNorm = (ctau3D,ctau3DErr)
RooArgSet:: = ()
RooSetProxy::!refCoefNorm = (ctau3D,ctau3DErr)
RooArgSet:: = ()
RooSetProxy::!refCoefNorm = (ctau3D,ctau3DErr)
RooArgSet:: = ()
RooSetProxy::!refCoefNorm = (ctau3D,ctau3DErr)
RooArgSet:: = ()
RooSetProxy::!refCoefNorm = (ctau3D,ctau3DErr)
RooArgSet:: = ()
RooSetProxy::!refCoefNorm = (ctau3D,ctau3DErr)
RooArgSet:: = ()
RooSetProxy::!refCoefNorm = (ctau3D,ctau3DErr)
RooArgSet:: = ()
RooSetProxy::!refCoefNorm = (ctau3D,ctau3DErr)
RooArgSet:: = ()
RooSetProxy::!refCoefNorm = (ctau3D,ctau3DErr)
RooArgSet::dependents = (ctau3D)
RooSetProxy::!refCoefNorm = (ctau3D,ctau3DErr)
RooArgSet:: = ()
RooSetProxy::!refCoefNorm = (ctau3D,ctau3DErr)
RooArgSet::dependents = (ctau3D)
RooSetProxy::!refCoefNorm = (ctau3D,ctau3DErr)
RooArgSet:: = ()
RooSetProxy::!refCoefNorm = (ctau3D,ctau3DErr)
RooArgSet:: = ()
RooSetProxy::!refCoefNorm = (ctau3D,ctau3DErr)
RooArgSet:: = ()
RooSetProxy::!refCoefNorm = (ctau3D,ctau3DErr)
RooArgSet:: = ()
RooSetProxy::!refCoefNorm = (ctau3D,ctau3DErr)
RooArgSet::dependents = (ctau3D)
RooSetProxy::!refCoefNorm = (ctau3D,ctau3DErr)
RooArgSet:: = ()
RooSetProxy::!refCoefNorm = (ctau3D,ctau3DErr)
RooArgSet::dependents = (ctau3D)
RooSetProxy::!refCoefNorm = (ctau3D,ctau3DErr)
RooArgSet:: = ()
RooSetProxy::!refCoefNorm = (ctau3D,ctau3DErr)
RooArgSet::dependents = (ctau3D)
RooSetProxy::!refCoefNorm = (ctau3D,ctau3DErr)
RooArgSet::dependents = (ctau3D)
RooSetProxy::!refCoefNorm = (ctau3D,ctau3DErr)
RooArgSet::dependents = (ctau3D)
RooSetProxy::!refCoefNorm = (ctau3D,ctau3DErr)
RooArgSet::dependents = (ctau3D)
RooSetProxy::!refCoefNorm = (ctau3D,ctau3DErr)
RooArgSet::dependents = (ctau3D)
RooSetProxy::!refCoefNorm = (ctau3D,ctau3DErr)
RooArgSet::dependents = (ctau3D)
RooSetProxy::!refCoefNorm = (ctau3D,ctau3DErr)
RooArgSet::dependents = (ctau3D)
RooSetProxy::!refCoefNorm = (ctau3D,ctau3DErr)
RooArgSet::dependents = (ctau3D)
RooSetProxy::!refCoefNorm = (ctau3D,ctau3DErr)
RooArgSet::dependents = (ctau3D)
RooSetProxy::!refCoefNorm = (ctau3D,ctau3DErr)
RooArgSet::dependents = (ctau3D)
RooSetProxy::!refCoefNorm = (ctau3D,ctau3DErr)
RooArgSet::dependents = (ctau3D)
RooSetProxy::!refCoefNorm = (ctau3D,ctau3DErr)
RooArgSet::dependents = (ctau3D)
RooSetProxy::!refCoefNorm = (ctau3D,ctau3DErr)
[#0] ERROR:Eval -- RooAbsReal::logEvalError(pdfCTAUMASS_Tot_Int[ctau3D]_Norm[ctau3D,mass]) evaluation error, 
 origin       : RooRealIntegral::pdfCTAUMASS_Tot_Int[ctau3D]_Norm[ctau3D,mass][ Int pdfCTAUMASS_Tot_Norm(mass,ctau3D) d[Ana](ctau3D) ]
 message      : function value is NAN
 server values: !sumList=(), !intList=(), !anaList=(ctau3D = 0.0732593), !jacList=(), !facList=(), !func=pdfCTAUMASS_Tot=0, !sumCat=()
[#0] ERROR:Eval -- RooAbsReal::logEvalError(pdfCTAUMASS_TotDataWgtAvg_GOF0) evaluation error, 
 origin       : RooDataWeightedAverage::pdfCTAUMASS_TotDataWgtAvg_GOF0[ paramSet=(N_Bkg,N_Jpsi,alpha_1_A,b_Bkg,b_Jpsi,ctau1_CtauRes,ctau2_CtauRes,ctau3_CtauRes,f,f2_CtauRes,fDF12,fDFSS,fDLIV,fDSS12,fDSS1_test,fDSS2_test,f_CtauRes,lambdaDDS_Bkg,lambdaDF_Bkg1,lambdaDF_Bkg2,lambdaDSS_Bkg1,lambdaDSS_Bkg2,lambdaDSS_test1,lambdaDSS_test2,lambdaDSS_test3,m_{J/#Psi},mass,n_1_A,rS21_CtauRes,rS32_CtauRes,s1_CtauRes,sigma_1_A,sl1,x_A,zeroMean) ]
 message      : function value is NAN
 server values: paramSet=(N_Bkg = 15065.5 +/- 144.714,N_Jpsi = 16664.9 +/- 150.581,alpha_1_A = 2.00447,b_Bkg = 0.992944 +/- 0.0775768,b_Jpsi = 0.278976 +/- 0.0040365,ctau1_CtauRes = 0,ctau2_CtauRes = 0,ctau3_CtauRes = 0,f = 0.907263,f2_CtauRes = 0.23116 +/- 0.0706575,fDF12 = 0.0933716 +/- 0.0485153,fDFSS = 0.776802 +/- 0.0430074,fDLIV = 0.318387 +/- 0.0486788,fDSS12 = 0.587934 +/- 0.0839664,fDSS1_test = 0.95,fDSS2_test = 0.64,f_CtauRes = 0.153338 +/- 0.00801424,lambdaDDS_Bkg = 0.0257545 +/- 0.00406623,lambdaDF_Bkg1 = 0.500644 +/- 0.136087,lambdaDF_Bkg2 = 0.11659 +/- 0.0276865,lambdaDSS_Bkg1 = 0.421483 +/- 0.0371423,lambdaDSS_Bkg2 = 0.0878627 +/- 0.0355255,lambdaDSS_test1 = 0.33,lambdaDSS_test2 = 0.36,lambdaDSS_test3 = 0.5,m_{J/#Psi} = 3.09246 +/- 0.000321165,mass = 2.6,n_1_A = 1.38397,rS21_CtauRes = 2.90611 +/- 0.0111929,rS32_CtauRes = 4.11917 +/- 14.1159,s1_CtauRes = 0.338903 +/- 0.00151295,sigma_1_A = 0.0309331 +/- 0.000298697,sl1 = 0.0901526 +/- 0.0144021,x_A = 2.14728,zeroMean = 0)
[#0] ERROR:Eval -- RooAbsReal::logEvalError(pdfCTAUMASS_Tot_Int[ctau3D]_Norm[ctau3D,mass]) evaluation error, 
 origin       : RooRealIntegral::pdfCTAUMASS_Tot_Int[ctau3D]_Norm[ctau3D,mass][ Int pdfCTAUMASS_Tot_Norm(mass,ctau3D) d[Ana](ctau3D) ]
 message      : function value is NAN
 server values: !sumList=(), !intList=(), !anaList=(ctau3D = 0.0732593), !jacList=(), !facList=(), !func=pdfCTAUMASS_Tot=0, !sumCat=()
[#0] ERROR:Eval -- RooAbsReal::logEvalError(pdfCTAUMASS_Tot_Int[ctau3D]_Norm[ctau3D,mass]) evaluation error, 
 origin       : RooRealIntegral::pdfCTAUMASS_Tot_Int[ctau3D]_Norm[ctau3D,mass][ Int pdfCTAUMASS_Tot_Norm(mass,ctau3D) d[Ana](ctau3D) ]
 message      : function value is NAN
 server values: !sumList=(), !intList=(), !anaList=(ctau3D = 0.0732593), !jacList=(), !facList=(), !func=pdfCTAUMASS_Tot=0, !sumCat=()
[#0] ERROR:Eval -- RooAbsReal::logEvalError(pdfCTAUMASS_TotDataWgtAvg_GOF6) evaluation error, 
 origin       : RooDataWeightedAverage::pdfCTAUMASS_TotDataWgtAvg_GOF6[ paramSet=(N_Bkg,N_Jpsi,alpha_1_A,b_Bkg,b_Jpsi,ctau1_CtauRes,ctau2_CtauRes,ctau3_CtauRes,f,f2_CtauRes,fDF12,fDFSS,fDLIV,fDSS12,fDSS1_test,fDSS2_test,f_CtauRes,lambdaDDS_Bkg,lambdaDF_Bkg1,lambdaDF_Bkg2,lambdaDSS_Bkg1,lambdaDSS_Bkg2,lambdaDSS_test1,lambdaDSS_test2,lambdaDSS_test3,m_{J/#Psi},mass,n_1_A,rS21_CtauRes,rS32_CtauRes,s1_CtauRes,sigma_1_A,sl1,x_A,zeroMean) ]
 message      : function value is NAN
 server values: paramSet=(N_Bkg = 15065.5 +/- 144.714,N_Jpsi = 16664.9 +/- 150.581,alpha_1_A = 2.00447,b_Bkg = 0.992944 +/- 0.0775768,b_Jpsi = 0.278976 +/- 0.0040365,ctau1_CtauRes = 0,ctau2_CtauRes = 0,ctau3_CtauRes = 0,f = 0.907263,f2_CtauRes = 0.23116 +/- 0.0706575,fDF12 = 0.0933716 +/- 0.0485153,fDFSS = 0.776802 +/- 0.0430074,fDLIV = 0.318387 +/- 0.0486788,fDSS12 = 0.587934 +/- 0.0839664,fDSS1_test = 0.95,fDSS2_test = 0.64,f_CtauRes = 0.153338 +/- 0.00801424,lambdaDDS_Bkg = 0.0257545 +/- 0.00406623,lambdaDF_Bkg1 = 0.500644 +/- 0.136087,lambdaDF_Bkg2 = 0.11659 +/- 0.0276865,lambdaDSS_Bkg1 = 0.421483 +/- 0.0371423,lambdaDSS_Bkg2 = 0.0878627 +/- 0.0355255,lambdaDSS_test1 = 0.33,lambdaDSS_test2 = 0.36,lambdaDSS_test3 = 0.5,m_{J/#Psi} = 3.09246 +/- 0.000321165,mass = 2.6,n_1_A = 1.38397,rS21_CtauRes = 2.90611 +/- 0.0111929,rS32_CtauRes = 4.11917 +/- 14.1159,s1_CtauRes = 0.338903 +/- 0.00151295,sigma_1_A = 0.0309331 +/- 0.000298697,sl1 = 0.0901526 +/- 0.0144021,x_A = 2.14728,zeroMean = 0)
RooArgSet::dependents = (ctau3D)
RooSetProxy::!refCoefNorm = (ctau3D,ctau3DErr)
RooArgSet::dependents = (ctau3D)
RooSetProxy::!refCoefNorm = (ctau3D,ctau3DErr)
RooArgSet:: = ()
RooSetProxy::!refCoefNorm = (ctau3D,ctau3DErr)
RooArgSet:: = ()
RooSetProxy::!refCoefNorm = (ctau3D,ctau3DErr)
RooArgSet::dependents = (ctau3D)
RooSetProxy::!refCoefNorm = (ctau3D,ctau3DErr)
RooArgSet::dependents = (ctau3D)
RooSetProxy::!refCoefNorm = (ctau3D,ctau3DErr)
RooArgSet:: = ()
RooSetProxy::!refCoefNorm = (ctau3D,ctau3DErr)
RooArgSet::dependents = (ctau3D)
RooSetProxy::!refCoefNorm = (ctau3D,ctau3DErr)
RooArgSet::dependents = (ctau3D)
RooSetProxy::!refCoefNorm = (ctau3D,ctau3DErr)
RooArgSet:: = ()
RooSetProxy::!refCoefNorm = (ctau3D,ctau3DErr)
RooArgSet:: = ()
RooSetProxy::!refCoefNorm = (ctau3D,ctau3DErr)
RooArgSet::dependents = (ctau3D)
RooSetProxy::!refCoefNorm = (ctau3D,ctau3DErr)
RooArgSet::dependents = (ctau3D)
RooSetProxy::!refCoefNorm = (ctau3D,ctau3DErr)
RooArgSet:: = ()
RooSetProxy::!refCoefNorm = (ctau3D,ctau3DErr)
RooArgSet:: = ()
RooSetProxy::!refCoefNorm = (ctau3D,ctau3DErr)
RooArgSet:: = ()
RooSetProxy::!refCoefNorm = (ctau3D,ctau3DErr)
RooArgSet::dependents = (ctau3D)
RooSetProxy::!refCoefNorm = (ctau3D,ctau3DErr)
RooArgSet:: = ()
RooSetProxy::!refCoefNorm = (ctau3D,ctau3DErr)
RooArgSet::dependents = (ctau3D)
RooSetProxy::!refCoefNorm = (ctau3D,ctau3DErr)
RooArgSet::dependents = (ctau3D)
RooSetProxy::!refCoefNorm = (ctau3D,ctau3DErr)
RooArgSet:: = ()
RooSetProxy::!refCoefNorm = (ctau3D,ctau3DErr)
RooArgSet:: = ()
RooSetProxy::!refCoefNorm = (ctau3D,ctau3DErr)
RooArgSet:: = ()
RooSetProxy::!refCoefNorm = (ctau3D,ctau3DErr)
RooArgSet:: = ()
RooSetProxy::!refCoefNorm = (ctau3D,ctau3DErr)
RooArgSet::dependents = (ctau3D)
RooSetProxy::!refCoefNorm = (ctau3D,ctau3DErr)
RooArgSet::dependents = (ctau3D)
RooSetProxy::!refCoefNorm = (ctau3D,ctau3DErr)
RooArgSet::dependents = (ctau3D)
RooSetProxy::!refCoefNorm = (ctau3D,ctau3DErr)
RooArgSet::dependents = (ctau3D)
RooSetProxy::!refCoefNorm = (ctau3D,ctau3DErr)
RooArgSet::dependents = (ctau3D)
RooArgSet::dependents = (ctau3D)
RooSetProxy::!refCoefNorm = (ctau3D,ctau3DErr)
RooSetProxy::!refCoefNorm = (ctau3D,ctau3DErr)
RooArgSet::dependents = (ctau3D)
RooSetProxy::!refCoefNorm = (ctau3D,ctau3DErr)
RooArgSet::dependents = (ctau3D)
RooSetProxy::!refCoefNorm = (ctau3D,ctau3DErr)
RooArgSet::dependents = (ctau3D)
RooSetProxy::!refCoefNorm = (ctau3D,ctau3DErr)
RooArgSet::dependents = (ctau3D)
RooArgSet::dependents = (ctau3D)
RooSetProxy::!refCoefNorm = (ctau3D,ctau3DErr)
RooSetProxy::!refCoefNorm = (ctau3D,ctau3DErr)
RooArgSet::dependents = (ctau3D)
RooSetProxy::!refCoefNorm = (ctau3D,ctau3DErr)
RooArgSet::dependents = (ctau3D)
RooSetProxy::!refCoefNorm = (ctau3D,ctau3DErr)
RooArgSet:: = ()
RooSetProxy::!refCoefNorm = (ctau3D,ctau3DErr)
RooArgSet:: = ()
RooSetProxy::!refCoefNorm = (ctau3D,ctau3DErr)
RooArgSet:: = ()
RooSetProxy::!refCoefNorm = (ctau3D,ctau3DErr)
RooArgSet:: = ()
RooSetProxy::!refCoefNorm = (ctau3D,ctau3DErr)
RooArgSet:: = ()
RooSetProxy::!refCoefNorm = (ctau3D,ctau3DErr)
RooArgSet:: = ()
RooSetProxy::!refCoefNorm = (ctau3D,ctau3DErr)
RooArgSet:: = ()
RooSetProxy::!refCoefNorm = (ctau3D,ctau3DErr)
RooArgSet:: = ()
RooSetProxy::!refCoefNorm = (ctau3D,ctau3DErr)
RooArgSet:: = ()
RooArgSet:: = ()
RooSetProxy::!refCoefNorm = (ctau3D,ctau3DErr)
RooSetProxy::!refCoefNorm = (ctau3D,ctau3DErr)
RooArgSet::dependents = (ctau3D)
RooSetProxy::!refCoefNorm = (ctau3D,ctau3DErr)
RooArgSet::dependents = (ctau3D)
RooSetProxy::!refCoefNorm = (ctau3D,ctau3DErr)
RooArgSet:: = ()
RooSetProxy::!refCoefNorm = (ctau3D,ctau3DErr)
RooArgSet:: = ()
RooSetProxy::!refCoefNorm = (ctau3D,ctau3DErr)
RooArgSet:: = ()
RooSetProxy::!refCoefNorm = (ctau3D,ctau3DErr)
RooArgSet:: = ()
RooSetProxy::!refCoefNorm = (ctau3D,ctau3DErr)
RooArgSet:: = ()
RooArgSet:: = ()
RooSetProxy::!refCoefNorm = (ctau3D,ctau3DErr)
RooSetProxy::!refCoefNorm = (ctau3D,ctau3DErr)
RooArgSet::dependents = (ctau3D)
RooSetProxy::!refCoefNorm = (ctau3D,ctau3DErr)
RooArgSet::dependents = (ctau3D)
RooSetProxy::!refCoefNorm = (ctau3D,ctau3DErr)
RooArgSet::dependents = (ctau3D)
RooSetProxy::!refCoefNorm = (ctau3D,ctau3DErr)
RooArgSet::dependents = (ctau3D)
RooSetProxy::!refCoefNorm = (ctau3D,ctau3DErr)
RooArgSet::dependents = (ctau3D)
RooSetProxy::!refCoefNorm = (ctau3D,ctau3DErr)
RooArgSet::dependents = (ctau3D)
RooArgSet::dependents = (ctau3D)
RooSetProxy::!refCoefNorm = (ctau3D,ctau3DErr)
RooSetProxy::!refCoefNorm = (ctau3D,ctau3DErr)
RooArgSet::dependents = (ctau3D)
RooSetProxy::!refCoefNorm = (ctau3D,ctau3DErr)
RooArgSet::dependents = (ctau3D)
RooSetProxy::!refCoefNorm = (ctau3D,ctau3DErr)
RooArgSet::dependents = (ctau3D)
RooSetProxy::!refCoefNorm = (ctau3D,ctau3DErr)
RooArgSet::dependents = (ctau3D)
RooSetProxy::!refCoefNorm = (ctau3D,ctau3DErr)
RooArgSet::dependents = (ctau3D)
RooArgSet::dependents = (ctau3D)
RooSetProxy::!refCoefNorm = (ctau3D,ctau3DErr)
RooArgSet::dependents = (ctau3D)
RooSetProxy::!refCoefNorm = (ctau3D,ctau3DErr)
RooSetProxy::!refCoefNorm = (ctau3D,ctau3DErr)
[#0] ERROR:Eval -- RooAbsReal::logEvalError(pdfCTAUMASS_Tot_Int[ctau3D]_Norm[ctau3D,mass]) evaluation error, 
 origin       : RooRealIntegral::pdfCTAUMASS_Tot_Int[ctau3D]_Norm[ctau3D,mass][ Int pdfCTAUMASS_Tot_Norm(mass,ctau3D) d[Ana](ctau3D) ]
 message      : function value is NAN
 server values: !sumList=(), !intList=(), !anaList=(ctau3D = 0.0732593), !jacList=(), !facList=(), !func=pdfCTAUMASS_Tot=0, !sumCat=()
[#0] ERROR:Eval -- RooAbsReal::logEvalError(pdfCTAUMASS_Tot_Int[ctau3D]_Norm[ctau3D,mass]) evaluation error, 
 origin       : RooRealIntegral::pdfCTAUMASS_Tot_Int[ctau3D]_Norm[ctau3D,mass][ Int pdfCTAUMASS_Tot_Norm(mass,ctau3D) d[Ana](ctau3D) ]
 message      : function value is NAN
 server values: !sumList=(), !intList=(), !anaList=(ctau3D = 0.0732593), !jacList=(), !facList=(), !func=pdfCTAUMASS_Tot=0, !sumCat=()
[#0] ERROR:Eval -- RooAbsReal::logEvalError(pdfCTAUMASS_TotDataWgtAvg_GOF6) evaluation error, 
 origin       : RooDataWeightedAverage::pdfCTAUMASS_TotDataWgtAvg_GOF6[ paramSet=(N_Bkg,N_Jpsi,alpha_1_A,b_Bkg,b_Jpsi,ctau1_CtauRes,ctau2_CtauRes,ctau3_CtauRes,f,f2_CtauRes,fDF12,fDFSS,fDLIV,fDSS12,fDSS1_test,fDSS2_test,f_CtauRes,lambdaDDS_Bkg,lambdaDF_Bkg1,lambdaDF_Bkg2,lambdaDSS_Bkg1,lambdaDSS_Bkg2,lambdaDSS_test1,lambdaDSS_test2,lambdaDSS_test3,m_{J/#Psi},mass,n_1_A,rS21_CtauRes,rS32_CtauRes,s1_CtauRes,sigma_1_A,sl1,x_A,zeroMean) ]
 message      : function value is NAN
 server values: paramSet=(N_Bkg = 15065.5 +/- 144.714,N_Jpsi = 16664.9 +/- 150.581,alpha_1_A = 2.00447,b_Bkg = 0.992944 +/- 0.0775768,b_Jpsi = 0.278976 +/- 0.0040365,ctau1_CtauRes = 0,ctau2_CtauRes = 0,ctau3_CtauRes = 0,f = 0.907263,f2_CtauRes = 0.23116 +/- 0.0706575,fDF12 = 0.0933716 +/- 0.0485153,fDFSS = 0.776802 +/- 0.0430074,fDLIV = 0.318387 +/- 0.0486788,fDSS12 = 0.587934 +/- 0.0839664,fDSS1_test = 0.95,fDSS2_test = 0.64,f_CtauRes = 0.153338 +/- 0.00801424,lambdaDDS_Bkg = 0.0257545 +/- 0.00406623,lambdaDF_Bkg1 = 0.500644 +/- 0.136087,lambdaDF_Bkg2 = 0.11659 +/- 0.0276865,lambdaDSS_Bkg1 = 0.421483 +/- 0.0371423,lambdaDSS_Bkg2 = 0.0878627 +/- 0.0355255,lambdaDSS_test1 = 0.33,lambdaDSS_test2 = 0.36,lambdaDSS_test3 = 0.5,m_{J/#Psi} = 3.09246 +/- 0.000321165,mass = 2.6,n_1_A = 1.38397,rS21_CtauRes = 2.90611 +/- 0.0111929,rS32_CtauRes = 4.11917 +/- 14.1159,s1_CtauRes = 0.338903 +/- 0.00151295,sigma_1_A = 0.0309331 +/- 0.000298697,sl1 = 0.0901526 +/- 0.0144021,x_A = 2.14728,zeroMean = 0)
[#0] ERROR:Eval -- RooAbsReal::logEvalError(pdfCTAUMASS_Tot_Int[ctau3D]_Norm[ctau3D,mass]) evaluation error, 
 origin       : RooRealIntegral::pdfCTAUMASS_Tot_Int[ctau3D]_Norm[ctau3D,mass][ Int pdfCTAUMASS_Tot_Norm(mass,ctau3D) d[Ana](ctau3D) ]
 message      : function value is NAN
 server values: !sumList=(), !intList=(), !anaList=(ctau3D = 0.0732593), !jacList=(), !facList=(), !func=pdfCTAUMASS_Tot=0, !sumCat=()
[#0] ERROR:Eval -- RooAbsReal::logEvalError(pdfCTAUMASS_TotDataWgtAvg_GOF0) evaluation error, 
 origin       : RooDataWeightedAverage::pdfCTAUMASS_TotDataWgtAvg_GOF0[ paramSet=(N_Bkg,N_Jpsi,alpha_1_A,b_Bkg,b_Jpsi,ctau1_CtauRes,ctau2_CtauRes,ctau3_CtauRes,f,f2_CtauRes,fDF12,fDFSS,fDLIV,fDSS12,fDSS1_test,fDSS2_test,f_CtauRes,lambdaDDS_Bkg,lambdaDF_Bkg1,lambdaDF_Bkg2,lambdaDSS_Bkg1,lambdaDSS_Bkg2,lambdaDSS_test1,lambdaDSS_test2,lambdaDSS_test3,m_{J/#Psi},mass,n_1_A,rS21_CtauRes,rS32_CtauRes,s1_CtauRes,sigma_1_A,sl1,x_A,zeroMean) ]
 message      : function value is NAN
 server values: paramSet=(N_Bkg = 15065.5 +/- 144.714,N_Jpsi = 16664.9 +/- 150.581,alpha_1_A = 2.00447,b_Bkg = 0.992944 +/- 0.0775768,b_Jpsi = 0.278976 +/- 0.0040365,ctau1_CtauRes = 0,ctau2_CtauRes = 0,ctau3_CtauRes = 0,f = 0.907263,f2_CtauRes = 0.23116 +/- 0.0706575,fDF12 = 0.0933716 +/- 0.0485153,fDFSS = 0.776802 +/- 0.0430074,fDLIV = 0.318387 +/- 0.0486788,fDSS12 = 0.587934 +/- 0.0839664,fDSS1_test = 0.95,fDSS2_test = 0.64,f_CtauRes = 0.153338 +/- 0.00801424,lambdaDDS_Bkg = 0.0257545 +/- 0.00406623,lambdaDF_Bkg1 = 0.500644 +/- 0.136087,lambdaDF_Bkg2 = 0.11659 +/- 0.0276865,lambdaDSS_Bkg1 = 0.421483 +/- 0.0371423,lambdaDSS_Bkg2 = 0.0878627 +/- 0.0355255,lambdaDSS_test1 = 0.33,lambdaDSS_test2 = 0.36,lambdaDSS_test3 = 0.5,m_{J/#Psi} = 3.09246 +/- 0.000321165,mass = 2.6,n_1_A = 1.38397,rS21_CtauRes = 2.90611 +/- 0.0111929,rS32_CtauRes = 4.11917 +/- 14.1159,s1_CtauRes = 0.338903 +/- 0.00151295,sigma_1_A = 0.0309331 +/- 0.000298697,sl1 = 0.0901526 +/- 0.0144021,x_A = 2.14728,zeroMean = 0)
RooArgSet::dependents = (ctau3D)
RooSetProxy::!refCoefNorm = (ctau3D,ctau3DErr)
RooArgSet::dependents = (ctau3D)
RooSetProxy::!refCoefNorm = (ctau3D,ctau3DErr)
RooArgSet:: = ()
RooSetProxy::!refCoefNorm = (ctau3D,ctau3DErr)
RooArgSet:: = ()
RooSetProxy::!refCoefNorm = (ctau3D,ctau3DErr)
RooArgSet::dependents = (ctau3D)
RooSetProxy::!refCoefNorm = (ctau3D,ctau3DErr)
RooArgSet::dependents = (ctau3D)
RooSetProxy::!refCoefNorm = (ctau3D,ctau3DErr)
RooArgSet:: = ()
RooSetProxy::!refCoefNorm = (ctau3D,ctau3DErr)
RooArgSet::dependents = (ctau3D)
RooSetProxy::!refCoefNorm = (ctau3D,ctau3DErr)
RooArgSet::dependents = (ctau3D)
RooSetProxy::!refCoefNorm = (ctau3D,ctau3DErr)
RooArgSet:: = ()
RooSetProxy::!refCoefNorm = (ctau3D,ctau3DErr)
RooArgSet:: = ()
RooSetProxy::!refCoefNorm = (ctau3D,ctau3DErr)
RooArgSet::dependents = (ctau3D)
RooSetProxy::!refCoefNorm = (ctau3D,ctau3DErr)
RooArgSet::dependents = (ctau3D)
RooSetProxy::!refCoefNorm = (ctau3D,ctau3DErr)
RooArgSet:: = ()
RooSetProxy::!refCoefNorm = (ctau3D,ctau3DErr)
RooArgSet::dependents = (ctau3D)
RooArgSet:: = ()
RooSetProxy::!refCoefNorm = (ctau3D,ctau3DErr)
RooSetProxy::!refCoefNorm = (ctau3D,ctau3DErr)
RooArgSet:: = ()
RooSetProxy::!refCoefNorm = (ctau3D,ctau3DErr)
RooArgSet::dependents = (ctau3D)
RooSetProxy::!refCoefNorm = (ctau3D,ctau3DErr)
RooArgSet:: = ()
RooSetProxy::!refCoefNorm = (ctau3D,ctau3DErr)
RooArgSet::dependents = (ctau3D)
RooSetProxy::!refCoefNorm = (ctau3D,ctau3DErr)
RooArgSet::dependents = (ctau3D)
RooSetProxy::!refCoefNorm = (ctau3D,ctau3DErr)
RooArgSet::dependents = (ctau3D)
RooSetProxy::!refCoefNorm = (ctau3D,ctau3DErr)
RooArgSet::dependents = (ctau3D)
RooSetProxy::!refCoefNorm = (ctau3D,ctau3DErr)
RooArgSet::dependents = (ctau3D)
RooSetProxy::!refCoefNorm = (ctau3D,ctau3DErr)
RooArgSet::dependents = (ctau3D)
RooSetProxy::!refCoefNorm = (ctau3D,ctau3DErr)
RooArgSet:: = ()
RooSetProxy::!refCoefNorm = (ctau3D,ctau3DErr)
RooArgSet:: = ()
RooSetProxy::!refCoefNorm = (ctau3D,ctau3DErr)
RooArgSet:: = ()
RooSetProxy::!refCoefNorm = (ctau3D,ctau3DErr)
RooArgSet:: = ()
RooSetProxy::!refCoefNorm = (ctau3D,ctau3DErr)
RooArgSet:: = ()
RooArgSet:: = ()
RooSetProxy::!refCoefNorm = (ctau3D,ctau3DErr)
RooSetProxy::!refCoefNorm = (ctau3D,ctau3DErr)
RooArgSet:: = ()
RooSetProxy::!refCoefNorm = (ctau3D,ctau3DErr)
RooArgSet:: = ()
RooArgSet:: = ()
RooSetProxy::!refCoefNorm = (ctau3D,ctau3DErr)
RooSetProxy::!refCoefNorm = (ctau3D,ctau3DErr)
RooArgSet::dependents = (ctau3D)
RooSetProxy::!refCoefNorm = (ctau3D,ctau3DErr)
RooArgSet:: = ()
RooSetProxy::!refCoefNorm = (ctau3D,ctau3DErr)
RooArgSet:: = ()
RooSetProxy::!refCoefNorm = (ctau3D,ctau3DErr)
RooArgSet:: = ()
RooSetProxy::!refCoefNorm = (ctau3D,ctau3DErr)
RooArgSet::dependents = (ctau3D)
RooArgSet::dependents = (ctau3D)
RooSetProxy::!refCoefNorm = (ctau3D,ctau3DErr)
RooSetProxy::!refCoefNorm = (ctau3D,ctau3DErr)
RooArgSet::dependents = (ctau3D)
RooArgSet::dependents = (ctau3D)
RooSetProxy::!refCoefNorm = (ctau3D,ctau3DErr)
RooSetProxy::!refCoefNorm = (ctau3D,ctau3DErr)
RooArgSet::dependents = (ctau3D)
RooSetProxy::!refCoefNorm = (ctau3D,ctau3DErr)
RooArgSet::dependents = (ctau3D)
RooArgSet::dependents = (ctau3D)
RooSetProxy::!refCoefNorm = (ctau3D,ctau3DErr)
RooSetProxy::!refCoefNorm = (ctau3D,ctau3DErr)
RooArgSet::dependents = (ctau3D)
RooSetProxy::!refCoefNorm = (ctau3D,ctau3DErr)
RooArgSet::dependents = (ctau3D)
RooSetProxy::!refCoefNorm = (ctau3D,ctau3DErr)
RooArgSet::dependents = (ctau3D)
RooArgSet::dependents = (ctau3D)
RooSetProxy::!refCoefNorm = (ctau3D,ctau3DErr)
RooSetProxy::!refCoefNorm = (ctau3D,ctau3DErr)
RooArgSet::dependents = (ctau3D)
RooSetProxy::!refCoefNorm = (ctau3D,ctau3DErr)
RooArgSet::dependents = (ctau3D)
RooSetProxy::!refCoefNorm = (ctau3D,ctau3DErr)
RooArgSet::dependents = (ctau3D)
RooSetProxy::!refCoefNorm = (ctau3D,ctau3DErr)
RooArgSet::dependents = (ctau3D)
RooSetProxy::!refCoefNorm = (ctau3D,ctau3DErr)
RooArgSet:: = ()
RooArgSet:: = ()
RooSetProxy::!refCoefNorm = (ctau3D,ctau3DErr)
RooSetProxy::!refCoefNorm = (ctau3D,ctau3DErr)
RooArgSet:: = ()
RooArgSet:: = ()
RooSetProxy::!refCoefNorm = (ctau3D,ctau3DErr)
RooSetProxy::!refCoefNorm = (ctau3D,ctau3DErr)
RooArgSet:: = ()
RooArgSet:: = ()
RooSetProxy::!refCoefNorm = (ctau3D,ctau3DErr)
RooSetProxy::!refCoefNorm = (ctau3D,ctau3DErr)
RooArgSet:: = ()
RooArgSet:: = ()
RooSetProxy::!refCoefNorm = (ctau3D,ctau3DErr)
RooSetProxy::!refCoefNorm = (ctau3D,ctau3DErr)
RooArgSet::dependents = (ctau3D)
RooArgSet::dependents = (ctau3D)
RooSetProxy::!refCoefNorm = (ctau3D,ctau3DErr)
RooSetProxy::!refCoefNorm = (ctau3D,ctau3DErr)
RooArgSet::dependents = (ctau3D)
RooArgSet::dependents = (ctau3D)
RooSetProxy::!refCoefNorm = (ctau3D,ctau3DErr)
RooSetProxy::!refCoefNorm = (ctau3D,ctau3DErr)
RooArgSet::dependents = (ctau3D)
RooArgSet::dependents = (ctau3D)
RooSetProxy::!refCoefNorm = (ctau3D,ctau3DErr)
RooSetProxy::!refCoefNorm = (ctau3D,ctau3DErr)
RooArgSet::dependents = (ctau3D)
RooArgSet::dependents = (ctau3D)
RooSetProxy::!refCoefNorm = (ctau3D,ctau3DErr)
RooSetProxy::!refCoefNorm = (ctau3D,ctau3DErr)
[#0] ERROR:Eval -- RooAbsReal::logEvalError(pdfCTAUMASS_Tot_Int[ctau3D]_Norm[ctau3D,mass]) evaluation error, 
 origin       : RooRealIntegral::pdfCTAUMASS_Tot_Int[ctau3D]_Norm[ctau3D,mass][ Int pdfCTAUMASS_Tot_Norm(mass,ctau3D) d[Ana](ctau3D) ]
 message      : function value is NAN
 server values: !sumList=(), !intList=(), !anaList=(ctau3D = 0.0732593), !jacList=(), !facList=(), !func=pdfCTAUMASS_Tot=0, !sumCat=()
[#0] ERROR:Eval -- RooAbsReal::logEvalError(pdfCTAUMASS_TotDataWgtAvg_GOF0) evaluation error, 
 origin       : RooDataWeightedAverage::pdfCTAUMASS_TotDataWgtAvg_GOF0[ paramSet=(N_Bkg,N_Jpsi,alpha_1_A,b_Bkg,b_Jpsi,ctau1_CtauRes,ctau2_CtauRes,ctau3_CtauRes,f,f2_CtauRes,fDF12,fDFSS,fDLIV,fDSS12,fDSS1_test,fDSS2_test,f_CtauRes,lambdaDDS_Bkg,lambdaDF_Bkg1,lambdaDF_Bkg2,lambdaDSS_Bkg1,lambdaDSS_Bkg2,lambdaDSS_test1,lambdaDSS_test2,lambdaDSS_test3,m_{J/#Psi},mass,n_1_A,rS21_CtauRes,rS32_CtauRes,s1_CtauRes,sigma_1_A,sl1,x_A,zeroMean) ]
 message      : function value is NAN
 server values: paramSet=(N_Bkg = 15065.5 +/- 144.714,N_Jpsi = 16664.9 +/- 150.581,alpha_1_A = 2.00447,b_Bkg = 0.992944 +/- 0.0775768,b_Jpsi = 0.278976 +/- 0.0040365,ctau1_CtauRes = 0,ctau2_CtauRes = 0,ctau3_CtauRes = 0,f = 0.907263,f2_CtauRes = 0.23116 +/- 0.0706575,fDF12 = 0.0933716 +/- 0.0485153,fDFSS = 0.776802 +/- 0.0430074,fDLIV = 0.318387 +/- 0.0486788,fDSS12 = 0.587934 +/- 0.0839664,fDSS1_test = 0.95,fDSS2_test = 0.64,f_CtauRes = 0.153338 +/- 0.00801424,lambdaDDS_Bkg = 0.0257545 +/- 0.00406623,lambdaDF_Bkg1 = 0.500644 +/- 0.136087,lambdaDF_Bkg2 = 0.11659 +/- 0.0276865,lambdaDSS_Bkg1 = 0.421483 +/- 0.0371423,lambdaDSS_Bkg2 = 0.0878627 +/- 0.0355255,lambdaDSS_test1 = 0.33,lambdaDSS_test2 = 0.36,lambdaDSS_test3 = 0.5,m_{J/#Psi} = 3.09246 +/- 0.000321165,mass = 2.6,n_1_A = 1.38397,rS21_CtauRes = 2.90611 +/- 0.0111929,rS32_CtauRes = 4.11917 +/- 14.1159,s1_CtauRes = 0.338903 +/- 0.00151295,sigma_1_A = 0.0309331 +/- 0.000298697,sl1 = 0.0901526 +/- 0.0144021,x_A = 2.14728,zeroMean = 0)
[#0] ERROR:Eval -- RooAbsReal::logEvalError(pdfCTAUMASS_Tot_Int[ctau3D]_Norm[ctau3D,mass]) evaluation error, 
 origin       : RooRealIntegral::pdfCTAUMASS_Tot_Int[ctau3D]_Norm[ctau3D,mass][ Int pdfCTAUMASS_Tot_Norm(mass,ctau3D) d[Ana](ctau3D) ]
 message      : function value is NAN
 server values: !sumList=(), !intList=(), !anaList=(ctau3D = 0.0732593), !jacList=(), !facList=(), !func=pdfCTAUMASS_Tot=0, !sumCat=()
[#0] ERROR:Eval -- RooAbsReal::logEvalError(pdfCTAUMASS_Tot_Int[ctau3D]_Norm[ctau3D,mass]) evaluation error, 
 origin       : RooRealIntegral::pdfCTAUMASS_Tot_Int[ctau3D]_Norm[ctau3D,mass][ Int pdfCTAUMASS_Tot_Norm(mass,ctau3D) d[Ana](ctau3D) ]
 message      : function value is NAN
 server values: !sumList=(), !intList=(), !anaList=(ctau3D = 0.0732593), !jacList=(), !facList=(), !func=pdfCTAUMASS_Tot=0, !sumCat=()
[#0] ERROR:Eval -- RooAbsReal::logEvalError(pdfCTAUMASS_TotDataWgtAvg_GOF6) evaluation error, 
 origin       : RooDataWeightedAverage::pdfCTAUMASS_TotDataWgtAvg_GOF6[ paramSet=(N_Bkg,N_Jpsi,alpha_1_A,b_Bkg,b_Jpsi,ctau1_CtauRes,ctau2_CtauRes,ctau3_CtauRes,f,f2_CtauRes,fDF12,fDFSS,fDLIV,fDSS12,fDSS1_test,fDSS2_test,f_CtauRes,lambdaDDS_Bkg,lambdaDF_Bkg1,lambdaDF_Bkg2,lambdaDSS_Bkg1,lambdaDSS_Bkg2,lambdaDSS_test1,lambdaDSS_test2,lambdaDSS_test3,m_{J/#Psi},mass,n_1_A,rS21_CtauRes,rS32_CtauRes,s1_CtauRes,sigma_1_A,sl1,x_A,zeroMean) ]
 message      : function value is NAN
 server values: paramSet=(N_Bkg = 15065.5 +/- 144.714,N_Jpsi = 16664.9 +/- 150.581,alpha_1_A = 2.00447,b_Bkg = 0.992944 +/- 0.0775768,b_Jpsi = 0.278976 +/- 0.0040365,ctau1_CtauRes = 0,ctau2_CtauRes = 0,ctau3_CtauRes = 0,f = 0.907263,f2_CtauRes = 0.23116 +/- 0.0706575,fDF12 = 0.0933716 +/- 0.0485153,fDFSS = 0.776802 +/- 0.0430074,fDLIV = 0.318387 +/- 0.0486788,fDSS12 = 0.587934 +/- 0.0839664,fDSS1_test = 0.95,fDSS2_test = 0.64,f_CtauRes = 0.153338 +/- 0.00801424,lambdaDDS_Bkg = 0.0257545 +/- 0.00406623,lambdaDF_Bkg1 = 0.500644 +/- 0.136087,lambdaDF_Bkg2 = 0.11659 +/- 0.0276865,lambdaDSS_Bkg1 = 0.421483 +/- 0.0371423,lambdaDSS_Bkg2 = 0.0878627 +/- 0.0355255,lambdaDSS_test1 = 0.33,lambdaDSS_test2 = 0.36,lambdaDSS_test3 = 0.5,m_{J/#Psi} = 3.09246 +/- 0.000321165,mass = 2.6,n_1_A = 1.38397,rS21_CtauRes = 2.90611 +/- 0.0111929,rS32_CtauRes = 4.11917 +/- 14.1159,s1_CtauRes = 0.338903 +/- 0.00151295,sigma_1_A = 0.0309331 +/- 0.000298697,sl1 = 0.0901526 +/- 0.0144021,x_A = 2.14728,zeroMean = 0)
RooArgSet::dependents = (ctau3D)
RooSetProxy::!refCoefNorm = (ctau3D,ctau3DErr)
RooArgSet::dependents = (ctau3D)
RooSetProxy::!refCoefNorm = (ctau3D,ctau3DErr)
RooArgSet:: = ()
RooSetProxy::!refCoefNorm = (ctau3D,ctau3DErr)
RooArgSet:: = ()
RooSetProxy::!refCoefNorm = (ctau3D,ctau3DErr)
RooArgSet::dependents = (ctau3D)
RooSetProxy::!refCoefNorm = (ctau3D,ctau3DErr)
RooArgSet::dependents = (ctau3D)
RooSetProxy::!refCoefNorm = (ctau3D,ctau3DErr)
RooArgSet:: = ()
RooSetProxy::!refCoefNorm = (ctau3D,ctau3DErr)
RooArgSet::dependents = (ctau3D)
RooSetProxy::!refCoefNorm = (ctau3D,ctau3DErr)
RooArgSet::dependents = (ctau3D)
RooSetProxy::!refCoefNorm = (ctau3D,ctau3DErr)
RooArgSet:: = ()
RooSetProxy::!refCoefNorm = (ctau3D,ctau3DErr)
RooArgSet:: = ()
RooSetProxy::!refCoefNorm = (ctau3D,ctau3DErr)
RooArgSet::dependents = (ctau3D)
RooSetProxy::!refCoefNorm = (ctau3D,ctau3DErr)
RooArgSet::dependents = (ctau3D)
RooSetProxy::!refCoefNorm = (ctau3D,ctau3DErr)
RooArgSet:: = ()
RooSetProxy::!refCoefNorm = (ctau3D,ctau3DErr)
RooArgSet:: = ()
RooSetProxy::!refCoefNorm = (ctau3D,ctau3DErr)
RooArgSet::dependents = (ctau3D)
RooSetProxy::!refCoefNorm = (ctau3D,ctau3DErr)
RooArgSet:: = ()
RooSetProxy::!refCoefNorm = (ctau3D,ctau3DErr)
RooArgSet:: = ()
RooSetProxy::!refCoefNorm = (ctau3D,ctau3DErr)
RooArgSet:: = ()
RooArgSet::dependents = (ctau3D)
RooSetProxy::!refCoefNorm = (ctau3D,ctau3DErr)
RooArgSet:: = ()
RooSetProxy::!refCoefNorm = (ctau3D,ctau3DErr)
RooSetProxy::!refCoefNorm = (ctau3D,ctau3DErr)
RooArgSet:: = ()
RooSetProxy::!refCoefNorm = (ctau3D,ctau3DErr)
RooArgSet:: = ()
RooSetProxy::!refCoefNorm = (ctau3D,ctau3DErr)
RooArgSet::dependents = (ctau3D)
RooSetProxy::!refCoefNorm = (ctau3D,ctau3DErr)
RooArgSet::dependents = (ctau3D)
RooSetProxy::!refCoefNorm = (ctau3D,ctau3DErr)
RooArgSet::dependents = (ctau3D)
RooSetProxy::!refCoefNorm = (ctau3D,ctau3DErr)
RooArgSet::dependents = (ctau3D)
RooSetProxy::!refCoefNorm = (ctau3D,ctau3DErr)
RooArgSet::dependents = (ctau3D)
RooSetProxy::!refCoefNorm = (ctau3D,ctau3DErr)
RooArgSet::dependents = (ctau3D)
RooArgSet::dependents = (ctau3D)
RooSetProxy::!refCoefNorm = (ctau3D,ctau3DErr)
RooSetProxy::!refCoefNorm = (ctau3D,ctau3DErr)
RooArgSet::dependents = (ctau3D)
RooSetProxy::!refCoefNorm = (ctau3D,ctau3DErr)
RooArgSet::dependents = (ctau3D)
RooSetProxy::!refCoefNorm = (ctau3D,ctau3DErr)
RooArgSet::dependents = (ctau3D)
RooSetProxy::!refCoefNorm = (ctau3D,ctau3DErr)
RooArgSet::dependents = (ctau3D)
RooSetProxy::!refCoefNorm = (ctau3D,ctau3DErr)
RooArgSet::dependents = (ctau3D)
RooArgSet::dependents = (ctau3D)
RooSetProxy::!refCoefNorm = (ctau3D,ctau3DErr)
RooSetProxy::!refCoefNorm = (ctau3D,ctau3DErr)
RooArgSet::dependents = (ctau3D)
RooSetProxy::!refCoefNorm = (ctau3D,ctau3DErr)
RooArgSet:: = ()
RooSetProxy::!refCoefNorm = (ctau3D,ctau3DErr)
RooArgSet:: = ()
RooSetProxy::!refCoefNorm = (ctau3D,ctau3DErr)
RooArgSet:: = ()
RooSetProxy::!refCoefNorm = (ctau3D,ctau3DErr)
RooArgSet:: = ()
RooSetProxy::!refCoefNorm = (ctau3D,ctau3DErr)
RooArgSet:: = ()
RooSetProxy::!refCoefNorm = (ctau3D,ctau3DErr)
RooArgSet:: = ()
RooSetProxy::!refCoefNorm = (ctau3D,ctau3DErr)
RooArgSet:: = ()
RooSetProxy::!refCoefNorm = (ctau3D,ctau3DErr)
RooArgSet:: = ()
RooSetProxy::!refCoefNorm = (ctau3D,ctau3DErr)
RooArgSet:: = ()
RooSetProxy::!refCoefNorm = (ctau3D,ctau3DErr)
RooArgSet::dependents = (ctau3D)
RooSetProxy::!refCoefNorm = (ctau3D,ctau3DErr)
RooArgSet:: = ()
RooSetProxy::!refCoefNorm = (ctau3D,ctau3DErr)
RooArgSet:: = ()
RooSetProxy::!refCoefNorm = (ctau3D,ctau3DErr)
RooArgSet:: = ()
RooSetProxy::!refCoefNorm = (ctau3D,ctau3DErr)
RooArgSet:: = ()
RooSetProxy::!refCoefNorm = (ctau3D,ctau3DErr)
RooArgSet:: = ()
RooSetProxy::!refCoefNorm = (ctau3D,ctau3DErr)
RooArgSet:: = ()
RooArgSet:: = ()
RooSetProxy::!refCoefNorm = (ctau3D,ctau3DErr)
RooSetProxy::!refCoefNorm = (ctau3D,ctau3DErr)
RooArgSet::dependents = (ctau3D)
RooSetProxy::!refCoefNorm = (ctau3D,ctau3DErr)
RooArgSet::dependents = (ctau3D)
RooSetProxy::!refCoefNorm = (ctau3D,ctau3DErr)
RooArgSet::dependents = (ctau3D)
RooSetProxy::!refCoefNorm = (ctau3D,ctau3DErr)
RooArgSet::dependents = (ctau3D)
RooSetProxy::!refCoefNorm = (ctau3D,ctau3DErr)
RooArgSet::dependents = (ctau3D)
RooSetProxy::!refCoefNorm = (ctau3D,ctau3DErr)
RooArgSet::dependents = (ctau3D)
RooSetProxy::!refCoefNorm = (ctau3D,ctau3DErr)
RooArgSet::dependents = (ctau3D)
RooSetProxy::!refCoefNorm = (ctau3D,ctau3DErr)
RooArgSet::dependents = (ctau3D)
RooSetProxy::!refCoefNorm = (ctau3D,ctau3DErr)
RooArgSet::dependents = (ctau3D)
RooSetProxy::!refCoefNorm = (ctau3D,ctau3DErr)
RooArgSet::dependents = (ctau3D)
RooSetProxy::!refCoefNorm = (ctau3D,ctau3DErr)
RooArgSet::dependents = (ctau3D)
RooSetProxy::!refCoefNorm = (ctau3D,ctau3DErr)
RooArgSet::dependents = (ctau3D)
RooSetProxy::!refCoefNorm = (ctau3D,ctau3DErr)
RooArgSet::dependents = (ctau3D)
RooArgSet::dependents = (ctau3D)
RooSetProxy::!refCoefNorm = (ctau3D,ctau3DErr)
RooSetProxy::!refCoefNorm = (ctau3D,ctau3DErr)
RooArgSet::dependents = (ctau3D)
RooSetProxy::!refCoefNorm = (ctau3D,ctau3DErr)
[#0] ERROR:Eval -- RooAbsReal::logEvalError(pdfCTAUMASS_Tot_Int[ctau3D]_Norm[ctau3D,mass]) evaluation error, 
 origin       : RooRealIntegral::pdfCTAUMASS_Tot_Int[ctau3D]_Norm[ctau3D,mass][ Int pdfCTAUMASS_Tot_Norm(mass,ctau3D) d[Ana](ctau3D) ]
 message      : function value is NAN
 server values: !sumList=(), !intList=(), !anaList=(ctau3D = 0.0732593), !jacList=(), !facList=(), !func=pdfCTAUMASS_Tot=0, !sumCat=()
[#0] ERROR:Eval -- RooAbsReal::logEvalError(pdfCTAUMASS_Tot_Int[ctau3D]_Norm[ctau3D,mass]) evaluation error, 
 origin       : RooRealIntegral::pdfCTAUMASS_Tot_Int[ctau3D]_Norm[ctau3D,mass][ Int pdfCTAUMASS_Tot_Norm(mass,ctau3D) d[Ana](ctau3D) ]
 message      : function value is NAN
 server values: !sumList=(), !intList=(), !anaList=(ctau3D = 0.0732593), !jacList=(), !facList=(), !func=pdfCTAUMASS_Tot=0, !sumCat=()
[#0] ERROR:Eval -- RooAbsReal::logEvalError(pdfCTAUMASS_TotDataWgtAvg_GOF6) evaluation error, 
 origin       : RooDataWeightedAverage::pdfCTAUMASS_TotDataWgtAvg_GOF6[ paramSet=(N_Bkg,N_Jpsi,alpha_1_A,b_Bkg,b_Jpsi,ctau1_CtauRes,ctau2_CtauRes,ctau3_CtauRes,f,f2_CtauRes,fDF12,fDFSS,fDLIV,fDSS12,fDSS1_test,fDSS2_test,f_CtauRes,lambdaDDS_Bkg,lambdaDF_Bkg1,lambdaDF_Bkg2,lambdaDSS_Bkg1,lambdaDSS_Bkg2,lambdaDSS_test1,lambdaDSS_test2,lambdaDSS_test3,m_{J/#Psi},mass,n_1_A,rS21_CtauRes,rS32_CtauRes,s1_CtauRes,sigma_1_A,sl1,x_A,zeroMean) ]
 message      : function value is NAN
 server values: paramSet=(N_Bkg = 15065.5 +/- 144.714,N_Jpsi = 16664.9 +/- 150.581,alpha_1_A = 2.00447,b_Bkg = 0.992944 +/- 0.0775768,b_Jpsi = 0.278976 +/- 0.0040365,ctau1_CtauRes = 0,ctau2_CtauRes = 0,ctau3_CtauRes = 0,f = 0.907263,f2_CtauRes = 0.23116 +/- 0.0706575,fDF12 = 0.0933716 +/- 0.0485153,fDFSS = 0.776802 +/- 0.0430074,fDLIV = 0.318387 +/- 0.0486788,fDSS12 = 0.587934 +/- 0.0839664,fDSS1_test = 0.95,fDSS2_test = 0.64,f_CtauRes = 0.153338 +/- 0.00801424,lambdaDDS_Bkg = 0.0257545 +/- 0.00406623,lambdaDF_Bkg1 = 0.500644 +/- 0.136087,lambdaDF_Bkg2 = 0.11659 +/- 0.0276865,lambdaDSS_Bkg1 = 0.421483 +/- 0.0371423,lambdaDSS_Bkg2 = 0.0878627 +/- 0.0355255,lambdaDSS_test1 = 0.33,lambdaDSS_test2 = 0.36,lambdaDSS_test3 = 0.5,m_{J/#Psi} = 3.09246 +/- 0.000321165,mass = 2.6,n_1_A = 1.38397,rS21_CtauRes = 2.90611 +/- 0.0111929,rS32_CtauRes = 4.11917 +/- 14.1159,s1_CtauRes = 0.338903 +/- 0.00151295,sigma_1_A = 0.0309331 +/- 0.000298697,sl1 = 0.0901526 +/- 0.0144021,x_A = 2.14728,zeroMean = 0)
[#0] ERROR:Eval -- RooAbsReal::logEvalError(pdfCTAUMASS_Tot_Int[ctau3D]_Norm[ctau3D,mass]) evaluation error, 
 origin       : RooRealIntegral::pdfCTAUMASS_Tot_Int[ctau3D]_Norm[ctau3D,mass][ Int pdfCTAUMASS_Tot_Norm(mass,ctau3D) d[Ana](ctau3D) ]
 message      : function value is NAN
 server values: !sumList=(), !intList=(), !anaList=(ctau3D = 0.0732593), !jacList=(), !facList=(), !func=pdfCTAUMASS_Tot=0, !sumCat=()
[#0] ERROR:Eval -- RooAbsReal::logEvalError(pdfCTAUMASS_TotDataWgtAvg_GOF0) evaluation error, 
 origin       : RooDataWeightedAverage::pdfCTAUMASS_TotDataWgtAvg_GOF0[ paramSet=(N_Bkg,N_Jpsi,alpha_1_A,b_Bkg,b_Jpsi,ctau1_CtauRes,ctau2_CtauRes,ctau3_CtauRes,f,f2_CtauRes,fDF12,fDFSS,fDLIV,fDSS12,fDSS1_test,fDSS2_test,f_CtauRes,lambdaDDS_Bkg,lambdaDF_Bkg1,lambdaDF_Bkg2,lambdaDSS_Bkg1,lambdaDSS_Bkg2,lambdaDSS_test1,lambdaDSS_test2,lambdaDSS_test3,m_{J/#Psi},mass,n_1_A,rS21_CtauRes,rS32_CtauRes,s1_CtauRes,sigma_1_A,sl1,x_A,zeroMean) ]
 message      : function value is NAN
 server values: paramSet=(N_Bkg = 15065.5 +/- 144.714,N_Jpsi = 16664.9 +/- 150.581,alpha_1_A = 2.00447,b_Bkg = 0.992944 +/- 0.0775768,b_Jpsi = 0.278976 +/- 0.0040365,ctau1_CtauRes = 0,ctau2_CtauRes = 0,ctau3_CtauRes = 0,f = 0.907263,f2_CtauRes = 0.23116 +/- 0.0706575,fDF12 = 0.0933716 +/- 0.0485153,fDFSS = 0.776802 +/- 0.0430074,fDLIV = 0.318387 +/- 0.0486788,fDSS12 = 0.587934 +/- 0.0839664,fDSS1_test = 0.95,fDSS2_test = 0.64,f_CtauRes = 0.153338 +/- 0.00801424,lambdaDDS_Bkg = 0.0257545 +/- 0.00406623,lambdaDF_Bkg1 = 0.500644 +/- 0.136087,lambdaDF_Bkg2 = 0.11659 +/- 0.0276865,lambdaDSS_Bkg1 = 0.421483 +/- 0.0371423,lambdaDSS_Bkg2 = 0.0878627 +/- 0.0355255,lambdaDSS_test1 = 0.33,lambdaDSS_test2 = 0.36,lambdaDSS_test3 = 0.5,m_{J/#Psi} = 3.09246 +/- 0.000321165,mass = 2.6,n_1_A = 1.38397,rS21_CtauRes = 2.90611 +/- 0.0111929,rS32_CtauRes = 4.11917 +/- 14.1159,s1_CtauRes = 0.338903 +/- 0.00151295,sigma_1_A = 0.0309331 +/- 0.000298697,sl1 = 0.0901526 +/- 0.0144021,x_A = 2.14728,zeroMean = 0)
############################################################################
Info in <TCanvas::Print>: pdf file figs/2DFit_No_Weight/Final/2DFit_Ctau_pt7.5-8.5_y0.0-1.6_muPt0.0_centrality0-180_PRw_Effw0_Accw0_PtW0_TnP0.pdf has been created
Info in <TCanvas::Print>: pdf file figs/2DFit_No_Weight/Final/2DFit_Mass_pt7.5-8.5_y0.0-1.6_muPt0.0_centrality0-180_PRw_Effw0_Accw0_PtW0_TnP0.pdf has been created

  RooFitResult: minimized FCN value: -435566, estimated distance to minimum: 6.15826e-08
                covariance matrix quality: Unknown, matrix was externally provided
                Status : MINIMIZE=0 HESSE=0 HESSE=0 

    Constant Parameter    Value     
  --------------------  ------------
                 N_Bkg    1.5065e+04
                N_Jpsi    1.6665e+04
             alpha_1_A    2.0045e+00
                 b_Bkg    9.9294e-01
         ctau1_CtauRes    0.0000e+00
         ctau2_CtauRes    0.0000e+00
         ctau3_CtauRes    0.0000e+00
                     f    9.0726e-01
            f2_CtauRes    2.3116e-01
                 fDF12    9.3372e-02
                 fDFSS    7.7680e-01
                 fDLIV    3.1839e-01
                fDSS12    5.8793e-01
            fDSS1_test    9.5000e-01
            fDSS2_test    6.4000e-01
             f_CtauRes    1.5334e-01
         lambdaDDS_Bkg    2.5754e-02
         lambdaDF_Bkg1    5.0064e-01
         lambdaDF_Bkg2    1.1659e-01
        lambdaDSS_Bkg1    4.2148e-01
        lambdaDSS_Bkg2    8.7863e-02
       lambdaDSS_test1    3.3000e-01
       lambdaDSS_test2    3.6000e-01
       lambdaDSS_test3    5.0000e-01
            m_{J/#Psi}    3.0925e+00
                 n_1_A    1.3840e+00
          rS21_CtauRes    2.9061e+00
          rS32_CtauRes    4.1192e+00
            s1_CtauRes    3.3890e-01
             sigma_1_A    3.0933e-02
                   sl1    9.0153e-02
                   x_A    2.1473e+00
              zeroMean    0.0000e+00

    Floating Parameter  InitialValue    FinalValue +/-  Error     GblCorr.
  --------------------  ------------  --------------------------  --------
                b_Jpsi    5.2000e-01    2.7898e-01 +/-  4.04e-03  <none>

# STAGE: final2D
# CMD: /opt/conda/envs/root618/bin/root -l -b -q 'Final2DFit.C(7.5,8.5,0,1.6,0,180)'

