
Processing MassFit_FixPar_Data.C(13,15,0,1.6,0,180)...

[1mRooFit v3.60 -- Developed by Wouter Verkerke and David Kirkby[0m 
                Copyright (C) 2000-2013 NIKHEF, University of California & Stanford University
                All rights reserved, please read http://roofit.sourceforge.net/license.txt

RooDataSet::dataset[mass,pt,y,pt1,pt2,eta1,eta2,weight,cBin,recoQQsign,NumDimu,ctau3D,ctau3DErr,ctau3DRes] = 897667 entries
pt: 13-15, y: 0-1.6, Cent: 0-90%
####################################
******** New Combined Dataset ***********
RooRealVar::mass = 3.17226  L(2.6 - 3.5) // [GeV/c^{2}]

********* Starting Mass Dist. Fit **************

 **********
 **    1 **SET PRINT           1
 **********
 **********
 **    2 **SET NOGRAD
 **********
 PARAMETER DEFINITIONS:
    NO.   NAME         VALUE      STEP SIZE      LIMITS
     1 N_Bkg        1.00000e+08  2.00000e+07    0.00000e+00  2.00000e+08
 MINUIT WARNING IN PARAM DEF
 ============== LIMITS ON PARAM1 TOO FAR APART.
 PARAMETER DEFINITIONS:
    NO.   NAME         VALUE      STEP SIZE      LIMITS
     2 N_Jpsi       1.00000e+08  2.00000e+07    0.00000e+00  2.00000e+08
 MINUIT WARNING IN PARAM DEF
 ============== LIMITS ON PARAM2 TOO FAR APART.
 PARAMETER DEFINITIONS:
    NO.   NAME         VALUE      STEP SIZE      LIMITS
     3 m_{J/#Psi}   3.09600e+00  1.00000e-02    3.04600e+00  3.14600e+00
     4 sigma_1_A    2.22826e-02  2.00000e-03    1.22826e-02  3.22826e-02
     5 sl1          0.00000e+00  2.00000e-01   -1.00000e+00  1.00000e+00
 **********
 **    3 **SET ERR         0.5
 **********
 **********
 **    4 **SET PRINT           1
 **********
 **********
 **    5 **SET STR           1
 **********
 NOW USING STRATEGY  1: TRY TO BALANCE SPEED AGAINST RELIABILITY
 **********
 **    6 **MIGRAD        2500           1
 **********
 FIRST CALL TO USER FUNCTION AT NEW START POINT, WITH IFLAG=4.
 START MIGRAD MINIMIZATION.  STRATEGY  1.  CONVERGENCE WHEN EDM .LT. 1.00e-03
 FCN=1.99694e+08 FROM MIGRAD    STATUS=INITIATE       14 CALLS          15 TOTAL
                     EDM= unknown      STRATEGY= 1      NO ERROR MATRIX       
  EXT PARAMETER               CURRENT GUESS       STEP         FIRST   
  NO.   NAME      VALUE            ERROR          SIZE      DERIVATIVE 
   1  N_Bkg        1.00000e+08   2.00000e+07   2.01358e-01   9.93205e+07
   2  N_Jpsi       1.00000e+08   2.00000e+07   2.01358e-01   9.98064e+07
   3  m_{J/#Psi}   3.09600e+00   1.00000e-02   2.01358e-01   1.03967e+03
   4  sigma_1_A    2.22826e-02   2.00000e-03   2.01358e-01   4.03131e+02
   5  sl1          0.00000e+00   2.00000e-01   2.01358e-01   5.04712e+02
                               ERR DEF= 0.5
 MIGRAD FAILS TO FIND IMPROVEMENT
 COVARIANCE MATRIX CALCULATED SUCCESSFULLY
 FCN=1.69185e+07 FROM HESSE     STATUS=OK             31 CALLS         106 TOTAL
                     EDM=1.82921e+07    STRATEGY= 1      ERROR MATRIX ACCURATE 
  EXT PARAMETER                                   STEP         FIRST   
  NO.   NAME      VALUE            ERROR          SIZE      DERIVATIVE 
   1  N_Bkg        3.46629e+06   2.65588e+03   1.33600e-02   2.60731e+07
   2  N_Jpsi       1.37226e+07   5.44094e+03   5.54919e-03   5.05163e+07
   3  m_{J/#Psi}   3.09398e+00   2.62973e-04   1.48598e-02  -3.18210e+02
   4  sigma_1_A    1.93216e-02   1.90468e-04   5.69811e-02  -9.36570e+02
   5  sl1         -3.88688e-01   2.77624e-02   8.97237e-02   2.21280e+01
                               ERR DEF= 0.5
 MIGRAD FAILS TO FIND IMPROVEMENT
 MIGRAD TERMINATED WITHOUT CONVERGENCE.
 FCN=-148622 FROM MIGRAD    STATUS=FAILED        471 CALLS         472 TOTAL
                     EDM=2985.05    STRATEGY= 1  ERROR MATRIX UNCERTAINTY   0.1 per cent
  EXT PARAMETER                APPROXIMATE        STEP         FIRST   
  NO.   NAME      VALUE            ERROR          SIZE      DERIVATIVE 
   1  N_Bkg        3.59568e+03   1.56948e+02  -0.00000e+00   3.62259e+05
   2  N_Jpsi       1.05827e+04   9.98584e+01  -0.00000e+00   1.70473e+05
   3  m_{J/#Psi}   3.09412e+00   2.63198e-04  -0.00000e+00   2.13374e+01
   4  sigma_1_A    2.18692e-02   2.17169e-04   0.00000e+00  -1.78479e+02
   5  sl1         -4.13958e-01   2.74083e-02   0.00000e+00   1.09795e+01
                               ERR DEF= 0.5
 EXTERNAL ERROR MATRIX.    NDIM=  25    NPAR=  5    ERR DEF=0.5
  2.463e+04  9.679e+03  3.837e-03 -2.091e-02  3.516e-03 
  9.679e+03  9.972e+03 -5.138e-04  3.664e-04 -1.311e-01 
  3.837e-03 -5.138e-04  6.927e-08 -6.835e-09 -2.381e-07 
 -2.091e-02  3.664e-04 -6.835e-09  4.717e-08 -6.676e-08 
  3.516e-03 -1.311e-01 -2.381e-07 -6.676e-08  7.514e-04 
ERR MATRIX APPROXIMATE
 PARAMETER  CORRELATION COEFFICIENTS  
       NO.  GLOBAL      1      2      3      4      5
        1  0.87873   1.000  0.618  0.093 -0.613  0.001
        2  0.79724   0.618  1.000 -0.020  0.017 -0.048
        3  0.14196   0.093 -0.020  1.000 -0.120 -0.033
        4  0.79362  -0.613  0.017 -0.120  1.000 -0.011
        5  0.07996   0.001 -0.048 -0.033 -0.011  1.000
 ERR MATRIX APPROXIMATE
Real time 0:00:00, CP time 0.110
Real time 0:00:00, CP time 0.110
 **********
 **    7 **SET ERR         0.5
 **********
 **********
 **    8 **SET PRINT           1
 **********
 **********
 **    9 **HESSE        2500
 **********
 COVARIANCE MATRIX CALCULATED SUCCESSFULLY
 FCN=-148622 FROM HESSE     STATUS=OK             35 CALLS         507 TOTAL
                     EDM=97.1822    STRATEGY= 1      ERROR MATRIX ACCURATE 
  EXT PARAMETER                                INTERNAL      INTERNAL  
  NO.   NAME      VALUE            ERROR       STEP SIZE       VALUE   
   1  N_Bkg        3.59568e+03   1.13657e+02   1.33602e-02  -2.80183e+04
   2  N_Jpsi       1.05827e+04   1.14607e+02   5.54945e-03  -1.16380e+04
   3  m_{J/#Psi}   3.09412e+00   2.86138e-04   1.51550e-03  -3.76133e-02
   4  sigma_1_A    2.18692e-02   2.32033e-04   5.92419e-03  -4.13503e-02
   5  sl1         -4.13958e-01   2.72981e-02   7.96530e-03  -4.26797e-01
                               ERR DEF= 0.5
 EXTERNAL ERROR MATRIX.    NDIM=  25    NPAR=  5    ERR DEF=0.5
  1.292e+04  5.132e+03  1.096e-03 -6.246e-03  1.617e-01 
  5.132e+03  1.313e+04  9.971e-04 -5.636e-03  1.063e-01 
  1.096e-03  9.971e-04  8.188e-08 -6.787e-09 -2.395e-07 
 -6.246e-03 -5.636e-03 -6.787e-09  5.385e-08 -2.322e-07 
  1.617e-01  1.063e-01 -2.395e-07 -2.322e-07  7.454e-04 
 PARAMETER  CORRELATION COEFFICIENTS  
       NO.  GLOBAL      1      2      3      4      5
        1  0.42547   1.000  0.394  0.034 -0.237  0.052
        2  0.41261   0.394  1.000  0.030 -0.212  0.034
        3  0.10862   0.034  0.030  1.000 -0.102 -0.031
        4  0.28606  -0.237 -0.212 -0.102  1.000 -0.037
        5  0.06858   0.052  0.034 -0.031 -0.037  1.000
Real time 0:00:00, CP time 0.010
Real time 0:00:00, CP time 0.120, 2 slices

********* Finished Mass Dist. Fit **************


  RooFitResult: minimized FCN value: -148622, estimated distance to minimum: 97.1822
                covariance matrix quality: Full, accurate covariance matrix
                Status : MINIMIZE=-1 HESSE=4 

    Floating Parameter    FinalValue +/-  Error   
  --------------------  --------------------------
                 N_Bkg    3.5957e+03 +/-  1.14e+02
                N_Jpsi    1.0583e+04 +/-  1.15e+02
            m_{J/#Psi}    3.0941e+00 +/-  2.86e-04
             sigma_1_A    2.1869e-02 +/-  2.32e-04
                   sl1   -4.1396e-01 +/-  2.73e-02

 *** NLL : -148622.238615891
Info in <TCanvas::Print>: pdf file figs/2DFit_No_Weight/Mass/Mass_Fixed_pt13.0-15.0_y0.0-1.6_muPt0.0_centrality0-180_PRw_Effw0_Accw0_PtW0_TnP0.pdf has been created
# STAGE: massFit
# CMD: /opt/conda/envs/root618/bin/root -l -b -q 'MassFit_FixPar_Data.C(13,15,0,1.6,0,180)'

