
Processing MassFit_FixPar_Data.C(20,22.5,0,1.6,0,180)...

[1mRooFit v3.60 -- Developed by Wouter Verkerke and David Kirkby[0m 
                Copyright (C) 2000-2013 NIKHEF, University of California & Stanford University
                All rights reserved, please read http://roofit.sourceforge.net/license.txt

RooDataSet::dataset[mass,pt,y,pt1,pt2,eta1,eta2,weight,cBin,recoQQsign,NumDimu,ctau3D,ctau3DErr,ctau3DRes] = 897667 entries
pt: 20-22.5, y: 0-1.6, Cent: 0-90%
####################################
******** New Combined Dataset ***********
RooRealVar::mass = 3.17226  L(2.6 - 3.5) // [GeV/c^{2}]

********* Starting Mass Dist. Fit **************

 **********
 **    1 **SET PRINT           1
 **********
 **********
 **    2 **SET NOGRAD
 **********
 PARAMETER DEFINITIONS:
    NO.   NAME         VALUE      STEP SIZE      LIMITS
     1 N_Bkg        1.00000e+08  2.00000e+07    0.00000e+00  2.00000e+08
 MINUIT WARNING IN PARAM DEF
 ============== LIMITS ON PARAM1 TOO FAR APART.
 PARAMETER DEFINITIONS:
    NO.   NAME         VALUE      STEP SIZE      LIMITS
     2 N_Jpsi       1.00000e+08  2.00000e+07    0.00000e+00  2.00000e+08
 MINUIT WARNING IN PARAM DEF
 ============== LIMITS ON PARAM2 TOO FAR APART.
 PARAMETER DEFINITIONS:
    NO.   NAME         VALUE      STEP SIZE      LIMITS
     3 m_{J/#Psi}   3.09600e+00  1.00000e-02    3.04600e+00  3.14600e+00
     4 sigma_1_A    2.32776e-02  2.00000e-03    1.32776e-02  3.32776e-02
     5 sl1          0.00000e+00  2.00000e-01   -1.00000e+00  1.00000e+00
 **********
 **    3 **SET ERR         0.5
 **********
 **********
 **    4 **SET PRINT           1
 **********
 **********
 **    5 **SET STR           1
 **********
 NOW USING STRATEGY  1: TRY TO BALANCE SPEED AGAINST RELIABILITY
 **********
 **    6 **MIGRAD        2500           1
 **********
 FIRST CALL TO USER FUNCTION AT NEW START POINT, WITH IFLAG=4.
 START MIGRAD MINIMIZATION.  STRATEGY  1.  CONVERGENCE WHEN EDM .LT. 1.00e-03
 FCN=1.99934e+08 FROM MIGRAD    STATUS=INITIATE       18 CALLS          19 TOTAL
                     EDM= unknown      STRATEGY= 1      NO ERROR MATRIX       
  EXT PARAMETER               CURRENT GUESS       STEP         FIRST   
  NO.   NAME      VALUE            ERROR          SIZE      DERIVATIVE 
   1  N_Bkg        1.00000e+08   2.00000e+07   2.01358e-01   9.78822e+07
   2  N_Jpsi       1.00000e+08   2.00000e+07   2.01358e-01   9.93234e+07
   3  m_{J/#Psi}   3.09600e+00   1.00000e-02   2.01358e-01   1.56601e+02
   4  sigma_1_A    2.32776e-02   2.00000e-03   2.01358e-01   8.57079e+01
   5  sl1          0.00000e+00   2.00000e-01   2.01358e-01   1.33004e+02
                               ERR DEF= 0.5
 MINUIT WARNING IN MIGRAD  
 ============== Negative diagonal element 1 in Error Matrix
 MINUIT WARNING IN MIGRAD  
 ============== Negative diagonal element 2 in Error Matrix
 MINUIT WARNING IN MIGRAD  
 ============== 1.00003 added to diagonal of error matrix
 MIGRAD FAILS TO FIND IMPROVEMENT
 COVARIANCE MATRIX CALCULATED SUCCESSFULLY
 FCN=2.47137e+07 FROM HESSE     STATUS=OK             33 CALLS         131 TOTAL
                     EDM=2.81877e+07    STRATEGY= 1      ERROR MATRIX ACCURATE 
  EXT PARAMETER                                   STEP         FIRST   
  NO.   NAME      VALUE            ERROR          SIZE      DERIVATIVE 
   1  N_Bkg        1.84784e+06   1.93172e+03   6.72174e-02  -1.91257e+07
   2  N_Jpsi       2.29250e+07   7.25706e+03   2.69859e-02   6.37043e+07
   3  m_{J/#Psi}   3.09467e+00   5.39801e-04   3.69552e-02  -6.20985e+01
   4  sigma_1_A    1.97340e-02   3.91737e-04   1.50474e-01  -3.29803e+02
   5  sl1         -4.79832e-01   6.47456e-02   2.63551e-01  -3.46246e+00
                               ERR DEF= 0.5
 MIGRAD FAILS TO FIND IMPROVEMENT
 MIGRAD TERMINATED WITHOUT CONVERGENCE.
 FCN=-26793.9 FROM MIGRAD    STATUS=FAILED        192 CALLS         193 TOTAL
                     EDM=2857.71    STRATEGY= 1  ERROR MATRIX UNCERTAINTY   0.0 per cent
  EXT PARAMETER                APPROXIMATE        STEP         FIRST   
  NO.   NAME      VALUE            ERROR          SIZE      DERIVATIVE 
   1  N_Bkg        1.38342e+03   5.29997e+01   0.00000e+00  -5.18352e+05
   2  N_Jpsi       1.62371e+03   5.92528e+01   0.00000e+00  -5.24542e+05
   3  m_{J/#Psi}   3.09478e+00   5.39834e-04   0.00000e+00  -5.61287e+00
   4  sigma_1_A    2.31844e-02   4.19536e-04  -0.00000e+00   8.52892e+01
   5  sl1         -4.70860e-01   6.51022e-02  -0.00000e+00   1.36558e+01
                               ERR DEF= 0.5
 EXTERNAL ERROR MATRIX.    NDIM=  25    NPAR=  5    ERR DEF=0.5
  2.809e+03 -8.679e+00  4.078e-05 -4.569e-04  1.140e-02 
 -8.679e+00  3.511e+03  5.473e-05 -6.030e-04  3.301e-03 
  4.078e-05  5.473e-05  2.914e-07 -1.471e-08 -1.076e-06 
 -4.569e-04 -6.030e-04 -1.471e-08  1.761e-07 -5.073e-07 
  1.140e-02  3.301e-03 -1.076e-06 -5.073e-07  4.246e-03 
ERR MATRIX APPROXIMATE
 PARAMETER  CORRELATION COEFFICIENTS  
       NO.  GLOBAL      1      2      3      4      5
        1  0.02100   1.000 -0.003  0.001 -0.021  0.003
        2  0.02447  -0.003  1.000  0.002 -0.024  0.001
        3  0.07229   0.001  0.002  1.000 -0.065 -0.031
        4  0.07508  -0.021 -0.024 -0.065  1.000 -0.019
        5  0.03699   0.003  0.001 -0.031 -0.019  1.000
 ERR MATRIX APPROXIMATE
Real time 0:00:00, CP time 0.030
Real time 0:00:00, CP time 0.030
 **********
 **    7 **SET ERR         0.5
 **********
 **********
 **    8 **SET PRINT           1
 **********
 **********
 **    9 **HESSE        2500
 **********
 COVARIANCE MATRIX CALCULATED SUCCESSFULLY
 FCN=-26793.9 FROM HESSE     STATUS=OK             33 CALLS         226 TOTAL
                     EDM=4498.25    STRATEGY= 1      ERROR MATRIX ACCURATE 
  EXT PARAMETER                                INTERNAL      INTERNAL  
  NO.   NAME      VALUE            ERROR       STEP SIZE       VALUE   
   1  N_Bkg        1.38342e+03   5.39660e+01   6.72173e-02  -1.40965e+05
   2  N_Jpsi       1.62371e+03   6.45846e+01   2.69862e-02  -5.65942e+04
   3  m_{J/#Psi}   3.09478e+00   6.54001e-04   1.48268e-03  -2.44656e-02
   4  sigma_1_A    2.31844e-02   5.68649e-04   6.51687e-03  -9.32164e-03
   5  sl1         -4.70860e-01   5.87500e-02   7.51421e-03  -4.90265e-01
                               ERR DEF= 0.5
 EXTERNAL ERROR MATRIX.    NDIM=  25    NPAR=  5    ERR DEF=0.5
  2.912e+03 -1.136e+02 -2.954e-05  6.263e-05  5.747e-02 
 -1.136e+02  4.171e+03 -2.438e-04  2.076e-03  1.404e-02 
 -2.954e-05 -2.438e-04  4.277e-07 -2.443e-08 -1.649e-06 
  6.263e-05  2.076e-03 -2.443e-08  3.237e-07 -9.440e-07 
  5.747e-02  1.404e-02 -1.649e-06 -9.440e-07  3.457e-03 
 PARAMETER  CORRELATION COEFFICIENTS  
       NO.  GLOBAL      1      2      3      4      5
        1  0.03760   1.000 -0.033 -0.001  0.002  0.018
        2  0.06557  -0.033  1.000 -0.006  0.056  0.004
        3  0.07949  -0.001 -0.006  1.000 -0.066 -0.043
        4  0.09196   0.002  0.056 -0.066  1.000 -0.028
        5  0.05630   0.018  0.004 -0.043 -0.028  1.000
Real time 0:00:00, CP time 0.000
Real time 0:00:00, CP time 0.030, 2 slices

********* Finished Mass Dist. Fit **************


  RooFitResult: minimized FCN value: -26793.9, estimated distance to minimum: 4498.25
                covariance matrix quality: Full, accurate covariance matrix
                Status : MINIMIZE=-1 HESSE=4 

    Floating Parameter    FinalValue +/-  Error   
  --------------------  --------------------------
                 N_Bkg    1.3834e+03 +/-  5.40e+01
                N_Jpsi    1.6237e+03 +/-  6.46e+01
            m_{J/#Psi}    3.0948e+00 +/-  6.54e-04
             sigma_1_A    2.3184e-02 +/-  5.69e-04
                   sl1   -4.7086e-01 +/-  5.87e-02

 *** NLL : -26793.945604057
Info in <TCanvas::Print>: pdf file figs/2DFit_No_Weight/Mass/Mass_Fixed_pt20.0-22.5_y0.0-1.6_muPt0.0_centrality0-180_PRw_Effw0_Accw0_PtW0_TnP0.pdf has been created
# STAGE: massFit
# CMD: /opt/conda/envs/root618/bin/root -l -b -q 'MassFit_FixPar_Data.C(20,22.5,0,1.6,0,180)'

