
Processing MassFit_FixPar_Data.C(7.5,8.5,0,1.6,0,180)...

[1mRooFit v3.60 -- Developed by Wouter Verkerke and David Kirkby[0m 
                Copyright (C) 2000-2013 NIKHEF, University of California & Stanford University
                All rights reserved, please read http://roofit.sourceforge.net/license.txt

RooDataSet::dataset[mass,pt,y,pt1,pt2,eta1,eta2,weight,cBin,recoQQsign,NumDimu,ctau3D,ctau3DErr,ctau3DRes] = 897667 entries
pt: 7.5-8.5, y: 0-1.6, Cent: 0-90%
####################################
******** New Combined Dataset ***********
RooRealVar::mass = 3.17226  L(2.6 - 3.5) // [GeV/c^{2}]

********* Starting Mass Dist. Fit **************

 **********
 **    1 **SET PRINT           1
 **********
 **********
 **    2 **SET NOGRAD
 **********
 PARAMETER DEFINITIONS:
    NO.   NAME         VALUE      STEP SIZE      LIMITS
     1 N_Bkg        1.00000e+08  2.00000e+07    0.00000e+00  2.00000e+08
 MINUIT WARNING IN PARAM DEF
 ============== LIMITS ON PARAM1 TOO FAR APART.
 PARAMETER DEFINITIONS:
    NO.   NAME         VALUE      STEP SIZE      LIMITS
     2 N_Jpsi       1.00000e+08  2.00000e+07    0.00000e+00  2.00000e+08
 MINUIT WARNING IN PARAM DEF
 ============== LIMITS ON PARAM2 TOO FAR APART.
 PARAMETER DEFINITIONS:
    NO.   NAME         VALUE      STEP SIZE      LIMITS
     3 m_{J/#Psi}   3.09600e+00  1.00000e-02    3.04600e+00  3.14600e+00
     4 sigma_1_A    2.98325e-02  2.00000e-03    1.98325e-02  3.98325e-02
     5 sl1          0.00000e+00  2.00000e-01   -1.00000e+00  1.00000e+00
 **********
 **    3 **SET ERR         0.5
 **********
 **********
 **    4 **SET PRINT           1
 **********
 **********
 **    5 **SET STR           1
 **********
 NOW USING STRATEGY  1: TRY TO BALANCE SPEED AGAINST RELIABILITY
 **********
 **    6 **MIGRAD        2500           1
 **********
 FIRST CALL TO USER FUNCTION AT NEW START POINT, WITH IFLAG=4.
 START MIGRAD MINIMIZATION.  STRATEGY  1.  CONVERGENCE WHEN EDM .LT. 1.00e-03
 FCN=1.99375e+08 FROM MIGRAD    STATUS=INITIATE       18 CALLS          19 TOTAL
                     EDM= unknown      STRATEGY= 1      NO ERROR MATRIX       
  EXT PARAMETER               CURRENT GUESS       STEP         FIRST   
  NO.   NAME      VALUE            ERROR          SIZE      DERIVATIVE 
   1  N_Bkg        1.00000e+08   2.00000e+07   2.01358e-01   9.98577e+07
   2  N_Jpsi       1.00000e+08   2.00000e+07   2.01358e-01   9.98642e+07
   3  m_{J/#Psi}   3.09600e+00   1.00000e-02   2.01358e-01   1.66906e+03
   4  sigma_1_A    2.98325e-02   2.00000e-03   2.01358e-01  -6.94450e+01
   5  sl1          0.00000e+00   2.00000e-01   2.01358e-01  -4.06284e+02
                               ERR DEF= 0.5
 MIGRAD FAILS TO FIND IMPROVEMENT
 COVARIANCE MATRIX CALCULATED SUCCESSFULLY
 FCN=-316104 FROM HESSE     STATUS=OK             37 CALLS         229 TOTAL
                     EDM=0.0203545    STRATEGY= 1      ERROR MATRIX ACCURATE 
  EXT PARAMETER                                   STEP         FIRST   
  NO.   NAME      VALUE            ERROR          SIZE      DERIVATIVE 
   1  N_Bkg        1.50870e+04   1.44811e+02   1.91222e-03   1.86605e+03
   2  N_Jpsi       1.66629e+04   1.50558e+02   1.79837e-03   3.55498e+02
   3  m_{J/#Psi}   3.09247e+00   3.21122e-04   2.49132e-03   2.87481e+00
   4  sigma_1_A    3.09214e-02   2.98517e-04   1.10566e-02  -3.28224e-01
   5  sl1          8.82813e-02   1.44024e-02   5.60340e-03  -9.03974e+00
                               ERR DEF= 0.5
 MIGRAD FAILS TO FIND IMPROVEMENT
 MIGRAD TERMINATED WITHOUT CONVERGENCE.
 FCN=-316104 FROM MIGRAD    STATUS=FAILED        250 CALLS         251 TOTAL
                     EDM=0.0450086    STRATEGY= 1  ERROR MATRIX UNCERTAINTY   0.9 per cent
  EXT PARAMETER                APPROXIMATE        STEP         FIRST   
  NO.   NAME      VALUE            ERROR          SIZE      DERIVATIVE 
   1  N_Bkg        1.50655e+04   1.07309e+02   0.00000e+00  -3.48874e+03
   2  N_Jpsi       1.66649e+04   1.47541e+02   0.00000e+00  -2.20644e+03
   3  m_{J/#Psi}   3.09246e+00   3.22012e-04  -0.00000e+00   5.97777e-03
   4  sigma_1_A    3.09331e-02   2.98578e-04  -0.00000e+00  -1.17386e-01
   5  sl1          9.01526e-02   1.53117e-02   0.00000e+00  -3.33333e-02
                               ERR DEF= 0.5
 EXTERNAL ERROR MATRIX.    NDIM=  25    NPAR=  5    ERR DEF=0.5
  1.152e+04 -9.971e+03  4.985e-04 -8.804e-03  1.831e-02 
 -9.971e+03  2.177e+04 -1.484e-03  1.271e-02  1.531e-01 
  4.985e-04 -1.484e-03  1.037e-07 -6.161e-09 -3.780e-07 
 -8.804e-03  1.271e-02 -6.161e-09  8.918e-08  1.818e-08 
  1.831e-02  1.531e-01 -3.780e-07  1.818e-08  2.345e-04 
ERR MATRIX APPROXIMATE
 PARAMETER  CORRELATION COEFFICIENTS  
       NO.  GLOBAL      1      2      3      4      5
        1  0.63943   1.000 -0.630  0.014 -0.275  0.011
        2  0.64543  -0.630  1.000 -0.031  0.288  0.068
        3  0.10043   0.014 -0.031  1.000 -0.064 -0.077
        4  0.31750  -0.275  0.288 -0.064  1.000  0.004
        5  0.12261   0.011  0.068 -0.077  0.004  1.000
 ERR MATRIX APPROXIMATE
Real time 0:00:00, CP time 0.060
Real time 0:00:00, CP time 0.060
 **********
 **    7 **SET ERR         0.5
 **********
 **********
 **    8 **SET PRINT           1
 **********
 **********
 **    9 **HESSE        2500
 **********
 COVARIANCE MATRIX CALCULATED SUCCESSFULLY
 FCN=-316104 FROM HESSE     STATUS=OK             39 CALLS         290 TOTAL
                     EDM=0.00522725    STRATEGY= 1      ERROR MATRIX ACCURATE 
  EXT PARAMETER                                INTERNAL      INTERNAL  
  NO.   NAME      VALUE            ERROR       STEP SIZE       VALUE   
   1  N_Bkg        1.50655e+04   1.44714e+02   1.91222e-03  -4.01023e+03
   2  N_Jpsi       1.66649e+04   1.50581e+02   1.79837e-03  -3.77146e+03
   3  m_{J/#Psi}   3.09246e+00   3.21165e-04   2.49137e-03  -7.08204e-02
   4  sigma_1_A    3.09331e-02   2.98697e-04   4.42264e-03   1.10284e-01
   5  sl1          9.01526e-02   1.44021e-02   5.60353e-03   9.02752e-02
                               ERR DEF= 0.5
 EXTERNAL ERROR MATRIX.    NDIM=  25    NPAR=  5    ERR DEF=0.5
  2.094e+04 -5.672e+03  6.273e-04 -1.071e-02  2.350e-02 
 -5.672e+03  2.267e+04 -6.527e-04  1.122e-02 -1.401e-02 
  6.273e-04 -6.527e-04  1.031e-07 -5.754e-09 -2.529e-07 
 -1.071e-02  1.122e-02 -5.754e-09  8.925e-08 -9.011e-08 
  2.350e-02 -1.401e-02 -2.529e-07 -9.011e-08  2.074e-04 
 PARAMETER  CORRELATION COEFFICIENTS  
       NO.  GLOBAL      1      2      3      4      5
        1  0.32156   1.000 -0.260  0.013 -0.248  0.011
        2  0.32282  -0.260  1.000 -0.013  0.249 -0.006
        3  0.08203   0.013 -0.013  1.000 -0.060 -0.055
        4  0.31850  -0.248  0.249 -0.060  1.000 -0.021
        5  0.06014   0.011 -0.006 -0.055 -0.021  1.000
Real time 0:00:00, CP time 0.000
Real time 0:00:00, CP time 0.060, 2 slices

********* Finished Mass Dist. Fit **************


  RooFitResult: minimized FCN value: -316104, estimated distance to minimum: 0.00522725
                covariance matrix quality: Full, accurate covariance matrix
                Status : MINIMIZE=-1 HESSE=4 

    Floating Parameter    FinalValue +/-  Error   
  --------------------  --------------------------
                 N_Bkg    1.5065e+04 +/-  1.45e+02
                N_Jpsi    1.6665e+04 +/-  1.51e+02
            m_{J/#Psi}    3.0925e+00 +/-  3.21e-04
             sigma_1_A    3.0933e-02 +/-  2.99e-04
                   sl1    9.0153e-02 +/-  1.44e-02

 *** NLL : -316104.024803948
Info in <TCanvas::Print>: pdf file figs/2DFit_No_Weight/Mass/Mass_Fixed_pt7.5-8.5_y0.0-1.6_muPt0.0_centrality0-180_PRw_Effw0_Accw0_PtW0_TnP0.pdf has been created
# STAGE: massFit
# CMD: /opt/conda/envs/root618/bin/root -l -b -q 'MassFit_FixPar_Data.C(7.5,8.5,0,1.6,0,180)'

