
Processing MassFit_FixPar_Data.C(7.5,9,0,1.6,0,180)...

[1mRooFit v3.60 -- Developed by Wouter Verkerke and David Kirkby[0m 
                Copyright (C) 2000-2013 NIKHEF, University of California & Stanford University
                All rights reserved, please read http://roofit.sourceforge.net/license.txt

RooDataSet::dataset[mass,pt,y,pt1,pt2,eta1,eta2,weight,cBin,recoQQsign,NumDimu,ctau3D,ctau3DErr,ctau3DRes] = 897667 entries
pt: 7.5-9, y: 0-1.6, Cent: 0-90%
####################################
******** New Combined Dataset ***********
RooRealVar::mass = 3.17226  L(2.6 - 3.5) // [GeV/c^{2}]

********* Starting Mass Dist. Fit **************

 **********
 **    1 **SET PRINT           1
 **********
 **********
 **    2 **SET NOGRAD
 **********
 PARAMETER DEFINITIONS:
    NO.   NAME         VALUE      STEP SIZE      LIMITS
     1 N_Bkg        1.00000e+08  2.00000e+07    0.00000e+00  2.00000e+08
 MINUIT WARNING IN PARAM DEF
 ============== LIMITS ON PARAM1 TOO FAR APART.
 PARAMETER DEFINITIONS:
    NO.   NAME         VALUE      STEP SIZE      LIMITS
     2 N_Jpsi       1.00000e+08  2.00000e+07    0.00000e+00  2.00000e+08
 MINUIT WARNING IN PARAM DEF
 ============== LIMITS ON PARAM2 TOO FAR APART.
 PARAMETER DEFINITIONS:
    NO.   NAME         VALUE      STEP SIZE      LIMITS
     3 m_{J/#Psi}   3.09600e+00  1.00000e-02    3.04600e+00  3.14600e+00
     4 sigma_1_A    3.29106e-02  2.00000e-03    2.29106e-02  4.29106e-02
     5 sl1          0.00000e+00  2.00000e-01   -1.00000e+00  1.00000e+00
 **********
 **    3 **SET ERR         0.5
 **********
 **********
 **    4 **SET PRINT           1
 **********
 **********
 **    5 **SET STR           1
 **********
 NOW USING STRATEGY  1: TRY TO BALANCE SPEED AGAINST RELIABILITY
 **********
 **    6 **MIGRAD        2500           1
 **********
 FIRST CALL TO USER FUNCTION AT NEW START POINT, WITH IFLAG=4.
 START MIGRAD MINIMIZATION.  STRATEGY  1.  CONVERGENCE WHEN EDM .LT. 1.00e-03
 FCN=1.99073e+08 FROM MIGRAD    STATUS=INITIATE       18 CALLS          19 TOTAL
                     EDM= unknown      STRATEGY= 1      NO ERROR MATRIX       
  EXT PARAMETER               CURRENT GUESS       STEP         FIRST   
  NO.   NAME      VALUE            ERROR          SIZE      DERIVATIVE 
   1  N_Bkg        1.00000e+08   2.00000e+07   2.01358e-01   9.98889e+07
   2  N_Jpsi       1.00000e+08   2.00000e+07   2.01358e-01   9.98983e+07
   3  m_{J/#Psi}   3.09600e+00   1.00000e-02   2.01358e-01   2.63588e+03
   4  sigma_1_A    3.29106e-02   2.00000e-03   2.01358e-01   4.39697e+02
   5  sl1          0.00000e+00   2.00000e-01   2.01358e-01  -4.57523e+02
                               ERR DEF= 0.5
 MIGRAD FAILS TO FIND IMPROVEMENT
 COVARIANCE MATRIX CALCULATED SUCCESSFULLY
 FCN=1.412e+07 FROM HESSE     STATUS=OK             31 CALLS          87 TOTAL
                     EDM=1.5911e+07    STRATEGY= 1      ERROR MATRIX ACCURATE 
  EXT PARAMETER                                   STEP         FIRST   
  NO.   NAME      VALUE            ERROR          SIZE      DERIVATIVE 
   1  N_Bkg        1.40836e+07   5.51436e+03   2.69095e-03   5.10295e+07
   2  N_Jpsi       8.24174e+05   1.28983e+03   2.31664e-03   1.26839e+07
   3  m_{J/#Psi}   3.09245e+00   4.73452e-04   2.45834e-02  -4.31030e+01
   4  sigma_1_A    3.01959e-02   5.44454e-04   1.46333e-01   9.35618e+02
   5  sl1          6.65265e-02   1.15758e-02   3.13007e-02  -1.23309e+03
                               ERR DEF= 0.5
 MIGRAD FAILS TO FIND IMPROVEMENT
 MIGRAD TERMINATED WITHOUT CONVERGENCE.
 FCN=-488539 FROM MIGRAD    STATUS=FAILED        222 CALLS         223 TOTAL
                     EDM=0.0485233    STRATEGY= 1  ERROR MATRIX UNCERTAINTY   2.6 per cent
  EXT PARAMETER                APPROXIMATE        STEP         FIRST   
  NO.   NAME      VALUE            ERROR          SIZE      DERIVATIVE 
   1  N_Bkg        2.15260e+04   1.76272e+02  -0.00000e+00   1.47534e+03
   2  N_Jpsi       2.54726e+04   1.85935e+02   0.00000e+00  -2.36372e+03
   3  m_{J/#Psi}   3.09250e+00   2.55219e-04  -0.00000e+00   5.18399e+00
   4  sigma_1_A    3.14606e-02   2.37904e-04   0.00000e+00  -1.37417e+00
   5  sl1          7.33936e-02   1.19255e-02   0.00000e+00  -1.71055e+01
                               ERR DEF= 0.5
 EXTERNAL ERROR MATRIX.    NDIM=  25    NPAR=  5    ERR DEF=0.5
  3.107e+04  1.008e+04 -1.215e-03 -1.069e-02 -5.975e-02 
  1.008e+04  3.457e+04 -6.687e-04 -1.125e-02  2.327e-02 
 -1.215e-03 -6.687e-04  6.514e-08  4.327e-09 -1.515e-07 
 -1.069e-02 -1.125e-02  4.327e-09  5.661e-08  6.780e-08 
 -5.975e-02  2.327e-02 -1.515e-07  6.780e-08  1.422e-04 
ERR MATRIX APPROXIMATE
 PARAMETER  CORRELATION COEFFICIENTS  
       NO.  GLOBAL      1      2      3      4      5
        1  0.35880   1.000  0.308 -0.027 -0.255 -0.028
        2  0.35813   0.308  1.000 -0.014 -0.254  0.010
        3  0.08887  -0.027 -0.014  1.000  0.071 -0.050
        4  0.32202  -0.255 -0.254  0.071  1.000  0.024
        5  0.06618  -0.028  0.010 -0.050  0.024  1.000
 ERR MATRIX APPROXIMATE
Real time 0:00:00, CP time 0.040
Real time 0:00:00, CP time 0.040
 **********
 **    7 **SET ERR         0.5
 **********
 **********
 **    8 **SET PRINT           1
 **********
 **********
 **    9 **HESSE        2500
 **********
 COVARIANCE MATRIX CALCULATED SUCCESSFULLY
 FCN=-488539 FROM HESSE     STATUS=OK             35 CALLS         258 TOTAL
                     EDM=0.189442    STRATEGY= 1      ERROR MATRIX ACCURATE 
  EXT PARAMETER                                INTERNAL      INTERNAL  
  NO.   NAME      VALUE            ERROR       STEP SIZE       VALUE   
   1  N_Bkg        2.15260e+04   1.73188e+02   2.69122e-03  -5.64389e+03
   2  N_Jpsi       2.54726e+04   1.83250e+02   2.31669e-03  -4.85845e+03
   3  m_{J/#Psi}   3.09250e+00   2.46976e-04   2.38030e-03  -7.00067e-02
   4  sigma_1_A    3.14606e-02   2.33189e-04   1.07140e-02  -2.99608e+00
   5  sl1          7.33936e-02   1.20996e-02   5.84697e-03   7.34597e-02
                               ERR DEF= 0.5
 EXTERNAL ERROR MATRIX.    NDIM=  25    NPAR=  5    ERR DEF=0.5
  2.999e+04  8.111e+03 -7.815e-04 -1.123e-02  6.985e-03 
  8.111e+03  3.358e+04 -7.202e-04 -1.031e-02  4.079e-03 
 -7.815e-04 -7.202e-04  6.100e-08  4.201e-09 -1.524e-07 
 -1.123e-02 -1.031e-02  4.201e-09  5.439e-08  4.216e-08 
  6.985e-03  4.079e-03 -1.524e-07  4.216e-08  1.464e-04 
 PARAMETER  CORRELATION COEFFICIENTS  
       NO.  GLOBAL      1      2      3      4      5
        1  0.33921   1.000  0.256 -0.018 -0.278  0.003
        2  0.31107   0.256  1.000 -0.016 -0.241  0.002
        3  0.08969  -0.018 -0.016  1.000  0.073 -0.051
        4  0.33621  -0.278 -0.241  0.073  1.000  0.015
        5  0.05506   0.003  0.002 -0.051  0.015  1.000
Real time 0:00:00, CP time 0.000
Real time 0:00:00, CP time 0.040, 2 slices

********* Finished Mass Dist. Fit **************


  RooFitResult: minimized FCN value: -488539, estimated distance to minimum: 0.189442
                covariance matrix quality: Full, accurate covariance matrix
                Status : MINIMIZE=-1 HESSE=4 

    Floating Parameter    FinalValue +/-  Error   
  --------------------  --------------------------
                 N_Bkg    2.1526e+04 +/-  1.73e+02
                N_Jpsi    2.5473e+04 +/-  1.83e+02
            m_{J/#Psi}    3.0925e+00 +/-  2.47e-04
             sigma_1_A    3.1461e-02 +/-  2.33e-04
                   sl1    7.3394e-02 +/-  1.21e-02

 *** NLL : -488538.678776652
Info in <TCanvas::Print>: pdf file figs/2DFit_No_Weight/Mass/Mass_Fixed_pt7.5-9.0_y0.0-1.6_muPt0.0_centrality0-180_PRw_Effw0_Accw0_PtW0_TnP0.pdf has been created
# STAGE: massFit
# CMD: /opt/conda/envs/root618/bin/root -l -b -q 'MassFit_FixPar_Data.C(7.5,9,0,1.6,0,180)'

