
Processing MassFit_FixPar_Data.C(20,40,1.6,2.4,0,180)...

[1mRooFit v3.60 -- Developed by Wouter Verkerke and David Kirkby[0m 
                Copyright (C) 2000-2013 NIKHEF, University of California & Stanford University
                All rights reserved, please read http://roofit.sourceforge.net/license.txt

RooDataSet::dataset[mass,pt,y,pt1,pt2,eta1,eta2,weight,cBin,recoQQsign,NumDimu,ctau3D,ctau3DErr,ctau3DRes] = 897667 entries
pt: 20-40, y: 1.6-2.4, Cent: 0-90%
####################################
******** New Combined Dataset ***********
RooRealVar::mass = 3.17226  L(2.6 - 3.5) // [GeV/c^{2}]

********* Starting Mass Dist. Fit **************

 **********
 **    1 **SET PRINT           1
 **********
 **********
 **    2 **SET NOGRAD
 **********
 PARAMETER DEFINITIONS:
    NO.   NAME         VALUE      STEP SIZE      LIMITS
     1 N_Bkg        1.00000e+08  2.00000e+07    0.00000e+00  2.00000e+08
 MINUIT WARNING IN PARAM DEF
 ============== LIMITS ON PARAM1 TOO FAR APART.
 PARAMETER DEFINITIONS:
    NO.   NAME         VALUE      STEP SIZE      LIMITS
     2 N_Jpsi       1.00000e+08  2.00000e+07    0.00000e+00  2.00000e+08
 MINUIT WARNING IN PARAM DEF
 ============== LIMITS ON PARAM2 TOO FAR APART.
 PARAMETER DEFINITIONS:
    NO.   NAME         VALUE      STEP SIZE      LIMITS
     3 m_{J/#Psi}   3.09600e+00  1.00000e-02    3.04600e+00  3.14600e+00
     4 sigma_1_A    4.31371e-02  2.00000e-03    3.31371e-02  5.31371e-02
     5 sl1          0.00000e+00  2.00000e-01   -1.00000e+00  1.00000e+00
 **********
 **    3 **SET ERR         0.5
 **********
 **********
 **    4 **SET PRINT           1
 **********
 **********
 **    5 **SET STR           1
 **********
 NOW USING STRATEGY  1: TRY TO BALANCE SPEED AGAINST RELIABILITY
 **********
 **    6 **MIGRAD        2500           1
 **********
 FIRST CALL TO USER FUNCTION AT NEW START POINT, WITH IFLAG=4.
 START MIGRAD MINIMIZATION.  STRATEGY  1.  CONVERGENCE WHEN EDM .LT. 1.00e-03
 FCN=1.99953e+08 FROM MIGRAD    STATUS=INITIATE       18 CALLS          19 TOTAL
                     EDM= unknown      STRATEGY= 1      NO ERROR MATRIX       
  EXT PARAMETER               CURRENT GUESS       STEP         FIRST   
  NO.   NAME      VALUE            ERROR          SIZE      DERIVATIVE 
   1  N_Bkg        1.00000e+08   2.00000e+07   2.01358e-01   9.75705e+07
   2  N_Jpsi       1.00000e+08   2.00000e+07   2.01358e-01   9.85776e+07
   3  m_{J/#Psi}   3.09600e+00   1.00000e-02   2.01358e-01   1.32853e+02
   4  sigma_1_A    4.31371e-02   2.00000e-03   2.01358e-01   3.21250e+01
   5  sl1          0.00000e+00   2.00000e-01   2.01358e-01   8.29824e+01
                               ERR DEF= 0.5
 MIGRAD FAILS TO FIND IMPROVEMENT
 MINUIT WARNING IN HESSE   
 ============== Negative diagonal element 4 in Error Matrix
 MINUIT WARNING IN HESSE   
 ============== 35.8062 added to diagonal of error matrix
 COVARIANCE MATRIX CALCULATED SUCCESSFULLY
 FCN=7.2089e+07 FROM HESSE     STATUS=OK             33 CALLS         101 TOTAL
                     EDM=1.00621e+08    STRATEGY= 1      ERROR MATRIX ACCURATE 
  EXT PARAMETER                                   STEP         FIRST   
  NO.   NAME      VALUE            ERROR          SIZE      DERIVATIVE 
   1  N_Bkg        2.18352e+07   7.05884e+03   1.02681e-01   6.23424e+07
   2  N_Jpsi       5.02980e+07   1.23112e+04   6.13595e-02   8.67576e+07
   3  m_{J/#Psi}   3.08671e+00   1.30072e-03   1.75528e-01  -1.02204e+02
   4  sigma_1_A    3.47297e-02   1.00279e-02   5.00000e-01  -4.92588e+01
   5  sl1         -4.56826e-01   6.17689e-02   4.07549e-01  -3.53084e+01
                               ERR DEF= 0.5
 MIGRAD FAILS TO FIND IMPROVEMENT
 MIGRAD TERMINATED WITHOUT CONVERGENCE.
 FCN=-12175.1 FROM MIGRAD    STATUS=FAILED        141 CALLS         142 TOTAL
                     EDM=1850.39    STRATEGY= 1  ERROR MATRIX UNCERTAINTY   0.0 per cent
  EXT PARAMETER                APPROXIMATE        STEP         FIRST   
  NO.   NAME      VALUE            ERROR          SIZE      DERIVATIVE 
   1  N_Bkg        2.42453e+01   7.16123e+00  -0.00000e+00** at limit **
   2  N_Jpsi       6.89130e+01   1.24149e+01  -0.00000e+00   1.15876e+05
   3  m_{J/#Psi}   3.09827e+00   1.32241e-03   0.00000e+00   2.02025e+02
   4  sigma_1_A    3.95032e-02   1.31725e-02   0.00000e+00  -5.64003e+01
   5  sl1         -9.44456e-01   2.28203e-02  -0.00000e+00  -1.52385e+02
                               ERR DEF= 0.5
 EXTERNAL ERROR MATRIX.    NDIM=  25    NPAR=  5    ERR DEF=0.5
  5.128e+01  6.047e+00 -6.103e-05 -3.147e-03  2.479e-03 
  6.047e+00  1.541e+02  7.822e-05  3.818e-03 -3.170e-03 
 -6.103e-05  7.822e-05  1.749e-06  3.070e-06 -5.153e-06 
 -3.147e-03  3.818e-03  3.070e-06  1.116e-04 -1.081e-04 
  2.479e-03 -3.170e-03 -5.153e-06 -1.081e-04  5.216e-04 
ERR MATRIX APPROXIMATE
 PARAMETER  CORRELATION COEFFICIENTS  
       NO.  GLOBAL      1      2      3      4      5
        1  0.08092   1.000  0.068 -0.006 -0.042  0.015
        2  0.07521   0.068  1.000  0.005  0.029 -0.011
        3  0.23410  -0.006  0.005  1.000  0.220 -0.171
        4  0.47311  -0.042  0.029  0.220  1.000 -0.448
        5  0.45422   0.015 -0.011 -0.171 -0.448  1.000
 ERR MATRIX APPROXIMATE
Real time 0:00:00, CP time 0.020
Real time 0:00:00, CP time 0.020
 **********
 **    7 **SET ERR         0.5
 **********
 **********
 **    8 **SET PRINT           1
 **********
 **********
 **    9 **HESSE        2500
 **********
 COVARIANCE MATRIX CALCULATED SUCCESSFULLY
 FCN=-12175.1 FROM HESSE     STATUS=OK             31 CALLS         173 TOTAL
                     EDM=1800    STRATEGY= 1      ERROR MATRIX ACCURATE 
  EXT PARAMETER                                INTERNAL      INTERNAL  
  NO.   NAME      VALUE            ERROR       STEP SIZE       VALUE   
   1  N_Bkg        2.42453e+01   7.09830e+00   1.02682e-01  -2.15339e+05
                                 WARNING -   - ABOVE PARAMETER IS AT LIMIT.
   2  N_Jpsi       6.89130e+01   1.23739e+01   6.13600e-02  -1.28681e+05
   3  m_{J/#Psi}   3.09827e+00   1.41041e-03   2.40641e-03   4.53858e-02
   4  sigma_1_A    3.95032e-02   1.20570e-03   9.31486e-03   3.73272e+01
   5  sl1         -9.44456e-01   8.47147e-02   1.88978e-02  -1.23593e+00
                               ERR DEF= 0.5
 EXTERNAL ERROR MATRIX.    NDIM=  25    NPAR=  5    ERR DEF=0.5
  5.039e+01 -2.370e+00 -2.764e-06 -1.098e-04  1.190e-02 
 -2.370e+00  1.531e+02  5.713e-04  1.512e-03 -6.068e-02 
 -2.764e-06  5.713e-04  1.990e-06  4.196e-07 -2.339e-05 
 -1.098e-04  1.512e-03  4.196e-07  1.462e-06 -2.613e-05 
  1.190e-02 -6.068e-02 -2.339e-05 -2.613e-05  7.341e-03 
 PARAMETER  CORRELATION COEFFICIENTS  
       NO.  GLOBAL      1      2      3      4      5
        1  0.03343   1.000 -0.027 -0.000 -0.013  0.020
        2  0.10926  -0.027  1.000  0.033  0.101 -0.057
        3  0.28114  -0.000  0.033  1.000  0.246 -0.194
        4  0.33298  -0.013  0.101  0.246  1.000 -0.252
        5  0.28852   0.020 -0.057 -0.194 -0.252  1.000
Real time 0:00:00, CP time 0.010
Real time 0:00:00, CP time 0.030, 2 slices

********* Finished Mass Dist. Fit **************


  RooFitResult: minimized FCN value: -12175.1, estimated distance to minimum: 1800
                covariance matrix quality: Full, accurate covariance matrix
                Status : MINIMIZE=-1 HESSE=4 

    Floating Parameter    FinalValue +/-  Error   
  --------------------  --------------------------
                 N_Bkg    2.4245e+01 +/-  7.10e+00
                N_Jpsi    6.8913e+01 +/-  1.24e+01
            m_{J/#Psi}    3.0983e+00 +/-  1.41e-03
             sigma_1_A    3.9503e-02 +/-  1.21e-03
                   sl1   -9.4446e-01 +/-  8.47e-02

 *** NLL : -12175.1405211429
Info in <TCanvas::Print>: pdf file figs/2DFit_No_Weight/Mass/Mass_Fixed_pt20.0-40.0_y1.6-2.4_muPt0.0_centrality0-180_PRw_Effw0_Accw0_PtW0_TnP0.pdf has been created
# STAGE: massFit
# CMD: /opt/conda/envs/root618/bin/root -l -b -q 'MassFit_FixPar_Data.C(20,40,1.6,2.4,0,180)'

