
Processing MassFit_FixPar_Data.C(8.5,9.5,0,1.6,0,180)...

[1mRooFit v3.60 -- Developed by Wouter Verkerke and David Kirkby[0m 
                Copyright (C) 2000-2013 NIKHEF, University of California & Stanford University
                All rights reserved, please read http://roofit.sourceforge.net/license.txt

RooDataSet::dataset[mass,pt,y,pt1,pt2,eta1,eta2,weight,cBin,recoQQsign,NumDimu,ctau3D,ctau3DErr,ctau3DRes] = 897667 entries
pt: 8.5-9.5, y: 0-1.6, Cent: 0-90%
####################################
******** New Combined Dataset ***********
RooRealVar::mass = 3.17226  L(2.6 - 3.5) // [GeV/c^{2}]

********* Starting Mass Dist. Fit **************

 **********
 **    1 **SET PRINT           1
 **********
 **********
 **    2 **SET NOGRAD
 **********
 PARAMETER DEFINITIONS:
    NO.   NAME         VALUE      STEP SIZE      LIMITS
     1 N_Bkg        1.00000e+08  2.00000e+07    0.00000e+00  2.00000e+08
 MINUIT WARNING IN PARAM DEF
 ============== LIMITS ON PARAM1 TOO FAR APART.
 PARAMETER DEFINITIONS:
    NO.   NAME         VALUE      STEP SIZE      LIMITS
     2 N_Jpsi       1.00000e+08  2.00000e+07    0.00000e+00  2.00000e+08
 MINUIT WARNING IN PARAM DEF
 ============== LIMITS ON PARAM2 TOO FAR APART.
 PARAMETER DEFINITIONS:
    NO.   NAME         VALUE      STEP SIZE      LIMITS
     3 m_{J/#Psi}   3.09600e+00  1.00000e-02    3.04600e+00  3.14600e+00
     4 sigma_1_A    2.37897e-02  2.00000e-03    1.37897e-02  3.37897e-02
     5 sl1          0.00000e+00  2.00000e-01   -1.00000e+00  1.00000e+00
 **********
 **    3 **SET ERR         0.5
 **********
 **********
 **    4 **SET PRINT           1
 **********
 **********
 **    5 **SET STR           1
 **********
 NOW USING STRATEGY  1: TRY TO BALANCE SPEED AGAINST RELIABILITY
 **********
 **    6 **MIGRAD        2500           1
 **********
 FIRST CALL TO USER FUNCTION AT NEW START POINT, WITH IFLAG=4.
 START MIGRAD MINIMIZATION.  STRATEGY  1.  CONVERGENCE WHEN EDM .LT. 1.00e-03
 FCN=1.99425e+08 FROM MIGRAD    STATUS=INITIATE       16 CALLS          17 TOTAL
                     EDM= unknown      STRATEGY= 1      NO ERROR MATRIX       
  EXT PARAMETER               CURRENT GUESS       STEP         FIRST   
  NO.   NAME      VALUE            ERROR          SIZE      DERIVATIVE 
   1  N_Bkg        1.00000e+08   2.00000e+07   2.01358e-01   9.98208e+07
   2  N_Jpsi       1.00000e+08   2.00000e+07   2.01358e-01   9.98690e+07
   3  m_{J/#Psi}   3.09600e+00   1.00000e-02   2.01358e-01   2.23985e+03
   4  sigma_1_A    2.37897e-02   2.00000e-03   2.01358e-01   2.59546e+02
   5  sl1          0.00000e+00   2.00000e-01   2.01358e-01   1.11584e+02
                               ERR DEF= 0.5
 MIGRAD FAILS TO FIND IMPROVEMENT
 COVARIANCE MATRIX CALCULATED SUCCESSFULLY
 FCN=-290976 FROM HESSE     STATUS=OK             35 CALLS         224 TOTAL
                     EDM=1.47865    STRATEGY= 1      ERROR MATRIX ACCURATE 
  EXT PARAMETER                                   STEP         FIRST   
  NO.   NAME      VALUE            ERROR          SIZE      DERIVATIVE 
   1  N_Bkg        1.10484e+04   1.24656e+02   5.02513e-03   2.08729e+04
   2  N_Jpsi       1.80366e+04   1.51472e+02   3.46120e-03  -5.99729e+03
   3  m_{J/#Psi}   3.09269e+00   2.64085e-04   1.94312e-03   1.31631e+01
   4  sigma_1_A    2.46203e-02   2.25261e-04   7.83861e-03   2.60767e+01
   5  sl1         -2.40658e-02   1.69374e-02   6.29302e-03   1.59600e+01
                               ERR DEF= 0.5
 MIGRAD FAILS TO FIND IMPROVEMENT
 MIGRAD TERMINATED WITHOUT CONVERGENCE.
 FCN=-290978 FROM MIGRAD    STATUS=FAILED        245 CALLS         246 TOTAL
                     EDM=2.40693    STRATEGY= 1  ERROR MATRIX UNCERTAINTY   0.4 per cent
  EXT PARAMETER                APPROXIMATE        STEP         FIRST   
  NO.   NAME      VALUE            ERROR          SIZE      DERIVATIVE 
   1  N_Bkg        1.08616e+04   8.80385e+01   0.00000e+00  -2.70564e+04
   2  N_Jpsi       1.80160e+04   1.50797e+02  -0.00000e+00   1.05732e+04
   3  m_{J/#Psi}   3.09268e+00   2.64086e-04   0.00000e+00  -2.88802e-01
   4  sigma_1_A    2.45508e-02   2.26978e-04  -0.00000e+00  -3.26115e+00
   5  sl1         -2.86336e-02   1.69763e-02   0.00000e+00  -9.95512e-01
                               ERR DEF= 0.5
 EXTERNAL ERROR MATRIX.    NDIM=  25    NPAR=  5    ERR DEF=0.5
  7.751e+03  6.103e+03  3.235e-04 -4.404e-03  7.509e-03 
  6.103e+03  2.274e+04  5.884e-04 -7.234e-03  3.605e-02 
  3.235e-04  5.884e-04  6.974e-08 -3.348e-09 -1.900e-07 
 -4.404e-03 -7.234e-03 -3.348e-09  5.153e-08 -6.789e-08 
  7.509e-03  3.605e-02 -1.900e-07 -6.789e-08  2.882e-04 
ERR MATRIX APPROXIMATE
 PARAMETER  CORRELATION COEFFICIENTS  
       NO.  GLOBAL      1      2      3      4      5
        1  0.47666   1.000  0.460  0.014 -0.220  0.005
        2  0.47343   0.460  1.000  0.015 -0.211  0.014
        3  0.07080   0.014  0.015  1.000 -0.056 -0.042
        4  0.25859  -0.220 -0.211 -0.056  1.000 -0.018
        5  0.04823   0.005  0.014 -0.042 -0.018  1.000
 ERR MATRIX APPROXIMATE
Real time 0:00:00, CP time 0.050
Real time 0:00:00, CP time 0.050
 **********
 **    7 **SET ERR         0.5
 **********
 **********
 **    8 **SET PRINT           1
 **********
 **********
 **    9 **HESSE        2500
 **********
 COVARIANCE MATRIX CALCULATED SUCCESSFULLY
 FCN=-290978 FROM HESSE     STATUS=OK             35 CALLS         281 TOTAL
                     EDM=0.25531    STRATEGY= 1      ERROR MATRIX ACCURATE 
  EXT PARAMETER                                INTERNAL      INTERNAL  
  NO.   NAME      VALUE            ERROR       STEP SIZE       VALUE   
   1  N_Bkg        1.08616e+04   1.23235e+02   5.02513e-03  -1.05385e+04
   2  N_Jpsi       1.80160e+04   1.51195e+02   3.46120e-03  -7.25867e+03
   3  m_{J/#Psi}   3.09268e+00   2.63212e-04   1.96643e-03  -6.64861e-02
   4  sigma_1_A    2.45508e-02   2.23325e-04   8.10818e-03   7.61894e-02
   5  sl1         -2.86336e-02   1.69414e-02   6.30191e-03  -2.86375e-02
                               ERR DEF= 0.5
 EXTERNAL ERROR MATRIX.    NDIM=  25    NPAR=  5    ERR DEF=0.5
  1.519e+04  4.901e+03  4.551e-04 -5.817e-03  2.881e-02 
  4.901e+03  2.286e+04  5.490e-04 -7.016e-03  2.826e-02 
  4.551e-04  5.490e-04  6.928e-08 -3.375e-09 -1.914e-07 
 -5.817e-03 -7.016e-03 -3.375e-09  4.988e-08 -1.097e-07 
  2.881e-02  2.826e-02 -1.914e-07 -1.097e-07  2.870e-04 
 PARAMETER  CORRELATION COEFFICIENTS  
       NO.  GLOBAL      1      2      3      4      5
        1  0.30805   1.000  0.263  0.014 -0.211  0.014
        2  0.30567   0.263  1.000  0.014 -0.208  0.011
        3  0.07276   0.014  0.014  1.000 -0.057 -0.043
        4  0.27032  -0.211 -0.208 -0.057  1.000 -0.029
        5  0.05394   0.014  0.011 -0.043 -0.029  1.000
Real time 0:00:00, CP time 0.010
Real time 0:00:00, CP time 0.060, 2 slices

********* Finished Mass Dist. Fit **************


  RooFitResult: minimized FCN value: -290978, estimated distance to minimum: 0.25531
                covariance matrix quality: Full, accurate covariance matrix
                Status : MINIMIZE=-1 HESSE=4 

    Floating Parameter    FinalValue +/-  Error   
  --------------------  --------------------------
                 N_Bkg    1.0862e+04 +/-  1.23e+02
                N_Jpsi    1.8016e+04 +/-  1.51e+02
            m_{J/#Psi}    3.0927e+00 +/-  2.63e-04
             sigma_1_A    2.4551e-02 +/-  2.23e-04
                   sl1   -2.8634e-02 +/-  1.69e-02

 *** NLL : -290977.965555949
Info in <TCanvas::Print>: pdf file figs/2DFit_No_Weight/Mass/Mass_Fixed_pt8.5-9.5_y0.0-1.6_muPt0.0_centrality0-180_PRw_Effw0_Accw0_PtW0_TnP0.pdf has been created
# STAGE: massFit
# CMD: /opt/conda/envs/root618/bin/root -l -b -q 'MassFit_FixPar_Data.C(8.5,9.5,0,1.6,0,180)'

