
Processing MassFit_FixPar_Data.C(3.5,4.5,1.6,2.4,0,180)...

[1mRooFit v3.60 -- Developed by Wouter Verkerke and David Kirkby[0m 
                Copyright (C) 2000-2013 NIKHEF, University of California & Stanford University
                All rights reserved, please read http://roofit.sourceforge.net/license.txt

RooDataSet::dataset[mass,pt,y,pt1,pt2,eta1,eta2,weight,cBin,recoQQsign,NumDimu,ctau3D,ctau3DErr,ctau3DRes] = 897667 entries
pt: 3.5-4.5, y: 1.6-2.4, Cent: 0-90%
####################################
******** New Combined Dataset ***********
RooRealVar::mass = 3.17226  L(2.6 - 3.5) // [GeV/c^{2}]

********* Starting Mass Dist. Fit **************

 **********
 **    1 **SET PRINT           1
 **********
 **********
 **    2 **SET NOGRAD
 **********
 PARAMETER DEFINITIONS:
    NO.   NAME         VALUE      STEP SIZE      LIMITS
     1 N_Bkg        1.00000e+08  2.00000e+07    0.00000e+00  2.00000e+08
 MINUIT WARNING IN PARAM DEF
 ============== LIMITS ON PARAM1 TOO FAR APART.
 PARAMETER DEFINITIONS:
    NO.   NAME         VALUE      STEP SIZE      LIMITS
     2 N_Jpsi       1.00000e+08  2.00000e+07    0.00000e+00  2.00000e+08
 MINUIT WARNING IN PARAM DEF
 ============== LIMITS ON PARAM2 TOO FAR APART.
 PARAMETER DEFINITIONS:
    NO.   NAME         VALUE      STEP SIZE      LIMITS
     3 m_{J/#Psi}   3.09600e+00  1.00000e-02    3.04600e+00  3.14600e+00
     4 sigma_1_A    4.48643e-02  2.00000e-03    3.48643e-02  5.48643e-02
     5 sl1          0.00000e+00  2.00000e-01   -1.00000e+00  1.00000e+00
     6 sl2          0.00000e+00  2.00000e-01   -1.00000e+00  1.00000e+00
 **********
 **    3 **SET ERR         0.5
 **********
 **********
 **    4 **SET PRINT           1
 **********
 **********
 **    5 **SET STR           1
 **********
 NOW USING STRATEGY  1: TRY TO BALANCE SPEED AGAINST RELIABILITY
 **********
 **    6 **MIGRAD        3000           1
 **********
 FIRST CALL TO USER FUNCTION AT NEW START POINT, WITH IFLAG=4.
 START MIGRAD MINIMIZATION.  STRATEGY  1.  CONVERGENCE WHEN EDM .LT. 1.00e-03
 FCN=1.97035e+08 FROM MIGRAD    STATUS=INITIATE       22 CALLS          23 TOTAL
                     EDM= unknown      STRATEGY= 1      NO ERROR MATRIX       
  EXT PARAMETER               CURRENT GUESS       STEP         FIRST   
  NO.   NAME      VALUE            ERROR          SIZE      DERIVATIVE 
   1  N_Bkg        1.00000e+08   2.00000e+07   2.01358e-01   9.98775e+07
   2  N_Jpsi       1.00000e+08   2.00000e+07   2.01358e-01   9.99049e+07
   3  m_{J/#Psi}   3.09600e+00   1.00000e-02   2.01358e-01   8.11843e+02
   4  sigma_1_A    4.48643e-02   2.00000e-03   2.01358e-01  -4.24032e+03
   5  sl1          0.00000e+00   2.00000e-01   2.01358e-01  -3.19336e+03
   6  sl2          0.00000e+00   2.00000e-01   2.01358e-01  -1.23919e+04
                               ERR DEF= 0.5
 MIGRAD FAILS TO FIND IMPROVEMENT
 MIGRAD MINIMIZATION HAS CONVERGED.
 MIGRAD WILL VERIFY CONVERGENCE AND ERROR MATRIX.
 COVARIANCE MATRIX CALCULATED SUCCESSFULLY
 FCN=-1.71969e+06 FROM HESSE     STATUS=OK             48 CALLS         686 TOTAL
                     EDM=0.00176125    STRATEGY= 1      ERROR MATRIX ACCURATE 
  EXT PARAMETER                                   STEP         FIRST   
  NO.   NAME      VALUE            ERROR          SIZE      DERIVATIVE 
   1  N_Bkg        1.30342e+05   5.13207e+02   2.70370e-04   3.07439e+00
   2  N_Jpsi       2.45787e+04   3.95457e+02   7.64754e-04   2.70284e+02
   3  m_{J/#Psi}   3.09099e+00   6.19957e-04   1.11767e-02  -7.06144e-01
   4  sigma_1_A    4.59226e-02   7.15398e-04   4.81542e-02   1.00296e-01
   5  sl1          1.04580e-01   4.86083e-03   4.38803e-03  -1.91759e+00
   6  sl2         -2.93507e-02   6.38252e-03   4.49800e-03  -1.34606e+00
                               ERR DEF= 0.5
 MIGRAD FAILS TO FIND IMPROVEMENT
 MACHINE ACCURACY LIMITS FURTHER IMPROVEMENT.
 MIGRAD MINIMIZATION HAS CONVERGED.
 FCN=-1.71969e+06 FROM MIGRAD    STATUS=CONVERGED     709 CALLS         710 TOTAL
                     EDM=0.00252173    STRATEGY= 1  ERROR MATRIX UNCERTAINTY   7.6 per cent
  EXT PARAMETER                                   STEP         FIRST   
  NO.   NAME      VALUE            ERROR          SIZE      DERIVATIVE 
   1  N_Bkg        1.30322e+05   4.43527e+02   0.00000e+00  -3.28420e+01
   2  N_Jpsi       2.46014e+04   2.64903e+02   0.00000e+00  -3.93085e+02
   3  m_{J/#Psi}   3.09099e+00   6.20682e-04   0.00000e+00   2.97731e-02
   4  sigma_1_A    4.59528e-02   6.28692e-04   0.00000e+00   4.00933e-02
   5  sl1          1.04604e-01   4.86816e-03   0.00000e+00  -1.42420e-02
   6  sl2         -2.90893e-02   5.65048e-03  -0.00000e+00   1.51985e-01
                               ERR DEF= 0.5
 EXTERNAL ERROR MATRIX.    NDIM=  25    NPAR=  6    ERR DEF=0.5
  1.967e+05  5.670e+04  7.370e-03  1.004e-01  6.281e-02 -7.941e-01 
  5.670e+04  7.017e+04  6.574e-03  8.681e-02  5.445e-02 -6.843e-01 
  7.370e-03  6.574e-03  3.853e-07  1.842e-08 -3.228e-07 -2.045e-07 
  1.004e-01  8.681e-02  1.842e-08  3.958e-07  6.720e-08 -1.072e-06 
  6.281e-02  5.445e-02 -3.228e-07  6.720e-08  2.370e-05 -8.846e-08 
 -7.941e-01 -6.843e-01 -2.045e-07 -1.072e-06 -8.846e-08  3.193e-05 
 PARAMETER  CORRELATION COEFFICIENTS  
       NO.  GLOBAL      1      2      3      4      5      6
        1  0.50869   1.000  0.483  0.027  0.360  0.029 -0.317
        2  0.65824   0.483  1.000  0.040  0.521  0.042 -0.457
        3  0.12649   0.027  0.040  1.000  0.047 -0.107 -0.058
        4  0.53890   0.360  0.521  0.047  1.000  0.022 -0.302
        5  0.11798   0.029  0.042 -0.107  0.022  1.000 -0.003
        6  0.47551  -0.317 -0.457 -0.058 -0.302 -0.003  1.000
Real time 0:00:03, CP time 0.110
Real time 0:00:03, CP time 0.110
 **********
 **    7 **SET ERR         0.5
 **********
 **********
 **    8 **SET PRINT           1
 **********
 **********
 **    9 **HESSE        3000
 **********
 COVARIANCE MATRIX CALCULATED SUCCESSFULLY
 FCN=-1.71969e+06 FROM HESSE     STATUS=OK             52 CALLS         762 TOTAL
                     EDM=0.000291359    STRATEGY= 1      ERROR MATRIX ACCURATE 
  EXT PARAMETER                                INTERNAL      INTERNAL  
  NO.   NAME      VALUE            ERROR       STEP SIZE       VALUE   
   1  N_Bkg        1.30322e+05   5.10561e+02   2.70370e-04  -5.67006e+02
   2  N_Jpsi       2.46014e+04   3.92135e+02   7.64754e-04  -1.60381e+03
   3  m_{J/#Psi}   3.09099e+00   6.19921e-04   1.11797e-02  -1.00270e-01
   4  sigma_1_A    4.59528e-02   7.09368e-04   1.92617e-02   3.03252e+00
   5  sl1          1.04604e-01   4.86108e-03   4.38811e-03   1.04795e-01
   6  sl2         -2.90893e-02   6.35049e-03   1.79920e-03  -2.90934e-02
                               ERR DEF= 0.5
 EXTERNAL ERROR MATRIX.    NDIM=  25    NPAR=  6    ERR DEF=0.5
  2.607e+05  1.298e+05  1.212e-02  1.839e-01  1.187e-01 -1.530e+00 
  1.298e+05  1.538e+05  1.207e-02  1.824e-01  1.185e-01 -1.526e+00 
  1.212e-02  1.207e-02  3.843e-07  2.556e-08 -3.317e-07 -2.688e-07 
  1.839e-01  1.824e-01  2.556e-08  5.041e-07  1.516e-07 -2.022e-06 
  1.187e-01  1.185e-01 -3.317e-07  1.516e-07  2.363e-05 -8.220e-07 
 -1.530e+00 -1.526e+00 -2.688e-07 -2.022e-06 -8.220e-07  4.033e-05 
 PARAMETER  CORRELATION COEFFICIENTS  
       NO.  GLOBAL      1      2      3      4      5      6
        1  0.66325   1.000  0.648  0.038  0.507  0.048 -0.472
        2  0.79291   0.648  1.000  0.050  0.655  0.062 -0.613
        3  0.13567   0.038  0.050  1.000  0.058 -0.110 -0.068
        4  0.66614   0.507  0.655  0.058  1.000  0.044 -0.448
        5  0.13032   0.048  0.062 -0.110  0.044  1.000 -0.027
        6  0.62350  -0.472 -0.613 -0.068 -0.448 -0.027  1.000
Real time 0:00:00, CP time 0.000
Real time 0:00:03, CP time 0.110, 2 slices

********* Finished Mass Dist. Fit **************


  RooFitResult: minimized FCN value: -1.71969e+06, estimated distance to minimum: 0.000291359
                covariance matrix quality: Full, accurate covariance matrix
                Status : MINIMIZE=0 HESSE=0 

    Floating Parameter    FinalValue +/-  Error   
  --------------------  --------------------------
                 N_Bkg    1.3032e+05 +/-  5.11e+02
                N_Jpsi    2.4601e+04 +/-  3.92e+02
            m_{J/#Psi}    3.0910e+00 +/-  6.20e-04
             sigma_1_A    4.5953e-02 +/-  7.09e-04
                   sl1    1.0460e-01 +/-  4.86e-03
                   sl2   -2.9089e-02 +/-  6.35e-03

 *** NLL : -1719690.6232822
Info in <TCanvas::Print>: pdf file figs/2DFit_No_Weight/Mass/Mass_Fixed_pt3.5-4.5_y1.6-2.4_muPt0.0_centrality0-180_PRw_Effw0_Accw0_PtW0_TnP0.pdf has been created
# STAGE: massFit
# CMD: /opt/conda/envs/root618/bin/root -l -b -q 'MassFit_FixPar_Data.C(3.5,4.5,1.6,2.4,0,180)'

