
Processing MassFit_FixPar_Data.C(25,27.5,0,1.6,0,180)...

[1mRooFit v3.60 -- Developed by Wouter Verkerke and David Kirkby[0m 
                Copyright (C) 2000-2013 NIKHEF, University of California & Stanford University
                All rights reserved, please read http://roofit.sourceforge.net/license.txt

RooDataSet::dataset[mass,pt,y,pt1,pt2,eta1,eta2,weight,cBin,recoQQsign,NumDimu,ctau3D,ctau3DErr,ctau3DRes] = 897667 entries
pt: 25-27.5, y: 0-1.6, Cent: 0-90%
####################################
******** New Combined Dataset ***********
RooRealVar::mass = 3.17226  L(2.6 - 3.5) // [GeV/c^{2}]

********* Starting Mass Dist. Fit **************

 **********
 **    1 **SET PRINT           1
 **********
 **********
 **    2 **SET NOGRAD
 **********
 PARAMETER DEFINITIONS:
    NO.   NAME         VALUE      STEP SIZE      LIMITS
     1 N_Bkg        1.00000e+08  2.00000e+07    0.00000e+00  2.00000e+08
 MINUIT WARNING IN PARAM DEF
 ============== LIMITS ON PARAM1 TOO FAR APART.
 PARAMETER DEFINITIONS:
    NO.   NAME         VALUE      STEP SIZE      LIMITS
     2 N_Jpsi       1.00000e+08  2.00000e+07    0.00000e+00  2.00000e+08
 MINUIT WARNING IN PARAM DEF
 ============== LIMITS ON PARAM2 TOO FAR APART.
 PARAMETER DEFINITIONS:
    NO.   NAME         VALUE      STEP SIZE      LIMITS
     3 m_{J/#Psi}   3.09600e+00  1.00000e-02    3.04600e+00  3.14600e+00
     4 sigma_1_A    2.24650e-02  2.00000e-03    1.24650e-02  3.24650e-02
     5 sl1          0.00000e+00  2.00000e-01   -1.00000e+00  1.00000e+00
 **********
 **    3 **SET ERR         0.5
 **********
 **********
 **    4 **SET PRINT           1
 **********
 **********
 **    5 **SET STR           1
 **********
 NOW USING STRATEGY  1: TRY TO BALANCE SPEED AGAINST RELIABILITY
 **********
 **    6 **MIGRAD        2500           1
 **********
 FIRST CALL TO USER FUNCTION AT NEW START POINT, WITH IFLAG=4.
 START MIGRAD MINIMIZATION.  STRATEGY  1.  CONVERGENCE WHEN EDM .LT. 1.00e-03
 FCN=1.99974e+08 FROM MIGRAD    STATUS=INITIATE       16 CALLS          17 TOTAL
                     EDM= unknown      STRATEGY= 1      NO ERROR MATRIX       
  EXT PARAMETER               CURRENT GUESS       STEP         FIRST   
  NO.   NAME      VALUE            ERROR          SIZE      DERIVATIVE 
   1  N_Bkg        1.00000e+08   2.00000e+07   2.01358e-01   9.58847e+07
   2  N_Jpsi       1.00000e+08   2.00000e+07   2.01358e-01   9.77509e+07
   3  m_{J/#Psi}   3.09600e+00   1.00000e-02   2.01358e-01   9.80307e+01
   4  sigma_1_A    2.24650e-02   2.00000e-03   2.01358e-01   2.95449e+01
   5  sl1          0.00000e+00   2.00000e-01   2.01358e-01   5.15449e+01
                               ERR DEF= 0.5
 MIGRAD FAILS TO FIND IMPROVEMENT
 COVARIANCE MATRIX CALCULATED SUCCESSFULLY
 FCN=2.22379e+06 FROM HESSE     STATUS=OK             33 CALLS         105 TOTAL
                     EDM=2.25297e+06    STRATEGY= 1      ERROR MATRIX ACCURATE 
  EXT PARAMETER                                   STEP         FIRST   
  NO.   NAME      VALUE            ERROR          SIZE      DERIVATIVE 
   1  N_Bkg        9.68376e+05   1.39498e+03   2.64678e-02   1.38765e+07
   2  N_Jpsi       1.27543e+06   1.60194e+03   2.42537e-02   1.59093e+07
   3  m_{J/#Psi}   3.09517e+00   1.02271e-03   2.10094e-02   6.83615e+01
   4  sigma_1_A    2.11540e-02   8.03862e-04   8.65982e-02   2.58901e+00
   5  sl1         -1.41228e-01   9.49678e-02   9.59942e-02   3.64466e+01
                               ERR DEF= 0.5
 MIGRAD FAILS TO FIND IMPROVEMENT
 MIGRAD TERMINATED WITHOUT CONVERGENCE.
 FCN=-7153.35 FROM MIGRAD    STATUS=FAILED        121 CALLS         122 TOTAL
                     EDM=95.8299    STRATEGY= 1  ERROR MATRIX UNCERTAINTY   0.0 per cent
  EXT PARAMETER                APPROXIMATE        STEP         FIRST   
  NO.   NAME      VALUE            ERROR          SIZE      DERIVATIVE 
   1  N_Bkg        3.14096e+01   7.95609e+00   0.00000e+00** at limit **
   2  N_Jpsi       6.80676e+01   1.17147e+01   0.00000e+00  -1.11848e+05
   3  m_{J/#Psi}   3.09377e+00   1.02183e-03   0.00000e+00  -1.06643e+01
   4  sigma_1_A    2.06779e-02   7.97807e-04   0.00000e+00  -2.99793e+01
   5  sl1         -4.94074e-01   8.34028e-02   0.00000e+00  -1.84916e+00
                               ERR DEF= 0.5
 EXTERNAL ERROR MATRIX.    NDIM=  25    NPAR=  5    ERR DEF=0.5
  6.330e+01 -3.012e-01 -1.117e-06 -3.269e-05  5.308e-04 
 -3.012e-01  1.372e+02 -5.003e-07  3.000e-05 -4.513e-04 
 -1.117e-06 -5.003e-07  1.044e-06  5.508e-08 -3.828e-06 
 -3.269e-05  3.000e-05  5.508e-08  6.379e-07 -2.017e-06 
  5.308e-04 -4.513e-04 -3.828e-06 -2.017e-06  6.977e-03 
ERR MATRIX APPROXIMATE
 PARAMETER  CORRELATION COEFFICIENTS  
       NO.  GLOBAL      1      2      3      4      5
        1  0.00610   1.000 -0.003 -0.000 -0.005  0.001
        2  0.00456  -0.003  1.000 -0.000  0.003 -0.000
        3  0.07993  -0.000 -0.000  1.000  0.067 -0.045
        4  0.07302  -0.005  0.003  0.067  1.000 -0.030
        5  0.05249   0.001 -0.000 -0.045 -0.030  1.000
 ERR MATRIX APPROXIMATE
Real time 0:00:00, CP time 0.030
Real time 0:00:00, CP time 0.030
 **********
 **    7 **SET ERR         0.5
 **********
 **********
 **    8 **SET PRINT           1
 **********
 **********
 **    9 **HESSE        2500
 **********
 COVARIANCE MATRIX CALCULATED SUCCESSFULLY
 FCN=-7153.35 FROM HESSE     STATUS=OK             35 CALLS         157 TOTAL
                     EDM=175.684    STRATEGY= 1      ERROR MATRIX ACCURATE 
  EXT PARAMETER                                INTERNAL      INTERNAL  
  NO.   NAME      VALUE            ERROR       STEP SIZE       VALUE   
   1  N_Bkg        3.14096e+01   8.78351e+00   2.64679e-02  -5.55072e+04
                                 WARNING -   - ABOVE PARAMETER IS AT LIMIT.
   2  N_Jpsi       6.80676e+01   1.33645e+01   2.42538e-02  -5.08640e+04
   3  m_{J/#Psi}   3.09377e+00   9.74515e-04   1.19107e-03  -4.45740e-02
   4  sigma_1_A    2.06779e-02   7.38449e-04   4.72843e-03  -1.79669e-01
   5  sl1         -4.94074e-01   8.75426e-02   5.60371e-03  -5.16770e-01
                               ERR DEF= 0.5
 EXTERNAL ERROR MATRIX.    NDIM=  25    NPAR=  5    ERR DEF=0.5
  7.715e+01 -1.073e+01 -1.187e-05 -1.199e-04  2.227e-02 
 -1.073e+01  1.786e+02 -6.284e-06  7.704e-04  2.204e-02 
 -1.187e-05 -6.284e-06  9.498e-07 -3.026e-08 -3.280e-06 
 -1.199e-04  7.704e-04 -3.026e-08  5.463e-07 -2.203e-06 
  2.227e-02  2.204e-02 -3.280e-06 -2.203e-06  7.690e-03 
 PARAMETER  CORRELATION COEFFICIENTS  
       NO.  GLOBAL      1      2      3      4      5
        1  0.09698   1.000 -0.091 -0.001 -0.018  0.029
        2  0.12155  -0.091  1.000 -0.000  0.078  0.019
        3  0.05801  -0.001 -0.000  1.000 -0.042 -0.038
        4  0.09657  -0.018  0.078 -0.042  1.000 -0.034
        5  0.06425   0.029  0.019 -0.038 -0.034  1.000
Real time 0:00:00, CP time 0.000
Real time 0:00:00, CP time 0.030, 2 slices

********* Finished Mass Dist. Fit **************


  RooFitResult: minimized FCN value: -7153.35, estimated distance to minimum: 175.684
                covariance matrix quality: Full, accurate covariance matrix
                Status : MINIMIZE=-1 HESSE=4 

    Floating Parameter    FinalValue +/-  Error   
  --------------------  --------------------------
                 N_Bkg    3.1410e+01 +/-  8.78e+00
                N_Jpsi    6.8068e+01 +/-  1.34e+01
            m_{J/#Psi}    3.0938e+00 +/-  9.75e-04
             sigma_1_A    2.0678e-02 +/-  7.38e-04
                   sl1   -4.9407e-01 +/-  8.75e-02

 *** NLL : -7153.34775938579
Info in <TCanvas::Print>: pdf file figs/2DFit_No_Weight/Mass/Mass_Fixed_pt25.0-27.5_y0.0-1.6_muPt0.0_centrality0-180_PRw_Effw0_Accw0_PtW0_TnP0.pdf has been created
# STAGE: massFit
# CMD: /opt/conda/envs/root618/bin/root -l -b -q 'MassFit_FixPar_Data.C(25,27.5,0,1.6,0,180)'

