
Processing MassFit_FixPar_Data.C(6.5,7.5,0,1.6,0,180)...

[1mRooFit v3.60 -- Developed by Wouter Verkerke and David Kirkby[0m 
                Copyright (C) 2000-2013 NIKHEF, University of California & Stanford University
                All rights reserved, please read http://roofit.sourceforge.net/license.txt

RooDataSet::dataset[mass,pt,y,pt1,pt2,eta1,eta2,weight,cBin,recoQQsign,NumDimu,ctau3D,ctau3DErr,ctau3DRes] = 897667 entries
pt: 6.5-7.5, y: 0-1.6, Cent: 0-90%
####################################
******** New Combined Dataset ***********
RooRealVar::mass = 3.17226  L(2.6 - 3.5) // [GeV/c^{2}]

********* Starting Mass Dist. Fit **************

 **********
 **    1 **SET PRINT           1
 **********
 **********
 **    2 **SET NOGRAD
 **********
 PARAMETER DEFINITIONS:
    NO.   NAME         VALUE      STEP SIZE      LIMITS
     1 N_Bkg        1.00000e+08  2.00000e+07    0.00000e+00  2.00000e+08
 MINUIT WARNING IN PARAM DEF
 ============== LIMITS ON PARAM1 TOO FAR APART.
 PARAMETER DEFINITIONS:
    NO.   NAME         VALUE      STEP SIZE      LIMITS
     2 N_Jpsi       1.00000e+08  2.00000e+07    0.00000e+00  2.00000e+08
 MINUIT WARNING IN PARAM DEF
 ============== LIMITS ON PARAM2 TOO FAR APART.
 PARAMETER DEFINITIONS:
    NO.   NAME         VALUE      STEP SIZE      LIMITS
     3 m_{J/#Psi}   3.09600e+00  1.00000e-02    3.04600e+00  3.14600e+00
     4 sigma_1_A    3.26036e-02  2.00000e-03    2.26036e-02  4.26036e-02
     5 sl1          0.00000e+00  2.00000e-01   -1.00000e+00  1.00000e+00
 **********
 **    3 **SET ERR         0.5
 **********
 **********
 **    4 **SET PRINT           1
 **********
 **********
 **    5 **SET STR           1
 **********
 NOW USING STRATEGY  1: TRY TO BALANCE SPEED AGAINST RELIABILITY
 **********
 **    6 **MIGRAD        2500           1
 **********
 FIRST CALL TO USER FUNCTION AT NEW START POINT, WITH IFLAG=4.
 START MIGRAD MINIMIZATION.  STRATEGY  1.  CONVERGENCE WHEN EDM .LT. 1.00e-03
 FCN=1.99383e+08 FROM MIGRAD    STATUS=INITIATE       20 CALLS          21 TOTAL
                     EDM= unknown      STRATEGY= 1      NO ERROR MATRIX       
  EXT PARAMETER               CURRENT GUESS       STEP         FIRST   
  NO.   NAME      VALUE            ERROR          SIZE      DERIVATIVE 
   1  N_Bkg        1.00000e+08   2.00000e+07   2.01358e-01   9.98791e+07
   2  N_Jpsi       1.00000e+08   2.00000e+07   2.01358e-01   9.98366e+07
   3  m_{J/#Psi}   3.09600e+00   1.00000e-02   2.01358e-01   1.67810e+03
   4  sigma_1_A    3.26036e-02   2.00000e-03   2.01358e-01  -4.85996e+02
   5  sl1          0.00000e+00   2.00000e-01   2.01358e-01  -8.97010e+02
                               ERR DEF= 0.5
 MIGRAD FAILS TO FIND IMPROVEMENT
 COVARIANCE MATRIX CALCULATED SUCCESSFULLY
 FCN=-308797 FROM HESSE     STATUS=OK             35 CALLS         353 TOTAL
                     EDM=0.953547    STRATEGY= 1      ERROR MATRIX ACCURATE 
  EXT PARAMETER                                   STEP         FIRST   
  NO.   NAME      VALUE            ERROR          SIZE      DERIVATIVE 
   1  N_Bkg        1.98558e+04   1.84507e+02   5.03114e-03  -1.69738e+04
   2  N_Jpsi       1.21077e+04   1.54064e+02   6.95760e-03  -8.38368e+03
   3  m_{J/#Psi}   3.08992e+00   4.52759e-04   3.48972e-03   1.60137e+01
   4  sigma_1_A    3.38438e-02   4.30417e-04   1.50673e-02   1.57825e+01
   5  sl1          1.54148e-01   1.24551e-02   4.82174e-03  -7.97813e+00
                               ERR DEF= 0.5
 MIGRAD FAILS TO FIND IMPROVEMENT
 MIGRAD TERMINATED WITHOUT CONVERGENCE.
 FCN=-308798 FROM MIGRAD    STATUS=FAILED        389 CALLS         390 TOTAL
                     EDM=0.78972    STRATEGY= 1  ERROR MATRIX UNCERTAINTY   1.3 per cent
  EXT PARAMETER                APPROXIMATE        STEP         FIRST   
  NO.   NAME      VALUE            ERROR          SIZE      DERIVATIVE 
   1  N_Bkg        1.96917e+04   1.65433e+02  -0.00000e+00   2.42727e+04
   2  N_Jpsi       1.20516e+04   1.48401e+02   0.00000e+00   2.86078e+03
   3  m_{J/#Psi}   3.08986e+00   4.53196e-04   0.00000e+00  -2.37859e+00
   4  sigma_1_A    3.36415e-02   4.33121e-04  -0.00000e+00  -7.11747e-02
   5  sl1          1.55932e-01   1.24696e-02  -0.00000e+00   2.26471e+00
                               ERR DEF= 0.5
 EXTERNAL ERROR MATRIX.    NDIM=  25    NPAR=  5    ERR DEF=0.5
  2.737e+04 -8.542e+03 -1.082e-03  1.909e-02 -2.919e-02 
 -8.542e+03  2.202e+04 -2.001e-04 -2.145e-02  1.004e-01 
 -1.082e-03 -2.001e-04  2.054e-07 -5.597e-09 -3.739e-07 
  1.909e-02 -2.145e-02 -5.597e-09  1.877e-07 -2.163e-07 
 -2.919e-02  1.004e-01 -3.739e-07 -2.163e-07  1.555e-04 
ERR MATRIX APPROXIMATE
 PARAMETER  CORRELATION COEFFICIENTS  
       NO.  GLOBAL      1      2      3      4      5
        1  0.38290   1.000 -0.348 -0.014  0.266 -0.014
        2  0.43050  -0.348  1.000 -0.003 -0.334  0.054
        3  0.07464  -0.014 -0.003  1.000 -0.029 -0.066
        4  0.37193   0.266 -0.334 -0.029  1.000 -0.040
        5  0.08950  -0.014  0.054 -0.066 -0.040  1.000
 ERR MATRIX APPROXIMATE
Real time 0:00:00, CP time 0.070
Real time 0:00:00, CP time 0.070
 **********
 **    7 **SET ERR         0.5
 **********
 **********
 **    8 **SET PRINT           1
 **********
 **********
 **    9 **HESSE        2500
 **********
 COVARIANCE MATRIX CALCULATED SUCCESSFULLY
 FCN=-308798 FROM HESSE     STATUS=OK             37 CALLS         427 TOTAL
                     EDM=0.334597    STRATEGY= 1      ERROR MATRIX ACCURATE 
  EXT PARAMETER                                INTERNAL      INTERNAL  
  NO.   NAME      VALUE            ERROR       STEP SIZE       VALUE   
   1  N_Bkg        1.96917e+04   1.83591e+02   5.03114e-03  -1.05511e+04
   2  N_Jpsi       1.20516e+04   1.53734e+02   6.95760e-03  -1.45911e+04
   3  m_{J/#Psi}   3.08986e+00   4.50707e-04   3.47469e-03  -1.23193e-01
   4  sigma_1_A    3.36415e-02   4.24961e-04   1.48339e-02   1.03980e-01
   5  sl1          1.55932e-01   1.24517e-02   4.82213e-03   1.56571e-01
                               ERR DEF= 0.5
 EXTERNAL ERROR MATRIX.    NDIM=  25    NPAR=  5    ERR DEF=0.5
  3.371e+04 -1.440e+04 -1.307e-03  3.003e-02 -6.265e-02 
 -1.440e+04  2.363e+04  9.739e-04 -2.311e-02  8.554e-02 
 -1.307e-03  9.739e-04  2.031e-07 -9.054e-09 -3.542e-07 
  3.003e-02 -2.311e-02 -9.054e-09  1.807e-07 -1.576e-07 
 -6.265e-02  8.554e-02 -3.542e-07 -1.576e-07  1.551e-04 
 PARAMETER  CORRELATION COEFFICIENTS  
       NO.  GLOBAL      1      2      3      4      5
        1  0.55488   1.000 -0.510 -0.016  0.385 -0.027
        2  0.53849  -0.510  1.000  0.014 -0.354  0.045
        3  0.08001  -0.016  0.014  1.000 -0.047 -0.063
        4  0.42817   0.385 -0.354 -0.047  1.000 -0.030
        5  0.07988  -0.027  0.045 -0.063 -0.030  1.000
Real time 0:00:00, CP time 0.000
Real time 0:00:00, CP time 0.070, 2 slices

********* Finished Mass Dist. Fit **************


  RooFitResult: minimized FCN value: -308798, estimated distance to minimum: 0.334597
                covariance matrix quality: Full, accurate covariance matrix
                Status : MINIMIZE=-1 HESSE=4 

    Floating Parameter    FinalValue +/-  Error   
  --------------------  --------------------------
                 N_Bkg    1.9692e+04 +/-  1.84e+02
                N_Jpsi    1.2052e+04 +/-  1.54e+02
            m_{J/#Psi}    3.0899e+00 +/-  4.51e-04
             sigma_1_A    3.3641e-02 +/-  4.25e-04
                   sl1    1.5593e-01 +/-  1.25e-02

 *** NLL : -308797.979943912
Info in <TCanvas::Print>: pdf file figs/2DFit_No_Weight/Mass/Mass_Fixed_pt6.5-7.5_y0.0-1.6_muPt0.0_centrality0-180_PRw_Effw0_Accw0_PtW0_TnP0.pdf has been created
# STAGE: massFit
# CMD: /opt/conda/envs/root618/bin/root -l -b -q 'MassFit_FixPar_Data.C(6.5,7.5,0,1.6,0,180)'

