
Processing MassFit_FixPar_Data.C(12,15,1.6,2.4,0,180)...

[1mRooFit v3.60 -- Developed by Wouter Verkerke and David Kirkby[0m 
                Copyright (C) 2000-2013 NIKHEF, University of California & Stanford University
                All rights reserved, please read http://roofit.sourceforge.net/license.txt

RooDataSet::dataset[mass,pt,y,pt1,pt2,eta1,eta2,weight,cBin,recoQQsign,NumDimu,ctau3D,ctau3DErr,ctau3DRes] = 897667 entries
pt: 12-15, y: 1.6-2.4, Cent: 0-90%
####################################
******** New Combined Dataset ***********
RooRealVar::mass = 3.17226  L(2.6 - 3.5) // [GeV/c^{2}]

********* Starting Mass Dist. Fit **************

 **********
 **    1 **SET PRINT           1
 **********
 **********
 **    2 **SET NOGRAD
 **********
 PARAMETER DEFINITIONS:
    NO.   NAME         VALUE      STEP SIZE      LIMITS
     1 N_Bkg        5.00000e+04  1.00000e+04    0.00000e+00  1.00000e+05
     2 N_Jpsi       5.00000e+04  1.00000e+04    0.00000e+00  1.00000e+05
     3 m_{J/#Psi}   3.09600e+00  1.00000e-02    3.04600e+00  3.14600e+00
     4 sigma_1_A    4.11152e-02  2.00000e-03    3.11152e-02  5.11152e-02
     5 sl1          0.00000e+00  2.00000e-01   -1.00000e+00  1.00000e+00
 **********
 **    3 **SET ERR         0.5
 **********
 **********
 **    4 **SET PRINT           1
 **********
 **********
 **    5 **SET STR           1
 **********
 NOW USING STRATEGY  1: TRY TO BALANCE SPEED AGAINST RELIABILITY
 **********
 **    6 **MIGRAD        2500           1
 **********
 FIRST CALL TO USER FUNCTION AT NEW START POINT, WITH IFLAG=4.
 START MIGRAD MINIMIZATION.  STRATEGY  1.  CONVERGENCE WHEN EDM .LT. 1.00e-03
 FCN=-27053.8 FROM MIGRAD    STATUS=INITIATE       20 CALLS          21 TOTAL
                     EDM= unknown      STRATEGY= 1      NO ERROR MATRIX       
  EXT PARAMETER               CURRENT GUESS       STEP         FIRST   
  NO.   NAME      VALUE            ERROR          SIZE      DERIVATIVE 
   1  N_Bkg        5.00000e+04   1.00000e+04   2.01358e-01   4.58811e+04
   2  N_Jpsi       5.00000e+04   1.00000e+04   2.01358e-01   4.37108e+04
   3  m_{J/#Psi}   3.09600e+00   1.00000e-02   2.01358e-01   5.77702e+02
   4  sigma_1_A    4.11152e-02   2.00000e-03   2.01358e-01   1.22092e+02
   5  sl1          0.00000e+00   2.00000e-01   2.01358e-01   3.36617e+02
                               ERR DEF= 0.5
 MIGRAD MINIMIZATION HAS CONVERGED.
 MIGRAD WILL VERIFY CONVERGENCE AND ERROR MATRIX.
 COVARIANCE MATRIX CALCULATED SUCCESSFULLY
 FCN=-93641.3 FROM MIGRAD    STATUS=CONVERGED     132 CALLS         133 TOTAL
                     EDM=2.18903e-05    STRATEGY= 1      ERROR MATRIX ACCURATE 
  EXT PARAMETER                                   STEP         FIRST   
  NO.   NAME      VALUE            ERROR          SIZE      DERIVATIVE 
   1  N_Bkg        3.10250e+03   7.25282e+01   8.13286e-04   2.99971e-01
   2  N_Jpsi       7.30523e+03   9.72685e+01   7.43652e-04  -7.42823e-01
   3  m_{J/#Psi}   3.09022e+00   6.80791e-04   2.87522e-03  -1.14781e-01
   4  sigma_1_A    4.28891e-02   5.84575e-04   1.17830e-02   6.12194e-02
   5  sl1         -3.43653e-01   3.08912e-02   6.91873e-03   2.46479e-03
                               ERR DEF= 0.5
 EXTERNAL ERROR MATRIX.    NDIM=  25    NPAR=  5    ERR DEF=0.5
  5.260e+03  2.156e+03 -2.073e-03  1.307e-02 -5.095e-02 
  2.156e+03  9.461e+03 -2.070e-03  1.305e-02 -5.096e-02 
 -2.073e-03 -2.070e-03  4.635e-07 -3.276e-08 -1.779e-06 
  1.307e-02  1.305e-02 -3.276e-08  3.421e-07 -6.763e-07 
 -5.095e-02 -5.096e-02 -1.779e-06 -6.763e-07  9.546e-04 
 PARAMETER  CORRELATION COEFFICIENTS  
       NO.  GLOBAL      1      2      3      4      5
        1  0.39178   1.000  0.306 -0.042  0.308 -0.023
        2  0.33725   0.306  1.000 -0.031  0.229 -0.017
        3  0.12202  -0.042 -0.031  1.000 -0.082 -0.085
        4  0.34751   0.308  0.229 -0.082  1.000 -0.037
        5  0.09673  -0.023 -0.017 -0.085 -0.037  1.000
Real time 0:00:00, CP time 0.020
Real time 0:00:00, CP time 0.020
 **********
 **    7 **SET ERR         0.5
 **********
 **********
 **    8 **SET PRINT           1
 **********
 **********
 **    9 **HESSE        2500
 **********
 COVARIANCE MATRIX CALCULATED SUCCESSFULLY
 FCN=-93641.3 FROM HESSE     STATUS=OK             31 CALLS         164 TOTAL
                     EDM=2.19261e-05    STRATEGY= 1      ERROR MATRIX ACCURATE 
  EXT PARAMETER                                INTERNAL      INTERNAL  
  NO.   NAME      VALUE            ERROR       STEP SIZE       VALUE   
   1  N_Bkg        3.10250e+03   7.25555e+01   1.62657e-04  -1.92492e+00
   2  N_Jpsi       7.30523e+03   9.72962e+01   1.48730e-04  -1.02342e+00
   3  m_{J/#Psi}   3.09022e+00   6.80934e-04   5.75045e-04  -1.15953e-01
   4  sigma_1_A    4.28891e-02   5.84988e-04   4.71320e-04   1.78334e-01
   5  sl1         -3.43653e-01   3.08917e-02   2.76749e-04  -3.50804e-01
                               ERR DEF= 0.5
 EXTERNAL ERROR MATRIX.    NDIM=  25    NPAR=  5    ERR DEF=0.5
  5.264e+03  2.162e+03 -2.088e-03  1.313e-02 -5.201e-02 
  2.162e+03  9.467e+03 -2.087e-03  1.312e-02 -5.201e-02 
 -2.088e-03 -2.087e-03  4.637e-07 -3.354e-08 -1.777e-06 
  1.313e-02  1.312e-02 -3.354e-08  3.426e-07 -6.833e-07 
 -5.201e-02 -5.201e-02 -1.777e-06 -6.833e-07  9.546e-04 
 PARAMETER  CORRELATION COEFFICIENTS  
       NO.  GLOBAL      1      2      3      4      5
        1  0.39259   1.000  0.306 -0.042  0.309 -0.023
        2  0.33800   0.306  1.000 -0.032  0.230 -0.017
        3  0.12319  -0.042 -0.032  1.000 -0.084 -0.084
        4  0.34898   0.309  0.230 -0.084  1.000 -0.038
        5  0.09690  -0.023 -0.017 -0.084 -0.038  1.000
Real time 0:00:00, CP time 0.010
Real time 0:00:00, CP time 0.030, 2 slices

********* Finished Mass Dist. Fit **************


  RooFitResult: minimized FCN value: -93641.3, estimated distance to minimum: 2.19261e-05
                covariance matrix quality: Full, accurate covariance matrix
                Status : MINIMIZE=0 HESSE=0 

    Floating Parameter    FinalValue +/-  Error   
  --------------------  --------------------------
                 N_Bkg    3.1025e+03 +/-  7.26e+01
                N_Jpsi    7.3052e+03 +/-  9.73e+01
            m_{J/#Psi}    3.0902e+00 +/-  6.81e-04
             sigma_1_A    4.2889e-02 +/-  5.85e-04
                   sl1   -3.4365e-01 +/-  3.09e-02

 *** NLL : -93641.3161328163
Info in <TCanvas::Print>: pdf file figs/2DFit_No_Weight/Mass/Mass_Fixed_pt12.0-15.0_y1.6-2.4_muPt0.0_centrality0-180_PRw_Effw0_Accw0_PtW0_TnP0.pdf has been created
# STAGE: massFit
# CMD: /opt/conda/envs/root618/bin/root -l -b -q 'MassFit_FixPar_Data.C(12,15,1.6,2.4,0,180)'

