
Processing mc_MassFit_HighpT.C(7.5,9,0,1.6,0,180)...

[1mRooFit v3.60 -- Developed by Wouter Verkerke and David Kirkby[0m 
                Copyright (C) 2000-2013 NIKHEF, University of California & Stanford University
                All rights reserved, please read http://roofit.sourceforge.net/license.txt

RooDataSet::dataset[mass,pt,y,pt1,pt2,eta1,eta2,weight,cBin,recoQQsign,NumDimu,ctau3D,ctau3DErr,ctau3DRes] = 3923424 entries
pt: 7.5-9, y: 0-1.6, Cent: 0-90%
####################################
******** New Combined Dataset ***********
RooRealVar::mass = 3.07557  L(2.6 - 3.5) // [GeV/c^{2}]

********* Starting Mass Dist. Fit **************

Real time 0:00:01, CP time 0.070
Real time 0:00:01, CP time 0.070
Real time 0:00:00, CP time 0.020
Real time 0:00:02, CP time 0.090, 2 slices
Real time 0:00:00, CP time 0.000
Real time 0:00:03, CP time 0.090, 3 slices

********* Finished Mass Dist. Fit **************


  RooFitResult: minimized FCN value: -8.24593e+09, estimated distance to minimum: 3.47454e+07
                covariance matrix quality: Unknown, matrix was externally provided
                Status : MINIMIZE=0 HESSE=0 HESSE=0 

    Floating Parameter  InitialValue    FinalValue +/-  Error     GblCorr.
  --------------------  ------------  --------------------------  --------
                N_Jpsi    5.0000e+07    5.8969e+06 +/-  7.87e+04  <none>
             alpha_1_A    1.9801e+00    1.9730e+00 +/-  9.91e+00  <none>
                     f    7.7260e-01    9.3989e-01 +/-  1.55e+02  <none>
            m_{J/#Psi}    3.0960e+00    3.0964e+00 +/-  1.01e-01  <none>
                 n_1_A    1.7473e+00    1.4301e+00 +/-  1.08e+01  <none>
             sigma_1_A    4.2700e-02    3.2911e-02 +/-  5.61e-01  <none>
                   x_A    1.6640e+00    1.0000e+00 +/-  4.31e+02  <none>

Info in <TCanvas::Print>: pdf file figs/2DFit_No_Weight/mc_Mass/mc_Mass_pt7.5-9.0_y0.0-1.6_muPt0.0_centrality0-180_PRw_Effw0_Accw0_PtW0_TnP0.pdf has been created

  RooFitResult: minimized FCN value: -8.24593e+09, estimated distance to minimum: 3.47454e+07
                covariance matrix quality: Unknown, matrix was externally provided
                Status : MINIMIZE=0 HESSE=0 HESSE=0 

    Floating Parameter  InitialValue    FinalValue +/-  Error     GblCorr.
  --------------------  ------------  --------------------------  --------
                N_Jpsi    5.0000e+07    5.8969e+06 +/-  7.87e+04  <none>
             alpha_1_A    1.9801e+00    1.9730e+00 +/-  9.91e+00  <none>
                     f    7.7260e-01    9.3989e-01 +/-  1.55e+02  <none>
            m_{J/#Psi}    3.0960e+00    3.0964e+00 +/-  1.01e-01  <none>
                 n_1_A    1.7473e+00    1.4301e+00 +/-  1.08e+01  <none>
             sigma_1_A    4.2700e-02    3.2911e-02 +/-  5.61e-01  <none>
                   x_A    1.6640e+00    1.0000e+00 +/-  4.31e+02  <none>

 *** NLL : -8.24593e+09

###### Fit Convergence Check ######
Caveat: mean was fixed so it's not a matter
Hesse: 0	 edm: 3.47454e+07	 mll: -8.24593e+09
[31m[Stuck] alpha_1_A [0m // Final Value : 1.97298 (1.1 ~ 4)

[31m[Stuck] f [0m // Final Value : 0.939885 (1e-06 ~ 1)

[31m[Stuck] m_{J/#Psi} [0m // Final Value : 3.09644 (2.996 ~ 3.196)

[31m[Stuck] n_1_A [0m // Final Value : 1.4301 (0.2 ~ 3)

[31m[Stuck] sigma_1_A [0m // Final Value : 0.0329106 (0.01 ~ 0.16)

[31m[Stuck] x_A [0m // Final Value : 1.00002 (1 ~ 3.5)

# STAGE: mc_massFit
# CMD: /opt/conda/envs/root618/bin/root -l -b -q 'mc_MassFit_HighpT.C(7.5,9,0,1.6,0,180)'

