
Processing mc_MassFit_HighpT.C(12,15,1.6,2.4,0,180)...

[1mRooFit v3.60 -- Developed by Wouter Verkerke and David Kirkby[0m 
                Copyright (C) 2000-2013 NIKHEF, University of California & Stanford University
                All rights reserved, please read http://roofit.sourceforge.net/license.txt

RooDataSet::dataset[mass,pt,y,pt1,pt2,eta1,eta2,weight,cBin,recoQQsign,NumDimu,ctau3D,ctau3DErr,ctau3DRes] = 3923424 entries
pt: 12-15, y: 1.6-2.4, Cent: 0-90%
####################################
******** New Combined Dataset ***********
RooRealVar::mass = 3.07557  L(2.6 - 3.5) // [GeV/c^{2}]

********* Starting Mass Dist. Fit **************

Real time 0:00:06, CP time 0.200
Real time 0:00:06, CP time 0.200
Real time 0:00:00, CP time 0.000
Real time 0:00:06, CP time 0.200, 2 slices
Real time 0:00:00, CP time 0.000
Real time 0:00:06, CP time 0.200, 3 slices

********* Finished Mass Dist. Fit **************


  RooFitResult: minimized FCN value: -1.45341e+09, estimated distance to minimum: 44521.1
                covariance matrix quality: Unknown, matrix was externally provided
                Status : MINIMIZE=0 HESSE=0 HESSE=0 

    Floating Parameter  InitialValue    FinalValue +/-  Error     GblCorr.
  --------------------  ------------  --------------------------  --------
                N_Jpsi    5.0000e+07    2.2681e+06 +/-  9.81e+03  <none>
             alpha_1_A    1.9801e+00    2.1466e+00 +/-  5.40e-02  <none>
                     f    7.7260e-01    7.6321e-01 +/-  3.85e-02  <none>
            m_{J/#Psi}    3.0960e+00    3.0959e+00 +/-  2.30e-04  <none>
                 n_1_A    1.7473e+00    1.3251e+00 +/-  1.18e-01  <none>
             sigma_1_A    4.2700e-02    4.1115e-02 +/-  7.82e-04  <none>
                   x_A    1.6640e+00    1.7277e+00 +/-  4.07e-02  <none>

Info in <TCanvas::Print>: pdf file figs/2DFit_No_Weight/mc_Mass/mc_Mass_pt12.0-15.0_y1.6-2.4_muPt0.0_centrality0-180_PRw_Effw0_Accw0_PtW0_TnP0.pdf has been created

  RooFitResult: minimized FCN value: -1.45341e+09, estimated distance to minimum: 44521.1
                covariance matrix quality: Unknown, matrix was externally provided
                Status : MINIMIZE=0 HESSE=0 HESSE=0 

    Floating Parameter  InitialValue    FinalValue +/-  Error     GblCorr.
  --------------------  ------------  --------------------------  --------
                N_Jpsi    5.0000e+07    2.2681e+06 +/-  9.81e+03  <none>
             alpha_1_A    1.9801e+00    2.1466e+00 +/-  5.40e-02  <none>
                     f    7.7260e-01    7.6321e-01 +/-  3.85e-02  <none>
            m_{J/#Psi}    3.0960e+00    3.0959e+00 +/-  2.30e-04  <none>
                 n_1_A    1.7473e+00    1.3251e+00 +/-  1.18e-01  <none>
             sigma_1_A    4.2700e-02    4.1115e-02 +/-  7.82e-04  <none>
                   x_A    1.6640e+00    1.7277e+00 +/-  4.07e-02  <none>

 *** NLL : -1.45341e+09

###### Fit Convergence Check ######
Caveat: mean was fixed so it's not a matter
Hesse: 0	 edm: 44521.1	 mll: -1.45341e+09
[Fit Converged]
# STAGE: mc_massFit
# CMD: /opt/conda/envs/root618/bin/root -l -b -q 'mc_MassFit_HighpT.C(12,15,1.6,2.4,0,180)'

