
Processing mc_MassFit_HighpT.C(11,13,0,1.6,0,180)...

[1mRooFit v3.60 -- Developed by Wouter Verkerke and David Kirkby[0m 
                Copyright (C) 2000-2013 NIKHEF, University of California & Stanford University
                All rights reserved, please read http://roofit.sourceforge.net/license.txt

RooDataSet::dataset[mass,pt,y,pt1,pt2,eta1,eta2,weight,cBin,recoQQsign,NumDimu,ctau3D,ctau3DErr,ctau3DRes] = 3923424 entries
pt: 11-13, y: 0-1.6, Cent: 0-90%
####################################
******** New Combined Dataset ***********
RooRealVar::mass = 3.07557  L(2.6 - 3.5) // [GeV/c^{2}]

********* Starting Mass Dist. Fit **************

Real time 0:00:03, CP time 0.070
Real time 0:00:03, CP time 0.070
Real time 0:00:00, CP time 0.010
Real time 0:00:04, CP time 0.080, 2 slices
Real time 0:00:01, CP time 0.020
Real time 0:00:05, CP time 0.100, 3 slices

********* Finished Mass Dist. Fit **************


  RooFitResult: minimized FCN value: -4.18926e+09, estimated distance to minimum: 393417
                covariance matrix quality: Unknown, matrix was externally provided
                Status : MINIMIZE=0 HESSE=0 HESSE=0 

    Floating Parameter  InitialValue    FinalValue +/-  Error     GblCorr.
  --------------------  ------------  --------------------------  --------
                N_Jpsi    5.0000e+07    5.1001e+06 +/-  1.60e+04  <none>
             alpha_1_A    1.9801e+00    2.0435e+00 +/-  3.07e-02  <none>
                     f    7.7260e-01    7.7653e-01 +/-  1.77e-02  <none>
            m_{J/#Psi}    3.0960e+00    3.0969e+00 +/-  9.92e-05  <none>
                 n_1_A    1.7473e+00    1.3230e+00 +/-  5.12e-02  <none>
             sigma_1_A    4.2700e-02    2.2947e-02 +/-  2.73e-04  <none>
                   x_A    1.2000e+00    2.0310e+00 +/-  2.72e-02  <none>

Info in <TCanvas::Print>: pdf file figs/2DFit_No_Weight/mc_Mass/mc_Mass_pt11.0-13.0_y0.0-1.6_muPt0.0_centrality0-180_PRw_Effw0_Accw0_PtW0_TnP0.pdf has been created

  RooFitResult: minimized FCN value: -4.18926e+09, estimated distance to minimum: 393417
                covariance matrix quality: Unknown, matrix was externally provided
                Status : MINIMIZE=0 HESSE=0 HESSE=0 

    Floating Parameter  InitialValue    FinalValue +/-  Error     GblCorr.
  --------------------  ------------  --------------------------  --------
                N_Jpsi    5.0000e+07    5.1001e+06 +/-  1.60e+04  <none>
             alpha_1_A    1.9801e+00    2.0435e+00 +/-  3.07e-02  <none>
                     f    7.7260e-01    7.7653e-01 +/-  1.77e-02  <none>
            m_{J/#Psi}    3.0960e+00    3.0969e+00 +/-  9.92e-05  <none>
                 n_1_A    1.7473e+00    1.3230e+00 +/-  5.12e-02  <none>
             sigma_1_A    4.2700e-02    2.2947e-02 +/-  2.73e-04  <none>
                   x_A    1.2000e+00    2.0310e+00 +/-  2.72e-02  <none>

 *** NLL : -4.18926e+09

###### Fit Convergence Check ######
Caveat: mean was fixed so it's not a matter
Hesse: 0	 edm: 393417	 mll: -4.18926e+09
[Fit Converged]
# STAGE: mc_massFit
# CMD: /opt/conda/envs/root618/bin/root -l -b -q 'mc_MassFit_HighpT.C(11,13,0,1.6,0,180)'

